<!doctype html public "-//w3c//dtd html 4.0 transitional//en">
<html><head>
<title>Static Call Graph - [..\Output\AV04_LOAD_RSING.axf]</title></head>
<body><HR>
<H1>Static Call Graph for image ..\Output\AV04_LOAD_RSING.axf</H1><HR>
<BR><P>#&#060CALLGRAPH&#062# ARM Linker, 5060750: Last Updated: Thu Nov 03 15:34:14 2022
<BR><P>
<H3>Maximum Stack Usage =        496 bytes + Unknown(Cycles, Untraceable Function Pointers)</H3><H3>
Call chain for Maximum Stack Depth:</H3>
TEST_Chanlst &rArr; SCPI_ExprChannelListEntry &rArr; channelRange &rArr; channelSpec &rArr; SCPI_ParamToInt32 &rArr; ParamSignToUInt32 &rArr; strBaseToUInt32 &rArr; strtoul &rArr; _strtoul
<P>
<H3>
Mutually Recursive functions
</H3> <LI><a href="#[9]">PendSV_Handler</a>&nbsp;&nbsp;&nbsp;&rArr;&nbsp;&nbsp;&nbsp;<a href="#[9]">PendSV_Handler</a><BR>
 <LI><a href="#[1d]">ADC1_2_IRQHandler</a>&nbsp;&nbsp;&nbsp;&rArr;&nbsp;&nbsp;&nbsp;<a href="#[1d]">ADC1_2_IRQHandler</a><BR>
 <LI><a href="#[5]">BusFault_Handler</a>&nbsp;&nbsp;&nbsp;&rArr;&nbsp;&nbsp;&nbsp;<a href="#[5]">BusFault_Handler</a><BR>
 <LI><a href="#[3]">HardFault_Handler</a>&nbsp;&nbsp;&nbsp;&rArr;&nbsp;&nbsp;&nbsp;<a href="#[3]">HardFault_Handler</a><BR>
 <LI><a href="#[4]">MemManage_Handler</a>&nbsp;&nbsp;&nbsp;&rArr;&nbsp;&nbsp;&nbsp;<a href="#[4]">MemManage_Handler</a><BR>
 <LI><a href="#[140]">SCPI_RegSetBits</a>&nbsp;&nbsp;&nbsp;&rArr;&nbsp;&nbsp;&nbsp;<a href="#[13c]">SCPI_RegSet</a><BR>
 <LI><a href="#[148]">SCPI_RegClearBits</a>&nbsp;&nbsp;&nbsp;&rArr;&nbsp;&nbsp;&nbsp;<a href="#[13c]">SCPI_RegSet</a><BR>
 <LI><a href="#[17a]">regUpdateEvent</a>&nbsp;&nbsp;&nbsp;&rArr;&nbsp;&nbsp;&nbsp;<a href="#[13c]">SCPI_RegSet</a><BR>
 <LI><a href="#[178]">regUpdate</a>&nbsp;&nbsp;&nbsp;&rArr;&nbsp;&nbsp;&nbsp;<a href="#[13c]">SCPI_RegSet</a><BR>
 <LI><a href="#[6]">UsageFault_Handler</a>&nbsp;&nbsp;&nbsp;&rArr;&nbsp;&nbsp;&nbsp;<a href="#[6]">UsageFault_Handler</a><BR>
</UL>
<P>
<H3>
Function Pointers
</H3><UL>
 <LI><a href="#[1d]">ADC1_2_IRQHandler</a> from startup_stm32f10x_hd.o(.text) referenced from startup_stm32f10x_hd.o(RESET)
 <LI><a href="#[3a]">ADC3_IRQHandler</a> from startup_stm32f10x_hd.o(.text) referenced from startup_stm32f10x_hd.o(RESET)
 <LI><a href="#[5]">BusFault_Handler</a> from stm32f10x_it.o(i.BusFault_Handler) referenced from startup_stm32f10x_hd.o(RESET)
 <LI><a href="#[20]">CAN1_RX1_IRQHandler</a> from startup_stm32f10x_hd.o(.text) referenced from startup_stm32f10x_hd.o(RESET)
 <LI><a href="#[21]">CAN1_SCE_IRQHandler</a> from startup_stm32f10x_hd.o(.text) referenced from startup_stm32f10x_hd.o(RESET)
 <LI><a href="#[86]">CCQ</a> from scpi-def.o(i.CCQ) referenced from scpi-def.o(.constdata)
 <LI><a href="#[85]">CCSET</a> from scpi-def.o(i.CCSET) referenced from scpi-def.o(.constdata)
 <LI><a href="#[8a]">CPQ</a> from scpi-def.o(i.CPQ) referenced from scpi-def.o(.constdata)
 <LI><a href="#[7a]">CPROTECTQ</a> from scpi-def.o(i.CPROTECTQ) referenced from scpi-def.o(.constdata)
 <LI><a href="#[79]">CPROTECTSET</a> from scpi-def.o(i.CPROTECTSET) referenced from scpi-def.o(.constdata)
 <LI><a href="#[89]">CPSET</a> from scpi-def.o(i.CPSET) referenced from scpi-def.o(.constdata)
 <LI><a href="#[8c]">CRQ</a> from scpi-def.o(i.CRQ) referenced from scpi-def.o(.constdata)
 <LI><a href="#[8b]">CRSET</a> from scpi-def.o(i.CRSET) referenced from scpi-def.o(.constdata)
 <LI><a href="#[9e]">CURRENTQ</a> from scpi-def.o(i.CURRENTQ) referenced from scpi-def.o(.constdata)
 <LI><a href="#[88]">CVQ</a> from scpi-def.o(i.CVQ) referenced from scpi-def.o(.constdata)
 <LI><a href="#[87]">CVSET</a> from scpi-def.o(i.CVSET) referenced from scpi-def.o(.constdata)
 <LI><a href="#[16]">DMA1_Channel1_IRQHandler</a> from stm32f10x_it.o(i.DMA1_Channel1_IRQHandler) referenced from startup_stm32f10x_hd.o(RESET)
 <LI><a href="#[17]">DMA1_Channel2_IRQHandler</a> from stm32f10x_it.o(i.DMA1_Channel2_IRQHandler) referenced from startup_stm32f10x_hd.o(RESET)
 <LI><a href="#[18]">DMA1_Channel3_IRQHandler</a> from startup_stm32f10x_hd.o(.text) referenced from startup_stm32f10x_hd.o(RESET)
 <LI><a href="#[19]">DMA1_Channel4_IRQHandler</a> from startup_stm32f10x_hd.o(.text) referenced from startup_stm32f10x_hd.o(RESET)
 <LI><a href="#[1a]">DMA1_Channel5_IRQHandler</a> from startup_stm32f10x_hd.o(.text) referenced from startup_stm32f10x_hd.o(RESET)
 <LI><a href="#[1b]">DMA1_Channel6_IRQHandler</a> from startup_stm32f10x_hd.o(.text) referenced from startup_stm32f10x_hd.o(RESET)
 <LI><a href="#[1c]">DMA1_Channel7_IRQHandler</a> from startup_stm32f10x_hd.o(.text) referenced from startup_stm32f10x_hd.o(RESET)
 <LI><a href="#[43]">DMA2_Channel1_IRQHandler</a> from startup_stm32f10x_hd.o(.text) referenced from startup_stm32f10x_hd.o(RESET)
 <LI><a href="#[44]">DMA2_Channel2_IRQHandler</a> from startup_stm32f10x_hd.o(.text) referenced from startup_stm32f10x_hd.o(RESET)
 <LI><a href="#[45]">DMA2_Channel3_IRQHandler</a> from startup_stm32f10x_hd.o(.text) referenced from startup_stm32f10x_hd.o(RESET)
 <LI><a href="#[46]">DMA2_Channel4_5_IRQHandler</a> from startup_stm32f10x_hd.o(.text) referenced from startup_stm32f10x_hd.o(RESET)
 <LI><a href="#[62]">DMM_ConfigureVoltageDc</a> from scpi-def.o(i.DMM_ConfigureVoltageDc) referenced from scpi-def.o(.constdata)
 <LI><a href="#[64]">DMM_MeasureVoltageAcQ</a> from scpi-def.o(i.DMM_MeasureVoltageAcQ) referenced from scpi-def.o(.constdata)
 <LI><a href="#[90]">DYNHDQ</a> from scpi-def.o(i.DYNHDQ) referenced from scpi-def.o(.constdata)
 <LI><a href="#[8f]">DYNHDSET</a> from scpi-def.o(i.DYNHDSET) referenced from scpi-def.o(.constdata)
 <LI><a href="#[8e]">DYNHQ</a> from scpi-def.o(i.DYNHQ) referenced from scpi-def.o(.constdata)
 <LI><a href="#[8d]">DYNHSET</a> from scpi-def.o(i.DYNHSET) referenced from scpi-def.o(.constdata)
 <LI><a href="#[94]">DYNLDQ</a> from scpi-def.o(i.DYNLDQ) referenced from scpi-def.o(.constdata)
 <LI><a href="#[93]">DYNLDSET</a> from scpi-def.o(i.DYNLDSET) referenced from scpi-def.o(.constdata)
 <LI><a href="#[92]">DYNLQ</a> from scpi-def.o(i.DYNLQ) referenced from scpi-def.o(.constdata)
 <LI><a href="#[91]">DYNLSET</a> from scpi-def.o(i.DYNLSET) referenced from scpi-def.o(.constdata)
 <LI><a href="#[9c]">DYNMODEQ</a> from scpi-def.o(i.DYNMODEQ) referenced from scpi-def.o(.constdata)
 <LI><a href="#[9b]">DYNMODESET</a> from scpi-def.o(i.DYNMODESET) referenced from scpi-def.o(.constdata)
 <LI><a href="#[9a]">DYNSLEWFQ</a> from scpi-def.o(i.DYNSLEWFQ) referenced from scpi-def.o(.constdata)
 <LI><a href="#[99]">DYNSLEWFSET</a> from scpi-def.o(i.DYNSLEWFSET) referenced from scpi-def.o(.constdata)
 <LI><a href="#[96]">DYNSLEWQ</a> from scpi-def.o(i.DYNSLEWQ) referenced from scpi-def.o(.constdata)
 <LI><a href="#[98]">DYNSLEWRQ</a> from scpi-def.o(i.DYNSLEWRQ) referenced from scpi-def.o(.constdata)
 <LI><a href="#[97]">DYNSLEWRSET</a> from scpi-def.o(i.DYNSLEWRSET) referenced from scpi-def.o(.constdata)
 <LI><a href="#[95]">DYNSLEWSET</a> from scpi-def.o(i.DYNSLEWSET) referenced from scpi-def.o(.constdata)
 <LI><a href="#[8]">DebugMon_Handler</a> from stm32f10x_it.o(i.DebugMon_Handler) referenced from startup_stm32f10x_hd.o(RESET)
 <LI><a href="#[11]">EXTI0_IRQHandler</a> from startup_stm32f10x_hd.o(.text) referenced from startup_stm32f10x_hd.o(RESET)
 <LI><a href="#[33]">EXTI15_10_IRQHandler</a> from startup_stm32f10x_hd.o(.text) referenced from startup_stm32f10x_hd.o(RESET)
 <LI><a href="#[12]">EXTI1_IRQHandler</a> from startup_stm32f10x_hd.o(.text) referenced from startup_stm32f10x_hd.o(RESET)
 <LI><a href="#[13]">EXTI2_IRQHandler</a> from startup_stm32f10x_hd.o(.text) referenced from startup_stm32f10x_hd.o(RESET)
 <LI><a href="#[14]">EXTI3_IRQHandler</a> from startup_stm32f10x_hd.o(.text) referenced from startup_stm32f10x_hd.o(RESET)
 <LI><a href="#[15]">EXTI4_IRQHandler</a> from startup_stm32f10x_hd.o(.text) referenced from startup_stm32f10x_hd.o(RESET)
 <LI><a href="#[22]">EXTI9_5_IRQHandler</a> from startup_stm32f10x_hd.o(.text) referenced from startup_stm32f10x_hd.o(RESET)
 <LI><a href="#[f]">FLASH_IRQHandler</a> from startup_stm32f10x_hd.o(.text) referenced from startup_stm32f10x_hd.o(RESET)
 <LI><a href="#[3b]">FSMC_IRQHandler</a> from startup_stm32f10x_hd.o(.text) referenced from startup_stm32f10x_hd.o(RESET)
 <LI><a href="#[3]">HardFault_Handler</a> from stm32f10x_it.o(i.HardFault_Handler) referenced from startup_stm32f10x_hd.o(RESET)
 <LI><a href="#[2b]">I2C1_ER_IRQHandler</a> from startup_stm32f10x_hd.o(.text) referenced from startup_stm32f10x_hd.o(RESET)
 <LI><a href="#[2a]">I2C1_EV_IRQHandler</a> from startup_stm32f10x_hd.o(.text) referenced from startup_stm32f10x_hd.o(RESET)
 <LI><a href="#[2d]">I2C2_ER_IRQHandler</a> from startup_stm32f10x_hd.o(.text) referenced from startup_stm32f10x_hd.o(RESET)
 <LI><a href="#[2c]">I2C2_EV_IRQHandler</a> from startup_stm32f10x_hd.o(.text) referenced from startup_stm32f10x_hd.o(RESET)
 <LI><a href="#[6e]">INPUTQ</a> from scpi-def.o(i.INPUTQ) referenced from scpi-def.o(.constdata)
 <LI><a href="#[6d]">INPUTSET</a> from scpi-def.o(i.INPUTSET) referenced from scpi-def.o(.constdata)
 <LI><a href="#[72]">IRANGEQ</a> from scpi-def.o(i.IRANGEQ) referenced from scpi-def.o(.constdata)
 <LI><a href="#[71]">IRANGESET</a> from scpi-def.o(i.IRANGESET) referenced from scpi-def.o(.constdata)
 <LI><a href="#[78]">ISLEWFQ</a> from scpi-def.o(i.ISLEWFQ) referenced from scpi-def.o(.constdata)
 <LI><a href="#[77]">ISLEWFSET</a> from scpi-def.o(i.ISLEWFSET) referenced from scpi-def.o(.constdata)
 <LI><a href="#[74]">ISLEWQ</a> from scpi-def.o(i.ISLEWQ) referenced from scpi-def.o(.constdata)
 <LI><a href="#[76]">ISLEWRQ</a> from scpi-def.o(i.ISLEWRQ) referenced from scpi-def.o(.constdata)
 <LI><a href="#[75]">ISLEWRSET</a> from scpi-def.o(i.ISLEWRSET) referenced from scpi-def.o(.constdata)
 <LI><a href="#[73]">ISLEWSET</a> from scpi-def.o(i.ISLEWSET) referenced from scpi-def.o(.constdata)
 <LI><a href="#[84]">MODEQ</a> from scpi-def.o(i.MODEQ) referenced 2 times from scpi-def.o(.constdata)
 <LI><a href="#[83]">MODESET</a> from scpi-def.o(i.MODESET) referenced 2 times from scpi-def.o(.constdata)
 <LI><a href="#[4]">MemManage_Handler</a> from stm32f10x_it.o(i.MemManage_Handler) referenced from startup_stm32f10x_hd.o(RESET)
 <LI><a href="#[59]">My_CoreTstQ</a> from scpi-def.o(i.My_CoreTstQ) referenced from scpi-def.o(.constdata)
 <LI><a href="#[2]">NMI_Handler</a> from stm32f10x_it.o(i.NMI_Handler) referenced from startup_stm32f10x_hd.o(RESET)
 <LI><a href="#[9f]">POWERQ</a> from scpi-def.o(i.POWERQ) referenced from scpi-def.o(.constdata)
 <LI><a href="#[7e]">PPROTECTQ</a> from scpi-def.o(i.PPROTECTQ) referenced from scpi-def.o(.constdata)
 <LI><a href="#[7d]">PPROTECTSET</a> from scpi-def.o(i.PPROTECTSET) referenced from scpi-def.o(.constdata)
 <LI><a href="#[c]">PVD_IRQHandler</a> from startup_stm32f10x_hd.o(.text) referenced from startup_stm32f10x_hd.o(RESET)
 <LI><a href="#[9]">PendSV_Handler</a> from startup_stm32f10x_hd.o(.text) referenced from startup_stm32f10x_hd.o(RESET)
 <LI><a href="#[10]">RCC_IRQHandler</a> from startup_stm32f10x_hd.o(.text) referenced from startup_stm32f10x_hd.o(RESET)
 <LI><a href="#[6c]">REMOTEQ</a> from scpi-def.o(i.REMOTEQ) referenced 3 times from scpi-def.o(.constdata)
 <LI><a href="#[6b]">REMOTESET</a> from scpi-def.o(i.REMOTESET) referenced 2 times from scpi-def.o(.constdata)
 <LI><a href="#[a0]">RESQ</a> from scpi-def.o(i.RESQ) referenced from scpi-def.o(.constdata)
 <LI><a href="#[34]">RTCAlarm_IRQHandler</a> from startup_stm32f10x_hd.o(.text) referenced from startup_stm32f10x_hd.o(RESET)
 <LI><a href="#[e]">RTC_IRQHandler</a> from startup_stm32f10x_hd.o(.text) referenced from startup_stm32f10x_hd.o(RESET)
 <LI><a href="#[1]">Reset_Handler</a> from startup_stm32f10x_hd.o(.text) referenced from startup_stm32f10x_hd.o(RESET)
 <LI><a href="#[4e]">SCPI_CoreCls</a> from ieee488.o(i.SCPI_CoreCls) referenced from scpi-def.o(.constdata)
 <LI><a href="#[4f]">SCPI_CoreEse</a> from ieee488.o(i.SCPI_CoreEse) referenced from scpi-def.o(.constdata)
 <LI><a href="#[50]">SCPI_CoreEseQ</a> from ieee488.o(i.SCPI_CoreEseQ) referenced from scpi-def.o(.constdata)
 <LI><a href="#[51]">SCPI_CoreEsrQ</a> from ieee488.o(i.SCPI_CoreEsrQ) referenced from scpi-def.o(.constdata)
 <LI><a href="#[52]">SCPI_CoreIdnQ</a> from ieee488.o(i.SCPI_CoreIdnQ) referenced from scpi-def.o(.constdata)
 <LI><a href="#[53]">SCPI_CoreOpc</a> from ieee488.o(i.SCPI_CoreOpc) referenced from scpi-def.o(.constdata)
 <LI><a href="#[54]">SCPI_CoreOpcQ</a> from ieee488.o(i.SCPI_CoreOpcQ) referenced from scpi-def.o(.constdata)
 <LI><a href="#[55]">SCPI_CoreRst</a> from ieee488.o(i.SCPI_CoreRst) referenced from scpi-def.o(.constdata)
 <LI><a href="#[56]">SCPI_CoreSre</a> from ieee488.o(i.SCPI_CoreSre) referenced from scpi-def.o(.constdata)
 <LI><a href="#[57]">SCPI_CoreSreQ</a> from ieee488.o(i.SCPI_CoreSreQ) referenced from scpi-def.o(.constdata)
 <LI><a href="#[58]">SCPI_CoreStbQ</a> from ieee488.o(i.SCPI_CoreStbQ) referenced from scpi-def.o(.constdata)
 <LI><a href="#[5a]">SCPI_CoreWai</a> from ieee488.o(i.SCPI_CoreWai) referenced from scpi-def.o(.constdata)
 <LI><a href="#[61]">SCPI_StatusPreset</a> from minimal.o(i.SCPI_StatusPreset) referenced from scpi-def.o(.constdata)
 <LI><a href="#[5f]">SCPI_StatusQuestionableEnable</a> from minimal.o(i.SCPI_StatusQuestionableEnable) referenced from scpi-def.o(.constdata)
 <LI><a href="#[60]">SCPI_StatusQuestionableEnableQ</a> from minimal.o(i.SCPI_StatusQuestionableEnableQ) referenced from scpi-def.o(.constdata)
 <LI><a href="#[5e]">SCPI_StatusQuestionableEventQ</a> from minimal.o(i.SCPI_StatusQuestionableEventQ) referenced from scpi-def.o(.constdata)
 <LI><a href="#[63]">SCPI_StubQ</a> from minimal.o(i.SCPI_StubQ) referenced 7 times from scpi-def.o(.constdata)
 <LI><a href="#[5c]">SCPI_SystemErrorCountQ</a> from minimal.o(i.SCPI_SystemErrorCountQ) referenced from scpi-def.o(.constdata)
 <LI><a href="#[5b]">SCPI_SystemErrorNextQ</a> from minimal.o(i.SCPI_SystemErrorNextQ) referenced from scpi-def.o(.constdata)
 <LI><a href="#[5d]">SCPI_SystemVersionQ</a> from minimal.o(i.SCPI_SystemVersionQ) referenced from scpi-def.o(.constdata)
 <LI><a href="#[0]">SCPI_Write</a> from main.o(i.SCPI_Write) referenced 2 times from scpi-def.o(.data)
 <LI><a href="#[3c]">SDIO_IRQHandler</a> from startup_stm32f10x_hd.o(.text) referenced from startup_stm32f10x_hd.o(RESET)
 <LI><a href="#[2e]">SPI1_IRQHandler</a> from startup_stm32f10x_hd.o(.text) referenced from startup_stm32f10x_hd.o(RESET)
 <LI><a href="#[2f]">SPI2_IRQHandler</a> from startup_stm32f10x_hd.o(.text) referenced from startup_stm32f10x_hd.o(RESET)
 <LI><a href="#[3e]">SPI3_IRQHandler</a> from startup_stm32f10x_hd.o(.text) referenced from startup_stm32f10x_hd.o(RESET)
 <LI><a href="#[7]">SVC_Handler</a> from stm32f10x_it.o(i.SVC_Handler) referenced from startup_stm32f10x_hd.o(RESET)
 <LI><a href="#[a]">SysTick_Handler</a> from stm32f10x_it.o(i.SysTick_Handler) referenced from startup_stm32f10x_hd.o(RESET)
 <LI><a href="#[48]">SystemInit</a> from system_stm32f10x.o(i.SystemInit) referenced from startup_stm32f10x_hd.o(.text)
 <LI><a href="#[d]">TAMPER_IRQHandler</a> from startup_stm32f10x_hd.o(.text) referenced from startup_stm32f10x_hd.o(RESET)
 <LI><a href="#[69]">TEST_ArbQ</a> from scpi-def.o(i.TEST_ArbQ) referenced from scpi-def.o(.constdata)
 <LI><a href="#[65]">TEST_Bool</a> from scpi-def.o(i.TEST_Bool) referenced from scpi-def.o(.constdata)
 <LI><a href="#[6a]">TEST_Chanlst</a> from scpi-def.o(i.TEST_Chanlst) referenced from scpi-def.o(.constdata)
 <LI><a href="#[66]">TEST_ChoiceQ</a> from scpi-def.o(i.TEST_ChoiceQ) referenced from scpi-def.o(.constdata)
 <LI><a href="#[67]">TEST_Numbers</a> from scpi-def.o(i.TEST_Numbers) referenced from scpi-def.o(.constdata)
 <LI><a href="#[68]">TEST_Text</a> from scpi-def.o(i.TEST_Text) referenced from scpi-def.o(.constdata)
 <LI><a href="#[23]">TIM1_BRK_IRQHandler</a> from startup_stm32f10x_hd.o(.text) referenced from startup_stm32f10x_hd.o(RESET)
 <LI><a href="#[26]">TIM1_CC_IRQHandler</a> from startup_stm32f10x_hd.o(.text) referenced from startup_stm32f10x_hd.o(RESET)
 <LI><a href="#[25]">TIM1_TRG_COM_IRQHandler</a> from startup_stm32f10x_hd.o(.text) referenced from startup_stm32f10x_hd.o(RESET)
 <LI><a href="#[24]">TIM1_UP_IRQHandler</a> from startup_stm32f10x_hd.o(.text) referenced from startup_stm32f10x_hd.o(RESET)
 <LI><a href="#[27]">TIM2_IRQHandler</a> from startup_stm32f10x_hd.o(.text) referenced from startup_stm32f10x_hd.o(RESET)
 <LI><a href="#[28]">TIM3_IRQHandler</a> from startup_stm32f10x_hd.o(.text) referenced from startup_stm32f10x_hd.o(RESET)
 <LI><a href="#[29]">TIM4_IRQHandler</a> from stm32f10x_it.o(i.TIM4_IRQHandler) referenced from startup_stm32f10x_hd.o(RESET)
 <LI><a href="#[3d]">TIM5_IRQHandler</a> from startup_stm32f10x_hd.o(.text) referenced from startup_stm32f10x_hd.o(RESET)
 <LI><a href="#[41]">TIM6_IRQHandler</a> from startup_stm32f10x_hd.o(.text) referenced from startup_stm32f10x_hd.o(RESET)
 <LI><a href="#[42]">TIM7_IRQHandler</a> from startup_stm32f10x_hd.o(.text) referenced from startup_stm32f10x_hd.o(RESET)
 <LI><a href="#[36]">TIM8_BRK_IRQHandler</a> from startup_stm32f10x_hd.o(.text) referenced from startup_stm32f10x_hd.o(RESET)
 <LI><a href="#[39]">TIM8_CC_IRQHandler</a> from startup_stm32f10x_hd.o(.text) referenced from startup_stm32f10x_hd.o(RESET)
 <LI><a href="#[38]">TIM8_TRG_COM_IRQHandler</a> from startup_stm32f10x_hd.o(.text) referenced from startup_stm32f10x_hd.o(RESET)
 <LI><a href="#[37]">TIM8_UP_IRQHandler</a> from startup_stm32f10x_hd.o(.text) referenced from startup_stm32f10x_hd.o(RESET)
 <LI><a href="#[3f]">UART4_IRQHandler</a> from startup_stm32f10x_hd.o(.text) referenced from startup_stm32f10x_hd.o(RESET)
 <LI><a href="#[40]">UART5_IRQHandler</a> from startup_stm32f10x_hd.o(.text) referenced from startup_stm32f10x_hd.o(RESET)
 <LI><a href="#[30]">USART1_IRQHandler</a> from stm32f10x_it.o(i.USART1_IRQHandler) referenced from startup_stm32f10x_hd.o(RESET)
 <LI><a href="#[31]">USART2_IRQHandler</a> from stm32f10x_it.o(i.USART2_IRQHandler) referenced from startup_stm32f10x_hd.o(RESET)
 <LI><a href="#[32]">USART3_IRQHandler</a> from stm32f10x_it.o(i.USART3_IRQHandler) referenced from startup_stm32f10x_hd.o(RESET)
 <LI><a href="#[35]">USBWakeUp_IRQHandler</a> from startup_stm32f10x_hd.o(.text) referenced from startup_stm32f10x_hd.o(RESET)
 <LI><a href="#[1e]">USB_HP_CAN1_TX_IRQHandler</a> from startup_stm32f10x_hd.o(.text) referenced from startup_stm32f10x_hd.o(RESET)
 <LI><a href="#[1f]">USB_LP_CAN1_RX0_IRQHandler</a> from startup_stm32f10x_hd.o(.text) referenced from startup_stm32f10x_hd.o(RESET)
 <LI><a href="#[6]">UsageFault_Handler</a> from stm32f10x_it.o(i.UsageFault_Handler) referenced from startup_stm32f10x_hd.o(RESET)
 <LI><a href="#[82]">VOFFQ</a> from scpi-def.o(i.VOFFQ) referenced 2 times from scpi-def.o(.constdata)
 <LI><a href="#[81]">VOFFSET</a> from scpi-def.o(i.VOFFSET) referenced 2 times from scpi-def.o(.constdata)
 <LI><a href="#[9d]">VOLTAGEQ</a> from scpi-def.o(i.VOLTAGEQ) referenced from scpi-def.o(.constdata)
 <LI><a href="#[80]">VONQ</a> from scpi-def.o(i.VONQ) referenced from scpi-def.o(.constdata)
 <LI><a href="#[7f]">VONSET</a> from scpi-def.o(i.VONSET) referenced from scpi-def.o(.constdata)
 <LI><a href="#[7c]">VPROTECTQ</a> from scpi-def.o(i.VPROTECTQ) referenced from scpi-def.o(.constdata)
 <LI><a href="#[7b]">VPROTECTSET</a> from scpi-def.o(i.VPROTECTSET) referenced from scpi-def.o(.constdata)
 <LI><a href="#[70]">VRANGEQ</a> from scpi-def.o(i.VRANGEQ) referenced from scpi-def.o(.constdata)
 <LI><a href="#[6f]">VRANGESET</a> from scpi-def.o(i.VRANGESET) referenced from scpi-def.o(.constdata)
 <LI><a href="#[b]">WWDG_IRQHandler</a> from startup_stm32f10x_hd.o(.text) referenced from startup_stm32f10x_hd.o(RESET)
 <LI><a href="#[49]">__main</a> from entry.o(.ARM.Collect$$$$00000000) referenced from startup_stm32f10x_hd.o(.text)
 <LI><a href="#[4b]">_sbackspace</a> from _sgetc.o(.text) referenced from strtod.o(.text)
 <LI><a href="#[4a]">_sgetc</a> from _sgetc.o(.text) referenced from strtod.o(.text)
 <LI><a href="#[4d]">_snputc</a> from printfa.o(i._snputc) referenced from printfa.o(i.__0snprintf)
 <LI><a href="#[4c]">isspace</a> from isspace_o.o(.text) referenced from strtod.o(.text)
 <LI><a href="#[47]">main</a> from main.o(i.main) referenced from entry9a.o(.ARM.Collect$$$$0000000B)
</UL>
<P>
<H3>
Global Symbols
</H3>
<P><STRONG><a name="[49]"></a>__main</STRONG> (Thumb, 0 bytes, Stack size unknown bytes, entry.o(.ARM.Collect$$$$00000000))
<BR>[Address Reference Count : 1]<UL><LI> startup_stm32f10x_hd.o(.text)
</UL>
<P><STRONG><a name="[1d9]"></a>_main_stk</STRONG> (Thumb, 0 bytes, Stack size unknown bytes, entry2.o(.ARM.Collect$$$$00000001))

<P><STRONG><a name="[a1]"></a>_main_scatterload</STRONG> (Thumb, 0 bytes, Stack size unknown bytes, entry5.o(.ARM.Collect$$$$00000004))
<BR><BR>[Calls]<UL><LI><a href="#[a2]">&gt;&gt;</a>&nbsp;&nbsp;&nbsp;__scatterload
</UL>

<P><STRONG><a name="[cc]"></a>__main_after_scatterload</STRONG> (Thumb, 0 bytes, Stack size unknown bytes, entry5.o(.ARM.Collect$$$$00000004))
<BR><BR>[Called By]<UL><LI><a href="#[a2]">&gt;&gt;</a>&nbsp;&nbsp;&nbsp;__scatterload
</UL>

<P><STRONG><a name="[1da]"></a>_main_clock</STRONG> (Thumb, 0 bytes, Stack size unknown bytes, entry7b.o(.ARM.Collect$$$$00000008))

<P><STRONG><a name="[1db]"></a>_main_cpp_init</STRONG> (Thumb, 0 bytes, Stack size unknown bytes, entry8b.o(.ARM.Collect$$$$0000000A))

<P><STRONG><a name="[1dc]"></a>_main_init</STRONG> (Thumb, 0 bytes, Stack size unknown bytes, entry9a.o(.ARM.Collect$$$$0000000B))

<P><STRONG><a name="[1dd]"></a>__rt_final_cpp</STRONG> (Thumb, 0 bytes, Stack size unknown bytes, entry10a.o(.ARM.Collect$$$$0000000D))

<P><STRONG><a name="[1de]"></a>__rt_final_exit</STRONG> (Thumb, 0 bytes, Stack size unknown bytes, entry11a.o(.ARM.Collect$$$$0000000F))

<P><STRONG><a name="[1]"></a>Reset_Handler</STRONG> (Thumb, 8 bytes, Stack size 0 bytes, startup_stm32f10x_hd.o(.text))
<BR>[Address Reference Count : 1]<UL><LI> startup_stm32f10x_hd.o(RESET)
</UL>
<P><STRONG><a name="[9]"></a>PendSV_Handler</STRONG> (Thumb, 2 bytes, Stack size 0 bytes, startup_stm32f10x_hd.o(.text))
<BR><BR>[Calls]<UL><LI><a href="#[9]">&gt;&gt;</a>&nbsp;&nbsp;&nbsp;PendSV_Handler
</UL>
<BR>[Called By]<UL><LI><a href="#[9]">&gt;&gt;</a>&nbsp;&nbsp;&nbsp;PendSV_Handler
</UL>
<BR>[Address Reference Count : 1]<UL><LI> startup_stm32f10x_hd.o(RESET)
</UL>
<P><STRONG><a name="[1d]"></a>ADC1_2_IRQHandler</STRONG> (Thumb, 0 bytes, Stack size 0 bytes, startup_stm32f10x_hd.o(.text))
<BR><BR>[Calls]<UL><LI><a href="#[1d]">&gt;&gt;</a>&nbsp;&nbsp;&nbsp;ADC1_2_IRQHandler
</UL>
<BR>[Called By]<UL><LI><a href="#[1d]">&gt;&gt;</a>&nbsp;&nbsp;&nbsp;ADC1_2_IRQHandler
</UL>
<BR>[Address Reference Count : 1]<UL><LI> startup_stm32f10x_hd.o(RESET)
</UL>
<P><STRONG><a name="[3a]"></a>ADC3_IRQHandler</STRONG> (Thumb, 0 bytes, Stack size 0 bytes, startup_stm32f10x_hd.o(.text))
<BR>[Address Reference Count : 1]<UL><LI> startup_stm32f10x_hd.o(RESET)
</UL>
<P><STRONG><a name="[20]"></a>CAN1_RX1_IRQHandler</STRONG> (Thumb, 0 bytes, Stack size 0 bytes, startup_stm32f10x_hd.o(.text))
<BR>[Address Reference Count : 1]<UL><LI> startup_stm32f10x_hd.o(RESET)
</UL>
<P><STRONG><a name="[21]"></a>CAN1_SCE_IRQHandler</STRONG> (Thumb, 0 bytes, Stack size 0 bytes, startup_stm32f10x_hd.o(.text))
<BR>[Address Reference Count : 1]<UL><LI> startup_stm32f10x_hd.o(RESET)
</UL>
<P><STRONG><a name="[18]"></a>DMA1_Channel3_IRQHandler</STRONG> (Thumb, 0 bytes, Stack size 0 bytes, startup_stm32f10x_hd.o(.text))
<BR>[Address Reference Count : 1]<UL><LI> startup_stm32f10x_hd.o(RESET)
</UL>
<P><STRONG><a name="[19]"></a>DMA1_Channel4_IRQHandler</STRONG> (Thumb, 0 bytes, Stack size 0 bytes, startup_stm32f10x_hd.o(.text))
<BR>[Address Reference Count : 1]<UL><LI> startup_stm32f10x_hd.o(RESET)
</UL>
<P><STRONG><a name="[1a]"></a>DMA1_Channel5_IRQHandler</STRONG> (Thumb, 0 bytes, Stack size 0 bytes, startup_stm32f10x_hd.o(.text))
<BR>[Address Reference Count : 1]<UL><LI> startup_stm32f10x_hd.o(RESET)
</UL>
<P><STRONG><a name="[1b]"></a>DMA1_Channel6_IRQHandler</STRONG> (Thumb, 0 bytes, Stack size 0 bytes, startup_stm32f10x_hd.o(.text))
<BR>[Address Reference Count : 1]<UL><LI> startup_stm32f10x_hd.o(RESET)
</UL>
<P><STRONG><a name="[1c]"></a>DMA1_Channel7_IRQHandler</STRONG> (Thumb, 0 bytes, Stack size 0 bytes, startup_stm32f10x_hd.o(.text))
<BR>[Address Reference Count : 1]<UL><LI> startup_stm32f10x_hd.o(RESET)
</UL>
<P><STRONG><a name="[43]"></a>DMA2_Channel1_IRQHandler</STRONG> (Thumb, 0 bytes, Stack size 0 bytes, startup_stm32f10x_hd.o(.text))
<BR>[Address Reference Count : 1]<UL><LI> startup_stm32f10x_hd.o(RESET)
</UL>
<P><STRONG><a name="[44]"></a>DMA2_Channel2_IRQHandler</STRONG> (Thumb, 0 bytes, Stack size 0 bytes, startup_stm32f10x_hd.o(.text))
<BR>[Address Reference Count : 1]<UL><LI> startup_stm32f10x_hd.o(RESET)
</UL>
<P><STRONG><a name="[45]"></a>DMA2_Channel3_IRQHandler</STRONG> (Thumb, 0 bytes, Stack size 0 bytes, startup_stm32f10x_hd.o(.text))
<BR>[Address Reference Count : 1]<UL><LI> startup_stm32f10x_hd.o(RESET)
</UL>
<P><STRONG><a name="[46]"></a>DMA2_Channel4_5_IRQHandler</STRONG> (Thumb, 0 bytes, Stack size 0 bytes, startup_stm32f10x_hd.o(.text))
<BR>[Address Reference Count : 1]<UL><LI> startup_stm32f10x_hd.o(RESET)
</UL>
<P><STRONG><a name="[11]"></a>EXTI0_IRQHandler</STRONG> (Thumb, 0 bytes, Stack size 0 bytes, startup_stm32f10x_hd.o(.text))
<BR>[Address Reference Count : 1]<UL><LI> startup_stm32f10x_hd.o(RESET)
</UL>
<P><STRONG><a name="[33]"></a>EXTI15_10_IRQHandler</STRONG> (Thumb, 0 bytes, Stack size 0 bytes, startup_stm32f10x_hd.o(.text))
<BR>[Address Reference Count : 1]<UL><LI> startup_stm32f10x_hd.o(RESET)
</UL>
<P><STRONG><a name="[12]"></a>EXTI1_IRQHandler</STRONG> (Thumb, 0 bytes, Stack size 0 bytes, startup_stm32f10x_hd.o(.text))
<BR>[Address Reference Count : 1]<UL><LI> startup_stm32f10x_hd.o(RESET)
</UL>
<P><STRONG><a name="[13]"></a>EXTI2_IRQHandler</STRONG> (Thumb, 0 bytes, Stack size 0 bytes, startup_stm32f10x_hd.o(.text))
<BR>[Address Reference Count : 1]<UL><LI> startup_stm32f10x_hd.o(RESET)
</UL>
<P><STRONG><a name="[14]"></a>EXTI3_IRQHandler</STRONG> (Thumb, 0 bytes, Stack size 0 bytes, startup_stm32f10x_hd.o(.text))
<BR>[Address Reference Count : 1]<UL><LI> startup_stm32f10x_hd.o(RESET)
</UL>
<P><STRONG><a name="[15]"></a>EXTI4_IRQHandler</STRONG> (Thumb, 0 bytes, Stack size 0 bytes, startup_stm32f10x_hd.o(.text))
<BR>[Address Reference Count : 1]<UL><LI> startup_stm32f10x_hd.o(RESET)
</UL>
<P><STRONG><a name="[22]"></a>EXTI9_5_IRQHandler</STRONG> (Thumb, 0 bytes, Stack size 0 bytes, startup_stm32f10x_hd.o(.text))
<BR>[Address Reference Count : 1]<UL><LI> startup_stm32f10x_hd.o(RESET)
</UL>
<P><STRONG><a name="[f]"></a>FLASH_IRQHandler</STRONG> (Thumb, 0 bytes, Stack size 0 bytes, startup_stm32f10x_hd.o(.text))
<BR>[Address Reference Count : 1]<UL><LI> startup_stm32f10x_hd.o(RESET)
</UL>
<P><STRONG><a name="[3b]"></a>FSMC_IRQHandler</STRONG> (Thumb, 0 bytes, Stack size 0 bytes, startup_stm32f10x_hd.o(.text))
<BR>[Address Reference Count : 1]<UL><LI> startup_stm32f10x_hd.o(RESET)
</UL>
<P><STRONG><a name="[2b]"></a>I2C1_ER_IRQHandler</STRONG> (Thumb, 0 bytes, Stack size 0 bytes, startup_stm32f10x_hd.o(.text))
<BR>[Address Reference Count : 1]<UL><LI> startup_stm32f10x_hd.o(RESET)
</UL>
<P><STRONG><a name="[2a]"></a>I2C1_EV_IRQHandler</STRONG> (Thumb, 0 bytes, Stack size 0 bytes, startup_stm32f10x_hd.o(.text))
<BR>[Address Reference Count : 1]<UL><LI> startup_stm32f10x_hd.o(RESET)
</UL>
<P><STRONG><a name="[2d]"></a>I2C2_ER_IRQHandler</STRONG> (Thumb, 0 bytes, Stack size 0 bytes, startup_stm32f10x_hd.o(.text))
<BR>[Address Reference Count : 1]<UL><LI> startup_stm32f10x_hd.o(RESET)
</UL>
<P><STRONG><a name="[2c]"></a>I2C2_EV_IRQHandler</STRONG> (Thumb, 0 bytes, Stack size 0 bytes, startup_stm32f10x_hd.o(.text))
<BR>[Address Reference Count : 1]<UL><LI> startup_stm32f10x_hd.o(RESET)
</UL>
<P><STRONG><a name="[c]"></a>PVD_IRQHandler</STRONG> (Thumb, 0 bytes, Stack size 0 bytes, startup_stm32f10x_hd.o(.text))
<BR>[Address Reference Count : 1]<UL><LI> startup_stm32f10x_hd.o(RESET)
</UL>
<P><STRONG><a name="[10]"></a>RCC_IRQHandler</STRONG> (Thumb, 0 bytes, Stack size 0 bytes, startup_stm32f10x_hd.o(.text))
<BR>[Address Reference Count : 1]<UL><LI> startup_stm32f10x_hd.o(RESET)
</UL>
<P><STRONG><a name="[34]"></a>RTCAlarm_IRQHandler</STRONG> (Thumb, 0 bytes, Stack size 0 bytes, startup_stm32f10x_hd.o(.text))
<BR>[Address Reference Count : 1]<UL><LI> startup_stm32f10x_hd.o(RESET)
</UL>
<P><STRONG><a name="[e]"></a>RTC_IRQHandler</STRONG> (Thumb, 0 bytes, Stack size 0 bytes, startup_stm32f10x_hd.o(.text))
<BR>[Address Reference Count : 1]<UL><LI> startup_stm32f10x_hd.o(RESET)
</UL>
<P><STRONG><a name="[3c]"></a>SDIO_IRQHandler</STRONG> (Thumb, 0 bytes, Stack size 0 bytes, startup_stm32f10x_hd.o(.text))
<BR>[Address Reference Count : 1]<UL><LI> startup_stm32f10x_hd.o(RESET)
</UL>
<P><STRONG><a name="[2e]"></a>SPI1_IRQHandler</STRONG> (Thumb, 0 bytes, Stack size 0 bytes, startup_stm32f10x_hd.o(.text))
<BR>[Address Reference Count : 1]<UL><LI> startup_stm32f10x_hd.o(RESET)
</UL>
<P><STRONG><a name="[2f]"></a>SPI2_IRQHandler</STRONG> (Thumb, 0 bytes, Stack size 0 bytes, startup_stm32f10x_hd.o(.text))
<BR>[Address Reference Count : 1]<UL><LI> startup_stm32f10x_hd.o(RESET)
</UL>
<P><STRONG><a name="[3e]"></a>SPI3_IRQHandler</STRONG> (Thumb, 0 bytes, Stack size 0 bytes, startup_stm32f10x_hd.o(.text))
<BR>[Address Reference Count : 1]<UL><LI> startup_stm32f10x_hd.o(RESET)
</UL>
<P><STRONG><a name="[d]"></a>TAMPER_IRQHandler</STRONG> (Thumb, 0 bytes, Stack size 0 bytes, startup_stm32f10x_hd.o(.text))
<BR>[Address Reference Count : 1]<UL><LI> startup_stm32f10x_hd.o(RESET)
</UL>
<P><STRONG><a name="[23]"></a>TIM1_BRK_IRQHandler</STRONG> (Thumb, 0 bytes, Stack size 0 bytes, startup_stm32f10x_hd.o(.text))
<BR>[Address Reference Count : 1]<UL><LI> startup_stm32f10x_hd.o(RESET)
</UL>
<P><STRONG><a name="[26]"></a>TIM1_CC_IRQHandler</STRONG> (Thumb, 0 bytes, Stack size 0 bytes, startup_stm32f10x_hd.o(.text))
<BR>[Address Reference Count : 1]<UL><LI> startup_stm32f10x_hd.o(RESET)
</UL>
<P><STRONG><a name="[25]"></a>TIM1_TRG_COM_IRQHandler</STRONG> (Thumb, 0 bytes, Stack size 0 bytes, startup_stm32f10x_hd.o(.text))
<BR>[Address Reference Count : 1]<UL><LI> startup_stm32f10x_hd.o(RESET)
</UL>
<P><STRONG><a name="[24]"></a>TIM1_UP_IRQHandler</STRONG> (Thumb, 0 bytes, Stack size 0 bytes, startup_stm32f10x_hd.o(.text))
<BR>[Address Reference Count : 1]<UL><LI> startup_stm32f10x_hd.o(RESET)
</UL>
<P><STRONG><a name="[27]"></a>TIM2_IRQHandler</STRONG> (Thumb, 0 bytes, Stack size 0 bytes, startup_stm32f10x_hd.o(.text))
<BR>[Address Reference Count : 1]<UL><LI> startup_stm32f10x_hd.o(RESET)
</UL>
<P><STRONG><a name="[28]"></a>TIM3_IRQHandler</STRONG> (Thumb, 0 bytes, Stack size 0 bytes, startup_stm32f10x_hd.o(.text))
<BR>[Address Reference Count : 1]<UL><LI> startup_stm32f10x_hd.o(RESET)
</UL>
<P><STRONG><a name="[3d]"></a>TIM5_IRQHandler</STRONG> (Thumb, 0 bytes, Stack size 0 bytes, startup_stm32f10x_hd.o(.text))
<BR>[Address Reference Count : 1]<UL><LI> startup_stm32f10x_hd.o(RESET)
</UL>
<P><STRONG><a name="[41]"></a>TIM6_IRQHandler</STRONG> (Thumb, 0 bytes, Stack size 0 bytes, startup_stm32f10x_hd.o(.text))
<BR>[Address Reference Count : 1]<UL><LI> startup_stm32f10x_hd.o(RESET)
</UL>
<P><STRONG><a name="[42]"></a>TIM7_IRQHandler</STRONG> (Thumb, 0 bytes, Stack size 0 bytes, startup_stm32f10x_hd.o(.text))
<BR>[Address Reference Count : 1]<UL><LI> startup_stm32f10x_hd.o(RESET)
</UL>
<P><STRONG><a name="[36]"></a>TIM8_BRK_IRQHandler</STRONG> (Thumb, 0 bytes, Stack size 0 bytes, startup_stm32f10x_hd.o(.text))
<BR>[Address Reference Count : 1]<UL><LI> startup_stm32f10x_hd.o(RESET)
</UL>
<P><STRONG><a name="[39]"></a>TIM8_CC_IRQHandler</STRONG> (Thumb, 0 bytes, Stack size 0 bytes, startup_stm32f10x_hd.o(.text))
<BR>[Address Reference Count : 1]<UL><LI> startup_stm32f10x_hd.o(RESET)
</UL>
<P><STRONG><a name="[38]"></a>TIM8_TRG_COM_IRQHandler</STRONG> (Thumb, 0 bytes, Stack size 0 bytes, startup_stm32f10x_hd.o(.text))
<BR>[Address Reference Count : 1]<UL><LI> startup_stm32f10x_hd.o(RESET)
</UL>
<P><STRONG><a name="[37]"></a>TIM8_UP_IRQHandler</STRONG> (Thumb, 0 bytes, Stack size 0 bytes, startup_stm32f10x_hd.o(.text))
<BR>[Address Reference Count : 1]<UL><LI> startup_stm32f10x_hd.o(RESET)
</UL>
<P><STRONG><a name="[3f]"></a>UART4_IRQHandler</STRONG> (Thumb, 0 bytes, Stack size 0 bytes, startup_stm32f10x_hd.o(.text))
<BR>[Address Reference Count : 1]<UL><LI> startup_stm32f10x_hd.o(RESET)
</UL>
<P><STRONG><a name="[40]"></a>UART5_IRQHandler</STRONG> (Thumb, 0 bytes, Stack size 0 bytes, startup_stm32f10x_hd.o(.text))
<BR>[Address Reference Count : 1]<UL><LI> startup_stm32f10x_hd.o(RESET)
</UL>
<P><STRONG><a name="[35]"></a>USBWakeUp_IRQHandler</STRONG> (Thumb, 0 bytes, Stack size 0 bytes, startup_stm32f10x_hd.o(.text))
<BR>[Address Reference Count : 1]<UL><LI> startup_stm32f10x_hd.o(RESET)
</UL>
<P><STRONG><a name="[1e]"></a>USB_HP_CAN1_TX_IRQHandler</STRONG> (Thumb, 0 bytes, Stack size 0 bytes, startup_stm32f10x_hd.o(.text))
<BR>[Address Reference Count : 1]<UL><LI> startup_stm32f10x_hd.o(RESET)
</UL>
<P><STRONG><a name="[1f]"></a>USB_LP_CAN1_RX0_IRQHandler</STRONG> (Thumb, 0 bytes, Stack size 0 bytes, startup_stm32f10x_hd.o(.text))
<BR>[Address Reference Count : 1]<UL><LI> startup_stm32f10x_hd.o(RESET)
</UL>
<P><STRONG><a name="[b]"></a>WWDG_IRQHandler</STRONG> (Thumb, 0 bytes, Stack size 0 bytes, startup_stm32f10x_hd.o(.text))
<BR>[Address Reference Count : 1]<UL><LI> startup_stm32f10x_hd.o(RESET)
</UL>
<P><STRONG><a name="[a3]"></a>__aeabi_uldivmod</STRONG> (Thumb, 98 bytes, Stack size 40 bytes, uldiv.o(.text), UNUSED)
<BR><BR>[Calls]<UL><LI><a href="#[a4]">&gt;&gt;</a>&nbsp;&nbsp;&nbsp;__aeabi_llsr
<LI><a href="#[a5]">&gt;&gt;</a>&nbsp;&nbsp;&nbsp;__aeabi_llsl
</UL>
<BR>[Called By]<UL><LI><a href="#[1a8]">&gt;&gt;</a>&nbsp;&nbsp;&nbsp;_printf_core
<LI><a href="#[1ae]">&gt;&gt;</a>&nbsp;&nbsp;&nbsp;_fp_digits
</UL>

<P><STRONG><a name="[a6]"></a>__rt_ctype_table</STRONG> (Thumb, 4 bytes, Stack size 0 bytes, ctype_o.o(.text))
<BR><BR>[Called By]<UL><LI><a href="#[1b5]">&gt;&gt;</a>&nbsp;&nbsp;&nbsp;compareStrAndNum
<LI><a href="#[1bf]">&gt;&gt;</a>&nbsp;&nbsp;&nbsp;patternSeparatorShortPos
<LI><a href="#[1d5]">&gt;&gt;</a>&nbsp;&nbsp;&nbsp;skipWhitespace
<LI><a href="#[1ca]">&gt;&gt;</a>&nbsp;&nbsp;&nbsp;scpiLex_NondecimalNumericData
<LI><a href="#[16d]">&gt;&gt;</a>&nbsp;&nbsp;&nbsp;scpiLex_CharacterProgramData
<LI><a href="#[1c2]">&gt;&gt;</a>&nbsp;&nbsp;&nbsp;scpiLex_ArbitraryBlockProgramData
<LI><a href="#[1cd]">&gt;&gt;</a>&nbsp;&nbsp;&nbsp;skipProgramMnemonic
<LI><a href="#[1c7]">&gt;&gt;</a>&nbsp;&nbsp;&nbsp;skipNumbers
<LI><a href="#[1d3]">&gt;&gt;</a>&nbsp;&nbsp;&nbsp;skipDigit
<LI><a href="#[1d2]">&gt;&gt;</a>&nbsp;&nbsp;&nbsp;skipAlpha
<LI><a href="#[b3]">&gt;&gt;</a>&nbsp;&nbsp;&nbsp;__strtoull
<LI><a href="#[b1]">&gt;&gt;</a>&nbsp;&nbsp;&nbsp;__strtoll
<LI><a href="#[af]">&gt;&gt;</a>&nbsp;&nbsp;&nbsp;strtoul
<LI><a href="#[ac]">&gt;&gt;</a>&nbsp;&nbsp;&nbsp;strtol
<LI><a href="#[4c]">&gt;&gt;</a>&nbsp;&nbsp;&nbsp;isspace
</UL>

<P><STRONG><a name="[4c]"></a>isspace</STRONG> (Thumb, 18 bytes, Stack size 8 bytes, isspace_o.o(.text))
<BR><BR>[Stack]<UL><LI>Max Depth = 8<LI>Call Chain = isspace
</UL>
<BR>[Calls]<UL><LI><a href="#[a6]">&gt;&gt;</a>&nbsp;&nbsp;&nbsp;__rt_ctype_table
</UL>
<BR>[Address Reference Count : 1]<UL><LI> strtod.o(.text)
</UL>
<P><STRONG><a name="[1df]"></a>___aeabi_memcpy8$move</STRONG> (Thumb, 0 bytes, Stack size 8 bytes, memmovea.o(.text), UNUSED)

<P><STRONG><a name="[15c]"></a>__aeabi_memcpy</STRONG> (Thumb, 64 bytes, Stack size 8 bytes, memmovea.o(.text))
<BR><BR>[Stack]<UL><LI>Max Depth = 8<LI>Call Chain = __aeabi_memcpy
</UL>
<BR>[Called By]<UL><LI><a href="#[15a]">&gt;&gt;</a>&nbsp;&nbsp;&nbsp;SCPI_Input
</UL>

<P><STRONG><a name="[198]"></a>__aeabi_memcpy4</STRONG> (Thumb, 0 bytes, Stack size 8 bytes, memmovea.o(.text))
<BR><BR>[Stack]<UL><LI>Max Depth = 8<LI>Call Chain = __aeabi_memcpy4
</UL>
<BR>[Called By]<UL><LI><a href="#[184]">&gt;&gt;</a>&nbsp;&nbsp;&nbsp;UInt32ToStrBaseSign
</UL>

<P><STRONG><a name="[15e]"></a>__aeabi_memmove</STRONG> (Thumb, 0 bytes, Stack size 8 bytes, memmovea.o(.text))
<BR><BR>[Stack]<UL><LI>Max Depth = 8<LI>Call Chain = __aeabi_memmove
</UL>
<BR>[Called By]<UL><LI><a href="#[15a]">&gt;&gt;</a>&nbsp;&nbsp;&nbsp;SCPI_Input
<LI><a href="#[175]">&gt;&gt;</a>&nbsp;&nbsp;&nbsp;composeCompoundCommand
</UL>

<P><STRONG><a name="[1e0]"></a>__aeabi_memmove4</STRONG> (Thumb, 0 bytes, Stack size 8 bytes, memmovea.o(.text), UNUSED)

<P><STRONG><a name="[1e1]"></a>__aeabi_memmove8</STRONG> (Thumb, 0 bytes, Stack size 8 bytes, memmovea.o(.text), UNUSED)

<P><STRONG><a name="[a8]"></a>__aeabi_memset</STRONG> (Thumb, 14 bytes, Stack size 0 bytes, memseta.o(.text))
<BR><BR>[Called By]<UL><LI><a href="#[a9]">&gt;&gt;</a>&nbsp;&nbsp;&nbsp;_memset$wrapper
<LI><a href="#[a7]">&gt;&gt;</a>&nbsp;&nbsp;&nbsp;__aeabi_memclr
</UL>

<P><STRONG><a name="[1e2]"></a>__aeabi_memset4</STRONG> (Thumb, 0 bytes, Stack size 0 bytes, memseta.o(.text), UNUSED)

<P><STRONG><a name="[1e3]"></a>__aeabi_memset8</STRONG> (Thumb, 0 bytes, Stack size 0 bytes, memseta.o(.text), UNUSED)

<P><STRONG><a name="[a7]"></a>__aeabi_memclr</STRONG> (Thumb, 4 bytes, Stack size 0 bytes, memseta.o(.text))
<BR><BR>[Calls]<UL><LI><a href="#[a8]">&gt;&gt;</a>&nbsp;&nbsp;&nbsp;__aeabi_memset
</UL>
<BR>[Called By]<UL><LI><a href="#[197]">&gt;&gt;</a>&nbsp;&nbsp;&nbsp;UART_Action
<LI><a href="#[195]">&gt;&gt;</a>&nbsp;&nbsp;&nbsp;UART3_Action
<LI><a href="#[191]">&gt;&gt;</a>&nbsp;&nbsp;&nbsp;UART1_Action
<LI><a href="#[32]">&gt;&gt;</a>&nbsp;&nbsp;&nbsp;USART3_IRQHandler
<LI><a href="#[30]">&gt;&gt;</a>&nbsp;&nbsp;&nbsp;USART1_IRQHandler
</UL>

<P><STRONG><a name="[159]"></a>__aeabi_memclr4</STRONG> (Thumb, 0 bytes, Stack size 0 bytes, memseta.o(.text))
<BR><BR>[Called By]<UL><LI><a href="#[158]">&gt;&gt;</a>&nbsp;&nbsp;&nbsp;SCPI_Init
</UL>

<P><STRONG><a name="[1e4]"></a>__aeabi_memclr8</STRONG> (Thumb, 0 bytes, Stack size 0 bytes, memseta.o(.text), UNUSED)

<P><STRONG><a name="[a9]"></a>_memset$wrapper</STRONG> (Thumb, 18 bytes, Stack size 8 bytes, memseta.o(.text), UNUSED)
<BR><BR>[Calls]<UL><LI><a href="#[a8]">&gt;&gt;</a>&nbsp;&nbsp;&nbsp;__aeabi_memset
</UL>

<P><STRONG><a name="[15f]"></a>strncpy</STRONG> (Thumb, 24 bytes, Stack size 8 bytes, strncpy.o(.text))
<BR><BR>[Stack]<UL><LI>Max Depth = 8<LI>Call Chain = strncpy
</UL>
<BR>[Called By]<UL><LI><a href="#[105]">&gt;&gt;</a>&nbsp;&nbsp;&nbsp;SCPI_NumberToStr
</UL>

<P><STRONG><a name="[13f]"></a>strlen</STRONG> (Thumb, 14 bytes, Stack size 0 bytes, strlen.o(.text))
<BR><BR>[Called By]<UL><LI><a href="#[105]">&gt;&gt;</a>&nbsp;&nbsp;&nbsp;SCPI_NumberToStr
<LI><a href="#[52]">&gt;&gt;</a>&nbsp;&nbsp;&nbsp;SCPI_CoreIdnQ
<LI><a href="#[16c]">&gt;&gt;</a>&nbsp;&nbsp;&nbsp;transformNumber
<LI><a href="#[139]">&gt;&gt;</a>&nbsp;&nbsp;&nbsp;matchCommand
<LI><a href="#[156]">&gt;&gt;</a>&nbsp;&nbsp;&nbsp;SCPI_FloatToStr
<LI><a href="#[141]">&gt;&gt;</a>&nbsp;&nbsp;&nbsp;SCPI_DoubleToStr
<LI><a href="#[17c]">&gt;&gt;</a>&nbsp;&nbsp;&nbsp;SCPI_ResultArbitraryBlockHeader
<LI><a href="#[164]">&gt;&gt;</a>&nbsp;&nbsp;&nbsp;SCPI_ParamToChoice
<LI><a href="#[180]">&gt;&gt;</a>&nbsp;&nbsp;&nbsp;SCPI_ResultError
</UL>

<P><STRONG><a name="[161]"></a>strncat</STRONG> (Thumb, 40 bytes, Stack size 8 bytes, strncat.o(.text))
<BR><BR>[Stack]<UL><LI>Max Depth = 8<LI>Call Chain = strncat
</UL>
<BR>[Called By]<UL><LI><a href="#[105]">&gt;&gt;</a>&nbsp;&nbsp;&nbsp;SCPI_NumberToStr
</UL>

<P><STRONG><a name="[aa]"></a>strncasecmp</STRONG> (Thumb, 50 bytes, Stack size 24 bytes, strncasecmp.o(.text))
<BR><BR>[Stack]<UL><LI>Max Depth = 24<LI>Call Chain = strncasecmp
</UL>
<BR>[Calls]<UL><LI><a href="#[ab]">&gt;&gt;</a>&nbsp;&nbsp;&nbsp;tolower
</UL>
<BR>[Called By]<UL><LI><a href="#[1b5]">&gt;&gt;</a>&nbsp;&nbsp;&nbsp;compareStrAndNum
<LI><a href="#[1b4]">&gt;&gt;</a>&nbsp;&nbsp;&nbsp;compareStr
</UL>

<P><STRONG><a name="[ac]"></a>strtol</STRONG> (Thumb, 112 bytes, Stack size 32 bytes, strtol.o(.text))
<BR><BR>[Stack]<UL><LI>Max Depth = 72<LI>Call Chain = strtol &rArr; _strtoul
</UL>
<BR>[Calls]<UL><LI><a href="#[ad]">&gt;&gt;</a>&nbsp;&nbsp;&nbsp;_strtoul
<LI><a href="#[ae]">&gt;&gt;</a>&nbsp;&nbsp;&nbsp;__aeabi_errno_addr
<LI><a href="#[a6]">&gt;&gt;</a>&nbsp;&nbsp;&nbsp;__rt_ctype_table
</UL>
<BR>[Called By]<UL><LI><a href="#[123]">&gt;&gt;</a>&nbsp;&nbsp;&nbsp;strBaseToInt32
</UL>

<P><STRONG><a name="[af]"></a>strtoul</STRONG> (Thumb, 114 bytes, Stack size 40 bytes, strtoul.o(.text))
<BR><BR>[Stack]<UL><LI>Max Depth = 80<LI>Call Chain = strtoul &rArr; _strtoul
</UL>
<BR>[Calls]<UL><LI><a href="#[ad]">&gt;&gt;</a>&nbsp;&nbsp;&nbsp;_strtoul
<LI><a href="#[ae]">&gt;&gt;</a>&nbsp;&nbsp;&nbsp;__aeabi_errno_addr
<LI><a href="#[a6]">&gt;&gt;</a>&nbsp;&nbsp;&nbsp;__rt_ctype_table
</UL>
<BR>[Called By]<UL><LI><a href="#[122]">&gt;&gt;</a>&nbsp;&nbsp;&nbsp;strBaseToUInt32
</UL>

<P><STRONG><a name="[b0]"></a>strtoll</STRONG> (Thumb, 4 bytes, Stack size 0 bytes, strtoll.o(.text))
<BR><BR>[Stack]<UL><LI>Max Depth = 80<LI>Call Chain = strtoll &rArr; __strtoll &rArr; _strtoull
</UL>
<BR>[Calls]<UL><LI><a href="#[b1]">&gt;&gt;</a>&nbsp;&nbsp;&nbsp;__strtoll
</UL>
<BR>[Called By]<UL><LI><a href="#[126]">&gt;&gt;</a>&nbsp;&nbsp;&nbsp;strBaseToInt64
</UL>

<P><STRONG><a name="[b2]"></a>strtoull</STRONG> (Thumb, 4 bytes, Stack size 0 bytes, strtoull.o(.text))
<BR><BR>[Stack]<UL><LI>Max Depth = 88<LI>Call Chain = strtoull &rArr; __strtoull &rArr; _strtoull
</UL>
<BR>[Calls]<UL><LI><a href="#[b3]">&gt;&gt;</a>&nbsp;&nbsp;&nbsp;__strtoull
</UL>
<BR>[Called By]<UL><LI><a href="#[125]">&gt;&gt;</a>&nbsp;&nbsp;&nbsp;strBaseToUInt64
</UL>

<P><STRONG><a name="[b4]"></a>__aeabi_fadd</STRONG> (Thumb, 164 bytes, Stack size 16 bytes, fadd.o(.text))
<BR><BR>[Stack]<UL><LI>Max Depth = 20<LI>Call Chain = __aeabi_fadd &rArr; _float_epilogue
</UL>
<BR>[Calls]<UL><LI><a href="#[b6]">&gt;&gt;</a>&nbsp;&nbsp;&nbsp;_float_round
<LI><a href="#[b5]">&gt;&gt;</a>&nbsp;&nbsp;&nbsp;_float_epilogue
</UL>
<BR>[Called By]<UL><LI><a href="#[b7]">&gt;&gt;</a>&nbsp;&nbsp;&nbsp;__aeabi_fsub
<LI><a href="#[b8]">&gt;&gt;</a>&nbsp;&nbsp;&nbsp;__aeabi_frsub
</UL>

<P><STRONG><a name="[b7]"></a>__aeabi_fsub</STRONG> (Thumb, 6 bytes, Stack size 0 bytes, fadd.o(.text))
<BR><BR>[Stack]<UL><LI>Max Depth = 20<LI>Call Chain = __aeabi_fsub &rArr; __aeabi_fadd &rArr; _float_epilogue
</UL>
<BR>[Calls]<UL><LI><a href="#[b4]">&gt;&gt;</a>&nbsp;&nbsp;&nbsp;__aeabi_fadd
</UL>
<BR>[Called By]<UL><LI><a href="#[f9]">&gt;&gt;</a>&nbsp;&nbsp;&nbsp;Bias_Correction
</UL>

<P><STRONG><a name="[b8]"></a>__aeabi_frsub</STRONG> (Thumb, 6 bytes, Stack size 0 bytes, fadd.o(.text))
<BR><BR>[Stack]<UL><LI>Max Depth = 20<LI>Call Chain = __aeabi_frsub &rArr; __aeabi_fadd &rArr; _float_epilogue
</UL>
<BR>[Calls]<UL><LI><a href="#[b4]">&gt;&gt;</a>&nbsp;&nbsp;&nbsp;__aeabi_fadd
</UL>
<BR>[Called By]<UL><LI><a href="#[f9]">&gt;&gt;</a>&nbsp;&nbsp;&nbsp;Bias_Correction
</UL>

<P><STRONG><a name="[ff]"></a>__aeabi_fmul</STRONG> (Thumb, 100 bytes, Stack size 8 bytes, fmul.o(.text))
<BR><BR>[Stack]<UL><LI>Max Depth = 8<LI>Call Chain = __aeabi_fmul
</UL>
<BR>[Called By]<UL><LI><a href="#[190]">&gt;&gt;</a>&nbsp;&nbsp;&nbsp;Transformation_ADC
<LI><a href="#[7b]">&gt;&gt;</a>&nbsp;&nbsp;&nbsp;VPROTECTSET
<LI><a href="#[7f]">&gt;&gt;</a>&nbsp;&nbsp;&nbsp;VONSET
<LI><a href="#[81]">&gt;&gt;</a>&nbsp;&nbsp;&nbsp;VOFFSET
<LI><a href="#[7d]">&gt;&gt;</a>&nbsp;&nbsp;&nbsp;PPROTECTSET
<LI><a href="#[73]">&gt;&gt;</a>&nbsp;&nbsp;&nbsp;ISLEWSET
<LI><a href="#[75]">&gt;&gt;</a>&nbsp;&nbsp;&nbsp;ISLEWRSET
<LI><a href="#[77]">&gt;&gt;</a>&nbsp;&nbsp;&nbsp;ISLEWFSET
<LI><a href="#[95]">&gt;&gt;</a>&nbsp;&nbsp;&nbsp;DYNSLEWSET
<LI><a href="#[97]">&gt;&gt;</a>&nbsp;&nbsp;&nbsp;DYNSLEWRSET
<LI><a href="#[99]">&gt;&gt;</a>&nbsp;&nbsp;&nbsp;DYNSLEWFSET
<LI><a href="#[91]">&gt;&gt;</a>&nbsp;&nbsp;&nbsp;DYNLSET
<LI><a href="#[93]">&gt;&gt;</a>&nbsp;&nbsp;&nbsp;DYNLDSET
<LI><a href="#[8d]">&gt;&gt;</a>&nbsp;&nbsp;&nbsp;DYNHSET
<LI><a href="#[8f]">&gt;&gt;</a>&nbsp;&nbsp;&nbsp;DYNHDSET
<LI><a href="#[87]">&gt;&gt;</a>&nbsp;&nbsp;&nbsp;CVSET
<LI><a href="#[8b]">&gt;&gt;</a>&nbsp;&nbsp;&nbsp;CRSET
<LI><a href="#[89]">&gt;&gt;</a>&nbsp;&nbsp;&nbsp;CPSET
<LI><a href="#[79]">&gt;&gt;</a>&nbsp;&nbsp;&nbsp;CPROTECTSET
<LI><a href="#[85]">&gt;&gt;</a>&nbsp;&nbsp;&nbsp;CCSET
</UL>

<P><STRONG><a name="[b9]"></a>__aeabi_fdiv</STRONG> (Thumb, 124 bytes, Stack size 8 bytes, fdiv.o(.text))
<BR><BR>[Stack]<UL><LI>Max Depth = 8<LI>Call Chain = __aeabi_fdiv
</UL>
<BR>[Calls]<UL><LI><a href="#[b6]">&gt;&gt;</a>&nbsp;&nbsp;&nbsp;_float_round
</UL>
<BR>[Called By]<UL><LI><a href="#[fa]">&gt;&gt;</a>&nbsp;&nbsp;&nbsp;Bias_Para
<LI><a href="#[f9]">&gt;&gt;</a>&nbsp;&nbsp;&nbsp;Bias_Correction
<LI><a href="#[190]">&gt;&gt;</a>&nbsp;&nbsp;&nbsp;Transformation_ADC
<LI><a href="#[7c]">&gt;&gt;</a>&nbsp;&nbsp;&nbsp;VPROTECTQ
<LI><a href="#[80]">&gt;&gt;</a>&nbsp;&nbsp;&nbsp;VONQ
<LI><a href="#[9d]">&gt;&gt;</a>&nbsp;&nbsp;&nbsp;VOLTAGEQ
<LI><a href="#[82]">&gt;&gt;</a>&nbsp;&nbsp;&nbsp;VOFFQ
<LI><a href="#[a0]">&gt;&gt;</a>&nbsp;&nbsp;&nbsp;RESQ
<LI><a href="#[7e]">&gt;&gt;</a>&nbsp;&nbsp;&nbsp;PPROTECTQ
<LI><a href="#[9f]">&gt;&gt;</a>&nbsp;&nbsp;&nbsp;POWERQ
<LI><a href="#[76]">&gt;&gt;</a>&nbsp;&nbsp;&nbsp;ISLEWRQ
<LI><a href="#[74]">&gt;&gt;</a>&nbsp;&nbsp;&nbsp;ISLEWQ
<LI><a href="#[78]">&gt;&gt;</a>&nbsp;&nbsp;&nbsp;ISLEWFQ
<LI><a href="#[98]">&gt;&gt;</a>&nbsp;&nbsp;&nbsp;DYNSLEWRQ
<LI><a href="#[96]">&gt;&gt;</a>&nbsp;&nbsp;&nbsp;DYNSLEWQ
<LI><a href="#[9a]">&gt;&gt;</a>&nbsp;&nbsp;&nbsp;DYNSLEWFQ
<LI><a href="#[92]">&gt;&gt;</a>&nbsp;&nbsp;&nbsp;DYNLQ
<LI><a href="#[94]">&gt;&gt;</a>&nbsp;&nbsp;&nbsp;DYNLDQ
<LI><a href="#[8e]">&gt;&gt;</a>&nbsp;&nbsp;&nbsp;DYNHQ
<LI><a href="#[90]">&gt;&gt;</a>&nbsp;&nbsp;&nbsp;DYNHDQ
<LI><a href="#[88]">&gt;&gt;</a>&nbsp;&nbsp;&nbsp;CVQ
<LI><a href="#[9e]">&gt;&gt;</a>&nbsp;&nbsp;&nbsp;CURRENTQ
<LI><a href="#[8c]">&gt;&gt;</a>&nbsp;&nbsp;&nbsp;CRQ
<LI><a href="#[7a]">&gt;&gt;</a>&nbsp;&nbsp;&nbsp;CPROTECTQ
<LI><a href="#[8a]">&gt;&gt;</a>&nbsp;&nbsp;&nbsp;CPQ
<LI><a href="#[86]">&gt;&gt;</a>&nbsp;&nbsp;&nbsp;CCQ
</UL>

<P><STRONG><a name="[ba]"></a>__aeabi_dadd</STRONG> (Thumb, 322 bytes, Stack size 48 bytes, dadd.o(.text), UNUSED)
<BR><BR>[Calls]<UL><LI><a href="#[bb]">&gt;&gt;</a>&nbsp;&nbsp;&nbsp;__aeabi_lasr
<LI><a href="#[a5]">&gt;&gt;</a>&nbsp;&nbsp;&nbsp;__aeabi_llsl
<LI><a href="#[bd]">&gt;&gt;</a>&nbsp;&nbsp;&nbsp;_double_round
<LI><a href="#[bc]">&gt;&gt;</a>&nbsp;&nbsp;&nbsp;_double_epilogue
</UL>
<BR>[Called By]<UL><LI><a href="#[be]">&gt;&gt;</a>&nbsp;&nbsp;&nbsp;__aeabi_dsub
<LI><a href="#[bf]">&gt;&gt;</a>&nbsp;&nbsp;&nbsp;__aeabi_drsub
<LI><a href="#[1ae]">&gt;&gt;</a>&nbsp;&nbsp;&nbsp;_fp_digits
</UL>

<P><STRONG><a name="[be]"></a>__aeabi_dsub</STRONG> (Thumb, 6 bytes, Stack size 0 bytes, dadd.o(.text), UNUSED)
<BR><BR>[Calls]<UL><LI><a href="#[ba]">&gt;&gt;</a>&nbsp;&nbsp;&nbsp;__aeabi_dadd
</UL>

<P><STRONG><a name="[bf]"></a>__aeabi_drsub</STRONG> (Thumb, 6 bytes, Stack size 0 bytes, dadd.o(.text), UNUSED)
<BR><BR>[Calls]<UL><LI><a href="#[ba]">&gt;&gt;</a>&nbsp;&nbsp;&nbsp;__aeabi_dadd
</UL>

<P><STRONG><a name="[c0]"></a>__aeabi_dmul</STRONG> (Thumb, 228 bytes, Stack size 48 bytes, dmul.o(.text))
<BR><BR>[Stack]<UL><LI>Max Depth = 88<LI>Call Chain = __aeabi_dmul &rArr; _double_epilogue &rArr; _double_round
</UL>
<BR>[Calls]<UL><LI><a href="#[bc]">&gt;&gt;</a>&nbsp;&nbsp;&nbsp;_double_epilogue
</UL>
<BR>[Called By]<UL><LI><a href="#[16c]">&gt;&gt;</a>&nbsp;&nbsp;&nbsp;transformNumber
<LI><a href="#[1ae]">&gt;&gt;</a>&nbsp;&nbsp;&nbsp;_fp_digits
<LI><a href="#[cd]">&gt;&gt;</a>&nbsp;&nbsp;&nbsp;_fp_value
</UL>

<P><STRONG><a name="[c1]"></a>__aeabi_ddiv</STRONG> (Thumb, 222 bytes, Stack size 32 bytes, ddiv.o(.text), UNUSED)
<BR><BR>[Calls]<UL><LI><a href="#[bd]">&gt;&gt;</a>&nbsp;&nbsp;&nbsp;_double_round
</UL>
<BR>[Called By]<UL><LI><a href="#[1ae]">&gt;&gt;</a>&nbsp;&nbsp;&nbsp;_fp_digits
<LI><a href="#[cd]">&gt;&gt;</a>&nbsp;&nbsp;&nbsp;_fp_value
</UL>

<P><STRONG><a name="[c2]"></a>__aeabi_ui2f</STRONG> (Thumb, 10 bytes, Stack size 0 bytes, ffltui.o(.text))
<BR><BR>[Stack]<UL><LI>Max Depth = 4<LI>Call Chain = __aeabi_ui2f &rArr; _float_epilogue
</UL>
<BR>[Calls]<UL><LI><a href="#[b5]">&gt;&gt;</a>&nbsp;&nbsp;&nbsp;_float_epilogue
</UL>
<BR>[Called By]<UL><LI><a href="#[fa]">&gt;&gt;</a>&nbsp;&nbsp;&nbsp;Bias_Para
<LI><a href="#[f9]">&gt;&gt;</a>&nbsp;&nbsp;&nbsp;Bias_Correction
<LI><a href="#[190]">&gt;&gt;</a>&nbsp;&nbsp;&nbsp;Transformation_ADC
<LI><a href="#[70]">&gt;&gt;</a>&nbsp;&nbsp;&nbsp;VRANGEQ
<LI><a href="#[7c]">&gt;&gt;</a>&nbsp;&nbsp;&nbsp;VPROTECTQ
<LI><a href="#[80]">&gt;&gt;</a>&nbsp;&nbsp;&nbsp;VONQ
<LI><a href="#[9d]">&gt;&gt;</a>&nbsp;&nbsp;&nbsp;VOLTAGEQ
<LI><a href="#[82]">&gt;&gt;</a>&nbsp;&nbsp;&nbsp;VOFFQ
<LI><a href="#[a0]">&gt;&gt;</a>&nbsp;&nbsp;&nbsp;RESQ
<LI><a href="#[6c]">&gt;&gt;</a>&nbsp;&nbsp;&nbsp;REMOTEQ
<LI><a href="#[7e]">&gt;&gt;</a>&nbsp;&nbsp;&nbsp;PPROTECTQ
<LI><a href="#[9f]">&gt;&gt;</a>&nbsp;&nbsp;&nbsp;POWERQ
<LI><a href="#[76]">&gt;&gt;</a>&nbsp;&nbsp;&nbsp;ISLEWRQ
<LI><a href="#[74]">&gt;&gt;</a>&nbsp;&nbsp;&nbsp;ISLEWQ
<LI><a href="#[78]">&gt;&gt;</a>&nbsp;&nbsp;&nbsp;ISLEWFQ
<LI><a href="#[72]">&gt;&gt;</a>&nbsp;&nbsp;&nbsp;IRANGEQ
<LI><a href="#[6e]">&gt;&gt;</a>&nbsp;&nbsp;&nbsp;INPUTQ
<LI><a href="#[98]">&gt;&gt;</a>&nbsp;&nbsp;&nbsp;DYNSLEWRQ
<LI><a href="#[96]">&gt;&gt;</a>&nbsp;&nbsp;&nbsp;DYNSLEWQ
<LI><a href="#[9a]">&gt;&gt;</a>&nbsp;&nbsp;&nbsp;DYNSLEWFQ
<LI><a href="#[92]">&gt;&gt;</a>&nbsp;&nbsp;&nbsp;DYNLQ
<LI><a href="#[94]">&gt;&gt;</a>&nbsp;&nbsp;&nbsp;DYNLDQ
<LI><a href="#[8e]">&gt;&gt;</a>&nbsp;&nbsp;&nbsp;DYNHQ
<LI><a href="#[90]">&gt;&gt;</a>&nbsp;&nbsp;&nbsp;DYNHDQ
<LI><a href="#[88]">&gt;&gt;</a>&nbsp;&nbsp;&nbsp;CVQ
<LI><a href="#[9e]">&gt;&gt;</a>&nbsp;&nbsp;&nbsp;CURRENTQ
<LI><a href="#[8c]">&gt;&gt;</a>&nbsp;&nbsp;&nbsp;CRQ
<LI><a href="#[7a]">&gt;&gt;</a>&nbsp;&nbsp;&nbsp;CPROTECTQ
<LI><a href="#[8a]">&gt;&gt;</a>&nbsp;&nbsp;&nbsp;CPQ
<LI><a href="#[86]">&gt;&gt;</a>&nbsp;&nbsp;&nbsp;CCQ
<LI><a href="#[168]">&gt;&gt;</a>&nbsp;&nbsp;&nbsp;SCPI_ParamToFloat
</UL>

<P><STRONG><a name="[c3]"></a>__aeabi_ul2d</STRONG> (Thumb, 24 bytes, Stack size 16 bytes, dfltul.o(.text))
<BR><BR>[Stack]<UL><LI>Max Depth = 56<LI>Call Chain = __aeabi_ul2d &rArr; _double_epilogue &rArr; _double_round
</UL>
<BR>[Calls]<UL><LI><a href="#[bc]">&gt;&gt;</a>&nbsp;&nbsp;&nbsp;_double_epilogue
</UL>
<BR>[Called By]<UL><LI><a href="#[167]">&gt;&gt;</a>&nbsp;&nbsp;&nbsp;SCPI_ParamToDouble
<LI><a href="#[cd]">&gt;&gt;</a>&nbsp;&nbsp;&nbsp;_fp_value
</UL>

<P><STRONG><a name="[fc]"></a>__aeabi_f2uiz</STRONG> (Thumb, 40 bytes, Stack size 0 bytes, ffixui.o(.text))
<BR><BR>[Called By]<UL><LI><a href="#[f9]">&gt;&gt;</a>&nbsp;&nbsp;&nbsp;Bias_Correction
<LI><a href="#[190]">&gt;&gt;</a>&nbsp;&nbsp;&nbsp;Transformation_ADC
<LI><a href="#[7b]">&gt;&gt;</a>&nbsp;&nbsp;&nbsp;VPROTECTSET
<LI><a href="#[7f]">&gt;&gt;</a>&nbsp;&nbsp;&nbsp;VONSET
<LI><a href="#[81]">&gt;&gt;</a>&nbsp;&nbsp;&nbsp;VOFFSET
<LI><a href="#[7d]">&gt;&gt;</a>&nbsp;&nbsp;&nbsp;PPROTECTSET
<LI><a href="#[73]">&gt;&gt;</a>&nbsp;&nbsp;&nbsp;ISLEWSET
<LI><a href="#[75]">&gt;&gt;</a>&nbsp;&nbsp;&nbsp;ISLEWRSET
<LI><a href="#[77]">&gt;&gt;</a>&nbsp;&nbsp;&nbsp;ISLEWFSET
<LI><a href="#[95]">&gt;&gt;</a>&nbsp;&nbsp;&nbsp;DYNSLEWSET
<LI><a href="#[97]">&gt;&gt;</a>&nbsp;&nbsp;&nbsp;DYNSLEWRSET
<LI><a href="#[99]">&gt;&gt;</a>&nbsp;&nbsp;&nbsp;DYNSLEWFSET
<LI><a href="#[91]">&gt;&gt;</a>&nbsp;&nbsp;&nbsp;DYNLSET
<LI><a href="#[93]">&gt;&gt;</a>&nbsp;&nbsp;&nbsp;DYNLDSET
<LI><a href="#[8d]">&gt;&gt;</a>&nbsp;&nbsp;&nbsp;DYNHSET
<LI><a href="#[8f]">&gt;&gt;</a>&nbsp;&nbsp;&nbsp;DYNHDSET
<LI><a href="#[87]">&gt;&gt;</a>&nbsp;&nbsp;&nbsp;CVSET
<LI><a href="#[8b]">&gt;&gt;</a>&nbsp;&nbsp;&nbsp;CRSET
<LI><a href="#[89]">&gt;&gt;</a>&nbsp;&nbsp;&nbsp;CPSET
<LI><a href="#[79]">&gt;&gt;</a>&nbsp;&nbsp;&nbsp;CPROTECTSET
<LI><a href="#[85]">&gt;&gt;</a>&nbsp;&nbsp;&nbsp;CCSET
</UL>

<P><STRONG><a name="[157]"></a>__aeabi_f2d</STRONG> (Thumb, 38 bytes, Stack size 0 bytes, f2d.o(.text))
<BR><BR>[Called By]<UL><LI><a href="#[156]">&gt;&gt;</a>&nbsp;&nbsp;&nbsp;SCPI_FloatToStr
</UL>

<P><STRONG><a name="[160]"></a>__aeabi_cdcmpeq</STRONG> (Thumb, 0 bytes, Stack size 0 bytes, cdcmple.o(.text))
<BR><BR>[Called By]<UL><LI><a href="#[105]">&gt;&gt;</a>&nbsp;&nbsp;&nbsp;SCPI_NumberToStr
<LI><a href="#[1a9]">&gt;&gt;</a>&nbsp;&nbsp;&nbsp;__mathlib_tofloat
</UL>

<P><STRONG><a name="[1e5]"></a>__aeabi_cdcmple</STRONG> (Thumb, 48 bytes, Stack size 0 bytes, cdcmple.o(.text), UNUSED)

<P><STRONG><a name="[1ad]"></a>__aeabi_cdrcmple</STRONG> (Thumb, 48 bytes, Stack size 0 bytes, cdrcmple.o(.text))
<BR><BR>[Called By]<UL><LI><a href="#[1a9]">&gt;&gt;</a>&nbsp;&nbsp;&nbsp;__mathlib_tofloat
<LI><a href="#[1ae]">&gt;&gt;</a>&nbsp;&nbsp;&nbsp;_fp_digits
</UL>

<P><STRONG><a name="[fb]"></a>__aeabi_cfrcmple</STRONG> (Thumb, 20 bytes, Stack size 0 bytes, cfrcmple.o(.text))
<BR><BR>[Called By]<UL><LI><a href="#[f9]">&gt;&gt;</a>&nbsp;&nbsp;&nbsp;Bias_Correction
</UL>

<P><STRONG><a name="[1e6]"></a>__aeabi_uidiv</STRONG> (Thumb, 0 bytes, Stack size 12 bytes, uidiv.o(.text), UNUSED)

<P><STRONG><a name="[1b1]"></a>__aeabi_uidivmod</STRONG> (Thumb, 44 bytes, Stack size 12 bytes, uidiv.o(.text), UNUSED)
<BR><BR>[Called By]<UL><LI><a href="#[1a8]">&gt;&gt;</a>&nbsp;&nbsp;&nbsp;_printf_core
</UL>

<P><STRONG><a name="[a5]"></a>__aeabi_llsl</STRONG> (Thumb, 30 bytes, Stack size 0 bytes, llshl.o(.text))
<BR><BR>[Called By]<UL><LI><a href="#[ba]">&gt;&gt;</a>&nbsp;&nbsp;&nbsp;__aeabi_dadd
<LI><a href="#[bc]">&gt;&gt;</a>&nbsp;&nbsp;&nbsp;_double_epilogue
<LI><a href="#[cb]">&gt;&gt;</a>&nbsp;&nbsp;&nbsp;__aeabi_d2ulz
<LI><a href="#[a3]">&gt;&gt;</a>&nbsp;&nbsp;&nbsp;__aeabi_uldivmod
</UL>

<P><STRONG><a name="[1e7]"></a>_ll_shift_l</STRONG> (Thumb, 0 bytes, Stack size 0 bytes, llshl.o(.text), UNUSED)

<P><STRONG><a name="[a4]"></a>__aeabi_llsr</STRONG> (Thumb, 32 bytes, Stack size 0 bytes, llushr.o(.text))
<BR><BR>[Called By]<UL><LI><a href="#[bc]">&gt;&gt;</a>&nbsp;&nbsp;&nbsp;_double_epilogue
<LI><a href="#[cb]">&gt;&gt;</a>&nbsp;&nbsp;&nbsp;__aeabi_d2ulz
<LI><a href="#[a3]">&gt;&gt;</a>&nbsp;&nbsp;&nbsp;__aeabi_uldivmod
</UL>

<P><STRONG><a name="[1e8]"></a>_ll_ushift_r</STRONG> (Thumb, 0 bytes, Stack size 0 bytes, llushr.o(.text), UNUSED)

<P><STRONG><a name="[bb]"></a>__aeabi_lasr</STRONG> (Thumb, 36 bytes, Stack size 0 bytes, llsshr.o(.text), UNUSED)
<BR><BR>[Called By]<UL><LI><a href="#[ba]">&gt;&gt;</a>&nbsp;&nbsp;&nbsp;__aeabi_dadd
</UL>

<P><STRONG><a name="[1e9]"></a>_ll_sshift_r</STRONG> (Thumb, 0 bytes, Stack size 0 bytes, llsshr.o(.text), UNUSED)

<P><STRONG><a name="[ab]"></a>tolower</STRONG> (Thumb, 12 bytes, Stack size 0 bytes, tolower.o(.text))
<BR><BR>[Called By]<UL><LI><a href="#[aa]">&gt;&gt;</a>&nbsp;&nbsp;&nbsp;strncasecmp
</UL>

<P><STRONG><a name="[ad]"></a>_strtoul</STRONG> (Thumb, 158 bytes, Stack size 40 bytes, _strtoul.o(.text))
<BR><BR>[Stack]<UL><LI>Max Depth = 40<LI>Call Chain = _strtoul
</UL>
<BR>[Calls]<UL><LI><a href="#[ae]">&gt;&gt;</a>&nbsp;&nbsp;&nbsp;__aeabi_errno_addr
<LI><a href="#[c4]">&gt;&gt;</a>&nbsp;&nbsp;&nbsp;_chval
</UL>
<BR>[Called By]<UL><LI><a href="#[af]">&gt;&gt;</a>&nbsp;&nbsp;&nbsp;strtoul
<LI><a href="#[ac]">&gt;&gt;</a>&nbsp;&nbsp;&nbsp;strtol
</UL>

<P><STRONG><a name="[c7]"></a>__strtod_int</STRONG> (Thumb, 90 bytes, Stack size 40 bytes, strtod.o(.text))
<BR><BR>[Stack]<UL><LI>Max Depth = 200<LI>Call Chain = __strtod_int &rArr; _local_sscanf &rArr; _scanf_real
</UL>
<BR>[Calls]<UL><LI><a href="#[c5]">&gt;&gt;</a>&nbsp;&nbsp;&nbsp;_local_sscanf
</UL>
<BR>[Called By]<UL><LI><a href="#[1d6]">&gt;&gt;</a>&nbsp;&nbsp;&nbsp;strtod
<LI><a href="#[c8]">&gt;&gt;</a>&nbsp;&nbsp;&nbsp;__strtof_int
</UL>

<P><STRONG><a name="[c8]"></a>__strtof_int</STRONG> (Thumb, 26 bytes, Stack size 24 bytes, strtof.o(.text))
<BR><BR>[Stack]<UL><LI>Max Depth = 224<LI>Call Chain = __strtof_int &rArr; __strtod_int &rArr; _local_sscanf &rArr; _scanf_real
</UL>
<BR>[Calls]<UL><LI><a href="#[c9]">&gt;&gt;</a>&nbsp;&nbsp;&nbsp;__mathlib_narrow
<LI><a href="#[c7]">&gt;&gt;</a>&nbsp;&nbsp;&nbsp;__strtod_int
</UL>
<BR>[Called By]<UL><LI><a href="#[1d7]">&gt;&gt;</a>&nbsp;&nbsp;&nbsp;strtof
</UL>

<P><STRONG><a name="[b1]"></a>__strtoll</STRONG> (Thumb, 144 bytes, Stack size 32 bytes, __strtoll.o(.text))
<BR><BR>[Stack]<UL><LI>Max Depth = 80<LI>Call Chain = __strtoll &rArr; _strtoull
</UL>
<BR>[Calls]<UL><LI><a href="#[ae]">&gt;&gt;</a>&nbsp;&nbsp;&nbsp;__aeabi_errno_addr
<LI><a href="#[a6]">&gt;&gt;</a>&nbsp;&nbsp;&nbsp;__rt_ctype_table
<LI><a href="#[ca]">&gt;&gt;</a>&nbsp;&nbsp;&nbsp;_strtoull
</UL>
<BR>[Called By]<UL><LI><a href="#[b0]">&gt;&gt;</a>&nbsp;&nbsp;&nbsp;strtoll
</UL>

<P><STRONG><a name="[b3]"></a>__strtoull</STRONG> (Thumb, 124 bytes, Stack size 40 bytes, __strtoull.o(.text))
<BR><BR>[Stack]<UL><LI>Max Depth = 88<LI>Call Chain = __strtoull &rArr; _strtoull
</UL>
<BR>[Calls]<UL><LI><a href="#[ae]">&gt;&gt;</a>&nbsp;&nbsp;&nbsp;__aeabi_errno_addr
<LI><a href="#[a6]">&gt;&gt;</a>&nbsp;&nbsp;&nbsp;__rt_ctype_table
<LI><a href="#[ca]">&gt;&gt;</a>&nbsp;&nbsp;&nbsp;_strtoull
</UL>
<BR>[Called By]<UL><LI><a href="#[b2]">&gt;&gt;</a>&nbsp;&nbsp;&nbsp;strtoull
</UL>

<P><STRONG><a name="[1ea]"></a>__I$use$fp</STRONG> (Thumb, 0 bytes, Stack size 0 bytes, iusefp.o(.text), UNUSED)

<P><STRONG><a name="[b6]"></a>_float_round</STRONG> (Thumb, 18 bytes, Stack size 0 bytes, fepilogue.o(.text))
<BR><BR>[Called By]<UL><LI><a href="#[b9]">&gt;&gt;</a>&nbsp;&nbsp;&nbsp;__aeabi_fdiv
<LI><a href="#[d0]">&gt;&gt;</a>&nbsp;&nbsp;&nbsp;__aeabi_d2f
<LI><a href="#[b4]">&gt;&gt;</a>&nbsp;&nbsp;&nbsp;__aeabi_fadd
</UL>

<P><STRONG><a name="[b5]"></a>_float_epilogue</STRONG> (Thumb, 92 bytes, Stack size 4 bytes, fepilogue.o(.text))
<BR><BR>[Stack]<UL><LI>Max Depth = 4<LI>Call Chain = _float_epilogue
</UL>
<BR>[Called By]<UL><LI><a href="#[c2]">&gt;&gt;</a>&nbsp;&nbsp;&nbsp;__aeabi_ui2f
<LI><a href="#[b4]">&gt;&gt;</a>&nbsp;&nbsp;&nbsp;__aeabi_fadd
</UL>

<P><STRONG><a name="[bd]"></a>_double_round</STRONG> (Thumb, 30 bytes, Stack size 8 bytes, depilogue.o(.text))
<BR><BR>[Stack]<UL><LI>Max Depth = 8<LI>Call Chain = _double_round
</UL>
<BR>[Called By]<UL><LI><a href="#[c1]">&gt;&gt;</a>&nbsp;&nbsp;&nbsp;__aeabi_ddiv
<LI><a href="#[ba]">&gt;&gt;</a>&nbsp;&nbsp;&nbsp;__aeabi_dadd
<LI><a href="#[bc]">&gt;&gt;</a>&nbsp;&nbsp;&nbsp;_double_epilogue
</UL>

<P><STRONG><a name="[bc]"></a>_double_epilogue</STRONG> (Thumb, 156 bytes, Stack size 32 bytes, depilogue.o(.text))
<BR><BR>[Stack]<UL><LI>Max Depth = 40<LI>Call Chain = _double_epilogue &rArr; _double_round
</UL>
<BR>[Calls]<UL><LI><a href="#[a4]">&gt;&gt;</a>&nbsp;&nbsp;&nbsp;__aeabi_llsr
<LI><a href="#[a5]">&gt;&gt;</a>&nbsp;&nbsp;&nbsp;__aeabi_llsl
<LI><a href="#[bd]">&gt;&gt;</a>&nbsp;&nbsp;&nbsp;_double_round
</UL>
<BR>[Called By]<UL><LI><a href="#[ba]">&gt;&gt;</a>&nbsp;&nbsp;&nbsp;__aeabi_dadd
<LI><a href="#[c0]">&gt;&gt;</a>&nbsp;&nbsp;&nbsp;__aeabi_dmul
<LI><a href="#[c3]">&gt;&gt;</a>&nbsp;&nbsp;&nbsp;__aeabi_ul2d
</UL>

<P><STRONG><a name="[1b8]"></a>__ARM_scalbn</STRONG> (Thumb, 46 bytes, Stack size 16 bytes, dscalb.o(.text))
<BR><BR>[Stack]<UL><LI>Max Depth = 16<LI>Call Chain = __ARM_scalbn
</UL>
<BR>[Called By]<UL><LI><a href="#[1aa]">&gt;&gt;</a>&nbsp;&nbsp;&nbsp;frexp
</UL>

<P><STRONG><a name="[1eb]"></a>scalbn</STRONG> (Thumb, 0 bytes, Stack size 16 bytes, dscalb.o(.text), UNUSED)

<P><STRONG><a name="[cb]"></a>__aeabi_d2ulz</STRONG> (Thumb, 48 bytes, Stack size 0 bytes, dfixul.o(.text), UNUSED)
<BR><BR>[Calls]<UL><LI><a href="#[a4]">&gt;&gt;</a>&nbsp;&nbsp;&nbsp;__aeabi_llsr
<LI><a href="#[a5]">&gt;&gt;</a>&nbsp;&nbsp;&nbsp;__aeabi_llsl
</UL>
<BR>[Called By]<UL><LI><a href="#[1ae]">&gt;&gt;</a>&nbsp;&nbsp;&nbsp;_fp_digits
</UL>

<P><STRONG><a name="[a2]"></a>__scatterload</STRONG> (Thumb, 28 bytes, Stack size 0 bytes, init.o(.text))
<BR><BR>[Calls]<UL><LI><a href="#[cc]">&gt;&gt;</a>&nbsp;&nbsp;&nbsp;__main_after_scatterload
</UL>
<BR>[Called By]<UL><LI><a href="#[a1]">&gt;&gt;</a>&nbsp;&nbsp;&nbsp;_main_scatterload
</UL>

<P><STRONG><a name="[1ec]"></a>__scatterload_rt2</STRONG> (Thumb, 0 bytes, Stack size 0 bytes, init.o(.text), UNUSED)

<P><STRONG><a name="[c4]"></a>_chval</STRONG> (Thumb, 28 bytes, Stack size 0 bytes, _chval.o(.text))
<BR><BR>[Called By]<UL><LI><a href="#[ad]">&gt;&gt;</a>&nbsp;&nbsp;&nbsp;_strtoul
<LI><a href="#[ca]">&gt;&gt;</a>&nbsp;&nbsp;&nbsp;_strtoull
</UL>

<P><STRONG><a name="[c6]"></a>_scanf_real</STRONG> (Thumb, 0 bytes, Stack size 104 bytes, scanf_fp.o(.text))
<BR><BR>[Stack]<UL><LI>Max Depth = 104<LI>Call Chain = _scanf_real
</UL>
<BR>[Called By]<UL><LI><a href="#[c5]">&gt;&gt;</a>&nbsp;&nbsp;&nbsp;_local_sscanf
</UL>

<P><STRONG><a name="[ce]"></a>_scanf_really_real</STRONG> (Thumb, 556 bytes, Stack size 104 bytes, scanf_fp.o(.text), UNUSED)
<BR><BR>[Calls]<UL><LI><a href="#[d0]">&gt;&gt;</a>&nbsp;&nbsp;&nbsp;__aeabi_d2f
<LI><a href="#[cf]">&gt;&gt;</a>&nbsp;&nbsp;&nbsp;_is_digit
<LI><a href="#[cd]">&gt;&gt;</a>&nbsp;&nbsp;&nbsp;_fp_value
</UL>

<P><STRONG><a name="[4a]"></a>_sgetc</STRONG> (Thumb, 30 bytes, Stack size 0 bytes, _sgetc.o(.text))
<BR>[Address Reference Count : 1]<UL><LI> strtod.o(.text)
</UL>
<P><STRONG><a name="[4b]"></a>_sbackspace</STRONG> (Thumb, 34 bytes, Stack size 0 bytes, _sgetc.o(.text))
<BR>[Address Reference Count : 1]<UL><LI> strtod.o(.text)
</UL>
<P><STRONG><a name="[ca]"></a>_strtoull</STRONG> (Thumb, 194 bytes, Stack size 48 bytes, _strtoull.o(.text))
<BR><BR>[Stack]<UL><LI>Max Depth = 48<LI>Call Chain = _strtoull
</UL>
<BR>[Calls]<UL><LI><a href="#[ae]">&gt;&gt;</a>&nbsp;&nbsp;&nbsp;__aeabi_errno_addr
<LI><a href="#[c4]">&gt;&gt;</a>&nbsp;&nbsp;&nbsp;_chval
</UL>
<BR>[Called By]<UL><LI><a href="#[b3]">&gt;&gt;</a>&nbsp;&nbsp;&nbsp;__strtoull
<LI><a href="#[b1]">&gt;&gt;</a>&nbsp;&nbsp;&nbsp;__strtoll
</UL>

<P><STRONG><a name="[d0]"></a>__aeabi_d2f</STRONG> (Thumb, 56 bytes, Stack size 8 bytes, d2f.o(.text))
<BR><BR>[Stack]<UL><LI>Max Depth = 8<LI>Call Chain = __aeabi_d2f
</UL>
<BR>[Calls]<UL><LI><a href="#[b6]">&gt;&gt;</a>&nbsp;&nbsp;&nbsp;_float_round
</UL>
<BR>[Called By]<UL><LI><a href="#[1a9]">&gt;&gt;</a>&nbsp;&nbsp;&nbsp;__mathlib_tofloat
<LI><a href="#[ce]">&gt;&gt;</a>&nbsp;&nbsp;&nbsp;_scanf_really_real
</UL>

<P><STRONG><a name="[1ed]"></a>__fp_status</STRONG> (Thumb, 4 bytes, Stack size 0 bytes, fpstat.o(.text), UNUSED)

<P><STRONG><a name="[1ab]"></a>__ieee_status</STRONG> (Thumb, 0 bytes, Stack size 0 bytes, fpstat.o(.text))
<BR><BR>[Called By]<UL><LI><a href="#[1a9]">&gt;&gt;</a>&nbsp;&nbsp;&nbsp;__mathlib_tofloat
</UL>

<P><STRONG><a name="[1ee]"></a>__decompress</STRONG> (Thumb, 0 bytes, Stack size unknown bytes, __dczerorl2.o(.text), UNUSED)

<P><STRONG><a name="[1ef]"></a>__decompress1</STRONG> (Thumb, 86 bytes, Stack size unknown bytes, __dczerorl2.o(.text), UNUSED)

<P><STRONG><a name="[d1]"></a>AD5541_GPIOCoing</STRONG> (Thumb, 32 bytes, Stack size 8 bytes, dac.o(i.AD5541_GPIOCoing))
<BR><BR>[Stack]<UL><LI>Max Depth = 28<LI>Call Chain = AD5541_GPIOCoing &rArr; GPIO_Init
</UL>
<BR>[Calls]<UL><LI><a href="#[d2]">&gt;&gt;</a>&nbsp;&nbsp;&nbsp;GPIO_Init
</UL>
<BR>[Called By]<UL><LI><a href="#[47]">&gt;&gt;</a>&nbsp;&nbsp;&nbsp;main
</UL>

<P><STRONG><a name="[d3]"></a>AD5541_Send</STRONG> (Thumb, 180 bytes, Stack size 32 bytes, dac.o(i.AD5541_Send))
<BR><BR>[Stack]<UL><LI>Max Depth = 32<LI>Call Chain = AD5541_Send
</UL>
<BR>[Calls]<UL><LI><a href="#[d5]">&gt;&gt;</a>&nbsp;&nbsp;&nbsp;GPIO_SetBits
<LI><a href="#[d4]">&gt;&gt;</a>&nbsp;&nbsp;&nbsp;GPIO_ResetBits
</UL>
<BR>[Called By]<UL><LI><a href="#[47]">&gt;&gt;</a>&nbsp;&nbsp;&nbsp;main
</UL>

<P><STRONG><a name="[d9]"></a>AD7689_Delay</STRONG> (Thumb, 30 bytes, Stack size 8 bytes, ad7689.o(i.AD7689_Delay))
<BR><BR>[Stack]<UL><LI>Max Depth = 8<LI>Call Chain = AD7689_Delay
</UL>
<BR>[Called By]<UL><LI><a href="#[dd]">&gt;&gt;</a>&nbsp;&nbsp;&nbsp;SPI_AD7689_Read
<LI><a href="#[d6]">&gt;&gt;</a>&nbsp;&nbsp;&nbsp;AD7689_InitializeSPI2
</UL>

<P><STRONG><a name="[d6]"></a>AD7689_InitializeSPI2</STRONG> (Thumb, 188 bytes, Stack size 40 bytes, ad7689.o(i.AD7689_InitializeSPI2))
<BR><BR>[Stack]<UL><LI>Max Depth = 60<LI>Call Chain = AD7689_InitializeSPI2 &rArr; GPIO_Init
</UL>
<BR>[Calls]<UL><LI><a href="#[d5]">&gt;&gt;</a>&nbsp;&nbsp;&nbsp;GPIO_SetBits
<LI><a href="#[d4]">&gt;&gt;</a>&nbsp;&nbsp;&nbsp;GPIO_ResetBits
<LI><a href="#[d2]">&gt;&gt;</a>&nbsp;&nbsp;&nbsp;GPIO_Init
<LI><a href="#[da]">&gt;&gt;</a>&nbsp;&nbsp;&nbsp;SPI_Init
<LI><a href="#[db]">&gt;&gt;</a>&nbsp;&nbsp;&nbsp;SPI_Cmd
<LI><a href="#[d7]">&gt;&gt;</a>&nbsp;&nbsp;&nbsp;RCC_APB2PeriphClockCmd
<LI><a href="#[d8]">&gt;&gt;</a>&nbsp;&nbsp;&nbsp;RCC_APB1PeriphClockCmd
<LI><a href="#[d9]">&gt;&gt;</a>&nbsp;&nbsp;&nbsp;AD7689_Delay
</UL>
<BR>[Called By]<UL><LI><a href="#[47]">&gt;&gt;</a>&nbsp;&nbsp;&nbsp;main
</UL>

<P><STRONG><a name="[dc]"></a>AD7689_Scan_CH</STRONG> (Thumb, 286 bytes, Stack size 40 bytes, ad7689.o(i.AD7689_Scan_CH))
<BR><BR>[Stack]<UL><LI>Max Depth = 80<LI>Call Chain = AD7689_Scan_CH &rArr; SPI_AD7689_Read &rArr; AD7689_TransferByte
</UL>
<BR>[Calls]<UL><LI><a href="#[dd]">&gt;&gt;</a>&nbsp;&nbsp;&nbsp;SPI_AD7689_Read
</UL>
<BR>[Called By]<UL><LI><a href="#[47]">&gt;&gt;</a>&nbsp;&nbsp;&nbsp;main
</UL>

<P><STRONG><a name="[de]"></a>AD7689_TransferByte</STRONG> (Thumb, 56 bytes, Stack size 16 bytes, ad7689.o(i.AD7689_TransferByte))
<BR><BR>[Stack]<UL><LI>Max Depth = 16<LI>Call Chain = AD7689_TransferByte
</UL>
<BR>[Calls]<UL><LI><a href="#[e0]">&gt;&gt;</a>&nbsp;&nbsp;&nbsp;SPI_I2S_SendData
<LI><a href="#[e1]">&gt;&gt;</a>&nbsp;&nbsp;&nbsp;SPI_I2S_ReceiveData
<LI><a href="#[df]">&gt;&gt;</a>&nbsp;&nbsp;&nbsp;SPI_I2S_GetFlagStatus
</UL>
<BR>[Called By]<UL><LI><a href="#[dd]">&gt;&gt;</a>&nbsp;&nbsp;&nbsp;SPI_AD7689_Read
</UL>

<P><STRONG><a name="[e2]"></a>ADC1_DMA_Init</STRONG> (Thumb, 276 bytes, Stack size 96 bytes, adc.o(i.ADC1_DMA_Init))
<BR><BR>[Stack]<UL><LI>Max Depth = 120<LI>Call Chain = ADC1_DMA_Init &rArr; DAM1_ADC_NVIC &rArr; NVIC_Init
</UL>
<BR>[Calls]<UL><LI><a href="#[f0]">&gt;&gt;</a>&nbsp;&nbsp;&nbsp;ADC_StartCalibration
<LI><a href="#[f3]">&gt;&gt;</a>&nbsp;&nbsp;&nbsp;ADC_SoftwareStartConvCmd
<LI><a href="#[ef]">&gt;&gt;</a>&nbsp;&nbsp;&nbsp;ADC_ResetCalibration
<LI><a href="#[ed]">&gt;&gt;</a>&nbsp;&nbsp;&nbsp;ADC_RegularChannelConfig
<LI><a href="#[eb]">&gt;&gt;</a>&nbsp;&nbsp;&nbsp;ADC_Init
<LI><a href="#[f1]">&gt;&gt;</a>&nbsp;&nbsp;&nbsp;ADC_GetResetCalibrationStatus
<LI><a href="#[f2]">&gt;&gt;</a>&nbsp;&nbsp;&nbsp;ADC_GetCalibrationStatus
<LI><a href="#[e3]">&gt;&gt;</a>&nbsp;&nbsp;&nbsp;ADC_DeInit
<LI><a href="#[ea]">&gt;&gt;</a>&nbsp;&nbsp;&nbsp;ADC_DMACmd
<LI><a href="#[ee]">&gt;&gt;</a>&nbsp;&nbsp;&nbsp;ADC_Cmd
<LI><a href="#[d2]">&gt;&gt;</a>&nbsp;&nbsp;&nbsp;GPIO_Init
<LI><a href="#[e6]">&gt;&gt;</a>&nbsp;&nbsp;&nbsp;DMA_Init
<LI><a href="#[e8]">&gt;&gt;</a>&nbsp;&nbsp;&nbsp;DMA_ITConfig
<LI><a href="#[e5]">&gt;&gt;</a>&nbsp;&nbsp;&nbsp;DMA_DeInit
<LI><a href="#[e7]">&gt;&gt;</a>&nbsp;&nbsp;&nbsp;DMA_Cmd
<LI><a href="#[d7]">&gt;&gt;</a>&nbsp;&nbsp;&nbsp;RCC_APB2PeriphClockCmd
<LI><a href="#[e4]">&gt;&gt;</a>&nbsp;&nbsp;&nbsp;RCC_AHBPeriphClockCmd
<LI><a href="#[ec]">&gt;&gt;</a>&nbsp;&nbsp;&nbsp;RCC_ADCCLKConfig
<LI><a href="#[e9]">&gt;&gt;</a>&nbsp;&nbsp;&nbsp;DAM1_ADC_NVIC
</UL>
<BR>[Called By]<UL><LI><a href="#[47]">&gt;&gt;</a>&nbsp;&nbsp;&nbsp;main
</UL>

<P><STRONG><a name="[1bc]"></a>ADC_CH_Scan</STRONG> (Thumb, 198 bytes, Stack size 28 bytes, adc.o(i.ADC_CH_Scan))
<BR><BR>[Stack]<UL><LI>Max Depth = 28<LI>Call Chain = ADC_CH_Scan
</UL>
<BR>[Called By]<UL><LI><a href="#[47]">&gt;&gt;</a>&nbsp;&nbsp;&nbsp;main
</UL>

<P><STRONG><a name="[ee]"></a>ADC_Cmd</STRONG> (Thumb, 20 bytes, Stack size 0 bytes, stm32f10x_adc.o(i.ADC_Cmd))
<BR><BR>[Called By]<UL><LI><a href="#[e2]">&gt;&gt;</a>&nbsp;&nbsp;&nbsp;ADC1_DMA_Init
</UL>

<P><STRONG><a name="[ea]"></a>ADC_DMACmd</STRONG> (Thumb, 20 bytes, Stack size 0 bytes, stm32f10x_adc.o(i.ADC_DMACmd))
<BR><BR>[Called By]<UL><LI><a href="#[e2]">&gt;&gt;</a>&nbsp;&nbsp;&nbsp;ADC1_DMA_Init
</UL>

<P><STRONG><a name="[e3]"></a>ADC_DeInit</STRONG> (Thumb, 56 bytes, Stack size 8 bytes, stm32f10x_adc.o(i.ADC_DeInit))
<BR><BR>[Stack]<UL><LI>Max Depth = 8<LI>Call Chain = ADC_DeInit
</UL>
<BR>[Calls]<UL><LI><a href="#[f4]">&gt;&gt;</a>&nbsp;&nbsp;&nbsp;RCC_APB2PeriphResetCmd
</UL>
<BR>[Called By]<UL><LI><a href="#[e2]">&gt;&gt;</a>&nbsp;&nbsp;&nbsp;ADC1_DMA_Init
</UL>

<P><STRONG><a name="[f2]"></a>ADC_GetCalibrationStatus</STRONG> (Thumb, 14 bytes, Stack size 0 bytes, stm32f10x_adc.o(i.ADC_GetCalibrationStatus))
<BR><BR>[Called By]<UL><LI><a href="#[e2]">&gt;&gt;</a>&nbsp;&nbsp;&nbsp;ADC1_DMA_Init
</UL>

<P><STRONG><a name="[f1]"></a>ADC_GetResetCalibrationStatus</STRONG> (Thumb, 14 bytes, Stack size 0 bytes, stm32f10x_adc.o(i.ADC_GetResetCalibrationStatus))
<BR><BR>[Called By]<UL><LI><a href="#[e2]">&gt;&gt;</a>&nbsp;&nbsp;&nbsp;ADC1_DMA_Init
</UL>

<P><STRONG><a name="[eb]"></a>ADC_Init</STRONG> (Thumb, 62 bytes, Stack size 8 bytes, stm32f10x_adc.o(i.ADC_Init))
<BR><BR>[Stack]<UL><LI>Max Depth = 8<LI>Call Chain = ADC_Init
</UL>
<BR>[Called By]<UL><LI><a href="#[e2]">&gt;&gt;</a>&nbsp;&nbsp;&nbsp;ADC1_DMA_Init
</UL>

<P><STRONG><a name="[ed]"></a>ADC_RegularChannelConfig</STRONG> (Thumb, 116 bytes, Stack size 16 bytes, stm32f10x_adc.o(i.ADC_RegularChannelConfig))
<BR><BR>[Stack]<UL><LI>Max Depth = 16<LI>Call Chain = ADC_RegularChannelConfig
</UL>
<BR>[Called By]<UL><LI><a href="#[e2]">&gt;&gt;</a>&nbsp;&nbsp;&nbsp;ADC1_DMA_Init
</UL>

<P><STRONG><a name="[ef]"></a>ADC_ResetCalibration</STRONG> (Thumb, 10 bytes, Stack size 0 bytes, stm32f10x_adc.o(i.ADC_ResetCalibration))
<BR><BR>[Called By]<UL><LI><a href="#[e2]">&gt;&gt;</a>&nbsp;&nbsp;&nbsp;ADC1_DMA_Init
</UL>

<P><STRONG><a name="[f3]"></a>ADC_SoftwareStartConvCmd</STRONG> (Thumb, 20 bytes, Stack size 0 bytes, stm32f10x_adc.o(i.ADC_SoftwareStartConvCmd))
<BR><BR>[Called By]<UL><LI><a href="#[e2]">&gt;&gt;</a>&nbsp;&nbsp;&nbsp;ADC1_DMA_Init
</UL>

<P><STRONG><a name="[f0]"></a>ADC_StartCalibration</STRONG> (Thumb, 10 bytes, Stack size 0 bytes, stm32f10x_adc.o(i.ADC_StartCalibration))
<BR><BR>[Called By]<UL><LI><a href="#[e2]">&gt;&gt;</a>&nbsp;&nbsp;&nbsp;ADC1_DMA_Init
</UL>

<P><STRONG><a name="[f5]"></a>All_protect</STRONG> (Thumb, 432 bytes, Stack size 32 bytes, fan_pro.o(i.All_protect))
<BR><BR>[Stack]<UL><LI>Max Depth = 32<LI>Call Chain = All_protect
</UL>
<BR>[Calls]<UL><LI><a href="#[d5]">&gt;&gt;</a>&nbsp;&nbsp;&nbsp;GPIO_SetBits
<LI><a href="#[d4]">&gt;&gt;</a>&nbsp;&nbsp;&nbsp;GPIO_ResetBits
<LI><a href="#[f6]">&gt;&gt;</a>&nbsp;&nbsp;&nbsp;GPIO_ReadInputDataBit
</UL>
<BR>[Called By]<UL><LI><a href="#[47]">&gt;&gt;</a>&nbsp;&nbsp;&nbsp;main
</UL>

<P><STRONG><a name="[150]"></a>BSD_strnlen</STRONG> (Thumb, 22 bytes, Stack size 0 bytes, utils.o(i.BSD_strnlen))
<BR><BR>[Called By]<UL><LI><a href="#[14d]">&gt;&gt;</a>&nbsp;&nbsp;&nbsp;SCPI_ErrorPushEx
<LI><a href="#[105]">&gt;&gt;</a>&nbsp;&nbsp;&nbsp;SCPI_NumberToStr
<LI><a href="#[139]">&gt;&gt;</a>&nbsp;&nbsp;&nbsp;matchCommand
</UL>

<P><STRONG><a name="[f7]"></a>Baud_SET</STRONG> (Thumb, 70 bytes, Stack size 0 bytes, usart.o(i.Baud_SET))
<BR><BR>[Stack]<UL><LI>Max Depth = 76<LI>Call Chain = Baud_SET &rArr; USART_Configuration &rArr; USART_Init &rArr; RCC_GetClocksFreq
</UL>
<BR>[Calls]<UL><LI><a href="#[f8]">&gt;&gt;</a>&nbsp;&nbsp;&nbsp;USART_Configuration
</UL>
<BR>[Called By]<UL><LI><a href="#[31]">&gt;&gt;</a>&nbsp;&nbsp;&nbsp;USART2_IRQHandler
</UL>

<P><STRONG><a name="[5]"></a>BusFault_Handler</STRONG> (Thumb, 2 bytes, Stack size 0 bytes, stm32f10x_it.o(i.BusFault_Handler))
<BR><BR>[Calls]<UL><LI><a href="#[5]">&gt;&gt;</a>&nbsp;&nbsp;&nbsp;BusFault_Handler
</UL>
<BR>[Called By]<UL><LI><a href="#[5]">&gt;&gt;</a>&nbsp;&nbsp;&nbsp;BusFault_Handler
</UL>
<BR>[Address Reference Count : 1]<UL><LI> startup_stm32f10x_hd.o(RESET)
</UL>
<P><STRONG><a name="[1d8]"></a>Cont_coeff_LEDMODE</STRONG> (Thumb, 146 bytes, Stack size 36 bytes, menu.o(i.Cont_coeff_LEDMODE))
<BR><BR>[Stack]<UL><LI>Max Depth = 36<LI>Call Chain = Cont_coeff_LEDMODE
</UL>
<BR>[Called By]<UL><LI><a href="#[1bd]">&gt;&gt;</a>&nbsp;&nbsp;&nbsp;worke_mode
</UL>

<P><STRONG><a name="[e9]"></a>DAM1_ADC_NVIC</STRONG> (Thumb, 32 bytes, Stack size 8 bytes, adc.o(i.DAM1_ADC_NVIC))
<BR><BR>[Stack]<UL><LI>Max Depth = 24<LI>Call Chain = DAM1_ADC_NVIC &rArr; NVIC_Init
</UL>
<BR>[Calls]<UL><LI><a href="#[101]">&gt;&gt;</a>&nbsp;&nbsp;&nbsp;NVIC_Init
</UL>
<BR>[Called By]<UL><LI><a href="#[e2]">&gt;&gt;</a>&nbsp;&nbsp;&nbsp;ADC1_DMA_Init
</UL>

<P><STRONG><a name="[16]"></a>DMA1_Channel1_IRQHandler</STRONG> (Thumb, 16 bytes, Stack size 0 bytes, stm32f10x_it.o(i.DMA1_Channel1_IRQHandler))
<BR><BR>[Calls]<UL><LI><a href="#[102]">&gt;&gt;</a>&nbsp;&nbsp;&nbsp;DMA_ClearITPendingBit
</UL>
<BR>[Address Reference Count : 1]<UL><LI> startup_stm32f10x_hd.o(RESET)
</UL>
<P><STRONG><a name="[17]"></a>DMA1_Channel2_IRQHandler</STRONG> (Thumb, 20 bytes, Stack size 8 bytes, stm32f10x_it.o(i.DMA1_Channel2_IRQHandler))
<BR><BR>[Stack]<UL><LI>Max Depth = 8<LI>Call Chain = DMA1_Channel2_IRQHandler
</UL>
<BR>[Calls]<UL><LI><a href="#[102]">&gt;&gt;</a>&nbsp;&nbsp;&nbsp;DMA_ClearITPendingBit
</UL>
<BR>[Address Reference Count : 1]<UL><LI> startup_stm32f10x_hd.o(RESET)
</UL>
<P><STRONG><a name="[102]"></a>DMA_ClearITPendingBit</STRONG> (Thumb, 16 bytes, Stack size 0 bytes, stm32f10x_dma.o(i.DMA_ClearITPendingBit))
<BR><BR>[Called By]<UL><LI><a href="#[17]">&gt;&gt;</a>&nbsp;&nbsp;&nbsp;DMA1_Channel2_IRQHandler
<LI><a href="#[16]">&gt;&gt;</a>&nbsp;&nbsp;&nbsp;DMA1_Channel1_IRQHandler
</UL>

<P><STRONG><a name="[e7]"></a>DMA_Cmd</STRONG> (Thumb, 22 bytes, Stack size 0 bytes, stm32f10x_dma.o(i.DMA_Cmd))
<BR><BR>[Called By]<UL><LI><a href="#[e2]">&gt;&gt;</a>&nbsp;&nbsp;&nbsp;ADC1_DMA_Init
</UL>

<P><STRONG><a name="[e5]"></a>DMA_DeInit</STRONG> (Thumb, 218 bytes, Stack size 0 bytes, stm32f10x_dma.o(i.DMA_DeInit))
<BR><BR>[Called By]<UL><LI><a href="#[e2]">&gt;&gt;</a>&nbsp;&nbsp;&nbsp;ADC1_DMA_Init
</UL>

<P><STRONG><a name="[e8]"></a>DMA_ITConfig</STRONG> (Thumb, 16 bytes, Stack size 0 bytes, stm32f10x_dma.o(i.DMA_ITConfig))
<BR><BR>[Called By]<UL><LI><a href="#[e2]">&gt;&gt;</a>&nbsp;&nbsp;&nbsp;ADC1_DMA_Init
</UL>

<P><STRONG><a name="[e6]"></a>DMA_Init</STRONG> (Thumb, 58 bytes, Stack size 12 bytes, stm32f10x_dma.o(i.DMA_Init))
<BR><BR>[Stack]<UL><LI>Max Depth = 12<LI>Call Chain = DMA_Init
</UL>
<BR>[Called By]<UL><LI><a href="#[e2]">&gt;&gt;</a>&nbsp;&nbsp;&nbsp;ADC1_DMA_Init
</UL>

<P><STRONG><a name="[8]"></a>DebugMon_Handler</STRONG> (Thumb, 2 bytes, Stack size 0 bytes, stm32f10x_it.o(i.DebugMon_Handler))
<BR>[Address Reference Count : 1]<UL><LI> startup_stm32f10x_hd.o(RESET)
</UL>
<P><STRONG><a name="[109]"></a>EEPROM_READ_Byte</STRONG> (Thumb, 76 bytes, Stack size 16 bytes, at24c01.o(i.EEPROM_READ_Byte))
<BR><BR>[Stack]<UL><LI>Max Depth = 48<LI>Call Chain = EEPROM_READ_Byte &rArr; i2c_WaitAck &rArr; i2c_Delay
</UL>
<BR>[Calls]<UL><LI><a href="#[10c]">&gt;&gt;</a>&nbsp;&nbsp;&nbsp;i2c_WaitAck
<LI><a href="#[10d]">&gt;&gt;</a>&nbsp;&nbsp;&nbsp;i2c_Stop
<LI><a href="#[10a]">&gt;&gt;</a>&nbsp;&nbsp;&nbsp;i2c_Start
<LI><a href="#[10b]">&gt;&gt;</a>&nbsp;&nbsp;&nbsp;i2c_SendByte
<LI><a href="#[10e]">&gt;&gt;</a>&nbsp;&nbsp;&nbsp;i2c_ReadByte
<LI><a href="#[10f]">&gt;&gt;</a>&nbsp;&nbsp;&nbsp;i2c_NAck
</UL>
<BR>[Called By]<UL><LI><a href="#[110]">&gt;&gt;</a>&nbsp;&nbsp;&nbsp;EEPROM_READ_Coeff
</UL>

<P><STRONG><a name="[110]"></a>EEPROM_READ_Coeff</STRONG> (Thumb, 3434 bytes, Stack size 24 bytes, flash.o(i.EEPROM_READ_Coeff))
<BR><BR>[Stack]<UL><LI>Max Depth = 72<LI>Call Chain = EEPROM_READ_Coeff &rArr; EEPROM_READ_Byte &rArr; i2c_WaitAck &rArr; i2c_Delay
</UL>
<BR>[Calls]<UL><LI><a href="#[109]">&gt;&gt;</a>&nbsp;&nbsp;&nbsp;EEPROM_READ_Byte
</UL>
<BR>[Called By]<UL><LI><a href="#[47]">&gt;&gt;</a>&nbsp;&nbsp;&nbsp;main
</UL>

<P><STRONG><a name="[111]"></a>EEPROM_WriteByte</STRONG> (Thumb, 108 bytes, Stack size 24 bytes, at24c01.o(i.EEPROM_WriteByte))
<BR><BR>[Stack]<UL><LI>Max Depth = 56<LI>Call Chain = EEPROM_WriteByte &rArr; i2c_WaitAck &rArr; i2c_Delay
</UL>
<BR>[Calls]<UL><LI><a href="#[10c]">&gt;&gt;</a>&nbsp;&nbsp;&nbsp;i2c_WaitAck
<LI><a href="#[10d]">&gt;&gt;</a>&nbsp;&nbsp;&nbsp;i2c_Stop
<LI><a href="#[10a]">&gt;&gt;</a>&nbsp;&nbsp;&nbsp;i2c_Start
<LI><a href="#[10b]">&gt;&gt;</a>&nbsp;&nbsp;&nbsp;i2c_SendByte
</UL>
<BR>[Called By]<UL><LI><a href="#[112]">&gt;&gt;</a>&nbsp;&nbsp;&nbsp;Flash_Write_all
<LI><a href="#[19c]">&gt;&gt;</a>&nbsp;&nbsp;&nbsp;Write_ADDR
</UL>

<P><STRONG><a name="[132]"></a>FLASH_PrefetchBufferCmd</STRONG> (Thumb, 18 bytes, Stack size 0 bytes, stm32f10x_flash.o(i.FLASH_PrefetchBufferCmd))
<BR><BR>[Called By]<UL><LI><a href="#[12a]">&gt;&gt;</a>&nbsp;&nbsp;&nbsp;RCC_Configuration
</UL>

<P><STRONG><a name="[131]"></a>FLASH_SetLatency</STRONG> (Thumb, 14 bytes, Stack size 0 bytes, stm32f10x_flash.o(i.FLASH_SetLatency))
<BR><BR>[Called By]<UL><LI><a href="#[12a]">&gt;&gt;</a>&nbsp;&nbsp;&nbsp;RCC_Configuration
</UL>

<P><STRONG><a name="[112]"></a>Flash_Write_all</STRONG> (Thumb, 3550 bytes, Stack size 24 bytes, flash.o(i.Flash_Write_all))
<BR><BR>[Stack]<UL><LI>Max Depth = 80<LI>Call Chain = Flash_Write_all &rArr; EEPROM_WriteByte &rArr; i2c_WaitAck &rArr; i2c_Delay
</UL>
<BR>[Calls]<UL><LI><a href="#[113]">&gt;&gt;</a>&nbsp;&nbsp;&nbsp;IWDG_ReloadCounter
<LI><a href="#[111]">&gt;&gt;</a>&nbsp;&nbsp;&nbsp;EEPROM_WriteByte
</UL>
<BR>[Called By]<UL><LI><a href="#[197]">&gt;&gt;</a>&nbsp;&nbsp;&nbsp;UART_Action
</UL>

<P><STRONG><a name="[114]"></a>GPIO_AFIODeInit</STRONG> (Thumb, 22 bytes, Stack size 8 bytes, stm32f10x_gpio.o(i.GPIO_AFIODeInit))
<BR><BR>[Stack]<UL><LI>Max Depth = 8<LI>Call Chain = GPIO_AFIODeInit
</UL>
<BR>[Calls]<UL><LI><a href="#[f4]">&gt;&gt;</a>&nbsp;&nbsp;&nbsp;RCC_APB2PeriphResetCmd
</UL>
<BR>[Called By]<UL><LI><a href="#[115]">&gt;&gt;</a>&nbsp;&nbsp;&nbsp;GPIO_Conf
</UL>

<P><STRONG><a name="[115]"></a>GPIO_Conf</STRONG> (Thumb, 134 bytes, Stack size 24 bytes, gpio.o(i.GPIO_Conf))
<BR><BR>[Stack]<UL><LI>Max Depth = 44<LI>Call Chain = GPIO_Conf &rArr; GPIO_PinRemapConfig
</UL>
<BR>[Calls]<UL><LI><a href="#[117]">&gt;&gt;</a>&nbsp;&nbsp;&nbsp;GPIO_PinRemapConfig
<LI><a href="#[d2]">&gt;&gt;</a>&nbsp;&nbsp;&nbsp;GPIO_Init
<LI><a href="#[116]">&gt;&gt;</a>&nbsp;&nbsp;&nbsp;GPIO_DeInit
<LI><a href="#[114]">&gt;&gt;</a>&nbsp;&nbsp;&nbsp;GPIO_AFIODeInit
<LI><a href="#[d7]">&gt;&gt;</a>&nbsp;&nbsp;&nbsp;RCC_APB2PeriphClockCmd
</UL>
<BR>[Called By]<UL><LI><a href="#[47]">&gt;&gt;</a>&nbsp;&nbsp;&nbsp;main
</UL>

<P><STRONG><a name="[116]"></a>GPIO_DeInit</STRONG> (Thumb, 152 bytes, Stack size 8 bytes, stm32f10x_gpio.o(i.GPIO_DeInit))
<BR><BR>[Stack]<UL><LI>Max Depth = 8<LI>Call Chain = GPIO_DeInit
</UL>
<BR>[Calls]<UL><LI><a href="#[f4]">&gt;&gt;</a>&nbsp;&nbsp;&nbsp;RCC_APB2PeriphResetCmd
</UL>
<BR>[Called By]<UL><LI><a href="#[115]">&gt;&gt;</a>&nbsp;&nbsp;&nbsp;GPIO_Conf
</UL>

<P><STRONG><a name="[d2]"></a>GPIO_Init</STRONG> (Thumb, 162 bytes, Stack size 20 bytes, stm32f10x_gpio.o(i.GPIO_Init))
<BR><BR>[Stack]<UL><LI>Max Depth = 20<LI>Call Chain = GPIO_Init
</UL>
<BR>[Called By]<UL><LI><a href="#[1b9]">&gt;&gt;</a>&nbsp;&nbsp;&nbsp;i2c_CfgGpio
<LI><a href="#[f8]">&gt;&gt;</a>&nbsp;&nbsp;&nbsp;USART_Configuration
<LI><a href="#[1a4]">&gt;&gt;</a>&nbsp;&nbsp;&nbsp;USART3_Configuration
<LI><a href="#[19f]">&gt;&gt;</a>&nbsp;&nbsp;&nbsp;USART2_Configuration
<LI><a href="#[115]">&gt;&gt;</a>&nbsp;&nbsp;&nbsp;GPIO_Conf
<LI><a href="#[e2]">&gt;&gt;</a>&nbsp;&nbsp;&nbsp;ADC1_DMA_Init
<LI><a href="#[d6]">&gt;&gt;</a>&nbsp;&nbsp;&nbsp;AD7689_InitializeSPI2
[...]
</UL>
<BR>[Called By]<UL><LI><a href="#[14d]">&gt;&gt;</a>&nbsp;&nbsp;&nbsp;SCPI_ErrorPushEx
</UL>

<P><STRONG><a name="[144]"></a>SCPI_ErrorEmitEmpty</STRONG> (Thumb, 58 bytes, Stack size 8 bytes, error.o(i.SCPI_ErrorEmitEmpty))
<BR><BR>[Stack]<UL><LI>Max Depth = 16<LI>Call Chain = SCPI_ErrorEmitEmpty &rArr; SCPI_RegClearBits &rArr;  SCPI_RegSet (Cycle)
</UL>
<BR>[Calls]<UL><LI><a href="#[13e]">&gt;&gt;</a>&nbsp;&nbsp;&nbsp;SCPI_RegGet
<LI><a href="#[148]">&gt;&gt;</a>&nbsp;&nbsp;&nbsp;SCPI_RegClearBits
<LI><a href="#[145]">&gt;&gt;</a>&nbsp;&nbsp;&nbsp;SCPI_ErrorCount
</UL>
<BR>[Called By]<UL><LI><a href="#[14b]">&gt;&gt;</a>&nbsp;&nbsp;&nbsp;SCPI_ErrorPop
<LI><a href="#[13b]">&gt;&gt;</a>&nbsp;&nbsp;&nbsp;SCPI_ErrorClear
</UL>

<P><STRONG><a name="[153]"></a>channelRange</STRONG> (Thumb, 108 bytes, Stack size 56 bytes, expression.o(i.channelRange))
<BR><BR>[Stack]<UL><LI>Max Depth = 200<LI>Call Chain = channelRange &rArr; channelSpec &rArr; SCPI_ParamToInt32 &rArr; ParamSignToUInt32 &rArr; strBaseToUInt32 &rArr; strtoul &rArr; _strtoul
</UL>
<BR>[Calls]<UL><LI><a href="#[1b3]">&gt;&gt;</a>&nbsp;&nbsp;&nbsp;scpiLex_Colon
<LI><a href="#[1b2]">&gt;&gt;</a>&nbsp;&nbsp;&nbsp;channelSpec
</UL>
<BR>[Called By]<UL><LI><a href="#[151]">&gt;&gt;</a>&nbsp;&nbsp;&nbsp;SCPI_ExprChannelListEntry
</UL>

<P><STRONG><a name="[1b2]"></a>channelSpec</STRONG> (Thumb, 76 bytes, Stack size 40 bytes, expression.o(i.channelSpec))
<BR><BR>[Stack]<UL><LI>Max Depth = 144<LI>Call Chain = channelSpec &rArr; SCPI_ParamToInt32 &rArr; ParamSignToUInt32 &rArr; strBaseToUInt32 &rArr; strtoul &rArr; _strtoul
</UL>
<BR>[Calls]<UL><LI><a href="#[152]">&gt;&gt;</a>&nbsp;&nbsp;&nbsp;scpiLex_SpecificCharacter
<LI><a href="#[169]">&gt;&gt;</a>&nbsp;&nbsp;&nbsp;scpiLex_DecimalNumericProgramData
<LI><a href="#[165]">&gt;&gt;</a>&nbsp;&nbsp;&nbsp;SCPI_ParamToInt32
</UL>
<BR>[Called By]<UL><LI><a href="#[153]">&gt;&gt;</a>&nbsp;&nbsp;&nbsp;channelRange
</UL>

<P><STRONG><a name="[178]"></a>regUpdate</STRONG> (Thumb, 24 bytes, Stack size 8 bytes, ieee488.o(i.regUpdate))
<BR><BR>[Stack]<UL><LI>Max Depth = 8 + In Cycle
<LI>Call Chain = regUpdate &rArr;  SCPI_RegSet (Cycle)
</UL>
<BR>[Calls]<UL><LI><a href="#[13c]">&gt;&gt;</a>&nbsp;&nbsp;&nbsp;SCPI_RegSet
<LI><a href="#[13e]">&gt;&gt;</a>&nbsp;&nbsp;&nbsp;SCPI_RegGet
</UL>
<BR>[Called By]<UL><LI><a href="#[13c]">&gt;&gt;</a>&nbsp;&nbsp;&nbsp;SCPI_RegSet
</UL>

<P><STRONG><a name="[17a]"></a>regUpdateEvent</STRONG> (Thumb, 28 bytes, Stack size 16 bytes, ieee488.o(i.regUpdateEvent))
<BR><BR>[Stack]<UL><LI>Max Depth = 16 + In Cycle
<LI>Call Chain = regUpdateEvent &rArr;  SCPI_RegSet (Cycle)
</UL>
<BR>[Calls]<UL><LI><a href="#[13c]">&gt;&gt;</a>&nbsp;&nbsp;&nbsp;SCPI_RegSet
<LI><a href="#[13e]">&gt;&gt;</a>&nbsp;&nbsp;&nbsp;SCPI_RegGet
</UL>
<BR>[Called By]<UL><LI><a href="#[13c]">&gt;&gt;</a>&nbsp;&nbsp;&nbsp;SCPI_RegSet
</UL>

<P><STRONG><a name="[179]"></a>regUpdateSTB</STRONG> (Thumb, 42 bytes, Stack size 16 bytes, ieee488.o(i.regUpdateSTB))
<BR><BR>[Stack]<UL><LI>Max Depth = 24<LI>Call Chain = regUpdateSTB &rArr; SCPI_RegSetBits &rArr;  SCPI_RegSet (Cycle)
</UL>
<BR>[Calls]<UL><LI><a href="#[140]">&gt;&gt;</a>&nbsp;&nbsp;&nbsp;SCPI_RegSetBits
<LI><a href="#[13e]">&gt;&gt;</a>&nbsp;&nbsp;&nbsp;SCPI_RegGet
<LI><a href="#[148]">&gt;&gt;</a>&nbsp;&nbsp;&nbsp;SCPI_RegClearBits
</UL>
<BR>[Called By]<UL><LI><a href="#[13c]">&gt;&gt;</a>&nbsp;&nbsp;&nbsp;SCPI_RegSet
</UL>

<P><STRONG><a name="[1c5]"></a>ischr</STRONG> (Thumb, 16 bytes, Stack size 0 bytes, lexer.o(i.ischr))
<BR><BR>[Called By]<UL><LI><a href="#[16b]">&gt;&gt;</a>&nbsp;&nbsp;&nbsp;scpiLex_SuffixProgramData
<LI><a href="#[1d0]">&gt;&gt;</a>&nbsp;&nbsp;&nbsp;scpiLex_StringProgramData
<LI><a href="#[1cc]">&gt;&gt;</a>&nbsp;&nbsp;&nbsp;scpiLex_ProgramHeader
<LI><a href="#[1cb]">&gt;&gt;</a>&nbsp;&nbsp;&nbsp;scpiLex_ProgramExpression
<LI><a href="#[16d]">&gt;&gt;</a>&nbsp;&nbsp;&nbsp;scpiLex_CharacterProgramData
<LI><a href="#[1d1]">&gt;&gt;</a>&nbsp;&nbsp;&nbsp;skipQuoteProgramData
<LI><a href="#[1cd]">&gt;&gt;</a>&nbsp;&nbsp;&nbsp;skipProgramMnemonic
<LI><a href="#[1ce]">&gt;&gt;</a>&nbsp;&nbsp;&nbsp;skipColon
<LI><a href="#[1c3]">&gt;&gt;</a>&nbsp;&nbsp;&nbsp;skipChr
</UL>

<P><STRONG><a name="[1c4]"></a>iseos</STRONG> (Thumb, 20 bytes, Stack size 0 bytes, lexer.o(i.iseos))
<BR><BR>[Called By]<UL><LI><a href="#[155]">&gt;&gt;</a>&nbsp;&nbsp;&nbsp;scpiLex_IsEos
<LI><a href="#[169]">&gt;&gt;</a>&nbsp;&nbsp;&nbsp;scpiLex_DecimalNumericProgramData
<LI><a href="#[16b]">&gt;&gt;</a>&nbsp;&nbsp;&nbsp;scpiLex_SuffixProgramData
<LI><a href="#[1d0]">&gt;&gt;</a>&nbsp;&nbsp;&nbsp;scpiLex_StringProgramData
<LI><a href="#[1cc]">&gt;&gt;</a>&nbsp;&nbsp;&nbsp;scpiLex_ProgramHeader
<LI><a href="#[1cb]">&gt;&gt;</a>&nbsp;&nbsp;&nbsp;scpiLex_ProgramExpression
<LI><a href="#[1ca]">&gt;&gt;</a>&nbsp;&nbsp;&nbsp;scpiLex_NondecimalNumericData
<LI><a href="#[16d]">&gt;&gt;</a>&nbsp;&nbsp;&nbsp;scpiLex_CharacterProgramData
<LI><a href="#[1c2]">&gt;&gt;</a>&nbsp;&nbsp;&nbsp;scpiLex_ArbitraryBlockProgramData
<LI><a href="#[1c8]">&gt;&gt;</a>&nbsp;&nbsp;&nbsp;skipWs
<LI><a href="#[1d1]">&gt;&gt;</a>&nbsp;&nbsp;&nbsp;skipQuoteProgramData
<LI><a href="#[1cd]">&gt;&gt;</a>&nbsp;&nbsp;&nbsp;skipProgramMnemonic
<LI><a href="#[1c6]">&gt;&gt;</a>&nbsp;&nbsp;&nbsp;skipPlusmn
<LI><a href="#[1c7]">&gt;&gt;</a>&nbsp;&nbsp;&nbsp;skipNumbers
<LI><a href="#[1d3]">&gt;&gt;</a>&nbsp;&nbsp;&nbsp;skipDigit
<LI><a href="#[1ce]">&gt;&gt;</a>&nbsp;&nbsp;&nbsp;skipColon
<LI><a href="#[1c3]">&gt;&gt;</a>&nbsp;&nbsp;&nbsp;skipChr
<LI><a href="#[1d2]">&gt;&gt;</a>&nbsp;&nbsp;&nbsp;skipAlpha
</UL>

<P><STRONG><a name="[1d2]"></a>skipAlpha</STRONG> (Thumb, 44 bytes, Stack size 16 bytes, lexer.o(i.skipAlpha))
<BR><BR>[Stack]<UL><LI>Max Depth = 16<LI>Call Chain = skipAlpha
</UL>
<BR>[Calls]<UL><LI><a href="#[1c4]">&gt;&gt;</a>&nbsp;&nbsp;&nbsp;iseos
<LI><a href="#[a6]">&gt;&gt;</a>&nbsp;&nbsp;&nbsp;__rt_ctype_table
</UL>
<BR>[Called By]<UL><LI><a href="#[16b]">&gt;&gt;</a>&nbsp;&nbsp;&nbsp;scpiLex_SuffixProgramData
</UL>

<P><STRONG><a name="[1c3]"></a>skipChr</STRONG> (Thumb, 36 bytes, Stack size 16 bytes, lexer.o(i.skipChr))
<BR><BR>[Stack]<UL><LI>Max Depth = 16<LI>Call Chain = skipChr
</UL>
<BR>[Calls]<UL><LI><a href="#[1c4]">&gt;&gt;</a>&nbsp;&nbsp;&nbsp;iseos
<LI><a href="#[1c5]">&gt;&gt;</a>&nbsp;&nbsp;&nbsp;ischr
</UL>
<BR>[Called By]<UL><LI><a href="#[152]">&gt;&gt;</a>&nbsp;&nbsp;&nbsp;scpiLex_SpecificCharacter
<LI><a href="#[169]">&gt;&gt;</a>&nbsp;&nbsp;&nbsp;scpiLex_DecimalNumericProgramData
<LI><a href="#[154]">&gt;&gt;</a>&nbsp;&nbsp;&nbsp;scpiLex_Comma
<LI><a href="#[1b3]">&gt;&gt;</a>&nbsp;&nbsp;&nbsp;scpiLex_Colon
<LI><a href="#[16b]">&gt;&gt;</a>&nbsp;&nbsp;&nbsp;scpiLex_SuffixProgramData
<LI><a href="#[1cf]">&gt;&gt;</a>&nbsp;&nbsp;&nbsp;scpiLex_Semicolon
<LI><a href="#[1cc]">&gt;&gt;</a>&nbsp;&nbsp;&nbsp;scpiLex_ProgramHeader
<LI><a href="#[1ca]">&gt;&gt;</a>&nbsp;&nbsp;&nbsp;scpiLex_NondecimalNumericData
<LI><a href="#[1c9]">&gt;&gt;</a>&nbsp;&nbsp;&nbsp;scpiLex_NewLine
<LI><a href="#[1c2]">&gt;&gt;</a>&nbsp;&nbsp;&nbsp;scpiLex_ArbitraryBlockProgramData
</UL>

<P><STRONG><a name="[1ce]"></a>skipColon</STRONG> (Thumb, 34 bytes, Stack size 8 bytes, lexer.o(i.skipColon))
<BR><BR>[Stack]<UL><LI>Max Depth = 8<LI>Call Chain = skipColon
</UL>
<BR>[Calls]<UL><LI><a href="#[1c4]">&gt;&gt;</a>&nbsp;&nbsp;&nbsp;iseos
<LI><a href="#[1c5]">&gt;&gt;</a>&nbsp;&nbsp;&nbsp;ischr
</UL>
<BR>[Called By]<UL><LI><a href="#[1cc]">&gt;&gt;</a>&nbsp;&nbsp;&nbsp;scpiLex_ProgramHeader
</UL>

<P><STRONG><a name="[1d3]"></a>skipDigit</STRONG> (Thumb, 38 bytes, Stack size 8 bytes, lexer.o(i.skipDigit))
<BR><BR>[Stack]<UL><LI>Max Depth = 8<LI>Call Chain = skipDigit
</UL>
<BR>[Calls]<UL><LI><a href="#[1c4]">&gt;&gt;</a>&nbsp;&nbsp;&nbsp;iseos
<LI><a href="#[a6]">&gt;&gt;</a>&nbsp;&nbsp;&nbsp;__rt_ctype_table
</UL>
<BR>[Called By]<UL><LI><a href="#[16b]">&gt;&gt;</a>&nbsp;&nbsp;&nbsp;scpiLex_SuffixProgramData
</UL>

<P><STRONG><a name="[1c7]"></a>skipNumbers</STRONG> (Thumb, 42 bytes, Stack size 16 bytes, lexer.o(i.skipNumbers))
<BR><BR>[Stack]<UL><LI>Max Depth = 16<LI>Call Chain = skipNumbers
</UL>
<BR>[Calls]<UL><LI><a href="#[1c4]">&gt;&gt;</a>&nbsp;&nbsp;&nbsp;iseos
<LI><a href="#[a6]">&gt;&gt;</a>&nbsp;&nbsp;&nbsp;__rt_ctype_table
</UL>
<BR>[Called By]<UL><LI><a href="#[169]">&gt;&gt;</a>&nbsp;&nbsp;&nbsp;scpiLex_DecimalNumericProgramData
</UL>

<P><STRONG><a name="[1c6]"></a>skipPlusmn</STRONG> (Thumb, 34 bytes, Stack size 8 bytes, lexer.o(i.skipPlusmn))
<BR><BR>[Stack]<UL><LI>Max Depth = 8<LI>Call Chain = skipPlusmn
</UL>
<BR>[Calls]<UL><LI><a href="#[1c4]">&gt;&gt;</a>&nbsp;&nbsp;&nbsp;iseos
</UL>
<BR>[Called By]<UL><LI><a href="#[169]">&gt;&gt;</a>&nbsp;&nbsp;&nbsp;scpiLex_DecimalNumericProgramData
</UL>

<P><STRONG><a name="[1cd]"></a>skipProgramMnemonic</STRONG> (Thumb, 96 bytes, Stack size 16 bytes, lexer.o(i.skipProgramMnemonic))
<BR><BR>[Stack]<UL><LI>Max Depth = 16<LI>Call Chain = skipProgramMnemonic
</UL>
<BR>[Calls]<UL><LI><a href="#[1c4]">&gt;&gt;</a>&nbsp;&nbsp;&nbsp;iseos
<LI><a href="#[1c5]">&gt;&gt;</a>&nbsp;&nbsp;&nbsp;ischr
<LI><a href="#[a6]">&gt;&gt;</a>&nbsp;&nbsp;&nbsp;__rt_ctype_table
</UL>
<BR>[Called By]<UL><LI><a href="#[1cc]">&gt;&gt;</a>&nbsp;&nbsp;&nbsp;scpiLex_ProgramHeader
</UL>

<P><STRONG><a name="[1d1]"></a>skipQuoteProgramData</STRONG> (Thumb, 82 bytes, Stack size 16 bytes, lexer.o(i.skipQuoteProgramData))
<BR><BR>[Stack]<UL><LI>Max Depth = 16<LI>Call Chain = skipQuoteProgramData
</UL>
<BR>[Calls]<UL><LI><a href="#[1c4]">&gt;&gt;</a>&nbsp;&nbsp;&nbsp;iseos
<LI><a href="#[1c5]">&gt;&gt;</a>&nbsp;&nbsp;&nbsp;ischr
</UL>
<BR>[Called By]<UL><LI><a href="#[1d0]">&gt;&gt;</a>&nbsp;&nbsp;&nbsp;scpiLex_StringProgramData
</UL>

<P><STRONG><a name="[1c8]"></a>skipWs</STRONG> (Thumb, 38 bytes, Stack size 16 bytes, lexer.o(i.skipWs))
<BR><BR>[Stack]<UL><LI>Max Depth = 16<LI>Call Chain = skipWs
</UL>
<BR>[Calls]<UL><LI><a href="#[1c4]">&gt;&gt;</a>&nbsp;&nbsp;&nbsp;iseos
</UL>
<BR>[Called By]<UL><LI><a href="#[169]">&gt;&gt;</a>&nbsp;&nbsp;&nbsp;scpiLex_DecimalNumericProgramData
<LI><a href="#[16a]">&gt;&gt;</a>&nbsp;&nbsp;&nbsp;scpiLex_WhiteSpace
</UL>

<P><STRONG><a name="[120]"></a>ParamSignToUInt32</STRONG> (Thumb, 82 bytes, Stack size 8 bytes, parser.o(i.ParamSignToUInt32))
<BR><BR>[Stack]<UL><LI>Max Depth = 104<LI>Call Chain = ParamSignToUInt32 &rArr; strBaseToUInt32 &rArr; strtoul &rArr; _strtoul
</UL>
<BR>[Calls]<UL><LI><a href="#[121]">&gt;&gt;</a>&nbsp;&nbsp;&nbsp;SCPI_ErrorPush
<LI><a href="#[122]">&gt;&gt;</a>&nbsp;&nbsp;&nbsp;strBaseToUInt32
<LI><a href="#[123]">&gt;&gt;</a>&nbsp;&nbsp;&nbsp;strBaseToInt32
</UL>
<BR>[Called By]<UL><LI><a href="#[165]">&gt;&gt;</a>&nbsp;&nbsp;&nbsp;SCPI_ParamToInt32
<LI><a href="#[171]">&gt;&gt;</a>&nbsp;&nbsp;&nbsp;SCPI_ParamToUInt32
<LI><a href="#[127]">&gt;&gt;</a>&nbsp;&nbsp;&nbsp;ParamSignUInt32
</UL>

<P><STRONG><a name="[124]"></a>ParamSignToUInt64</STRONG> (Thumb, 82 bytes, Stack size 8 bytes, parser.o(i.ParamSignToUInt64))
<BR><BR>[Stack]<UL><LI>Max Depth = 112<LI>Call Chain = ParamSignToUInt64 &rArr; strBaseToUInt64 &rArr; strtoull &rArr; __strtoull &rArr; _strtoull
</UL>
<BR>[Calls]<UL><LI><a href="#[121]">&gt;&gt;</a>&nbsp;&nbsp;&nbsp;SCPI_ErrorPush
<LI><a href="#[125]">&gt;&gt;</a>&nbsp;&nbsp;&nbsp;strBaseToUInt64
<LI><a href="#[126]">&gt;&gt;</a>&nbsp;&nbsp;&nbsp;strBaseToInt64
</UL>
<BR>[Called By]<UL><LI><a href="#[16f]">&gt;&gt;</a>&nbsp;&nbsp;&nbsp;SCPI_ParamToUInt64
</UL>

<P><STRONG><a name="[127]"></a>ParamSignUInt32</STRONG> (Thumb, 78 bytes, Stack size 32 bytes, parser.o(i.ParamSignUInt32))
<BR><BR>[Stack]<UL><LI>Max Depth = 152<LI>Call Chain = ParamSignUInt32 &rArr; SCPI_Parameter &rArr; scpiParser_parseProgramData &rArr; scpiLex_ArbitraryBlockProgramData &rArr; skipChr
</UL>
<BR>[Calls]<UL><LI><a href="#[121]">&gt;&gt;</a>&nbsp;&nbsp;&nbsp;SCPI_ErrorPush
<LI><a href="#[128]">&gt;&gt;</a>&nbsp;&nbsp;&nbsp;SCPI_Parameter
<LI><a href="#[129]">&gt;&gt;</a>&nbsp;&nbsp;&nbsp;SCPI_ParamIsNumber
<LI><a href="#[120]">&gt;&gt;</a>&nbsp;&nbsp;&nbsp;ParamSignToUInt32
</UL>
<BR>[Called By]<UL><LI><a href="#[13d]">&gt;&gt;</a>&nbsp;&nbsp;&nbsp;SCPI_ParamInt32
<LI><a href="#[118]">&gt;&gt;</a>&nbsp;&nbsp;&nbsp;SCPI_ParamUInt32
</UL>

<P><STRONG><a name="[1c1]"></a>getBasePrefix</STRONG> (Thumb, 28 bytes, Stack size 0 bytes, parser.o(i.getBasePrefix))
<BR><BR>[Called By]<UL><LI><a href="#[183]">&gt;&gt;</a>&nbsp;&nbsp;&nbsp;resultUInt32BaseSign
</UL>

<P><STRONG><a name="[173]"></a>invalidateToken</STRONG> (Thumb, 12 bytes, Stack size 0 bytes, parser.o(i.invalidateToken))
<BR><BR>[Called By]<UL><LI><a href="#[128]">&gt;&gt;</a>&nbsp;&nbsp;&nbsp;SCPI_Parameter
<LI><a href="#[15d]">&gt;&gt;</a>&nbsp;&nbsp;&nbsp;scpiParser_detectProgramMessageUnit
</UL>

<P><STRONG><a name="[176]"></a>processCommand</STRONG> (Thumb, 102 bytes, Stack size 24 bytes, parser.o(i.processCommand))
<BR><BR>[Stack]<UL><LI>Max Depth = 88<LI>Call Chain = processCommand &rArr; SCPI_ErrorPush &rArr; SCPI_ErrorPushEx &rArr; SCPI_ErrorEmit &rArr; SCPI_RegSetBits &rArr;  SCPI_RegSet (Cycle)
</UL>
<BR>[Calls]<UL><LI><a href="#[121]">&gt;&gt;</a>&nbsp;&nbsp;&nbsp;SCPI_ErrorPush
<LI><a href="#[1c0]">&gt;&gt;</a>&nbsp;&nbsp;&nbsp;writeSemicolon
</UL>
<BR>[Called By]<UL><LI><a href="#[15b]">&gt;&gt;</a>&nbsp;&nbsp;&nbsp;SCPI_Parse
</UL>

<P><STRONG><a name="[183]"></a>resultUInt32BaseSign</STRONG> (Thumb, 78 bytes, Stack size 64 bytes, parser.o(i.resultUInt32BaseSign))
<BR><BR>[Stack]<UL><LI>Max Depth = 120<LI>Call Chain = resultUInt32BaseSign &rArr; UInt32ToStrBaseSign &rArr; __aeabi_memcpy4
</UL>
<BR>[Calls]<UL><LI><a href="#[184]">&gt;&gt;</a>&nbsp;&nbsp;&nbsp;UInt32ToStrBaseSign
<LI><a href="#[17f]">&gt;&gt;</a>&nbsp;&nbsp;&nbsp;writeDelimiter
<LI><a href="#[177]">&gt;&gt;</a>&nbsp;&nbsp;&nbsp;writeData
<LI><a href="#[1c1]">&gt;&gt;</a>&nbsp;&nbsp;&nbsp;getBasePrefix
</UL>
<BR>[Called By]<UL><LI><a href="#[11f]">&gt;&gt;</a>&nbsp;&nbsp;&nbsp;SCPI_ResultInt32
</UL>

<P><STRONG><a name="[177]"></a>writeData</STRONG> (Thumb, 12 bytes, Stack size 0 bytes, parser.o(i.writeData))
<BR><BR>[Called By]<UL><LI><a href="#[fd]">&gt;&gt;</a>&nbsp;&nbsp;&nbsp;SCPI_ResultFloat
<LI><a href="#[106]">&gt;&gt;</a>&nbsp;&nbsp;&nbsp;SCPI_ResultDouble
<LI><a href="#[100]">&gt;&gt;</a>&nbsp;&nbsp;&nbsp;SCPI_ResultCharacters
<LI><a href="#[17c]">&gt;&gt;</a>&nbsp;&nbsp;&nbsp;SCPI_ResultArbitraryBlockHeader
<LI><a href="#[17d]">&gt;&gt;</a>&nbsp;&nbsp;&nbsp;SCPI_ResultArbitraryBlockData
<LI><a href="#[15b]">&gt;&gt;</a>&nbsp;&nbsp;&nbsp;SCPI_Parse
<LI><a href="#[1c0]">&gt;&gt;</a>&nbsp;&nbsp;&nbsp;writeSemicolon
<LI><a href="#[17f]">&gt;&gt;</a>&nbsp;&nbsp;&nbsp;writeDelimiter
<LI><a href="#[183]">&gt;&gt;</a>&nbsp;&nbsp;&nbsp;resultUInt32BaseSign
<LI><a href="#[180]">&gt;&gt;</a>&nbsp;&nbsp;&nbsp;SCPI_ResultError
</UL>

<P><STRONG><a name="[17f]"></a>writeDelimiter</STRONG> (Thumb, 18 bytes, Stack size 0 bytes, parser.o(i.writeDelimiter))
<BR><BR>[Calls]<UL><LI><a href="#[177]">&gt;&gt;</a>&nbsp;&nbsp;&nbsp;writeData
</UL>
<BR>[Called By]<UL><LI><a href="#[fd]">&gt;&gt;</a>&nbsp;&nbsp;&nbsp;SCPI_ResultFloat
<LI><a href="#[106]">&gt;&gt;</a>&nbsp;&nbsp;&nbsp;SCPI_ResultDouble
<LI><a href="#[100]">&gt;&gt;</a>&nbsp;&nbsp;&nbsp;SCPI_ResultCharacters
<LI><a href="#[183]">&gt;&gt;</a>&nbsp;&nbsp;&nbsp;resultUInt32BaseSign
<LI><a href="#[180]">&gt;&gt;</a>&nbsp;&nbsp;&nbsp;SCPI_ResultError
</UL>

<P><STRONG><a name="[1c0]"></a>writeSemicolon</STRONG> (Thumb, 18 bytes, Stack size 0 bytes, parser.o(i.writeSemicolon))
<BR><BR>[Calls]<UL><LI><a href="#[177]">&gt;&gt;</a>&nbsp;&nbsp;&nbsp;writeData
</UL>
<BR>[Called By]<UL><LI><a href="#[176]">&gt;&gt;</a>&nbsp;&nbsp;&nbsp;processCommand
</UL>

<P><STRONG><a name="[16c]"></a>transformNumber</STRONG> (Thumb, 124 bytes, Stack size 32 bytes, units.o(i.transformNumber))
<BR><BR>[Stack]<UL><LI>Max Depth = 120<LI>Call Chain = transformNumber &rArr; __aeabi_dmul &rArr; _double_epilogue &rArr; _double_round
</UL>
<BR>[Calls]<UL><LI><a href="#[121]">&gt;&gt;</a>&nbsp;&nbsp;&nbsp;SCPI_ErrorPush
<LI><a href="#[1d5]">&gt;&gt;</a>&nbsp;&nbsp;&nbsp;skipWhitespace
<LI><a href="#[1b4]">&gt;&gt;</a>&nbsp;&nbsp;&nbsp;compareStr
<LI><a href="#[c0]">&gt;&gt;</a>&nbsp;&nbsp;&nbsp;__aeabi_dmul
<LI><a href="#[13f]">&gt;&gt;</a>&nbsp;&nbsp;&nbsp;strlen
</UL>
<BR>[Called By]<UL><LI><a href="#[104]">&gt;&gt;</a>&nbsp;&nbsp;&nbsp;SCPI_ParamNumber
</UL>

<P><STRONG><a name="[1be]"></a>patternSeparatorPos</STRONG> (Thumb, 22 bytes, Stack size 12 bytes, utils.o(i.patternSeparatorPos))
<BR><BR>[Stack]<UL><LI>Max Depth = 24<LI>Call Chain = patternSeparatorPos &rArr; strnpbrk
</UL>
<BR>[Calls]<UL><LI><a href="#[182]">&gt;&gt;</a>&nbsp;&nbsp;&nbsp;strnpbrk
</UL>
<BR>[Called By]<UL><LI><a href="#[139]">&gt;&gt;</a>&nbsp;&nbsp;&nbsp;matchCommand
</UL>

<P><STRONG><a name="[1bf]"></a>patternSeparatorShortPos</STRONG> (Thumb, 42 bytes, Stack size 24 bytes, utils.o(i.patternSeparatorShortPos))
<BR><BR>[Stack]<UL><LI>Max Depth = 24<LI>Call Chain = patternSeparatorShortPos
</UL>
<BR>[Calls]<UL><LI><a href="#[a6]">&gt;&gt;</a>&nbsp;&nbsp;&nbsp;__rt_ctype_table
</UL>
<BR>[Called By]<UL><LI><a href="#[16e]">&gt;&gt;</a>&nbsp;&nbsp;&nbsp;matchPattern
</UL>

<P><STRONG><a name="[1ae]"></a>_fp_digits</STRONG> (Thumb, 366 bytes, Stack size 64 bytes, printfa.o(i._fp_digits), UNUSED)
<BR><BR>[Calls]<UL><LI><a href="#[c1]">&gt;&gt;</a>&nbsp;&nbsp;&nbsp;__aeabi_ddiv
<LI><a href="#[ba]">&gt;&gt;</a>&nbsp;&nbsp;&nbsp;__aeabi_dadd
<LI><a href="#[1ad]">&gt;&gt;</a>&nbsp;&nbsp;&nbsp;__aeabi_cdrcmple
<LI><a href="#[c0]">&gt;&gt;</a>&nbsp;&nbsp;&nbsp;__aeabi_dmul
<LI><a href="#[cb]">&gt;&gt;</a>&nbsp;&nbsp;&nbsp;__aeabi_d2ulz
<LI><a href="#[a3]">&gt;&gt;</a>&nbsp;&nbsp;&nbsp;__aeabi_uldivmod
</UL>
<BR>[Called By]<UL><LI><a href="#[1a8]">&gt;&gt;</a>&nbsp;&nbsp;&nbsp;_printf_core
</UL>

<P><STRONG><a name="[1a8]"></a>_printf_core</STRONG> (Thumb, 1744 bytes, Stack size 136 bytes, printfa.o(i._printf_core), UNUSED)
<BR><BR>[Calls]<UL><LI><a href="#[1b1]">&gt;&gt;</a>&nbsp;&nbsp;&nbsp;__aeabi_uidivmod
<LI><a href="#[1af]">&gt;&gt;</a>&nbsp;&nbsp;&nbsp;_printf_pre_padding
<LI><a href="#[1b0]">&gt;&gt;</a>&nbsp;&nbsp;&nbsp;_printf_post_padding
<LI><a href="#[1ae]">&gt;&gt;</a>&nbsp;&nbsp;&nbsp;_fp_digits
<LI><a href="#[a3]">&gt;&gt;</a>&nbsp;&nbsp;&nbsp;__aeabi_uldivmod
</UL>
<BR>[Called By]<UL><LI><a href="#[1a7]">&gt;&gt;</a>&nbsp;&nbsp;&nbsp;__0snprintf
</UL>

<P><STRONG><a name="[1b0]"></a>_printf_post_padding</STRONG> (Thumb, 36 bytes, Stack size 24 bytes, printfa.o(i._printf_post_padding), UNUSED)
<BR><BR>[Called By]<UL><LI><a href="#[1a8]">&gt;&gt;</a>&nbsp;&nbsp;&nbsp;_printf_core
</UL>

<P><STRONG><a name="[1af]"></a>_printf_pre_padding</STRONG> (Thumb, 46 bytes, Stack size 24 bytes, printfa.o(i._printf_pre_padding), UNUSED)
<BR><BR>[Called By]<UL><LI><a href="#[1a8]">&gt;&gt;</a>&nbsp;&nbsp;&nbsp;_printf_core
</UL>

<P><STRONG><a name="[4d]"></a>_snputc</STRONG> (Thumb, 22 bytes, Stack size 0 bytes, printfa.o(i._snputc))
<BR>[Address Reference Count : 1]<UL><LI> printfa.o(i.__0snprintf)
</UL>
<P><STRONG><a name="[c5]"></a>_local_sscanf</STRONG> (Thumb, 54 bytes, Stack size 56 bytes, strtod.o(.text))
<BR><BR>[Stack]<UL><LI>Max Depth = 160<LI>Call Chain = _local_sscanf &rArr; _scanf_real
</UL>
<BR>[Calls]<UL><LI><a href="#[c6]">&gt;&gt;</a>&nbsp;&nbsp;&nbsp;_scanf_real
</UL>
<BR>[Called By]<UL><LI><a href="#[c7]">&gt;&gt;</a>&nbsp;&nbsp;&nbsp;__strtod_int
</UL>

<P><STRONG><a name="[cd]"></a>_fp_value</STRONG> (Thumb, 296 bytes, Stack size 64 bytes, scanf_fp.o(.text), UNUSED)
<BR><BR>[Calls]<UL><LI><a href="#[c1]">&gt;&gt;</a>&nbsp;&nbsp;&nbsp;__aeabi_ddiv
<LI><a href="#[c0]">&gt;&gt;</a>&nbsp;&nbsp;&nbsp;__aeabi_dmul
<LI><a href="#[c3]">&gt;&gt;</a>&nbsp;&nbsp;&nbsp;__aeabi_ul2d
</UL>
<BR>[Called By]<UL><LI><a href="#[ce]">&gt;&gt;</a>&nbsp;&nbsp;&nbsp;_scanf_really_real
</UL>
<P>
<H3>
Undefined Global Symbols
</H3><HR></body></html>
