<html>
<body>
<pre>
<h1>µVision Build Log</h1>
<h2>Tool Versions:</h2>
IDE-Version: ¦ÌVision V5.25.3.0
Copyright (C) 2018 ARM Ltd and ARM Germany GmbH. All rights reserved.
License Information: 1 Microsoft, Microsoft, LIC=03C6R-KIDXE-2Z1W4-FI5SL-E8BHU-R7F4D
 
Tool Versions:
Toolchain:       MDK-ARM Plus  Version: 5.25.2.0
Toolchain Path:  E:\Keil_v5\ARM\ARMCC\Bin
C Compiler:      Armcc.exe V5.06 update 6 (build 750)
Assembler:       Armasm.exe V5.06 update 6 (build 750)
Linker/Locator:  ArmLink.exe V5.06 update 6 (build 750)
Library Manager: ArmAr.exe V5.06 update 6 (build 750)
Hex Converter:   FromElf.exe V5.06 update 6 (build 750)
CPU DLL:         SARMCM3.DLL V5.25.2.0
Dialog DLL:      DARMSTM.DLL V1.68.0.0
Target DLL:      Segger\JL2CM3.dll V2.99.29.0
Dialog DLL:      TARMSTM.DLL V1.66.0.0
 
<h2>Project:</h2>
F:\JK1222F103\Project\AV04_LOAD_RSING.uvproj
Project File Date:  07/21/2022

<h2>Output:</h2>
*** Using Compiler 'V5.06 update 6 (build 750)', folder: 'E:\Keil_v5\ARM\ARMCC\Bin'
Build target 'LOAD_Ripple'
compiling main.c...
compiling stm32f10x_it.c...
compiling adc.c...
compiling BEEP.c...
compiling bsp_SysTick.c...
compiling AT24C01.c...
compiling clock.c...
compiling DAC.c...
compiling flash.c...
compiling GPIO.c...
compiling IIC_24C01.c...
compiling key.c...
compiling modbus.c...
compiling TIM6.c...
compiling usart.c...
compiling FAN_PRO.c...
compiling Menu.c...
compiling me_scpi.c...
compiling AD7689.c...
compiling Slave_Usart.c...
linking...
Program Size: Code=33344 RO-data=336 RW-data=172 ZI-data=4780  
FromELF: creating hex file...
"..\Output\AV04_LOAD_RSING.axf" - 0 Error(s), 0 Warning(s).
Build Time Elapsed:  00:00:15
</pre>
</body>
</html>
