<html>
<body>
<pre>
<h1>礦ision Build Log</h1>
<h2>Project:</h2>
F:\AVER项目\软件\电子负载系列\四通道电子负载(基础版)\四通道电子负载(JTSCPI)_V1_1_190701\Project\AV04_LOAD_RSING.uvproj
Project File Date:  06/28/2020

<h2>Output:</h2>
Build target 'LOAD_Ripple'
compiling Slave_Usart.c...
linking...
..\Output\AV04_LOAD_RSING.axf: error: L6050U: The code size of this image (49144 bytes) exceeds the maximum allowed for this version of the linker.
"..\Output\AV04_LOAD_RSING.axf" - 1 Errors, 0 Warning(s).
Target not created
Rebuild target 'LOAD_Ripple'
compiling core_cm3.c...
assembling startup_stm32f10x_hd.s...
compiling misc.c...
compiling stm32f10x_adc.c...
compiling stm32f10x_bkp.c...
compiling stm32f10x_can.c...
compiling stm32f10x_cec.c...
compiling stm32f10x_crc.c...
compiling stm32f10x_dac.c...
compiling stm32f10x_dbgmcu.c...
compiling stm32f10x_dma.c...
compiling stm32f10x_exti.c...
compiling stm32f10x_flash.c...
compiling stm32f10x_fsmc.c...
compiling stm32f10x_gpio.c...
compiling stm32f10x_i2c.c...
compiling stm32f10x_iwdg.c...
compiling stm32f10x_pwr.c...
compiling stm32f10x_rcc.c...
compiling stm32f10x_rtc.c...
compiling stm32f10x_sdio.c...
compiling stm32f10x_spi.c...
compiling stm32f10x_tim.c...
compiling stm32f10x_usart.c...
compiling stm32f10x_wwdg.c...
compiling main.c...
compiling stm32f10x_it.c...
compiling system_stm32f10x.c...
compiling adc.c...
compiling AT24C01.c...
compiling BEEP.c...
compiling bsp_SysTick.c...
compiling clock.c...
compiling DAC.c...
compiling flash.c...
compiling GPIO.c...
compiling IIC_24C01.c...
compiling iwdg.c...
compiling key.c...
compiling modbus.c...
compiling TIM6.c...
compiling usart.c...
compiling FAN_PRO.c...
compiling Menu.c...
compiling me_scpi.c...
compiling AD7689.c...
linking...
..\Output\AV04_LOAD_RSING.axf: error: L6050U: The code size of this image (49144 bytes) exceeds the maximum allowed for this version of the linker.
"..\Output\AV04_LOAD_RSING.axf" - 1 Errors, 0 Warning(s).
Target not created
Build target 'LOAD_Ripple'
compiling core_cm3.c...
core_cm3.c: Warning: C4008W: splitting LDM/STM has no benefit
compiling misc.c...
misc.c: Warning: C4008W: splitting LDM/STM has no benefit
compiling stm32f10x_adc.c...
stm32f10x_adc.c: Warning: C4008W: splitting LDM/STM has no benefit
compiling stm32f10x_bkp.c...
stm32f10x_bkp.c: Warning: C4008W: splitting LDM/STM has no benefit
compiling stm32f10x_can.c...
stm32f10x_can.c: Warning: C4008W: splitting LDM/STM has no benefit
compiling stm32f10x_cec.c...
stm32f10x_cec.c: Warning: C4008W: splitting LDM/STM has no benefit
compiling stm32f10x_crc.c...
stm32f10x_crc.c: Warning: C4008W: splitting LDM/STM has no benefit
compiling stm32f10x_dac.c...
stm32f10x_dac.c: Warning: C4008W: splitting LDM/STM has no benefit
compiling stm32f10x_dbgmcu.c...
stm32f10x_dbgmcu.c: Warning: C4008W: splitting LDM/STM has no benefit
compiling stm32f10x_dma.c...
stm32f10x_dma.c: Warning: C4008W: splitting LDM/STM has no benefit
compiling stm32f10x_exti.c...
stm32f10x_exti.c: Warning: C4008W: splitting LDM/STM has no benefit
compiling stm32f10x_flash.c...
stm32f10x_flash.c: Warning: C4008W: splitting LDM/STM has no benefit
compiling stm32f10x_fsmc.c...
stm32f10x_fsmc.c: Warning: C4008W: splitting LDM/STM has no benefit
compiling stm32f10x_gpio.c...
stm32f10x_gpio.c: Warning: C4008W: splitting LDM/STM has no benefit
compiling stm32f10x_i2c.c...
stm32f10x_i2c.c: Warning: C4008W: splitting LDM/STM has no benefit
compiling stm32f10x_iwdg.c...
stm32f10x_iwdg.c: Warning: C4008W: splitting LDM/STM has no benefit
compiling stm32f10x_pwr.c...
stm32f10x_pwr.c: Warning: C4008W: splitting LDM/STM has no benefit
compiling stm32f10x_rcc.c...
stm32f10x_rcc.c: Warning: C4008W: splitting LDM/STM has no benefit
compiling stm32f10x_rtc.c...
stm32f10x_rtc.c: Warning: C4008W: splitting LDM/STM has no benefit
compiling stm32f10x_sdio.c...
stm32f10x_sdio.c: Warning: C4008W: splitting LDM/STM has no benefit
compiling stm32f10x_spi.c...
stm32f10x_spi.c: Warning: C4008W: splitting LDM/STM has no benefit
compiling stm32f10x_tim.c...
stm32f10x_tim.c: Warning: C4008W: splitting LDM/STM has no benefit
compiling stm32f10x_usart.c...
stm32f10x_usart.c: Warning: C4008W: splitting LDM/STM has no benefit
compiling stm32f10x_wwdg.c...
stm32f10x_wwdg.c: Warning: C4008W: splitting LDM/STM has no benefit
compiling main.c...
main.c: Warning: C4008W: splitting LDM/STM has no benefit
compiling stm32f10x_it.c...
stm32f10x_it.c: Warning: C4008W: splitting LDM/STM has no benefit
compiling system_stm32f10x.c...
system_stm32f10x.c: Warning: C4008W: splitting LDM/STM has no benefit
compiling adc.c...
adc.c: Warning: C4008W: splitting LDM/STM has no benefit
compiling AT24C01.c...
AT24C01.c: Warning: C4008W: splitting LDM/STM has no benefit
compiling BEEP.c...
BEEP.c: Warning: C4008W: splitting LDM/STM has no benefit
compiling bsp_SysTick.c...
bsp_SysTick.c: Warning: C4008W: splitting LDM/STM has no benefit
compiling clock.c...
clock.c: Warning: C4008W: splitting LDM/STM has no benefit
compiling DAC.c...
DAC.c: Warning: C4008W: splitting LDM/STM has no benefit
compiling flash.c...
flash.c: Warning: C4008W: splitting LDM/STM has no benefit
compiling GPIO.c...
GPIO.c: Warning: C4008W: splitting LDM/STM has no benefit
compiling IIC_24C01.c...
IIC_24C01.c: Warning: C4008W: splitting LDM/STM has no benefit
compiling iwdg.c...
iwdg.c: Warning: C4008W: splitting LDM/STM has no benefit
compiling key.c...
key.c: Warning: C4008W: splitting LDM/STM has no benefit
compiling modbus.c...
modbus.c: Warning: C4008W: splitting LDM/STM has no benefit
compiling TIM6.c...
TIM6.c: Warning: C4008W: splitting LDM/STM has no benefit
compiling usart.c...
usart.c: Warning: C4008W: splitting LDM/STM has no benefit
compiling FAN_PRO.c...
FAN_PRO.c: Warning: C4008W: splitting LDM/STM has no benefit
compiling Menu.c...
Menu.c: Warning: C4008W: splitting LDM/STM has no benefit
compiling me_scpi.c...
me_scpi.c: Warning: C4008W: splitting LDM/STM has no benefit
compiling AD7689.c...
AD7689.c: Warning: C4008W: splitting LDM/STM has no benefit
linking...
..\Output\AV04_LOAD_RSING.axf: error: L6050U: The code size of this image (49144 bytes) exceeds the maximum allowed for this version of the linker.
"..\Output\AV04_LOAD_RSING.axf" - 1 Errors, 45 Warning(s).
Target not created
Build target 'LOAD_Ripple'
compiling Slave_Usart.c...
Slave_Usart.c: Warning: C4008W: splitting LDM/STM has no benefit
linking...
..\Output\AV04_LOAD_RSING.axf: error: L6050U: The code size of this image (49144 bytes) exceeds the maximum allowed for this version of the linker.
"..\Output\AV04_LOAD_RSING.axf" - 1 Errors, 1 Warning(s).
Target not created
Build target 'LOAD_Ripple'
linking...
Program Size: Code=49144 RO-data=784 RW-data=144 ZI-data=3648  
FromELF: creating hex file...
"..\Output\AV04_LOAD_RSING.axf" - 0 Errors, 0 Warning(s).
Rebuild target 'LOAD_Ripple'
compiling core_cm3.c...
core_cm3.c: Warning: C4008W: splitting LDM/STM has no benefit
assembling startup_stm32f10x_hd.s...
compiling misc.c...
misc.c: Warning: C4008W: splitting LDM/STM has no benefit
compiling stm32f10x_adc.c...
stm32f10x_adc.c: Warning: C4008W: splitting LDM/STM has no benefit
compiling stm32f10x_bkp.c...
stm32f10x_bkp.c: Warning: C4008W: splitting LDM/STM has no benefit
compiling stm32f10x_can.c...
stm32f10x_can.c: Warning: C4008W: splitting LDM/STM has no benefit
compiling stm32f10x_cec.c...
stm32f10x_cec.c: Warning: C4008W: splitting LDM/STM has no benefit
compiling stm32f10x_crc.c...
stm32f10x_crc.c: Warning: C4008W: splitting LDM/STM has no benefit
compiling stm32f10x_dac.c...
stm32f10x_dac.c: Warning: C4008W: splitting LDM/STM has no benefit
compiling stm32f10x_dbgmcu.c...
stm32f10x_dbgmcu.c: Warning: C4008W: splitting LDM/STM has no benefit
compiling stm32f10x_dma.c...
stm32f10x_dma.c: Warning: C4008W: splitting LDM/STM has no benefit
compiling stm32f10x_exti.c...
stm32f10x_exti.c: Warning: C4008W: splitting LDM/STM has no benefit
compiling stm32f10x_flash.c...
stm32f10x_flash.c: Warning: C4008W: splitting LDM/STM has no benefit
compiling stm32f10x_fsmc.c...
stm32f10x_fsmc.c: Warning: C4008W: splitting LDM/STM has no benefit
compiling stm32f10x_gpio.c...
stm32f10x_gpio.c: Warning: C4008W: splitting LDM/STM has no benefit
compiling stm32f10x_i2c.c...
stm32f10x_i2c.c: Warning: C4008W: splitting LDM/STM has no benefit
compiling stm32f10x_iwdg.c...
stm32f10x_iwdg.c: Warning: C4008W: splitting LDM/STM has no benefit
compiling stm32f10x_pwr.c...
stm32f10x_pwr.c: Warning: C4008W: splitting LDM/STM has no benefit
compiling stm32f10x_rcc.c...
stm32f10x_rcc.c: Warning: C4008W: splitting LDM/STM has no benefit
compiling stm32f10x_rtc.c...
stm32f10x_rtc.c: Warning: C4008W: splitting LDM/STM has no benefit
compiling stm32f10x_sdio.c...
stm32f10x_sdio.c: Warning: C4008W: splitting LDM/STM has no benefit
compiling stm32f10x_spi.c...
stm32f10x_spi.c: Warning: C4008W: splitting LDM/STM has no benefit
compiling stm32f10x_tim.c...
stm32f10x_tim.c: Warning: C4008W: splitting LDM/STM has no benefit
compiling stm32f10x_usart.c...
stm32f10x_usart.c: Warning: C4008W: splitting LDM/STM has no benefit
compiling stm32f10x_wwdg.c...
stm32f10x_wwdg.c: Warning: C4008W: splitting LDM/STM has no benefit
compiling main.c...
main.c: Warning: C4008W: splitting LDM/STM has no benefit
compiling stm32f10x_it.c...
stm32f10x_it.c: Warning: C4008W: splitting LDM/STM has no benefit
compiling system_stm32f10x.c...
system_stm32f10x.c: Warning: C4008W: splitting LDM/STM has no benefit
compiling adc.c...
adc.c: Warning: C4008W: splitting LDM/STM has no benefit
compiling AT24C01.c...
AT24C01.c: Warning: C4008W: splitting LDM/STM has no benefit
compiling BEEP.c...
BEEP.c: Warning: C4008W: splitting LDM/STM has no benefit
compiling bsp_SysTick.c...
bsp_SysTick.c: Warning: C4008W: splitting LDM/STM has no benefit
compiling clock.c...
clock.c: Warning: C4008W: splitting LDM/STM has no benefit
compiling DAC.c...
DAC.c: Warning: C4008W: splitting LDM/STM has no benefit
compiling flash.c...
flash.c: Warning: C4008W: splitting LDM/STM has no benefit
compiling GPIO.c...
GPIO.c: Warning: C4008W: splitting LDM/STM has no benefit
compiling IIC_24C01.c...
IIC_24C01.c: Warning: C4008W: splitting LDM/STM has no benefit
compiling iwdg.c...
iwdg.c: Warning: C4008W: splitting LDM/STM has no benefit
compiling key.c...
key.c: Warning: C4008W: splitting LDM/STM has no benefit
compiling modbus.c...
modbus.c: Warning: C4008W: splitting LDM/STM has no benefit
compiling TIM6.c...
TIM6.c: Warning: C4008W: splitting LDM/STM has no benefit
compiling usart.c...
usart.c: Warning: C4008W: splitting LDM/STM has no benefit
compiling FAN_PRO.c...
FAN_PRO.c: Warning: C4008W: splitting LDM/STM has no benefit
compiling Menu.c...
Menu.c: Warning: C4008W: splitting LDM/STM has no benefit
compiling me_scpi.c...
me_scpi.c: Warning: C4008W: splitting LDM/STM has no benefit
compiling AD7689.c...
AD7689.c: Warning: C4008W: splitting LDM/STM has no benefit
compiling Slave_Usart.c...
Slave_Usart.c: Warning: C4008W: splitting LDM/STM has no benefit
linking...
Program Size: Code=49144 RO-data=784 RW-data=144 ZI-data=3648  
FromELF: creating hex file...
"..\Output\AV04_LOAD_RSING.axf" - 0 Errors, 46 Warning(s).
Build target 'LOAD_Ripple'
compiling Slave_Usart.c...
Slave_Usart.c: Warning: C4008W: splitting LDM/STM has no benefit
linking...
Program Size: Code=49144 RO-data=784 RW-data=144 ZI-data=3648  
FromELF: creating hex file...
"..\Output\AV04_LOAD_RSING.axf" - 0 Errors, 1 Warning(s).
Build target 'LOAD_Ripple'
linking...
Program Size: Code=49144 RO-data=784 RW-data=144 ZI-data=3648  
FromELF: creating hex file...
"..\Output\AV04_LOAD_RSING.axf" - 0 Errors, 0 Warning(s).
Build target 'LOAD_Ripple'
linking...
Program Size: Code=49144 RO-data=784 RW-data=144 ZI-data=3648  
FromELF: creating hex file...
"..\Output\AV04_LOAD_RSING.axf" - 0 Errors, 0 Warning(s).
Build target 'LOAD_Ripple'
linking...
Program Size: Code=49144 RO-data=784 RW-data=144 ZI-data=3648  
FromELF: creating hex file...
"..\Output\AV04_LOAD_RSING.axf" - 0 Errors, 0 Warning(s).
Build target 'LOAD_Ripple'
compiling main.c...
main.c: Warning: C4008W: splitting LDM/STM has no benefit
compiling stm32f10x_it.c...
stm32f10x_it.c: Warning: C4008W: splitting LDM/STM has no benefit
compiling adc.c...
adc.c: Warning: C4008W: splitting LDM/STM has no benefit
compiling AT24C01.c...
AT24C01.c: Warning: C4008W: splitting LDM/STM has no benefit
compiling BEEP.c...
BEEP.c: Warning: C4008W: splitting LDM/STM has no benefit
compiling bsp_SysTick.c...
bsp_SysTick.c: Warning: C4008W: splitting LDM/STM has no benefit
compiling clock.c...
clock.c: Warning: C4008W: splitting LDM/STM has no benefit
compiling DAC.c...
DAC.c: Warning: C4008W: splitting LDM/STM has no benefit
compiling flash.c...
flash.c: Warning: C4008W: splitting LDM/STM has no benefit
compiling GPIO.c...
GPIO.c: Warning: C4008W: splitting LDM/STM has no benefit
compiling IIC_24C01.c...
IIC_24C01.c: Warning: C4008W: splitting LDM/STM has no benefit
compiling key.c...
key.c: Warning: C4008W: splitting LDM/STM has no benefit
compiling modbus.c...
modbus.c: Warning: C4008W: splitting LDM/STM has no benefit
compiling TIM6.c...
TIM6.c: Warning: C4008W: splitting LDM/STM has no benefit
compiling usart.c...
usart.c: Warning: C4008W: splitting LDM/STM has no benefit
compiling FAN_PRO.c...
FAN_PRO.c: Warning: C4008W: splitting LDM/STM has no benefit
compiling Menu.c...
Menu.c: Warning: C4008W: splitting LDM/STM has no benefit
compiling me_scpi.c...
me_scpi.c: Warning: C4008W: splitting LDM/STM has no benefit
compiling AD7689.c...
AD7689.c: Warning: C4008W: splitting LDM/STM has no benefit
compiling Slave_Usart.c...
Slave_Usart.c: Warning: C4008W: splitting LDM/STM has no benefit
linking...
Program Size: Code=49144 RO-data=784 RW-data=144 ZI-data=3648  
FromELF: creating hex file...
"..\Output\AV04_LOAD_RSING.axf" - 0 Errors, 20 Warning(s).
Build target 'LOAD_Ripple'
compiling main.c...
main.c: Warning: C4008W: splitting LDM/STM has no benefit
compiling stm32f10x_it.c...
stm32f10x_it.c: Warning: C4008W: splitting LDM/STM has no benefit
compiling adc.c...
adc.c: Warning: C4008W: splitting LDM/STM has no benefit
compiling AT24C01.c...
AT24C01.c: Warning: C4008W: splitting LDM/STM has no benefit
compiling BEEP.c...
BEEP.c: Warning: C4008W: splitting LDM/STM has no benefit
compiling bsp_SysTick.c...
bsp_SysTick.c: Warning: C4008W: splitting LDM/STM has no benefit
compiling clock.c...
clock.c: Warning: C4008W: splitting LDM/STM has no benefit
compiling DAC.c...
DAC.c: Warning: C4008W: splitting LDM/STM has no benefit
compiling flash.c...
flash.c: Warning: C4008W: splitting LDM/STM has no benefit
compiling GPIO.c...
GPIO.c: Warning: C4008W: splitting LDM/STM has no benefit
compiling IIC_24C01.c...
IIC_24C01.c: Warning: C4008W: splitting LDM/STM has no benefit
compiling key.c...
key.c: Warning: C4008W: splitting LDM/STM has no benefit
compiling modbus.c...
modbus.c: Warning: C4008W: splitting LDM/STM has no benefit
compiling TIM6.c...
TIM6.c: Warning: C4008W: splitting LDM/STM has no benefit
compiling usart.c...
usart.c: Warning: C4008W: splitting LDM/STM has no benefit
compiling FAN_PRO.c...
FAN_PRO.c: Warning: C4008W: splitting LDM/STM has no benefit
compiling Menu.c...
Menu.c: Warning: C4008W: splitting LDM/STM has no benefit
compiling me_scpi.c...
me_scpi.c: Warning: C4008W: splitting LDM/STM has no benefit
compiling AD7689.c...
AD7689.c: Warning: C4008W: splitting LDM/STM has no benefit
compiling Slave_Usart.c...
Slave_Usart.c: Warning: C4008W: splitting LDM/STM has no benefit
linking...
Program Size: Code=49144 RO-data=784 RW-data=144 ZI-data=3648  
FromELF: creating hex file...
"..\Output\AV04_LOAD_RSING.axf" - 0 Errors, 20 Warning(s).
Build target 'LOAD_Ripple'
linking...
Program Size: Code=49144 RO-data=784 RW-data=144 ZI-data=3648  
FromELF: creating hex file...
"..\Output\AV04_LOAD_RSING.axf" - 0 Errors, 0 Warning(s).
Build target 'LOAD_Ripple'
compiling main.c...
main.c: Warning: C4008W: splitting LDM/STM has no benefit
compiling stm32f10x_it.c...
stm32f10x_it.c: Warning: C4008W: splitting LDM/STM has no benefit
compiling adc.c...
adc.c: Warning: C4008W: splitting LDM/STM has no benefit
compiling AT24C01.c...
AT24C01.c: Warning: C4008W: splitting LDM/STM has no benefit
compiling BEEP.c...
BEEP.c: Warning: C4008W: splitting LDM/STM has no benefit
compiling bsp_SysTick.c...
bsp_SysTick.c: Warning: C4008W: splitting LDM/STM has no benefit
compiling clock.c...
clock.c: Warning: C4008W: splitting LDM/STM has no benefit
compiling DAC.c...
DAC.c: Warning: C4008W: splitting LDM/STM has no benefit
compiling flash.c...
flash.c: Warning: C4008W: splitting LDM/STM has no benefit
compiling GPIO.c...
GPIO.c: Warning: C4008W: splitting LDM/STM has no benefit
compiling IIC_24C01.c...
IIC_24C01.c: Warning: C4008W: splitting LDM/STM has no benefit
compiling key.c...
key.c: Warning: C4008W: splitting LDM/STM has no benefit
compiling modbus.c...
modbus.c: Warning: C4008W: splitting LDM/STM has no benefit
compiling TIM6.c...
TIM6.c: Warning: C4008W: splitting LDM/STM has no benefit
compiling usart.c...
usart.c: Warning: C4008W: splitting LDM/STM has no benefit
compiling FAN_PRO.c...
FAN_PRO.c: Warning: C4008W: splitting LDM/STM has no benefit
compiling Menu.c...
Menu.c: Warning: C4008W: splitting LDM/STM has no benefit
compiling me_scpi.c...
me_scpi.c: Warning: C4008W: splitting LDM/STM has no benefit
compiling AD7689.c...
AD7689.c: Warning: C4008W: splitting LDM/STM has no benefit
compiling Slave_Usart.c...
Slave_Usart.c: Warning: C4008W: splitting LDM/STM has no benefit
linking...
Program Size: Code=49144 RO-data=784 RW-data=144 ZI-data=3648  
FromELF: creating hex file...
"..\Output\AV04_LOAD_RSING.axf" - 0 Errors, 20 Warning(s).
Build target 'LOAD_Ripple'
linking...
Program Size: Code=49144 RO-data=784 RW-data=144 ZI-data=3648  
FromELF: creating hex file...
"..\Output\AV04_LOAD_RSING.axf" - 0 Errors, 0 Warning(s).
Build target 'LOAD_Ripple'
linking...
Program Size: Code=49144 RO-data=784 RW-data=144 ZI-data=3648  
FromELF: creating hex file...
"..\Output\AV04_LOAD_RSING.axf" - 0 Errors, 0 Warning(s).
