Component: ARM Compiler 5.06 update 6 (build 750) Tool: armlink [4d35ed]

==============================================================================

Section Cross References

    startup_stm32f10x_hd.o(RESET) refers to startup_stm32f10x_hd.o(STACK) for __initial_sp
    startup_stm32f10x_hd.o(RESET) refers to startup_stm32f10x_hd.o(.text) for Reset_Handler
    startup_stm32f10x_hd.o(RESET) refers to stm32f10x_it.o(i.NMI_Handler) for NMI_Handler
    startup_stm32f10x_hd.o(RESET) refers to stm32f10x_it.o(i.HardFault_Handler) for HardFault_Handler
    startup_stm32f10x_hd.o(RESET) refers to stm32f10x_it.o(i.MemManage_Handler) for MemManage_Handler
    startup_stm32f10x_hd.o(RESET) refers to stm32f10x_it.o(i.BusFault_Handler) for BusFault_Handler
    startup_stm32f10x_hd.o(RESET) refers to stm32f10x_it.o(i.UsageFault_Handler) for UsageFault_Handler
    startup_stm32f10x_hd.o(RESET) refers to stm32f10x_it.o(i.SVC_Handler) for SVC_Handler
    startup_stm32f10x_hd.o(RESET) refers to stm32f10x_it.o(i.DebugMon_Handler) for DebugMon_Handler
    startup_stm32f10x_hd.o(RESET) refers to stm32f10x_it.o(i.SysTick_Handler) for SysTick_Handler
    startup_stm32f10x_hd.o(RESET) refers to stm32f10x_it.o(i.DMA1_Channel1_IRQHandler) for DMA1_Channel1_IRQHandler
    startup_stm32f10x_hd.o(RESET) refers to stm32f10x_it.o(i.DMA1_Channel2_IRQHandler) for DMA1_Channel2_IRQHandler
    startup_stm32f10x_hd.o(RESET) refers to stm32f10x_it.o(i.TIM4_IRQHandler) for TIM4_IRQHandler
    startup_stm32f10x_hd.o(RESET) refers to stm32f10x_it.o(i.USART1_IRQHandler) for USART1_IRQHandler
    startup_stm32f10x_hd.o(RESET) refers to stm32f10x_it.o(i.USART2_IRQHandler) for USART2_IRQHandler
    startup_stm32f10x_hd.o(RESET) refers to stm32f10x_it.o(i.USART3_IRQHandler) for USART3_IRQHandler
    startup_stm32f10x_hd.o(.text) refers to system_stm32f10x.o(i.SystemInit) for SystemInit
    startup_stm32f10x_hd.o(.text) refers to entry.o(.ARM.Collect$$$$00000000) for __main
    stm32f10x_adc.o(i.ADC_DeInit) refers to stm32f10x_rcc.o(i.RCC_APB2PeriphResetCmd) for RCC_APB2PeriphResetCmd
    stm32f10x_bkp.o(i.BKP_DeInit) refers to stm32f10x_rcc.o(i.RCC_BackupResetCmd) for RCC_BackupResetCmd
    stm32f10x_can.o(i.CAN_DeInit) refers to stm32f10x_rcc.o(i.RCC_APB1PeriphResetCmd) for RCC_APB1PeriphResetCmd
    stm32f10x_can.o(i.CAN_GetITStatus) refers to stm32f10x_can.o(i.CheckITStatus) for CheckITStatus
    stm32f10x_cec.o(i.CEC_DeInit) refers to stm32f10x_rcc.o(i.RCC_APB1PeriphResetCmd) for RCC_APB1PeriphResetCmd
    stm32f10x_dac.o(i.DAC_DeInit) refers to stm32f10x_rcc.o(i.RCC_APB1PeriphResetCmd) for RCC_APB1PeriphResetCmd
    stm32f10x_flash.o(i.FLASH_EnableWriteProtection) refers to stm32f10x_flash.o(i.FLASH_WaitForLastOperation) for FLASH_WaitForLastOperation
    stm32f10x_flash.o(i.FLASH_EraseAllBank1Pages) refers to stm32f10x_flash.o(i.FLASH_WaitForLastBank1Operation) for FLASH_WaitForLastBank1Operation
    stm32f10x_flash.o(i.FLASH_EraseAllPages) refers to stm32f10x_flash.o(i.FLASH_WaitForLastOperation) for FLASH_WaitForLastOperation
    stm32f10x_flash.o(i.FLASH_EraseOptionBytes) refers to stm32f10x_flash.o(i.FLASH_GetReadOutProtectionStatus) for FLASH_GetReadOutProtectionStatus
    stm32f10x_flash.o(i.FLASH_EraseOptionBytes) refers to stm32f10x_flash.o(i.FLASH_WaitForLastOperation) for FLASH_WaitForLastOperation
    stm32f10x_flash.o(i.FLASH_ErasePage) refers to stm32f10x_flash.o(i.FLASH_WaitForLastOperation) for FLASH_WaitForLastOperation
    stm32f10x_flash.o(i.FLASH_ProgramHalfWord) refers to stm32f10x_flash.o(i.FLASH_WaitForLastOperation) for FLASH_WaitForLastOperation
    stm32f10x_flash.o(i.FLASH_ProgramOptionByteData) refers to stm32f10x_flash.o(i.FLASH_WaitForLastOperation) for FLASH_WaitForLastOperation
    stm32f10x_flash.o(i.FLASH_ProgramWord) refers to stm32f10x_flash.o(i.FLASH_WaitForLastOperation) for FLASH_WaitForLastOperation
    stm32f10x_flash.o(i.FLASH_ReadOutProtection) refers to stm32f10x_flash.o(i.FLASH_WaitForLastOperation) for FLASH_WaitForLastOperation
    stm32f10x_flash.o(i.FLASH_UserOptionByteConfig) refers to stm32f10x_flash.o(i.FLASH_WaitForLastOperation) for FLASH_WaitForLastOperation
    stm32f10x_flash.o(i.FLASH_WaitForLastBank1Operation) refers to stm32f10x_flash.o(i.FLASH_GetBank1Status) for FLASH_GetBank1Status
    stm32f10x_flash.o(i.FLASH_WaitForLastOperation) refers to stm32f10x_flash.o(i.FLASH_GetBank1Status) for FLASH_GetBank1Status
    stm32f10x_gpio.o(i.GPIO_AFIODeInit) refers to stm32f10x_rcc.o(i.RCC_APB2PeriphResetCmd) for RCC_APB2PeriphResetCmd
    stm32f10x_gpio.o(i.GPIO_DeInit) refers to stm32f10x_rcc.o(i.RCC_APB2PeriphResetCmd) for RCC_APB2PeriphResetCmd
    stm32f10x_i2c.o(i.I2C_DeInit) refers to stm32f10x_rcc.o(i.RCC_APB1PeriphResetCmd) for RCC_APB1PeriphResetCmd
    stm32f10x_i2c.o(i.I2C_Init) refers to stm32f10x_rcc.o(i.RCC_GetClocksFreq) for RCC_GetClocksFreq
    stm32f10x_pwr.o(i.PWR_DeInit) refers to stm32f10x_rcc.o(i.RCC_APB1PeriphResetCmd) for RCC_APB1PeriphResetCmd
[...]
    I_SW_COTNR                               0x0801467d   Thumb Code   216  menu.o(i.I_SW_COTNR)
    MemManage_Handler                        0x080147cd   Thumb Code     2  stm32f10x_it.o(i.MemManage_Handler)
    NMI_Handler                              0x080147db   Thumb Code     2  stm32f10x_it.o(i.NMI_Handler)
    NVIC_Init                                0x080147dd   Thumb Code    96  misc.o(i.NVIC_Init)
    NVIC_PriorityGroupConfig                 0x08014841   Thumb Code    10  misc.o(i.NVIC_PriorityGroupConfig)
    NVIC_SetVectorTable                      0x08014855   Thumb Code    12  misc.o(i.NVIC_SetVectorTable)
    RCC_ADCCLKConfig                         0x08014a71   Thumb Code    14  stm32f10x_rcc.o(i.RCC_ADCCLKConfig)
    RCC_AHBPeriphClockCmd                    0x08014a85   Thumb Code    22  stm32f10x_rcc.o(i.RCC_AHBPeriphClockCmd)
    RCC_APB1PeriphClockCmd                   0x08014aa1   Thumb Code    22  stm32f10x_rcc.o(i.RCC_APB1PeriphClockCmd)
    RCC_APB2PeriphClockCmd                   0x08014abd   Thumb Code    22  stm32f10x_rcc.o(i.RCC_APB2PeriphClockCmd)
    RCC_APB2PeriphResetCmd                   0x08014ad9   Thumb Code    22  stm32f10x_rcc.o(i.RCC_APB2PeriphResetCmd)
    RCC_Configuration                        0x08014af5   Thumb Code   102  clock.o(i.RCC_Configuration)
    RCC_DeInit                               0x08014b61   Thumb Code    50  stm32f10x_rcc.o(i.RCC_DeInit)
    RCC_GetClocksFreq                        0x08014ba1   Thumb Code   154  stm32f10x_rcc.o(i.RCC_GetClocksFreq)
    RCC_GetFlagStatus                        0x08014c4d   Thumb Code    42  stm32f10x_rcc.o(i.RCC_GetFlagStatus)
    RCC_GetSYSCLKSource                      0x08014c7d   Thumb Code    10  stm32f10x_rcc.o(i.RCC_GetSYSCLKSource)
    RCC_HCLKConfig                           0x08014c8d   Thumb Code    14  stm32f10x_rcc.o(i.RCC_HCLKConfig)
    RCC_HSEConfig                            0x08014ca1   Thumb Code    50  stm32f10x_rcc.o(i.RCC_HSEConfig)
    RCC_PCLK1Config                          0x08014cd9   Thumb Code    14  stm32f10x_rcc.o(i.RCC_PCLK1Config)
    RCC_PCLK2Config                          0x08014ced   Thumb Code    16  stm32f10x_rcc.o(i.RCC_PCLK2Config)
    RCC_PLLCmd                               0x08014d01   Thumb Code     6  stm32f10x_rcc.o(i.RCC_PLLCmd)
    RCC_PLLConfig                            0x08014d0d   Thumb Code    16  stm32f10x_rcc.o(i.RCC_PLLConfig)
    RCC_SYSCLKConfig                         0x08014d21   Thumb Code    14  stm32f10x_rcc.o(i.RCC_SYSCLKConfig)
    RCC_WaitForHSEStartUp                    0x08014d35   Thumb Code    48  stm32f10x_rcc.o(i.RCC_WaitForHSEStartUp)
    SCPI_ChoiceToName                        0x08014ddd   Thumb Code    40  parser.o(i.SCPI_ChoiceToName)
    SCPI_CommandNumbers                      0x08014e05   Thumb Code    24  parser.o(i.SCPI_CommandNumbers)
    SCPI_CoreCls                             0x08014e1d   Thumb Code    40  ieee488.o(i.SCPI_CoreCls)
    SCPI_CoreEse                             0x08014e45   Thumb Code    38  ieee488.o(i.SCPI_CoreEse)
    SCPI_CoreEseQ                            0x08014e6b   Thumb Code    24  ieee488.o(i.SCPI_CoreEseQ)
    SCPI_CoreEsrQ                            0x08014e83   Thumb Code    34  ieee488.o(i.SCPI_CoreEsrQ)
    SCPI_CoreIdnQ                            0x08014ea5   Thumb Code    54  ieee488.o(i.SCPI_CoreIdnQ)
    SCPI_CoreOpc                             0x08014ee1   Thumb Code    14  ieee488.o(i.SCPI_CoreOpc)
    SCPI_CoreOpcQ                            0x08014eef   Thumb Code    12  ieee488.o(i.SCPI_CoreOpcQ)
    SCPI_CoreRst                             0x08014efb   Thumb Code    18  ieee488.o(i.SCPI_CoreRst)
    SCPI_CoreSre                             0x08014f0d   Thumb Code    38  ieee488.o(i.SCPI_CoreSre)
    SCPI_CoreSreQ                            0x08014f33   Thumb Code    24  ieee488.o(i.SCPI_CoreSreQ)
    SCPI_CoreStbQ                            0x08014f4b   Thumb Code    24  ieee488.o(i.SCPI_CoreStbQ)
    SCPI_CoreWai                             0x08014f63   Thumb Code     4  ieee488.o(i.SCPI_CoreWai)
    SCPI_DoubleToStr                         0x08014f69   Thumb Code    28  utils.o(i.SCPI_DoubleToStr)
    SCPI_ErrorClear                          0x08014fbb   Thumb Code    22  error.o(i.SCPI_ErrorClear)
    SCPI_ErrorCount                          0x08014fd1   Thumb Code    20  error.o(i.SCPI_ErrorCount)
    SCPI_ErrorInit                           0x08015049   Thumb Code     6  error.o(i.SCPI_ErrorInit)
    SCPI_ErrorPop                            0x0801504f   Thumb Code    36  error.o(i.SCPI_ErrorPop)
    SCPI_ErrorPush                           0x08015073   Thumb Code     8  error.o(i.SCPI_ErrorPush)
    SCPI_ErrorPushEx                         0x0801507d   Thumb Code   122  error.o(i.SCPI_ErrorPushEx)
    SCPI_ErrorTranslate                      0x08015101   Thumb Code   168  error.o(i.SCPI_ErrorTranslate)
    SCPI_EventClear                          0x080152e9   Thumb Code     8  ieee488.o(i.SCPI_EventClear)
    SCPI_ExprChannelListEntry                0x080152f1   Thumb Code   236  expression.o(i.SCPI_ExprChannelListEntry)
    SCPI_FloatToStr                          0x080153e1   Thumb Code    34  utils.o(i.SCPI_FloatToStr)
    SCPI_Init                                0x08015409   Thumb Code    76  parser.o(i.SCPI_Init)
    SCPI_Input                               0x08015455   Thumb Code   182  parser.o(i.SCPI_Input)
    SCPI_NumberToStr                         0x0801550d   Thumb Code   150  units.o(i.SCPI_NumberToStr)
    SCPI_ParamArbitraryBlock                 0x080155a9   Thumb Code    72  parser.o(i.SCPI_ParamArbitraryBlock)
    SCPI_ParamBool                           0x080155f5   Thumb Code    92  parser.o(i.SCPI_ParamBool)
    SCPI_ParamChoice                         0x08015659   Thumb Code    54  parser.o(i.SCPI_ParamChoice)
    SCPI_ParamCopyText                       0x08015695   Thumb Code   138  parser.o(i.SCPI_ParamCopyText)
    SCPI_ParamDouble                         0x08015725   Thumb Code    96  parser.o(i.SCPI_ParamDouble)
    SCPI_ParamFloat                          0x08015789   Thumb Code    96  parser.o(i.SCPI_ParamFloat)
    SCPI_ParamInt32                          0x080157ed   Thumb Code     6  parser.o(i.SCPI_ParamInt32)
    SCPI_ParamIsNumber                       0x080157f3   Thumb Code    30  parser.o(i.SCPI_ParamIsNumber)
    SCPI_ParamNumber                         0x08015811   Thumb Code   284  units.o(i.SCPI_ParamNumber)
    SCPI_ParamToChoice                       0x08015931   Thumb Code   128  parser.o(i.SCPI_ParamToChoice)
    SCPI_ParamToDouble                       0x080159b5   Thumb Code    80  parser.o(i.SCPI_ParamToDouble)
    SCPI_ParamToFloat                        0x08015a09   Thumb Code    78  parser.o(i.SCPI_ParamToFloat)
    SCPI_ParamToInt32                        0x08015a5d   Thumb Code     6  parser.o(i.SCPI_ParamToInt32)
    SCPI_ParamToUInt32                       0x08015a63   Thumb Code     6  parser.o(i.SCPI_ParamToUInt32)
    SCPI_ParamToUInt64                       0x08015a69   Thumb Code     6  parser.o(i.SCPI_ParamToUInt64)
    SCPI_ParamUInt32                         0x08015a6f   Thumb Code     6  parser.o(i.SCPI_ParamUInt32)
    SCPI_Parameter                           0x08015a75   Thumb Code   176  parser.o(i.SCPI_Parameter)
    SCPI_Parse                               0x08015b29   Thumb Code   206  parser.o(i.SCPI_Parse)
    SCPI_RegClearBits                        0x08015bfd   Thumb Code    30  ieee488.o(i.SCPI_RegClearBits)
    SCPI_RegGet                              0x08015c1b   Thumb Code    20  ieee488.o(i.SCPI_RegGet)
    SCPI_RegSet                              0x08015c2f   Thumb Code   224  ieee488.o(i.SCPI_RegSet)
    SCPI_RegSetBits                          0x08015d0f   Thumb Code    28  ieee488.o(i.SCPI_RegSetBits)
    SCPI_ResultArbitraryBlock                0x08015d2b   Thumb Code    36  parser.o(i.SCPI_ResultArbitraryBlock)
    SCPI_ResultArbitraryBlockData            0x08015d51   Thumb Code    42  parser.o(i.SCPI_ResultArbitraryBlockData)
    SCPI_ResultArbitraryBlockHeader          0x08015d81   Thumb Code    56  parser.o(i.SCPI_ResultArbitraryBlockHeader)
    SCPI_ResultCharacters                    0x08015db9   Thumb Code    40  parser.o(i.SCPI_ResultCharacters)
    SCPI_ResultDouble                        0x08015de1   Thumb Code    50  parser.o(i.SCPI_ResultDouble)
    SCPI_ResultError                         0x08015e15   Thumb Code   246  parser.o(i.SCPI_ResultError)
    SCPI_ResultFloat                         0x08015f11   Thumb Code    48  parser.o(i.SCPI_ResultFloat)
    SCPI_ResultInt32                         0x08015f41   Thumb Code     8  parser.o(i.SCPI_ResultInt32)
    SCPI_StatusPreset                        0x08015f49   Thumb Code    14  minimal.o(i.SCPI_StatusPreset)
    SCPI_StatusQuestionableEnable            0x08015f57   Thumb Code    32  minimal.o(i.SCPI_StatusQuestionableEnable)
    SCPI_StatusQuestionableEnableQ           0x08015f77   Thumb Code    24  minimal.o(i.SCPI_StatusQuestionableEnableQ)
    SCPI_StatusQuestionableEventQ            0x08015f8f   Thumb Code    34  minimal.o(i.SCPI_StatusQuestionableEventQ)
    SCPI_StubQ                               0x08015fb1   Thumb Code    12  minimal.o(i.SCPI_StubQ)
    SCPI_SystemErrorCountQ                   0x08015fbd   Thumb Code    22  minimal.o(i.SCPI_SystemErrorCountQ)
    SCPI_SystemErrorNextQ                    0x08015fd3   Thumb Code    24  minimal.o(i.SCPI_SystemErrorNextQ)
    SCPI_SystemVersionQ                      0x08015fed   Thumb Code    14  minimal.o(i.SCPI_SystemVersionQ)
    SCPI_UInt32ToStrBase                     0x08016005   Thumb Code    12  utils.o(i.SCPI_UInt32ToStrBase)
    SCPI_Write                               0x08016011   Thumb Code    50  main.o(i.SCPI_Write)
    SPI_AD7689_Read                          0x08016049   Thumb Code    92  ad7689.o(i.SPI_AD7689_Read)
    SPI_Cmd                                  0x080160a9   Thumb Code    24  stm32f10x_spi.o(i.SPI_Cmd)
    SPI_I2S_GetFlagStatus                    0x080160c1   Thumb Code    14  stm32f10x_spi.o(i.SPI_I2S_GetFlagStatus)
    SPI_I2S_ReceiveData                      0x080160cf   Thumb Code     4  stm32f10x_spi.o(i.SPI_I2S_ReceiveData)
    SPI_I2S_SendData                         0x080160d3   Thumb Code     4  stm32f10x_spi.o(i.SPI_I2S_SendData)
    SPI_Init                                 0x080160d7   Thumb Code    56  stm32f10x_spi.o(i.SPI_Init)
    SVC_Handler                              0x0801610f   Thumb Code     2  stm32f10x_it.o(i.SVC_Handler)
    Sence_SW_CONT                            0x08016111   Thumb Code    22  menu.o(i.Sence_SW_CONT)
    SysTick_Handler                          0x080161e5   Thumb Code    44  stm32f10x_it.o(i.SysTick_Handler)
    SysTick_Init                             0x0801621d   Thumb Code    64  bsp_systick.o(i.SysTick_Init)
    SystemInit                               0x08016265   Thumb Code    62  system_stm32f10x.o(i.SystemInit)
    TIM4_IRQHandler                          0x080164b1   Thumb Code   206  stm32f10x_it.o(i.TIM4_IRQHandler)
    TIM6_Config                              0x08016599   Thumb Code    68  tim6.o(i.TIM6_Config)
    TIM_ClearITPendingBit                    0x080165ff   Thumb Code     6  stm32f10x_tim.o(i.TIM_ClearITPendingBit)
    TIM_Cmd                                  0x08016605   Thumb Code    24  stm32f10x_tim.o(i.TIM_Cmd)
    TIM_ITConfig                             0x0801661d   Thumb Code    20  stm32f10x_tim.o(i.TIM_ITConfig)
    TIM_TimeBaseInit                         0x08016631   Thumb Code   114  stm32f10x_tim.o(i.TIM_TimeBaseInit)
    Temp_Comapre                             0x080166cd   Thumb Code    66  fan_pro.o(i.Temp_Comapre)
    TimingDelay_Decrement                    0x0801671d   Thumb Code    16  bsp_systick.o(i.TimingDelay_Decrement)
    Transformation_ADC                       0x08016731   Thumb Code  7658  modbus.o(i.Transformation_ADC)
    UART1_Action                             0x08018529   Thumb Code   980  modbus.o(i.UART1_Action)
    UART1_Send                               0x08018921   Thumb Code    70  usart.o(i.UART1_Send)
    UART2_Send                               0x08018979   Thumb Code    70  usart.o(i.UART2_Send)
    UART3_Action                             0x080189d1   Thumb Code   970  modbus.o(i.UART3_Action)
    UART3_Send                               0x08018dc1   Thumb Code    70  usart.o(i.UART3_Send)
    UART_Action                              0x08018e19   Thumb Code  5658  modbus.o(i.UART_Action)
    UInt32ToStrBaseSign                      0x0801a439   Thumb Code   176  utils.o(i.UInt32ToStrBaseSign)
    USART1_IRQHandler                        0x0801a501   Thumb Code   452  stm32f10x_it.o(i.USART1_IRQHandler)
    USART2_Configuration                     0x0801a745   Thumb Code   134  usart.o(i.USART2_Configuration)
    USART2_IRQHandler                        0x0801a7d9   Thumb Code   356  stm32f10x_it.o(i.USART2_IRQHandler)
    USART3_Configuration                     0x0801a955   Thumb Code   138  usart.o(i.USART3_Configuration)
    USART3_IRQHandler                        0x0801a9ed   Thumb Code   350  stm32f10x_it.o(i.USART3_IRQHandler)
    USART_ClearFlag                          0x0801ab69   Thumb Code     8  stm32f10x_usart.o(i.USART_ClearFlag)
    USART_ClearITPendingBit                  0x0801ab71   Thumb Code    16  stm32f10x_usart.o(i.USART_ClearITPendingBit)
    USART_Cmd                                0x0801ab81   Thumb Code    24  stm32f10x_usart.o(i.USART_Cmd)
    USART_Configuration                      0x0801ab99   Thumb Code   154  usart.o(i.USART_Configuration)
    USART_GetFlagStatus                      0x0801ac41   Thumb Code    14  stm32f10x_usart.o(i.USART_GetFlagStatus)
    USART_GetITStatus                        0x0801ac4f   Thumb Code    64  stm32f10x_usart.o(i.USART_GetITStatus)
    USART_ITConfig                           0x0801ac8f   Thumb Code    54  stm32f10x_usart.o(i.USART_ITConfig)
    USART_Init                               0x0801acc5   Thumb Code   182  stm32f10x_usart.o(i.USART_Init)
    USART_ReceiveData                        0x0801ad81   Thumb Code     8  stm32f10x_usart.o(i.USART_ReceiveData)
    USART_SendData                           0x0801ad89   Thumb Code     8  stm32f10x_usart.o(i.USART_SendData)
    UsageFault_Handler                       0x0801ad91   Thumb Code     2  stm32f10x_it.o(i.UsageFault_Handler)
    V_SW_COTNR                               0x0801af65   Thumb Code    82  menu.o(i.V_SW_COTNR)
    Write_ADDR                               0x0801afcd   Thumb Code    66  flash.o(i.Write_ADDR)
    Write_bootflag                           0x0801b015   Thumb Code    10  flash.o(i.Write_bootflag)
    Write_bootmode                           0x0801b025   Thumb Code    14  flash.o(i.Write_bootmode)
    __0snprintf                              0x0801b039   Thumb Code    44  printfa.o(i.__0snprintf)
    __1snprintf                              0x0801b039   Thumb Code     0  printfa.o(i.__0snprintf)
    __2snprintf                              0x0801b039   Thumb Code     0  printfa.o(i.__0snprintf)
    __c89snprintf                            0x0801b039   Thumb Code     0  printfa.o(i.__0snprintf)
    snprintf                                 0x0801b039   Thumb Code     0  printfa.o(i.__0snprintf)
    __aeabi_errno_addr                       0x0801b069   Thumb Code     4  errno.o(i.__aeabi_errno_addr)
    __rt_errno_addr                          0x0801b069   Thumb Code     0  errno.o(i.__aeabi_errno_addr)
    __mathlib_narrow                         0x0801b071   Thumb Code    16  narrow.o(i.__mathlib_narrow)
    __mathlib_tofloat                        0x0801b081   Thumb Code   184  narrow.o(i.__mathlib_tofloat)
    __scatterload_copy                       0x0801b13d   Thumb Code    14  handlers.o(i.__scatterload_copy)
    __scatterload_null                       0x0801b14b   Thumb Code     2  handlers.o(i.__scatterload_null)
    __scatterload_zeroinit                   0x0801b14d   Thumb Code    14  handlers.o(i.__scatterload_zeroinit)
    __set_errno                              0x0801b15d   Thumb Code     6  errno.o(i.__set_errno)
    _is_digit                                0x0801b2ed   Thumb Code    14  scanf_fp.o(i._is_digit)
    compareStr                               0x0801bb21   Thumb Code    30  utils.o(i.compareStr)
    compareStrAndNum                         0x0801bb3f   Thumb Code   104  utils.o(i.compareStrAndNum)
    composeCompoundCommand                   0x0801bba7   Thumb Code    96  utils.o(i.composeCompoundCommand)
    fifo_add                                 0x0801bc07   Thumb Code    68  fifo.o(i.fifo_add)
    fifo_clear                               0x0801bc4b   Thumb Code    10  fifo.o(i.fifo_clear)
    fifo_count                               0x0801bc55   Thumb Code     8  fifo.o(i.fifo_count)
    fifo_init                                0x0801bc5d   Thumb Code    14  fifo.o(i.fifo_init)
    fifo_is_empty                            0x0801bc6b   Thumb Code    14  fifo.o(i.fifo_is_empty)
    fifo_is_full                             0x0801bc79   Thumb Code    20  fifo.o(i.fifo_is_full)
    fifo_remove                              0x0801bc8d   Thumb Code    62  fifo.o(i.fifo_remove)
    fifo_remove_last                         0x0801bccb   Thumb Code    62  fifo.o(i.fifo_remove_last)
    frexp                                    0x0801bd59   Thumb Code    80  frexp.o(i.frexp)
    i2c_CfgGpio                              0x0801bdd9   Thumb Code    68  iic_24c01.o(i.i2c_CfgGpio)
    i2c_NAck                                 0x0801be3d   Thumb Code    50  iic_24c01.o(i.i2c_NAck)
    i2c_ReadByte                             0x0801be75   Thumb Code    90  iic_24c01.o(i.i2c_ReadByte)
    i2c_SendByte                             0x0801bed5   Thumb Code   114  iic_24c01.o(i.i2c_SendByte)
    i2c_Start                                0x0801bf4d   Thumb Code    58  iic_24c01.o(i.i2c_Start)
    i2c_Stop                                 0x0801bf8d   Thumb Code    40  iic_24c01.o(i.i2c_Stop)
    i2c_WaitAck                              0x0801bfb9   Thumb Code    72  iic_24c01.o(i.i2c_WaitAck)
    iap_load_app                             0x0801c005   Thumb Code    36  main.o(i.iap_load_app)
    main                                     0x0801c149   Thumb Code   236  main.o(i.main)
    matchCommand                             0x0801c281   Thumb Code   526  utils.o(i.matchCommand)
    matchPattern                             0x0801c48f   Thumb Code   126  utils.o(i.matchPattern)
    scpiLex_ArbitraryBlockProgramData        0x0801c67f   Thumb Code   228  lexer.o(i.scpiLex_ArbitraryBlockProgramData)
    scpiLex_CharacterProgramData             0x0801c763   Thumb Code   108  lexer.o(i.scpiLex_CharacterProgramData)
    scpiLex_Colon                            0x0801c7cf   Thumb Code    38  lexer.o(i.scpiLex_Colon)
    scpiLex_Comma                            0x0801c7f5   Thumb Code    36  lexer.o(i.scpiLex_Comma)
    scpiLex_DecimalNumericProgramData        0x0801c819   Thumb Code    66  lexer.o(i.scpiLex_DecimalNumericProgramData)
    scpiLex_IsEos                            0x0801c85b   Thumb Code     4  lexer.o(i.scpiLex_IsEos)
    scpiLex_NewLine                          0x0801c85f   Thumb Code    58  lexer.o(i.scpiLex_NewLine)
    scpiLex_NondecimalNumericData            0x0801c899   Thumb Code   160  lexer.o(i.scpiLex_NondecimalNumericData)
    scpiLex_ProgramExpression                0x0801c939   Thumb Code   102  lexer.o(i.scpiLex_ProgramExpression)
    scpiLex_ProgramHeader                    0x0801c99f   Thumb Code   132  lexer.o(i.scpiLex_ProgramHeader)
    scpiLex_Semicolon                        0x0801ca23   Thumb Code    36  lexer.o(i.scpiLex_Semicolon)
    scpiLex_SpecificCharacter                0x0801ca47   Thumb Code    38  lexer.o(i.scpiLex_SpecificCharacter)
    scpiLex_StringProgramData                0x0801ca6d   Thumb Code   176  lexer.o(i.scpiLex_StringProgramData)
    scpiLex_SuffixProgramData                0x0801cb1d   Thumb Code   104  lexer.o(i.scpiLex_SuffixProgramData)
    scpiLex_WhiteSpace                       0x0801cb85   Thumb Code    40  lexer.o(i.scpiLex_WhiteSpace)
    scpiParser_detectProgramMessageUnit      0x0801cbad   Thumb Code   190  parser.o(i.scpiParser_detectProgramMessageUnit)
    scpiParser_parseAllProgramData           0x0801cc6b   Thumb Code   122  parser.o(i.scpiParser_parseAllProgramData)
    scpiParser_parseProgramData              0x0801cce5   Thumb Code   142  parser.o(i.scpiParser_parseProgramData)
    skipWhitespace                           0x0801d117   Thumb Code    38  utils.o(i.skipWhitespace)
    strBaseToInt32                           0x0801d165   Thumb Code    22  utils.o(i.strBaseToInt32)
    strBaseToInt64                           0x0801d17b   Thumb Code    22  utils.o(i.strBaseToInt64)
    strBaseToUInt32                          0x0801d191   Thumb Code    22  utils.o(i.strBaseToUInt32)
    strBaseToUInt64                          0x0801d1a7   Thumb Code    22  utils.o(i.strBaseToUInt64)
    strToDouble                              0x0801d1bd   Thumb Code    22  utils.o(i.strToDouble)
    strToFloat                               0x0801d1d3   Thumb Code    22  utils.o(i.strToFloat)
    strnpbrk                                 0x0801d1e9   Thumb Code    42  utils.o(i.strnpbrk)
    strtod                                   0x0801d213   Thumb Code    28  strtod.o(i.strtod)
    strtof                                   0x0801d22f   Thumb Code    20  strtof.o(i.strtof)
    worke_mode                               0x0801d321   Thumb Code  1436  menu.o(i.worke_mode)
    scpi_commands                            0x0801d940   Data        1164  scpi-def.o(.constdata)
    scpi_bool_def                            0x0801de04   Data          24  parser.o(.constdata)
    scpi_units_def                           0x0801de28   Data         432  units.o(.constdata)
    scpi_special_numbers_def                 0x0801dfd8   Data          80  units.o(.constdata)
    __ctype_table                            0x0801e028   Data         129  ctype_o.o(.constdata)
    Region$$Table$$Base                      0x0801e754   Number         0  anon$$obj.o(Region$$Table)
    Region$$Table$$Limit                     0x0801e774   Number         0  anon$$obj.o(Region$$Table)
    ilow1                                    0x20000014   Data          36  main.o(.data)
    ilow2                                    0x20000038   Data          36  main.o(.data)
    ilow3                                    0x2000005c   Data          36  main.o(.data)
    ihigh2                                   0x20000080   Data          36  main.o(.data)
    ihigh3                                   0x200000a4   Data          36  main.o(.data)
    ihigh4                                   0x200000c8   Data          36  main.o(.data)
    vlowmax                                  0x200000ec   Data          36  main.o(.data)
    ilowmax                                  0x20000110   Data          36  main.o(.data)
    powermax                                 0x20000134   Data          36  main.o(.data)
    bootflag                                 0x20000158   Data           1  main.o(.data)
    flagA                                    0x2000015c   Data           4  main.o(.data)
    jump2app                                 0x20000160   Data           4  main.o(.data)
    flagB                                    0x20000164   Data           4  main.o(.data)
    flagC                                    0x20000168   Data           4  main.o(.data)
    UART1_Buffer_Rece_flag                   0x2000016c   Data           1  stm32f10x_it.o(.data)
    dynaflagA                                0x2000016d   Data           1  stm32f10x_it.o(.data)
    dynaflagB                                0x2000016e   Data           1  stm32f10x_it.o(.data)
    timecount                                0x20000170   Data           4  stm32f10x_it.o(.data)
    testcount                                0x20000174   Data           4  stm32f10x_it.o(.data)
    SystemCoreClock                          0x20000178   Data           4  system_stm32f10x.o(.data)
    AHBPrescTable                            0x2000017c   Data          16  system_stm32f10x.o(.data)
    NTC_value                                0x2000018e   Data           2  adc.o(.data)
    NTC1_value                               0x20000190   Data           2  adc.o(.data)
    Imon_value                               0x20000192   Data           2  adc.o(.data)
    Vmon_value                               0x20000194   Data           2  adc.o(.data)
    HSEStartUpStatus                         0x2000019d   Data           1  clock.o(.data)
    testflag                                 0x200001a0   Data           1  modbus.o(.data)
    dynaonflag                               0x200001a1   Data           1  modbus.o(.data)
    DAC_Flag                                 0x200001a2   Data           1  modbus.o(.data)
    catcount                                 0x200001a4   Data           2  modbus.o(.data)
    Contr_DACVlue                            0x200001a6   Data           2  modbus.o(.data)
    setcount                                 0x200001a8   Data           2  modbus.o(.data)
    Modify_A_READ                            0x200001ac   Data           4  modbus.o(.data)
    Modify_C_READ                            0x200001b0   Data           4  modbus.o(.data)
    Modify_A_ACT                             0x200001b4   Data           4  modbus.o(.data)
    Modify_B_READ                            0x200001b8   Data           4  modbus.o(.data)
    Modify_D_READ                            0x200001bc   Data           4  modbus.o(.data)
    Modify_B_ACT                             0x200001c0   Data           4  modbus.o(.data)
    var16                                    0x200001c4   Data           4  modbus.o(.data)
    var32a                                   0x200001c8   Data           4  modbus.o(.data)
    var32b                                   0x200001cc   Data           4  modbus.o(.data)
    var16a                                   0x200001d0   Data           4  modbus.o(.data)
    var32c                                   0x200001d4   Data           4  modbus.o(.data)
    var32d                                   0x200001d8   Data           4  modbus.o(.data)
    Transmit_BUFFERsize                      0x200001e8   Data           1  usart.o(.data)
    Baud                                     0x200001ec   Data           4  usart.o(.data)
    UART_Buffer_Size                         0x200001f0   Data           1  usart.o(.data)
    t_USART                                  0x200001f2   Data           2  usart.o(.data)
    VP_T                                     0x200001f4   Data           2  fan_pro.o(.data)
    IP_T                                     0x200001f6   Data           2  fan_pro.o(.data)
    PR_T1                                    0x200001f8   Data           2  fan_pro.o(.data)
    PR_T2                                    0x200001fa   Data           2  fan_pro.o(.data)
    PR_T3                                    0x200001fc   Data           2  fan_pro.o(.data)
    PR_T4                                    0x200001fe   Data           2  fan_pro.o(.data)
    powprtflag                               0x20000200   Data           4  fan_pro.o(.data)
    powprtcount                              0x20000204   Data           4  fan_pro.o(.data)
    Von_CONT                                 0x20000214   Data           1  menu.o(.data)
    oldmode                                  0x20000215   Data           1  menu.o(.data)
    ledmode                                  0x20000216   Data           1  menu.o(.data)
    SWDelay                                  0x20000218   Data           2  menu.o(.data)
    Imax                                     0x20000232   Data           2  ad7689.o(.data)
    trigger_source                           0x20000234   Data          32  scpi-def.o(.data)
    mode_source                              0x20000254   Data          64  scpi-def.o(.data)
    dynmode_source                           0x20000294   Data          32  scpi-def.o(.data)
    scpi_interface                           0x200002b4   Data          20  scpi-def.o(.data)
    ADC1_Buffer                              0x200002cc   Data         200  adc.o(.bss)
    ADC_NTC_Filt                             0x20000394   Data         100  adc.o(.bss)
    ADC_NTC1_Filt                            0x200003f8   Data         100  adc.o(.bss)
    CatchI                                   0x2000045c   Data         400  modbus.o(.bss)
    Correct_Parametet                        0x200005ec   Data         104  modbus.o(.bss)
    Correct_Strong                           0x20000654   Data         104  modbus.o(.bss)
    coefficient                              0x200006bc   Data          13  modbus.o(.bss)
    Run_Control                              0x200006cc   Data         220  modbus.o(.bss)
    Transition_Date                          0x200007a8   Data          40  modbus.o(.bss)
    UART_Buffer_Rece                         0x200007d0   Data         200  usart.o(.bss)
    UART_Buffer_Send                         0x20000898   Data         200  usart.o(.bss)
    UART_Buffer_Send1                        0x20000960   Data         200  usart.o(.bss)
    UART_Buffer_Rece1                        0x20000a28   Data         200  usart.o(.bss)
    AD7689_Buffer                            0x20000af0   Data          16  ad7689.o(.bss)
    Ad7689_Fit_Imon                          0x20000b00   Data         200  ad7689.o(.bss)
    Ad7689_Fit_Vmon                          0x20000bc8   Data         200  ad7689.o(.bss)
    END_Fit_Imon                             0x20000c90   Data          40  ad7689.o(.bss)
    scpi_input_buffer                        0x20000cb8   Data         256  scpi-def.o(.bss)
    scpi_error_queue_data                    0x20000db8   Data          34  scpi-def.o(.bss)
    scpi_context                             0x20000ddc   Data         152  scpi-def.o(.bss)
    __initial_sp                             0x20001678   Data           0  startup_stm32f10x_hd.o(STACK)



==============================================================================

Memory Map of the image

  Image Entry point : 0x08010131

  Load Region LR_IROM1 (Base: 0x08010000, Size: 0x0000ea40, Max: 0x00010000, ABSOLUTE, COMPRESSED[0x0000e884])

    Execution Region ER_IROM1 (Exec base: 0x08010000, Load base: 0x08010000, Size: 0x0000e774, Max: 0x00010000, ABSOLUTE)

    Exec Addr    Load Addr    Size         Type   Attr      Idx    E Section Name        Object

    0x08010000   0x08010000   0x00000130   Data   RO           19    RESET               startup_stm32f10x_hd.o
    0x08010130   0x08010130   0x00000000   Code   RO         5895  * .ARM.Collect$$$$00000000  mc_w.l(entry.o)
    0x08010130   0x08010130   0x00000004   Code   RO         6249    .ARM.Collect$$$$00000001  mc_w.l(entry2.o)
    0x08010134   0x08010134   0x00000004   Code   RO         6252    .ARM.Collect$$$$00000004  mc_w.l(entry5.o)
    0x08010138   0x08010138   0x00000000   Code   RO         6254    .ARM.Collect$$$$00000008  mc_w.l(entry7b.o)
    0x08010138   0x08010138   0x00000000   Code   RO         6256    .ARM.Collect$$$$0000000A  mc_w.l(entry8b.o)
    0x08010138   0x08010138   0x00000008   Code   RO         6257    .ARM.Collect$$$$0000000B  mc_w.l(entry9a.o)
    0x08010140   0x08010140   0x00000000   Code   RO         6259    .ARM.Collect$$$$0000000D  mc_w.l(entry10a.o)
    0x08010140   0x08010140   0x00000000   Code   RO         6261    .ARM.Collect$$$$0000000F  mc_w.l(entry11a.o)
    0x08010140   0x08010140   0x00000004   Code   RO         6250    .ARM.Collect$$$$00002712  mc_w.l(entry2.o)
    0x08010144   0x08010144   0x00000006   Code   RO         3074    .emb_text           main.o
    0x0801014a   0x0801014a   0x00000002   PAD
    0x0801014c   0x0801014c   0x00000024   Code   RO           20    .text               startup_stm32f10x_hd.o
    0x08010170   0x08010170   0x00000062   Code   RO         5898    .text               mc_w.l(uldiv.o)
    0x080101d2   0x080101d2   0x00000002   PAD
    0x080101d4   0x080101d4   0x00000008   Code   RO         5900    .text               mc_w.l(ctype_o.o)
    0x080101dc   0x080101dc   0x00000012   Code   RO         5922    .text               mc_w.l(isspace_o.o)
    0x080101ee   0x080101ee   0x00000040   Code   RO         5930    .text               mc_w.l(memmovea.o)
    0x0801022e   0x0801022e   0x00000024   Code   RO         5932    .text               mc_w.l(memseta.o)
    0x08010252   0x08010252   0x00000018   Code   RO         5934    .text               mc_w.l(strncpy.o)
    0x0801026a   0x0801026a   0x0000000e   Code   RO         5936    .text               mc_w.l(strlen.o)
    0x08010278   0x08010278   0x00000028   Code   RO         5938    .text               mc_w.l(strncat.o)
    0x080102a0   0x080102a0   0x00000032   Code   RO         5946    .text               mc_w.l(strncasecmp.o)
    0x080102d2   0x080102d2   0x00000070   Code   RO         6209    .text               mc_w.l(strtol.o)
    0x08010342   0x08010342   0x00000072   Code   RO         6211    .text               mc_w.l(strtoul.o)
    0x080103b4   0x080103b4   0x00000004   Code   RO         6213    .text               mc_w.l(strtoll.o)
    0x080103b8   0x080103b8   0x00000004   Code   RO         6215    .text               mc_w.l(strtoull.o)
    0x080103bc   0x080103bc   0x000000b0   Code   RO         6217    .text               mf_w.l(fadd.o)
    0x0801046c   0x0801046c   0x00000064   Code   RO         6219    .text               mf_w.l(fmul.o)
    0x080104d0   0x080104d0   0x0000007c   Code   RO         6221    .text               mf_w.l(fdiv.o)
    0x0801054c   0x0801054c   0x0000014e   Code   RO         6223    .text               mf_w.l(dadd.o)
    0x0801069a   0x0801069a   0x000000e4   Code   RO         6225    .text               mf_w.l(dmul.o)
    0x0801077e   0x0801077e   0x000000de   Code   RO         6227    .text               mf_w.l(ddiv.o)
    0x0801085c   0x0801085c   0x0000000a   Code   RO         6229    .text               mf_w.l(ffltui.o)
    0x08010866   0x08010866   0x0000001a   Code   RO         6231    .text               mf_w.l(dfltui.o)
    0x08010880   0x08010880   0x00000018   Code   RO         6233    .text               mf_w.l(dfltul.o)
    0x08010898   0x08010898   0x00000028   Code   RO         6235    .text               mf_w.l(ffixui.o)
    0x080108c0   0x080108c0   0x00000032   Code   RO         6239    .text               mf_w.l(dfixui.o)
    0x080108f2   0x080108f2   0x00000026   Code   RO         6241    .text               mf_w.l(f2d.o)
    0x08010918   0x08010918   0x00000030   Code   RO         6243    .text               mf_w.l(cdcmple.o)
    0x08010948   0x08010948   0x00000030   Code   RO         6245    .text               mf_w.l(cdrcmple.o)
    0x08010978   0x08010978   0x00000014   Code   RO         6247    .text               mf_w.l(cfrcmple.o)
    0x0801098c   0x0801098c   0x0000002c   Code   RO         6263    .text               mc_w.l(uidiv.o)
    0x080109b8   0x080109b8   0x0000001e   Code   RO         6265    .text               mc_w.l(llshl.o)
    0x080109d6   0x080109d6   0x00000020   Code   RO         6267    .text               mc_w.l(llushr.o)
    0x080109f6   0x080109f6   0x00000024   Code   RO         6269    .text               mc_w.l(llsshr.o)
    0x08010a1a   0x08010a1a   0x0000000c   Code   RO         6271    .text               mc_w.l(tolower.o)
    0x08010a26   0x08010a26   0x0000009e   Code   RO         6280    .text               mc_w.l(_strtoul.o)
    0x08010ac4   0x08010ac4   0x0000009c   Code   RO         6282    .text               mc_w.l(strtod.o)
    0x08010b60   0x08010b60   0x0000001a   Code   RO         6284    .text               mc_w.l(strtof.o)
    0x08010b7a   0x08010b7a   0x00000090   Code   RO         6286    .text               mc_w.l(__strtoll.o)
    0x08010c0a   0x08010c0a   0x0000007c   Code   RO         6288    .text               mc_w.l(__strtoull.o)
    0x08010c86   0x08010c86   0x00000000   Code   RO         6290    .text               mc_w.l(iusefp.o)
    0x08010c86   0x08010c86   0x0000006e   Code   RO         6291    .text               mf_w.l(fepilogue.o)
    0x08010cf4   0x08010cf4   0x000000ba   Code   RO         6293    .text               mf_w.l(depilogue.o)
    0x08010dae   0x08010dae   0x0000002e   Code   RO         6295    .text               mf_w.l(dscalb.o)
    0x08010ddc   0x08010ddc   0x00000030   Code   RO         6297    .text               mf_w.l(dfixul.o)
    0x08010e0c   0x08010e0c   0x00000024   Code   RO         6305    .text               mc_w.l(init.o)
    0x08010e30   0x08010e30   0x0000001c   Code   RO         6309    .text               mc_w.l(_chval.o)
    0x08010e4c   0x08010e4c   0x00000360   Code   RO         6311    .text               mc_w.l(scanf_fp.o)
    0x080111ac   0x080111ac   0x00000040   Code   RO         6315    .text               mc_w.l(_sgetc.o)
    0x080111ec   0x080111ec   0x000000c2   Code   RO         6317    .text               mc_w.l(_strtoull.o)
    0x080112ae   0x080112ae   0x00000038   Code   RO         6322    .text               mf_w.l(d2f.o)
    0x080112e6   0x080112e6   0x00000004   Code   RO         6324    .text               mf_w.l(fpstat.o)
    0x080112ea   0x080112ea   0x00000056   Code   RO         6334    .text               mc_w.l(__dczerorl2.o)
    0x08011340   0x08011340   0x00000024   Code   RO         3594    i.AD5541_GPIOCoing  dac.o
    0x08011364   0x08011364   0x000000b8   Code   RO         3595    i.AD5541_Send       dac.o
    0x0801141c   0x0801141c   0x0000001c   Code   RO         4046    i.AD7689_Delay      ad7689.o
    0x08011438   0x08011438   0x000000c4   Code   RO         4048    i.AD7689_InitializeSPI2  ad7689.o
    0x080114fc   0x080114fc   0x00000170   Code   RO         4049    i.AD7689_Scan_CH    ad7689.o
    0x0801166c   0x0801166c   0x0000003c   Code   RO         4050    i.AD7689_TransferByte  ad7689.o
    0x080116a8   0x080116a8   0x00000124   Code   RO         3421    i.ADC1_DMA_Init     adc.o
    0x080117cc   0x080117cc   0x000000c4   Code   RO         3422    i.ADC_CH_Scan       adc.o
    0x08011890   0x08011890   0x00000018   Code   RO          149    i.ADC_Cmd           stm32f10x_adc.o
    0x080118a8   0x080118a8   0x00000018   Code   RO          150    i.ADC_DMACmd        stm32f10x_adc.o
    0x080118c0   0x080118c0   0x00000064   Code   RO          151    i.ADC_DeInit        stm32f10x_adc.o
    0x08011924   0x08011924   0x0000000e   Code   RO          157    i.ADC_GetCalibrationStatus  stm32f10x_adc.o
    0x08011932   0x08011932   0x0000000e   Code   RO          163    i.ADC_GetResetCalibrationStatus  stm32f10x_adc.o
    0x08011940   0x08011940   0x00000048   Code   RO          167    i.ADC_Init          stm32f10x_adc.o
    0x08011988   0x08011988   0x00000074   Code   RO          171    i.ADC_RegularChannelConfig  stm32f10x_adc.o
    0x080119fc   0x080119fc   0x0000000a   Code   RO          172    i.ADC_ResetCalibration  stm32f10x_adc.o
    0x08011a06   0x08011a06   0x00000018   Code   RO          174    i.ADC_SoftwareStartConvCmd  stm32f10x_adc.o
    0x08011a1e   0x08011a1e   0x0000000a   Code   RO          176    i.ADC_StartCalibration  stm32f10x_adc.o
    0x08011a28   0x08011a28   0x000002bc   Code   RO         3971    i.All_protect       fan_pro.o
    0x08011ce4   0x08011ce4   0x00000016   Code   RO         5675    i.BSD_strnlen       utils.o
    0x08011cfa   0x08011cfa   0x00000002   PAD
    0x08011cfc   0x08011cfc   0x000000d4   Code   RO         3787    i.Bias_Correction   modbus.o
    0x08011dd0   0x08011dd0   0x00000058   Code   RO         3788    i.Bias_Para         modbus.o
    0x08011e28   0x08011e28   0x00000002   Code   RO         3280    i.BusFault_Handler  stm32f10x_it.o
    0x08011e2a   0x08011e2a   0x00000002   PAD
    0x08011e2c   0x08011e2c   0x00000028   Code   RO         4106    i.CCQ               scpi-def.o
    0x08011e54   0x08011e54   0x00000040   Code   RO         4107    i.CCSET             scpi-def.o
    0x08011e94   0x08011e94   0x00000028   Code   RO         4108    i.CPQ               scpi-def.o
    0x08011ebc   0x08011ebc   0x00000028   Code   RO         4109    i.CPROTECTQ         scpi-def.o
    0x08011ee4   0x08011ee4   0x00000040   Code   RO         4110    i.CPROTECTSET       scpi-def.o
    0x08011f24   0x08011f24   0x00000040   Code   RO         4111    i.CPSET             scpi-def.o
    0x08011f64   0x08011f64   0x00000028   Code   RO         4112    i.CRQ               scpi-def.o
    0x08011f8c   0x08011f8c   0x00000040   Code   RO         4113    i.CRSET             scpi-def.o
    0x08011fcc   0x08011fcc   0x00000048   Code   RO         4114    i.CURRENTQ          scpi-def.o
    0x08012014   0x08012014   0x00000028   Code   RO         4115    i.CVQ               scpi-def.o
    0x0801203c   0x0801203c   0x00000040   Code   RO         4116    i.CVSET             scpi-def.o
    0x0801207c   0x0801207c   0x00000020   Code   RO         3423    i.DAM1_ADC_NVIC     adc.o
    0x0801209c   0x0801209c   0x00000014   Code   RO         3281    i.DMA1_Channel1_IRQHandler  stm32f10x_it.o
    0x080120b0   0x080120b0   0x00000018   Code   RO         3282    i.DMA1_Channel2_IRQHandler  stm32f10x_it.o
    0x080120c8   0x080120c8   0x00000018   Code   RO          833    i.DMA_ClearITPendingBit  stm32f10x_dma.o
    0x080120e0   0x080120e0   0x0000001a   Code   RO          834    i.DMA_Cmd           stm32f10x_dma.o
    0x080120fa   0x080120fa   0x00000002   PAD
    0x080120fc   0x080120fc   0x000000f8   Code   RO          835    i.DMA_DeInit        stm32f10x_dma.o
    0x080121f4   0x080121f4   0x00000014   Code   RO          839    i.DMA_ITConfig      stm32f10x_dma.o
    0x08012208   0x08012208   0x0000003a   Code   RO          840    i.DMA_Init          stm32f10x_dma.o
    0x08012242   0x08012242   0x00000026   Code   RO         4117    i.DMM_ConfigureVoltageDc  scpi-def.o
    0x08012268   0x08012268   0x00000050   Code   RO         4118    i.DMM_MeasureVoltageAcQ  scpi-def.o
    0x080122b8   0x080122b8   0x00000028   Code   RO         4119    i.DYNHDQ            scpi-def.o
    0x080122e0   0x080122e0   0x00000044   Code   RO         4120    i.DYNHDSET          scpi-def.o
    0x08012324   0x08012324   0x00000028   Code   RO         4121    i.DYNHQ             scpi-def.o
    0x0801234c   0x0801234c   0x00000044   Code   RO         4122    i.DYNHSET           scpi-def.o
    0x08012390   0x08012390   0x00000028   Code   RO         4123    i.DYNLDQ            scpi-def.o
    0x080123b8   0x080123b8   0x00000044   Code   RO         4124    i.DYNLDSET          scpi-def.o
    0x080123fc   0x080123fc   0x00000028   Code   RO         4125    i.DYNLQ             scpi-def.o
    0x08012424   0x08012424   0x00000044   Code   RO         4126    i.DYNLSET           scpi-def.o
    0x08012468   0x08012468   0x00000028   Code   RO         4127    i.DYNMODEQ          scpi-def.o
    0x08012490   0x08012490   0x0000003c   Code   RO         4128    i.DYNMODESET        scpi-def.o
    0x080124cc   0x080124cc   0x00000028   Code   RO         4129    i.DYNSLEWFQ         scpi-def.o
    0x080124f4   0x080124f4   0x00000044   Code   RO         4130    i.DYNSLEWFSET       scpi-def.o
    0x08012538   0x08012538   0x00000028   Code   RO         4131    i.DYNSLEWQ          scpi-def.o
    0x08012560   0x08012560   0x00000028   Code   RO         4132    i.DYNSLEWRQ         scpi-def.o
    0x08012588   0x08012588   0x00000044   Code   RO         4133    i.DYNSLEWRSET       scpi-def.o
    0x080125cc   0x080125cc   0x00000044   Code   RO         4134    i.DYNSLEWSET        scpi-def.o
    0x08012610   0x08012610   0x00000002   Code   RO         3283    i.DebugMon_Handler  stm32f10x_it.o
    0x08012612   0x08012612   0x00000002   PAD
    0x08012614   0x08012614   0x00000050   Code   RO         3525    i.EEPROM_READ_Byte  at24c01.o
    0x08012664   0x08012664   0x00000d74   Code   RO         3612    i.EEPROM_READ_Coeff  flash.o
    0x080133d8   0x080133d8   0x0000006a   Code   RO         3526    i.EEPROM_WriteByte  at24c01.o
    0x08013442   0x08013442   0x00000002   PAD
    0x08013444   0x08013444   0x00000018   Code   RO          975    i.FLASH_PrefetchBufferCmd  stm32f10x_flash.o
    0x0801345c   0x0801345c   0x00000014   Code   RO          980    i.FLASH_SetLatency  stm32f10x_flash.o
    0x08013470   0x08013470   0x00000ca8   Code   RO         3613    i.Flash_Write_all   flash.o
    0x08014118   0x08014118   0x00000016   Code   RO         1252    i.GPIO_AFIODeInit   stm32f10x_gpio.o
    0x0801412e   0x0801412e   0x00000002   PAD
    0x08014130   0x08014130   0x0000009c   Code   RO         3674    i.GPIO_Conf         gpio.o
    0x080141cc   0x080141cc   0x000000d8   Code   RO         1253    i.GPIO_DeInit       stm32f10x_gpio.o
    0x080142a4   0x080142a4   0x000000a6   Code   RO         1258    i.GPIO_Init         stm32f10x_gpio.o
    0x0801434a   0x0801434a   0x00000002   PAD
    0x0801434c   0x0801434c   0x0000005c   Code   RO         1260    i.GPIO_PinRemapConfig  stm32f10x_gpio.o
    0x080143a8   0x080143a8   0x0000000e   Code   RO         1262    i.GPIO_ReadInputDataBit  stm32f10x_gpio.o
    0x080143b6   0x080143b6   0x00000004   Code   RO         1265    i.GPIO_ResetBits    stm32f10x_gpio.o
    0x080143ba   0x080143ba   0x00000004   Code   RO         1266    i.GPIO_SetBits      stm32f10x_gpio.o
    0x080143be   0x080143be   0x00000002   Code   RO         3284    i.HardFault_Handler  stm32f10x_it.o
    0x080143c0   0x080143c0   0x00000072   Code   RO         3789    i.Hardware_CRC      modbus.o
    0x08014432   0x08014432   0x00000002   PAD
    0x08014434   0x08014434   0x0000001c   Code   RO         4135    i.INPUTQ            scpi-def.o
    0x08014450   0x08014450   0x00000034   Code   RO         4136    i.INPUTSET          scpi-def.o
    0x08014484   0x08014484   0x0000001c   Code   RO         4137    i.IRANGEQ           scpi-def.o
    0x080144a0   0x080144a0   0x00000034   Code   RO         4138    i.IRANGESET         scpi-def.o
    0x080144d4   0x080144d4   0x00000028   Code   RO         4139    i.ISLEWFQ           scpi-def.o
    0x080144fc   0x080144fc   0x00000044   Code   RO         4140    i.ISLEWFSET         scpi-def.o
    0x08014540   0x08014540   0x00000028   Code   RO         4141    i.ISLEWQ            scpi-def.o
    0x08014568   0x08014568   0x00000028   Code   RO         4142    i.ISLEWRQ           scpi-def.o
    0x08014590   0x08014590   0x00000040   Code   RO         4143    i.ISLEWRSET         scpi-def.o
    0x080145d0   0x080145d0   0x00000044   Code   RO         4144    i.ISLEWSET          scpi-def.o
    0x08014614   0x08014614   0x00000010   Code   RO         1570    i.IWDG_Enable       stm32f10x_iwdg.o
    0x08014624   0x08014624   0x00000022   Code   RO         3751    i.IWDG_Inte         iwdg.o
    0x08014646   0x08014646   0x00000002   PAD
    0x08014648   0x08014648   0x00000010   Code   RO         1572    i.IWDG_ReloadCounter  stm32f10x_iwdg.o
    0x08014658   0x08014658   0x0000000c   Code   RO         1573    i.IWDG_SetPrescaler  stm32f10x_iwdg.o
    0x08014664   0x08014664   0x0000000c   Code   RO         1574    i.IWDG_SetReload    stm32f10x_iwdg.o
    0x08014670   0x08014670   0x0000000c   Code   RO         1575    i.IWDG_WriteAccessCmd  stm32f10x_iwdg.o
    0x0801467c   0x0801467c   0x000000f0   Code   RO         3998    i.I_SW_COTNR        menu.o
    0x0801476c   0x0801476c   0x00000028   Code   RO         4145    i.MODEQ             scpi-def.o
    0x08014794   0x08014794   0x00000038   Code   RO         4146    i.MODESET           scpi-def.o
    0x080147cc   0x080147cc   0x00000002   Code   RO         3285    i.MemManage_Handler  stm32f10x_it.o
    0x080147ce   0x080147ce   0x0000000c   Code   RO         4147    i.My_CoreTstQ       scpi-def.o
    0x080147da   0x080147da   0x00000002   Code   RO         3286    i.NMI_Handler       stm32f10x_it.o
    0x080147dc   0x080147dc   0x00000064   Code   RO           24    i.NVIC_Init         misc.o
    0x08014840   0x08014840   0x00000014   Code   RO           25    i.NVIC_PriorityGroupConfig  misc.o
    0x08014854   0x08014854   0x00000014   Code   RO           26    i.NVIC_SetVectorTable  misc.o
    0x08014868   0x08014868   0x00000028   Code   RO         4148    i.POWERQ            scpi-def.o
    0x08014890   0x08014890   0x00000028   Code   RO         4149    i.PPROTECTQ         scpi-def.o
    0x080148b8   0x080148b8   0x00000040   Code   RO         4150    i.PPROTECTSET       scpi-def.o
    0x080148f8   0x080148f8   0x00000088   Code   RO         5159    i.ParamSignToUInt32  parser.o
    0x08014980   0x08014980   0x00000088   Code   RO         5160    i.ParamSignToUInt64  parser.o
    0x08014a08   0x08014a08   0x00000068   Code   RO         5161    i.ParamSignUInt32   parser.o
    0x08014a70   0x08014a70   0x00000014   Code   RO         1672    i.RCC_ADCCLKConfig  stm32f10x_rcc.o
    0x08014a84   0x08014a84   0x0000001c   Code   RO         1673    i.RCC_AHBPeriphClockCmd  stm32f10x_rcc.o
    0x08014aa0   0x08014aa0   0x0000001c   Code   RO         1674    i.RCC_APB1PeriphClockCmd  stm32f10x_rcc.o
    0x08014abc   0x08014abc   0x0000001c   Code   RO         1676    i.RCC_APB2PeriphClockCmd  stm32f10x_rcc.o
    0x08014ad8   0x08014ad8   0x0000001c   Code   RO         1677    i.RCC_APB2PeriphResetCmd  stm32f10x_rcc.o
    0x08014af4   0x08014af4   0x0000006c   Code   RO         3575    i.RCC_Configuration  clock.o
    0x08014b60   0x08014b60   0x00000040   Code   RO         1683    i.RCC_DeInit        stm32f10x_rcc.o
    0x08014ba0   0x08014ba0   0x000000ac   Code   RO         1684    i.RCC_GetClocksFreq  stm32f10x_rcc.o
    0x08014c4c   0x08014c4c   0x00000030   Code   RO         1685    i.RCC_GetFlagStatus  stm32f10x_rcc.o
    0x08014c7c   0x08014c7c   0x00000010   Code   RO         1687    i.RCC_GetSYSCLKSource  stm32f10x_rcc.o
    0x08014c8c   0x08014c8c   0x00000014   Code   RO         1688    i.RCC_HCLKConfig    stm32f10x_rcc.o
    0x08014ca0   0x08014ca0   0x00000038   Code   RO         1689    i.RCC_HSEConfig     stm32f10x_rcc.o
    0x08014cd8   0x08014cd8   0x00000014   Code   RO         1695    i.RCC_PCLK1Config   stm32f10x_rcc.o
    0x08014cec   0x08014cec   0x00000014   Code   RO         1696    i.RCC_PCLK2Config   stm32f10x_rcc.o
    0x08014d00   0x08014d00   0x0000000c   Code   RO         1697    i.RCC_PLLCmd        stm32f10x_rcc.o
    0x08014d0c   0x08014d0c   0x00000014   Code   RO         1698    i.RCC_PLLConfig     stm32f10x_rcc.o
    0x08014d20   0x08014d20   0x00000014   Code   RO         1701    i.RCC_SYSCLKConfig  stm32f10x_rcc.o
    0x08014d34   0x08014d34   0x00000030   Code   RO         1703    i.RCC_WaitForHSEStartUp  stm32f10x_rcc.o
    0x08014d64   0x08014d64   0x0000001c   Code   RO         4151    i.REMOTEQ           scpi-def.o
    0x08014d80   0x08014d80   0x00000034   Code   RO         4152    i.REMOTESET         scpi-def.o
    0x08014db4   0x08014db4   0x00000028   Code   RO         4153    i.RESQ              scpi-def.o
    0x08014ddc   0x08014ddc   0x00000028   Code   RO         5163    i.SCPI_ChoiceToName  parser.o
    0x08014e04   0x08014e04   0x00000018   Code   RO         5165    i.SCPI_CommandNumbers  parser.o
    0x08014e1c   0x08014e1c   0x00000028   Code   RO         4659    i.SCPI_CoreCls      ieee488.o
    0x08014e44   0x08014e44   0x00000026   Code   RO         4660    i.SCPI_CoreEse      ieee488.o
    0x08014e6a   0x08014e6a   0x00000018   Code   RO         4661    i.SCPI_CoreEseQ     ieee488.o
    0x08014e82   0x08014e82   0x00000022   Code   RO         4662    i.SCPI_CoreEsrQ     ieee488.o
    0x08014ea4   0x08014ea4   0x0000003c   Code   RO         4663    i.SCPI_CoreIdnQ     ieee488.o
    0x08014ee0   0x08014ee0   0x0000000e   Code   RO         4664    i.SCPI_CoreOpc      ieee488.o
    0x08014eee   0x08014eee   0x0000000c   Code   RO         4665    i.SCPI_CoreOpcQ     ieee488.o
    0x08014efa   0x08014efa   0x00000012   Code   RO         4666    i.SCPI_CoreRst      ieee488.o
    0x08014f0c   0x08014f0c   0x00000026   Code   RO         4667    i.SCPI_CoreSre      ieee488.o
    0x08014f32   0x08014f32   0x00000018   Code   RO         4668    i.SCPI_CoreSreQ     ieee488.o
    0x08014f4a   0x08014f4a   0x00000018   Code   RO         4669    i.SCPI_CoreStbQ     ieee488.o
    0x08014f62   0x08014f62   0x00000004   Code   RO         4671    i.SCPI_CoreWai      ieee488.o
    0x08014f66   0x08014f66   0x00000002   PAD
    0x08014f68   0x08014f68   0x00000024   Code   RO         5676    i.SCPI_DoubleToStr  utils.o
    0x08014f8c   0x08014f8c   0x0000002e   Code   RO         4467    i.SCPI_ErrorAddInternal  error.o
    0x08014fba   0x08014fba   0x00000016   Code   RO         4468    i.SCPI_ErrorClear   error.o
    0x08014fd0   0x08014fd0   0x00000014   Code   RO         4469    i.SCPI_ErrorCount   error.o
    0x08014fe4   0x08014fe4   0x00000028   Code   RO         4470    i.SCPI_ErrorEmit    error.o
    0x0801500c   0x0801500c   0x0000003c   Code   RO         4471    i.SCPI_ErrorEmitEmpty  error.o
    0x08015048   0x08015048   0x00000006   Code   RO         4472    i.SCPI_ErrorInit    error.o
    0x0801504e   0x0801504e   0x00000024   Code   RO         4473    i.SCPI_ErrorPop     error.o
    0x08015072   0x08015072   0x00000008   Code   RO         4474    i.SCPI_ErrorPush    error.o
    0x0801507a   0x0801507a   0x00000002   PAD
    0x0801507c   0x0801507c   0x00000084   Code   RO         4475    i.SCPI_ErrorPushEx  error.o
    0x08015100   0x08015100   0x000001e8   Code   RO         4476    i.SCPI_ErrorTranslate  error.o
    0x080152e8   0x080152e8   0x00000008   Code   RO         4672    i.SCPI_EventClear   ieee488.o
    0x080152f0   0x080152f0   0x000000f0   Code   RO         4538    i.SCPI_ExprChannelListEntry  expression.o
    0x080153e0   0x080153e0   0x00000028   Code   RO         5677    i.SCPI_FloatToStr   utils.o
    0x08015408   0x08015408   0x0000004c   Code   RO         5166    i.SCPI_Init         parser.o
    0x08015454   0x08015454   0x000000b6   Code   RO         5167    i.SCPI_Input        parser.o
    0x0801550a   0x0801550a   0x00000002   PAD
    0x0801550c   0x0801550c   0x0000009c   Code   RO         5633    i.SCPI_NumberToStr  units.o
    0x080155a8   0x080155a8   0x0000004c   Code   RO         5170    i.SCPI_ParamArbitraryBlock  parser.o
    0x080155f4   0x080155f4   0x00000064   Code   RO         5177    i.SCPI_ParamBool    parser.o
    0x08015658   0x08015658   0x0000003c   Code   RO         5179    i.SCPI_ParamChoice  parser.o
    0x08015694   0x08015694   0x00000090   Code   RO         5180    i.SCPI_ParamCopyText  parser.o
    0x08015724   0x08015724   0x00000064   Code   RO         5181    i.SCPI_ParamDouble  parser.o
    0x08015788   0x08015788   0x00000064   Code   RO         5183    i.SCPI_ParamFloat   parser.o
    0x080157ec   0x080157ec   0x00000006   Code   RO         5184    i.SCPI_ParamInt32   parser.o
    0x080157f2   0x080157f2   0x0000001e   Code   RO         5186    i.SCPI_ParamIsNumber  parser.o
    0x08015810   0x08015810   0x00000120   Code   RO         5634    i.SCPI_ParamNumber  units.o
    0x08015930   0x08015930   0x00000084   Code   RO         5188    i.SCPI_ParamToChoice  parser.o
    0x080159b4   0x080159b4   0x00000054   Code   RO         5189    i.SCPI_ParamToDouble  parser.o
    0x08015a08   0x08015a08   0x00000054   Code   RO         5190    i.SCPI_ParamToFloat  parser.o
    0x08015a5c   0x08015a5c   0x00000006   Code   RO         5191    i.SCPI_ParamToInt32  parser.o
    0x08015a62   0x08015a62   0x00000006   Code   RO         5193    i.SCPI_ParamToUInt32  parser.o
    0x08015a68   0x08015a68   0x00000006   Code   RO         5194    i.SCPI_ParamToUInt64  parser.o
    0x08015a6e   0x08015a6e   0x00000006   Code   RO         5195    i.SCPI_ParamUInt32  parser.o
    0x08015a74   0x08015a74   0x000000b4   Code   RO         5197    i.SCPI_Parameter    parser.o
    0x08015b28   0x08015b28   0x000000d4   Code   RO         5198    i.SCPI_Parse        parser.o
    0x08015bfc   0x08015bfc   0x0000001e   Code   RO         4673    i.SCPI_RegClearBits  ieee488.o
    0x08015c1a   0x08015c1a   0x00000014   Code   RO         4674    i.SCPI_RegGet       ieee488.o
    0x08015c2e   0x08015c2e   0x000000e0   Code   RO         4675    i.SCPI_RegSet       ieee488.o
    0x08015d0e   0x08015d0e   0x0000001c   Code   RO         4676    i.SCPI_RegSetBits   ieee488.o
    0x08015d2a   0x08015d2a   0x00000024   Code   RO         5199    i.SCPI_ResultArbitraryBlock  parser.o
    0x08015d4e   0x08015d4e   0x00000002   PAD
    0x08015d50   0x08015d50   0x00000030   Code   RO         5200    i.SCPI_ResultArbitraryBlockData  parser.o
    0x08015d80   0x08015d80   0x00000038   Code   RO         5201    i.SCPI_ResultArbitraryBlockHeader  parser.o
    0x08015db8   0x08015db8   0x00000028   Code   RO         5213    i.SCPI_ResultCharacters  parser.o
    0x08015de0   0x08015de0   0x00000032   Code   RO         5214    i.SCPI_ResultDouble  parser.o
    0x08015e12   0x08015e12   0x00000002   PAD
    0x08015e14   0x08015e14   0x000000fc   Code   RO         5215    i.SCPI_ResultError  parser.o
    0x08015f10   0x08015f10   0x00000030   Code   RO         5216    i.SCPI_ResultFloat  parser.o
    0x08015f40   0x08015f40   0x00000008   Code   RO         5217    i.SCPI_ResultInt32  parser.o
    0x08015f48   0x08015f48   0x0000000e   Code   RO         5073    i.SCPI_StatusPreset  minimal.o
    0x08015f56   0x08015f56   0x00000020   Code   RO         5075    i.SCPI_StatusQuestionableEnable  minimal.o
    0x08015f76   0x08015f76   0x00000018   Code   RO         5076    i.SCPI_StatusQuestionableEnableQ  minimal.o
    0x08015f8e   0x08015f8e   0x00000022   Code   RO         5077    i.SCPI_StatusQuestionableEventQ  minimal.o
    0x08015fb0   0x08015fb0   0x0000000c   Code   RO         5079    i.SCPI_StubQ        minimal.o
    0x08015fbc   0x08015fbc   0x00000016   Code   RO         5080    i.SCPI_SystemErrorCountQ  minimal.o
    0x08015fd2   0x08015fd2   0x00000018   Code   RO         5081    i.SCPI_SystemErrorNextQ  minimal.o
    0x08015fea   0x08015fea   0x00000002   PAD
    0x08015fec   0x08015fec   0x00000018   Code   RO         5082    i.SCPI_SystemVersionQ  minimal.o
    0x08016004   0x08016004   0x0000000c   Code   RO         5684    i.SCPI_UInt32ToStrBase  utils.o
    0x08016010   0x08016010   0x00000038   Code   RO         3080    i.SCPI_Write        main.o
    0x08016048   0x08016048   0x00000060   Code   RO         4051    i.SPI_AD7689_Read   ad7689.o
    0x080160a8   0x080160a8   0x00000018   Code   RO         2153    i.SPI_Cmd           stm32f10x_spi.o
    0x080160c0   0x080160c0   0x0000000e   Code   RO         2161    i.SPI_I2S_GetFlagStatus  stm32f10x_spi.o
    0x080160ce   0x080160ce   0x00000004   Code   RO         2164    i.SPI_I2S_ReceiveData  stm32f10x_spi.o
    0x080160d2   0x080160d2   0x00000004   Code   RO         2165    i.SPI_I2S_SendData  stm32f10x_spi.o
    0x080160d6   0x080160d6   0x00000038   Code   RO         2166    i.SPI_Init          stm32f10x_spi.o
    0x0801610e   0x0801610e   0x00000002   Code   RO         3287    i.SVC_Handler       stm32f10x_it.o
    0x08016110   0x08016110   0x00000020   Code   RO         4000    i.Sence_SW_CONT     menu.o
    0x08016130   0x08016130   0x00000004   Code   RO         3387    i.SetSysClock       system_stm32f10x.o
    0x08016134   0x08016134   0x000000b0   Code   RO         3388    i.SetSysClockTo72   system_stm32f10x.o
    0x080161e4   0x080161e4   0x00000038   Code   RO         3288    i.SysTick_Handler   stm32f10x_it.o
    0x0801621c   0x0801621c   0x00000048   Code   RO         3492    i.SysTick_Init      bsp_systick.o
    0x08016264   0x08016264   0x00000054   Code   RO         3390    i.SystemInit        system_stm32f10x.o
    0x080162b8   0x080162b8   0x00000020   Code   RO         4154    i.TEST_ArbQ         scpi-def.o
    0x080162d8   0x080162d8   0x00000016   Code   RO         4155    i.TEST_Bool         scpi-def.o
    0x080162ee   0x080162ee   0x0000015e   Code   RO         4156    i.TEST_Chanlst      scpi-def.o
    0x0801644c   0x0801644c   0x00000034   Code   RO         4157    i.TEST_ChoiceQ      scpi-def.o
    0x08016480   0x08016480   0x00000010   Code   RO         4158    i.TEST_Numbers      scpi-def.o
    0x08016490   0x08016490   0x0000001e   Code   RO         4159    i.TEST_Text         scpi-def.o
    0x080164ae   0x080164ae   0x00000002   PAD
    0x080164b0   0x080164b0   0x000000e8   Code   RO         3289    i.TIM4_IRQHandler   stm32f10x_it.o
    0x08016598   0x08016598   0x00000048   Code   RO         3860    i.TIM6_Config       tim6.o
    0x080165e0   0x080165e0   0x0000001e   Code   RO         3861    i.TIM6_NVIC_Config  tim6.o
    0x080165fe   0x080165fe   0x00000006   Code   RO         2303    i.TIM_ClearITPendingBit  stm32f10x_tim.o
    0x08016604   0x08016604   0x00000018   Code   RO         2308    i.TIM_Cmd           stm32f10x_tim.o
    0x0801661c   0x0801661c   0x00000014   Code   RO         2333    i.TIM_ITConfig      stm32f10x_tim.o
    0x08016630   0x08016630   0x0000009c   Code   RO         2379    i.TIM_TimeBaseInit  stm32f10x_tim.o
    0x080166cc   0x080166cc   0x00000050   Code   RO         3972    i.Temp_Comapre      fan_pro.o
    0x0801671c   0x0801671c   0x00000014   Code   RO         3493    i.TimingDelay_Decrement  bsp_systick.o
    0x08016730   0x08016730   0x00001df8   Code   RO         3791    i.Transformation_ADC  modbus.o
    0x08018528   0x08018528   0x000003f8   Code   RO         3792    i.UART1_Action      modbus.o
    0x08018920   0x08018920   0x00000058   Code   RO         3879    i.UART1_Send        usart.o
    0x08018978   0x08018978   0x00000058   Code   RO         3880    i.UART2_Send        usart.o
    0x080189d0   0x080189d0   0x000003f0   Code   RO         3793    i.UART3_Action      modbus.o
    0x08018dc0   0x08018dc0   0x00000058   Code   RO         3881    i.UART3_Send        usart.o
    0x08018e18   0x08018e18   0x00001620   Code   RO         3794    i.UART_Action       modbus.o
    0x0801a438   0x0801a438   0x000000c8   Code   RO         5687    i.UInt32ToStrBaseSign  utils.o
    0x0801a500   0x0801a500   0x000001e4   Code   RO         3290    i.USART1_IRQHandler  stm32f10x_it.o
    0x0801a6e4   0x0801a6e4   0x0000005e   Code   RO         3882    i.USART1_NVIC_Config  usart.o
    0x0801a742   0x0801a742   0x00000002   PAD
    0x0801a744   0x0801a744   0x00000094   Code   RO         3883    i.USART2_Configuration  usart.o
    0x0801a7d8   0x0801a7d8   0x0000017c   Code   RO         3291    i.USART2_IRQHandler  stm32f10x_it.o
    0x0801a954   0x0801a954   0x00000098   Code   RO         3884    i.USART3_Configuration  usart.o
    0x0801a9ec   0x0801a9ec   0x0000017c   Code   RO         3292    i.USART3_IRQHandler  stm32f10x_it.o
    0x0801ab68   0x0801ab68   0x00000008   Code   RO         2840    i.USART_ClearFlag   stm32f10x_usart.o
    0x0801ab70   0x0801ab70   0x00000010   Code   RO         2841    i.USART_ClearITPendingBit  stm32f10x_usart.o
    0x0801ab80   0x0801ab80   0x00000018   Code   RO         2844    i.USART_Cmd         stm32f10x_usart.o
    0x0801ab98   0x0801ab98   0x000000a8   Code   RO         3885    i.USART_Configuration  usart.o
    0x0801ac40   0x0801ac40   0x0000000e   Code   RO         2847    i.USART_GetFlagStatus  stm32f10x_usart.o
    0x0801ac4e   0x0801ac4e   0x00000040   Code   RO         2848    i.USART_GetITStatus  stm32f10x_usart.o
    0x0801ac8e   0x0801ac8e   0x00000036   Code   RO         2850    i.USART_ITConfig    stm32f10x_usart.o
    0x0801acc4   0x0801acc4   0x000000bc   Code   RO         2851    i.USART_Init        stm32f10x_usart.o
    0x0801ad80   0x0801ad80   0x00000008   Code   RO         2858    i.USART_ReceiveData  stm32f10x_usart.o
    0x0801ad88   0x0801ad88   0x00000008   Code   RO         2861    i.USART_SendData    stm32f10x_usart.o
    0x0801ad90   0x0801ad90   0x00000002   Code   RO         3293    i.UsageFault_Handler  stm32f10x_it.o
    0x0801ad92   0x0801ad92   0x00000002   PAD
    0x0801ad94   0x0801ad94   0x00000028   Code   RO         4160    i.VOFFQ             scpi-def.o
    0x0801adbc   0x0801adbc   0x00000040   Code   RO         4161    i.VOFFSET           scpi-def.o
    0x0801adfc   0x0801adfc   0x00000048   Code   RO         4162    i.VOLTAGEQ          scpi-def.o
    0x0801ae44   0x0801ae44   0x00000028   Code   RO         4163    i.VONQ              scpi-def.o
    0x0801ae6c   0x0801ae6c   0x00000040   Code   RO         4164    i.VONSET            scpi-def.o
    0x0801aeac   0x0801aeac   0x00000028   Code   RO         4165    i.VPROTECTQ         scpi-def.o
    0x0801aed4   0x0801aed4   0x00000040   Code   RO         4166    i.VPROTECTSET       scpi-def.o
    0x0801af14   0x0801af14   0x0000001c   Code   RO         4167    i.VRANGEQ           scpi-def.o
    0x0801af30   0x0801af30   0x00000034   Code   RO         4168    i.VRANGESET         scpi-def.o
    0x0801af64   0x0801af64   0x00000068   Code   RO         4001    i.V_SW_COTNR        menu.o
    0x0801afcc   0x0801afcc   0x00000048   Code   RO         3617    i.Write_ADDR        flash.o
    0x0801b014   0x0801b014   0x00000010   Code   RO         3618    i.Write_bootflag    flash.o
    0x0801b024   0x0801b024   0x00000014   Code   RO         3619    i.Write_bootmode    flash.o
    0x0801b038   0x0801b038   0x00000030   Code   RO         6182    i.__0snprintf       mc_w.l(printfa.o)
    0x0801b068   0x0801b068   0x00000008   Code   RO         6273    i.__aeabi_errno_addr  mc_w.l(errno.o)
    0x0801b070   0x0801b070   0x00000010   Code   RO         6299    i.__mathlib_narrow  m_ws.l(narrow.o)
    0x0801b080   0x0801b080   0x000000bc   Code   RO         6300    i.__mathlib_tofloat  m_ws.l(narrow.o)
    0x0801b13c   0x0801b13c   0x0000000e   Code   RO         6328    i.__scatterload_copy  mc_w.l(handlers.o)
    0x0801b14a   0x0801b14a   0x00000002   Code   RO         6329    i.__scatterload_null  mc_w.l(handlers.o)
    0x0801b14c   0x0801b14c   0x0000000e   Code   RO         6330    i.__scatterload_zeroinit  mc_w.l(handlers.o)
    0x0801b15a   0x0801b15a   0x00000002   PAD
    0x0801b15c   0x0801b15c   0x0000000c   Code   RO         6275    i.__set_errno       mc_w.l(errno.o)
    0x0801b168   0x0801b168   0x00000184   Code   RO         6188    i._fp_digits        mc_w.l(printfa.o)
    0x0801b2ec   0x0801b2ec   0x0000000e   Code   RO         6313    i._is_digit         mc_w.l(scanf_fp.o)
    0x0801b2fa   0x0801b2fa   0x00000002   PAD
    0x0801b2fc   0x0801b2fc   0x000006dc   Code   RO         6189    i._printf_core      mc_w.l(printfa.o)
    0x0801b9d8   0x0801b9d8   0x00000024   Code   RO         6190    i._printf_post_padding  mc_w.l(printfa.o)
    0x0801b9fc   0x0801b9fc   0x0000002e   Code   RO         6191    i._printf_pre_padding  mc_w.l(printfa.o)
    0x0801ba2a   0x0801ba2a   0x00000016   Code   RO         6192    i._snputc           mc_w.l(printfa.o)
    0x0801ba40   0x0801ba40   0x00000070   Code   RO         4542    i.channelRange      expression.o
    0x0801bab0   0x0801bab0   0x00000050   Code   RO         4543    i.channelSpec       expression.o
    0x0801bb00   0x0801bb00   0x00000020   Code   RO         5690    i.cmdSeparatorPos   utils.o
    0x0801bb20   0x0801bb20   0x0000001e   Code   RO         5691    i.compareStr        utils.o
    0x0801bb3e   0x0801bb3e   0x00000068   Code   RO         5692    i.compareStrAndNum  utils.o
    0x0801bba6   0x0801bba6   0x00000060   Code   RO         5693    i.composeCompoundCommand  utils.o
    0x0801bc06   0x0801bc06   0x00000044   Code   RO         4602    i.fifo_add          fifo.o
    0x0801bc4a   0x0801bc4a   0x0000000a   Code   RO         4603    i.fifo_clear        fifo.o
    0x0801bc54   0x0801bc54   0x00000008   Code   RO         4604    i.fifo_count        fifo.o
    0x0801bc5c   0x0801bc5c   0x0000000e   Code   RO         4605    i.fifo_init         fifo.o
    0x0801bc6a   0x0801bc6a   0x0000000e   Code   RO         4606    i.fifo_is_empty     fifo.o
    0x0801bc78   0x0801bc78   0x00000014   Code   RO         4607    i.fifo_is_full      fifo.o
    0x0801bc8c   0x0801bc8c   0x0000003e   Code   RO         4608    i.fifo_remove       fifo.o
    0x0801bcca   0x0801bcca   0x0000003e   Code   RO         4609    i.fifo_remove_last  fifo.o
    0x0801bd08   0x0801bd08   0x0000003e   Code   RO         5222    i.findCommandHeader  parser.o
    0x0801bd46   0x0801bd46   0x00000012   Code   RO         5223    i.flushData         parser.o
    0x0801bd58   0x0801bd58   0x00000058   Code   RO         5880    i.frexp             m_ws.l(frexp.o)
    0x0801bdb0   0x0801bdb0   0x00000028   Code   RO         5224    i.getBasePrefix     parser.o
    0x0801bdd8   0x0801bdd8   0x00000048   Code   RO         3687    i.i2c_CfgGpio       iic_24c01.o
    0x0801be20   0x0801be20   0x0000001a   Code   RO         3689    i.i2c_Delay         iic_24c01.o
    0x0801be3a   0x0801be3a   0x00000002   PAD
    0x0801be3c   0x0801be3c   0x00000038   Code   RO         3690    i.i2c_NAck          iic_24c01.o
    0x0801be74   0x0801be74   0x00000060   Code   RO         3691    i.i2c_ReadByte      iic_24c01.o
    0x0801bed4   0x0801bed4   0x00000078   Code   RO         3692    i.i2c_SendByte      iic_24c01.o
    0x0801bf4c   0x0801bf4c   0x00000040   Code   RO         3693    i.i2c_Start         iic_24c01.o
    0x0801bf8c   0x0801bf8c   0x0000002c   Code   RO         3694    i.i2c_Stop          iic_24c01.o
    0x0801bfb8   0x0801bfb8   0x0000004c   Code   RO         3695    i.i2c_WaitAck       iic_24c01.o
    0x0801c004   0x0801c004   0x0000002c   Code   RO         3081    i.iap_load_app      main.o
    0x0801c030   0x0801c030   0x0000000c   Code   RO         5225    i.invalidateToken   parser.o
    0x0801c03c   0x0801c03c   0x00000010   Code   RO         4797    i.isB               lexer.o
    0x0801c04c   0x0801c04c   0x00000010   Code   RO         4798    i.isE               lexer.o
    0x0801c05c   0x0801c05c   0x00000010   Code   RO         4799    i.isH               lexer.o
    0x0801c06c   0x0801c06c   0x0000001c   Code   RO         4800    i.isNonzeroDigit    lexer.o
    0x0801c088   0x0801c088   0x00000028   Code   RO         4801    i.isProgramExpression  lexer.o
    0x0801c0b0   0x0801c0b0   0x00000010   Code   RO         4802    i.isQ               lexer.o
    0x0801c0c0   0x0801c0c0   0x0000000c   Code   RO         4803    i.isascii7bit       lexer.o
    0x0801c0cc   0x0801c0cc   0x00000010   Code   RO         4804    i.isbdigit          lexer.o
    0x0801c0dc   0x0801c0dc   0x00000010   Code   RO         4805    i.ischr             lexer.o
    0x0801c0ec   0x0801c0ec   0x00000014   Code   RO         4806    i.iseos             lexer.o
    0x0801c100   0x0801c100   0x00000010   Code   RO         4807    i.isplusmn          lexer.o
    0x0801c110   0x0801c110   0x00000028   Code   RO         4808    i.isqdigit          lexer.o
    0x0801c138   0x0801c138   0x00000010   Code   RO         4809    i.isws              lexer.o
    0x0801c148   0x0801c148   0x00000138   Code   RO         3082    i.main              main.o
    0x0801c280   0x0801c280   0x0000020e   Code   RO         5694    i.matchCommand      utils.o
    0x0801c48e   0x0801c48e   0x0000007e   Code   RO         5695    i.matchPattern      utils.o
    0x0801c50c   0x0801c50c   0x00000024   Code   RO         5696    i.patternSeparatorPos  utils.o
    0x0801c530   0x0801c530   0x0000002e   Code   RO         5697    i.patternSeparatorShortPos  utils.o
    0x0801c55e   0x0801c55e   0x0000006e   Code   RO         5226    i.processCommand    parser.o
    0x0801c5cc   0x0801c5cc   0x0000001c   Code   RO         4677    i.regUpdate         ieee488.o
    0x0801c5e8   0x0801c5e8   0x0000001e   Code   RO         4678    i.regUpdateEvent    ieee488.o
    0x0801c606   0x0801c606   0x0000002c   Code   RO         4679    i.regUpdateSTB      ieee488.o
    0x0801c632   0x0801c632   0x0000004c   Code   RO         5228    i.resultUInt32BaseSign  parser.o
    0x0801c67e   0x0801c67e   0x000000e4   Code   RO         4810    i.scpiLex_ArbitraryBlockProgramData  lexer.o
    0x0801c762   0x0801c762   0x0000006c   Code   RO         4811    i.scpiLex_CharacterProgramData  lexer.o
    0x0801c7ce   0x0801c7ce   0x00000026   Code   RO         4812    i.scpiLex_Colon     lexer.o
    0x0801c7f4   0x0801c7f4   0x00000024   Code   RO         4813    i.scpiLex_Comma     lexer.o
    0x0801c818   0x0801c818   0x00000042   Code   RO         4814    i.scpiLex_DecimalNumericProgramData  lexer.o
    0x0801c85a   0x0801c85a   0x00000004   Code   RO         4815    i.scpiLex_IsEos     lexer.o
    0x0801c85e   0x0801c85e   0x0000003a   Code   RO         4816    i.scpiLex_NewLine   lexer.o
    0x0801c898   0x0801c898   0x000000a0   Code   RO         4817    i.scpiLex_NondecimalNumericData  lexer.o
    0x0801c938   0x0801c938   0x00000066   Code   RO         4818    i.scpiLex_ProgramExpression  lexer.o
    0x0801c99e   0x0801c99e   0x00000084   Code   RO         4819    i.scpiLex_ProgramHeader  lexer.o
    0x0801ca22   0x0801ca22   0x00000024   Code   RO         4820    i.scpiLex_Semicolon  lexer.o
    0x0801ca46   0x0801ca46   0x00000026   Code   RO         4821    i.scpiLex_SpecificCharacter  lexer.o
    0x0801ca6c   0x0801ca6c   0x000000b0   Code   RO         4822    i.scpiLex_StringProgramData  lexer.o
    0x0801cb1c   0x0801cb1c   0x00000068   Code   RO         4823    i.scpiLex_SuffixProgramData  lexer.o
    0x0801cb84   0x0801cb84   0x00000028   Code   RO         4824    i.scpiLex_WhiteSpace  lexer.o
    0x0801cbac   0x0801cbac   0x000000be   Code   RO         5230    i.scpiParser_detectProgramMessageUnit  parser.o
    0x0801cc6a   0x0801cc6a   0x0000007a   Code   RO         5231    i.scpiParser_parseAllProgramData  parser.o
    0x0801cce4   0x0801cce4   0x0000008e   Code   RO         5232    i.scpiParser_parseProgramData  parser.o
    0x0801cd72   0x0801cd72   0x0000002c   Code   RO         4825    i.skipAlpha         lexer.o
    0x0801cd9e   0x0801cd9e   0x00000028   Code   RO         4826    i.skipBinNum        lexer.o
    0x0801cdc6   0x0801cdc6   0x00000026   Code   RO         4827    i.skipChr           lexer.o
    0x0801cdec   0x0801cdec   0x00000024   Code   RO         4828    i.skipColon         lexer.o
    0x0801ce10   0x0801ce10   0x0000003e   Code   RO         4829    i.skipCommonProgramHeader  lexer.o
    0x0801ce4e   0x0801ce4e   0x00000052   Code   RO         4830    i.skipCompoundProgramHeader  lexer.o
    0x0801cea0   0x0801cea0   0x00000028   Code   RO         4831    i.skipDigit         lexer.o
    0x0801cec8   0x0801cec8   0x00000006   Code   RO         4832    i.skipDoubleQuoteProgramData  lexer.o
    0x0801cece   0x0801cece   0x00000036   Code   RO         4833    i.skipExponent      lexer.o
    0x0801cf04   0x0801cf04   0x0000002e   Code   RO         4834    i.skipHexNum        lexer.o
    0x0801cf32   0x0801cf32   0x00000028   Code   RO         4835    i.skipMantisa       lexer.o
    0x0801cf5a   0x0801cf5a   0x0000002a   Code   RO         4836    i.skipNumbers       lexer.o
    0x0801cf84   0x0801cf84   0x00000028   Code   RO         4837    i.skipOctNum        lexer.o
    0x0801cfac   0x0801cfac   0x00000024   Code   RO         4838    i.skipPlusmn        lexer.o
    0x0801cfd0   0x0801cfd0   0x00000024   Code   RO         4839    i.skipProgramExpression  lexer.o
    0x0801cff4   0x0801cff4   0x00000064   Code   RO         4840    i.skipProgramMnemonic  lexer.o
    0x0801d058   0x0801d058   0x00000064   Code   RO         4841    i.skipQuoteProgramData  lexer.o
    0x0801d0bc   0x0801d0bc   0x00000006   Code   RO         4842    i.skipSingleQuoteProgramData  lexer.o
    0x0801d0c2   0x0801d0c2   0x00000030   Code   RO         4843    i.skipSlashDot      lexer.o
    0x0801d0f2   0x0801d0f2   0x00000024   Code   RO         4844    i.skipStar          lexer.o
    0x0801d116   0x0801d116   0x00000026   Code   RO         5699    i.skipWhitespace    utils.o
    0x0801d13c   0x0801d13c   0x00000028   Code   RO         4845    i.skipWs            lexer.o
    0x0801d164   0x0801d164   0x00000016   Code   RO         5700    i.strBaseToInt32    utils.o
    0x0801d17a   0x0801d17a   0x00000016   Code   RO         5701    i.strBaseToInt64    utils.o
    0x0801d190   0x0801d190   0x00000016   Code   RO         5702    i.strBaseToUInt32   utils.o
    0x0801d1a6   0x0801d1a6   0x00000016   Code   RO         5703    i.strBaseToUInt64   utils.o
    0x0801d1bc   0x0801d1bc   0x00000016   Code   RO         5704    i.strToDouble       utils.o
    0x0801d1d2   0x0801d1d2   0x00000016   Code   RO         5705    i.strToFloat        utils.o
    0x0801d1e8   0x0801d1e8   0x0000002a   Code   RO         5706    i.strnpbrk          utils.o
    0x0801d212   0x0801d212   0x0000001c   Code   RO         5888    i.strtod            m_ws.l(strtod.o)
    0x0801d22e   0x0801d22e   0x00000014   Code   RO         5892    i.strtof            m_ws.l(strtof.o)
    0x0801d242   0x0801d242   0x00000058   Code   RO         5635    i.transformNumber   units.o
    0x0801d29a   0x0801d29a   0x0000003e   Code   RO         5636    i.translateUnit     units.o
    0x0801d2d8   0x0801d2d8   0x00000048   Code   RO         5637    i.translateUnitInverse  units.o
    0x0801d320   0x0801d320   0x000005a0   Code   RO         4002    i.worke_mode        menu.o
    0x0801d8c0   0x0801d8c0   0x00000012   Code   RO         4680    i.writeControl      ieee488.o
    0x0801d8d2   0x0801d8d2   0x0000000e   Code   RO         5233    i.writeData         parser.o
    0x0801d8e0   0x0801d8e0   0x00000018   Code   RO         5234    i.writeDelimiter    parser.o
    0x0801d8f8   0x0801d8f8   0x00000028   Code   RO         5235    i.writeNewLine      parser.o
    0x0801d920   0x0801d920   0x00000018   Code   RO         5236    i.writeSemicolon    parser.o
    0x0801d938   0x0801d938   0x00000005   Data   RO         4173    .constdata          scpi-def.o
    0x0801d93d   0x0801d93d   0x00000003   PAD
    0x0801d940   0x0801d940   0x0000048c   Data   RO         4174    .constdata          scpi-def.o
    0x0801ddcc   0x0801ddcc   0x00000036   Data   RO         4477    .constdata          error.o
    0x0801de02   0x0801de02   0x00000002   PAD
    0x0801de04   0x0801de04   0x00000024   Data   RO         5237    .constdata          parser.o
    0x0801de28   0x0801de28   0x000001b0   Data   RO         5638    .constdata          units.o
    0x0801dfd8   0x0801dfd8   0x00000050   Data   RO         5639    .constdata          units.o
    0x0801e028   0x0801e028   0x00000081   Data   RO         5901    .constdata          mc_w.l(ctype_o.o)
    0x0801e0a9   0x0801e0a9   0x00000003   PAD
    0x0801e0ac   0x0801e0ac   0x00000004   Data   RO         5902    .constdata          mc_w.l(ctype_o.o)
    0x0801e0b0   0x0801e0b0   0x00000070   Data   RO         4175    .conststring        scpi-def.o
    0x0801e120   0x0801e120   0x0000057a   Data   RO         4176    .conststring        scpi-def.o
    0x0801e69a   0x0801e69a   0x00000002   PAD
    0x0801e69c   0x0801e69c   0x00000073   Data   RO         5640    .conststring        units.o
    0x0801e70f   0x0801e70f   0x00000001   PAD
    0x0801e710   0x0801e710   0x00000041   Data   RO         5641    .conststring        units.o
    0x0801e751   0x0801e751   0x00000003   PAD
    0x0801e754   0x0801e754   0x00000020   Data   RO         6326    Region$$Table       anon$$obj.o


    Execution Region RW_IRAM1 (Exec base: 0x20000000, Load base: 0x0801e774, Size: 0x00001678, Max: 0x00005000, ABSOLUTE, COMPRESSED[0x00000110])

    Exec Addr    Load Addr    Size         Type   Attr      Idx    E Section Name        Object

    0x20000000   COMPRESSED   0x00000014   Data   RW         1704    .data               stm32f10x_rcc.o
    0x20000014   COMPRESSED   0x00000024   Data   RW         3084    .data               main.o
    0x20000038   COMPRESSED   0x00000024   Data   RW         3085    .data               main.o
    0x2000005c   COMPRESSED   0x00000024   Data   RW         3086    .data               main.o
    0x20000080   COMPRESSED   0x00000024   Data   RW         3088    .data               main.o
    0x200000a4   COMPRESSED   0x00000024   Data   RW         3089    .data               main.o
    0x200000c8   COMPRESSED   0x00000024   Data   RW         3090    .data               main.o
    0x200000ec   COMPRESSED   0x00000024   Data   RW         3091    .data               main.o
    0x20000110   COMPRESSED   0x00000024   Data   RW         3093    .data               main.o
    0x20000134   COMPRESSED   0x00000024   Data   RW         3094    .data               main.o
    0x20000158   COMPRESSED   0x0000000c   Data   RW         3095    .data               main.o
    0x20000164   COMPRESSED   0x00000004   Data   RW         3096    .data               main.o
    0x20000168   COMPRESSED   0x00000004   Data   RW         3097    .data               main.o
    0x2000016c   COMPRESSED   0x0000000c   Data   RW         3294    .data               stm32f10x_it.o
    0x20000178   COMPRESSED   0x00000014   Data   RW         3391    .data               system_stm32f10x.o
    0x2000018c   COMPRESSED   0x00000006   Data   RW         3425    .data               adc.o
    0x20000192   COMPRESSED   0x00000002   Data   RW         3426    .data               adc.o
    0x20000194   COMPRESSED   0x00000002   Data   RW         3427    .data               adc.o
    0x20000196   COMPRESSED   0x00000002   PAD
    0x20000198   COMPRESSED   0x00000004   Data   RW         3494    .data               bsp_systick.o
    0x2000019c   COMPRESSED   0x00000001   Data   RW         3531    .data               at24c01.o
    0x2000019d   COMPRESSED   0x00000001   Data   RW         3576    .data               clock.o
    0x2000019e   COMPRESSED   0x00000002   PAD
    0x200001a0   COMPRESSED   0x00000046   Data   RW         3797    .data               modbus.o
    0x200001e6   COMPRESSED   0x00000002   PAD
    0x200001e8   COMPRESSED   0x00000008   Data   RW         3892    .data               usart.o
    0x200001f0   COMPRESSED   0x00000001   Data   RW         3893    .data               usart.o
    0x200001f1   COMPRESSED   0x00000001   PAD
    0x200001f2   COMPRESSED   0x00000002   Data   RW         3894    .data               usart.o
    0x200001f4   COMPRESSED   0x0000001e   Data   RW         3973    .data               fan_pro.o
    0x20000212   COMPRESSED   0x00000002   PAD
    0x20000214   COMPRESSED   0x0000001a   Data   RW         4003    .data               menu.o
    0x2000022e   COMPRESSED   0x00000006   Data   RW         4054    .data               ad7689.o
    0x20000234   COMPRESSED   0x00000080   Data   RW         4177    .data               scpi-def.o
    0x200002b4   COMPRESSED   0x00000014   Data   RW         4178    .data               scpi-def.o
    0x200002c8   COMPRESSED   0x00000004   Data   RW         6276    .data               mc_w.l(errno.o)
    0x200002cc        -       0x00000190   Zero   RW         3424    .bss                adc.o
    0x2000045c        -       0x00000374   Zero   RW         3796    .bss                modbus.o
    0x200007d0        -       0x000000c8   Zero   RW         3889    .bss                usart.o
    0x20000898        -       0x00000190   Zero   RW         3890    .bss                usart.o
    0x20000a28        -       0x000000c8   Zero   RW         3891    .bss                usart.o
    0x20000af0        -       0x000001c8   Zero   RW         4052    .bss                ad7689.o
    0x20000cb8        -       0x00000100   Zero   RW         4170    .bss                scpi-def.o
    0x20000db8        -       0x00000022   Zero   RW         4171    .bss                scpi-def.o
    0x20000dda   COMPRESSED   0x00000002   PAD
    0x20000ddc        -       0x00000098   Zero   RW         4172    .bss                scpi-def.o
    0x20000e74   COMPRESSED   0x00000004   PAD
    0x20000e78        -       0x00000800   Zero   RW           17    STACK               startup_stm32f10x_hd.o


==============================================================================

Image component sizes


      Code (inc. data)   RO Data    RW Data    ZI Data      Debug   Object Name

       748         44          0          6        456       4059   ad7689.o
       520         24          0         10        400       2565   adc.o
       186          4          0          1          0       1178   at24c01.o
        92         12          0          4          0      16198   bsp_systick.o
       108          6          0          1          0        659   clock.o
         0          0          0          0          0       4588   core_cm3.o
       220         10          0          0          0        997   dac.o
       858        330         54          0          0       6639   error.o
       432          4          0          0          0      10456   expression.o
       780         52          0         30          0      10209   fan_pro.o
       258          0          0          0          0      10209   fifo.o
      6792         48          0          0          0       5253   flash.o
       156         22          0          0          0        488   gpio.o
       760         16          0          0          0      11106   ieee488.o
       554         36          0          0          0       3724   iic_24c01.o
        34          0          0          0          0        420   iwdg.o
      2566          0          0          0          0      28550   lexer.o
       418         90          0        344          0     231659   main.o
      1816        110          0         26          0      11622   menu.o
       186         10          0          0          0       4089   minimal.o
       140         22          0          0          0     275857   misc.o
     15774        322          0         70        884      23503   modbus.o
      3442        152         36          0          0      39224   parser.o
      3384        576       2683        148        442      39792   scpi-def.o
        36          8        304          0       2048        784   startup_stm32f10x_hd.o
       408         22          0          0          0       7934   stm32f10x_adc.o
       376         18          0          0          0       4577   stm32f10x_dma.o
        44         12          0          0          0        989   stm32f10x_flash.o
       518         34          0          0          0       5682   stm32f10x_gpio.o
      1590        132          0         12          0       7654   stm32f10x_it.o
        68         30          0          0          0       2262   stm32f10x_iwdg.o
       648        112          0         20          0      11710   stm32f10x_rcc.o
       102          0          0          0          0       3642   stm32f10x_spi.o
       206         42          0          0          0       2788   stm32f10x_tim.o
       384          6          0          0          0       7253   stm32f10x_usart.o
       264         32          0         20          0       1941   system_stm32f10x.o
       102          4          0          0          0        866   tim6.o
       666         28        692          0          0       4984   units.o
       826         96          0         11        800       6065   usart.o
      1518         54          0          0          0      22076   utils.o

    ----------------------------------------------------------------------
     48020       2520       3812        712       5036     834251   Object Totals
         0          0         32          0          0          0   (incl. Generated)
        40          0         11          9          6          0   (incl. Padding)

    ----------------------------------------------------------------------

      Code (inc. data)   RO Data    RW Data    ZI Data      Debug   Library Member Name

        88          8          0          0          0         76   frexp.o
       204          4          0          0          0        168   narrow.o
        28          0          0          0          0         80   strtod.o
        20          0          0          0          0         76   strtof.o
        86          0          0          0          0          0   __dczerorl2.o
       144          0          0          0          0         88   __strtoll.o
       124          0          0          0          0         92   __strtoull.o
        28          0          0          0          0         68   _chval.o
        64          0          0          0          0         84   _sgetc.o
       158          0          0          0          0         92   _strtoul.o
       194          0          0          0          0         96   _strtoull.o
         8          4        133          0          0         68   ctype_o.o
         0          0          0          0          0          0   entry.o
         0          0          0          0          0          0   entry10a.o
         0          0          0          0          0          0   entry11a.o
         8          4          0          0          0          0   entry2.o
         4          0          0          0          0          0   entry5.o
         0          0          0          0          0          0   entry7b.o
         0          0          0          0          0          0   entry8b.o
         8          4          0          0          0          0   entry9a.o
        20         10          0          4          0        136   errno.o
        30          0          0          0          0          0   handlers.o
        36          8          0          0          0         68   init.o
        18          0          0          0          0         76   isspace_o.o
         0          0          0          0          0          0   iusefp.o
        30          0          0          0          0         68   llshl.o
        36          0          0          0          0         68   llsshr.o
        32          0          0          0          0         68   llushr.o
        64          0          0          0          0         76   memmovea.o
        36          0          0          0          0        108   memseta.o
      2296         84          0          0          0        520   printfa.o
       878         12          0          0          0        216   scanf_fp.o
        14          0          0          0          0         68   strlen.o
        50          0          0          0          0         84   strncasecmp.o
        40          0          0          0          0         76   strncat.o
        24          0          0          0          0         76   strncpy.o
       156         12          0          0          0        120   strtod.o
        26          0          0          0          0         80   strtof.o
       112          0          0          0          0         88   strtol.o
         4          0          0          0          0         68   strtoll.o
       114          0          0          0          0         92   strtoul.o
         4          0          0          0          0         68   strtoull.o
        12          0          0          0          0         68   tolower.o
        44          0          0          0          0         80   uidiv.o
        98          0          0          0          0         92   uldiv.o
        48          0          0          0          0         68   cdcmple.o
        48          0          0          0          0         68   cdrcmple.o
        20          0          0          0          0         68   cfrcmple.o
        56          0          0          0          0         88   d2f.o
       334          0          0          0          0        148   dadd.o
       222          0          0          0          0        100   ddiv.o
       186          0          0          0          0        176   depilogue.o
        50          0          0          0          0         76   dfixui.o
        48          0          0          0          0         68   dfixul.o
        26          0          0          0          0         76   dfltui.o
        24          0          0          0          0         76   dfltul.o
       228          0          0          0          0         96   dmul.o
        46          0          0          0          0         80   dscalb.o
        38          0          0          0          0         68   f2d.o
       176          0          0          0          0        140   fadd.o
       124          0          0          0          0         88   fdiv.o
       110          0          0          0          0        168   fepilogue.o
        40          0          0          0          0         68   ffixui.o
        10          0          0          0          0         68   ffltui.o
       100          0          0          0          0         76   fmul.o
         4          0          0          0          0         68   fpstat.o

    ----------------------------------------------------------------------
      7284        150        136          4          0       5384   Library Totals
         6          0          3          0          0          0   (incl. Padding)

    ----------------------------------------------------------------------

      Code (inc. data)   RO Data    RW Data    ZI Data      Debug   Library Name

       340         12          0          0          0        400   m_ws.l
      5000        138        133          4          0       3052   mc_w.l
      1938          0          0          0          0       1932   mf_w.l

    ----------------------------------------------------------------------
      7284        150        136          4          0       5384   Library Totals

    ----------------------------------------------------------------------

==============================================================================


      Code (inc. data)   RO Data    RW Data    ZI Data      Debug   

     55304       2670       3948        716       5036     817663   Grand Totals
     55304       2670       3948        272       5036     817663   ELF Image Totals (compressed)
     55304       2670       3948        272          0          0   ROM Totals

==============================================================================

    Total RO  Size (Code + RO Data)                59252 (  57.86kB)
    Total RW  Size (RW Data + ZI Data)              5752 (   5.62kB)
    Total ROM Size (Code + RO Data + RW Data)      59524 (  58.13kB)

==============================================================================

