Component: ARM Compiler 5.06 update 6 (build 750) Tool: armlink [4d35ed]

==============================================================================

Section Cross References

    startup_stm32f10x_hd.o(STACK) refers (Special) to heapauxi.o(.text) for __use_two_region_memory
    startup_stm32f10x_hd.o(HEAP) refers (Special) to heapauxi.o(.text) for __use_two_region_memory
    startup_stm32f10x_hd.o(RESET) refers (Special) to heapauxi.o(.text) for __use_two_region_memory
    startup_stm32f10x_hd.o(RESET) refers to startup_stm32f10x_hd.o(STACK) for __initial_sp
    startup_stm32f10x_hd.o(RESET) refers to startup_stm32f10x_hd.o(.text) for Reset_Handler
    startup_stm32f10x_hd.o(RESET) refers to stm32f10x_it.o(.text) for NMI_Handler
    startup_stm32f10x_hd.o(.text) refers (Special) to heapauxi.o(.text) for __use_two_region_memory
    startup_stm32f10x_hd.o(.text) refers to system_stm32f10x.o(.text) for SystemInit
    startup_stm32f10x_hd.o(.text) refers to __main.o(!!!main) for __main
    startup_stm32f10x_hd.o(.text) refers to startup_stm32f10x_hd.o(HEAP) for Heap_Mem
    startup_stm32f10x_hd.o(.text) refers to startup_stm32f10x_hd.o(STACK) for Stack_Mem
    stm32f10x_adc.o(.text) refers to stm32f10x_rcc.o(.text) for RCC_APB2PeriphResetCmd
    stm32f10x_bkp.o(.text) refers to stm32f10x_rcc.o(.text) for RCC_BackupResetCmd
    stm32f10x_can.o(.text) refers to stm32f10x_rcc.o(.text) for RCC_APB1PeriphResetCmd
    stm32f10x_cec.o(.text) refers to stm32f10x_rcc.o(.text) for RCC_APB1PeriphResetCmd
    stm32f10x_dac.o(.text) refers to stm32f10x_rcc.o(.text) for RCC_APB1PeriphResetCmd
    stm32f10x_gpio.o(.text) refers to stm32f10x_rcc.o(.text) for RCC_APB2PeriphResetCmd
    stm32f10x_i2c.o(.text) refers to stm32f10x_rcc.o(.text) for RCC_APB1PeriphResetCmd
    stm32f10x_pwr.o(.text) refers to stm32f10x_rcc.o(.text) for RCC_APB1PeriphResetCmd
    stm32f10x_rcc.o(.text) refers to stm32f10x_rcc.o(.data) for APBAHBPrescTable
    stm32f10x_spi.o(.text) refers to stm32f10x_rcc.o(.text) for RCC_APB2PeriphResetCmd
    stm32f10x_tim.o(.text) refers to stm32f10x_rcc.o(.text) for RCC_APB2PeriphResetCmd
    stm32f10x_usart.o(.text) refers to stm32f10x_rcc.o(.text) for RCC_APB2PeriphResetCmd
    stm32f10x_wwdg.o(.text) refers to stm32f10x_rcc.o(.text) for RCC_APB1PeriphResetCmd
    main.o(.text) refers to clock.o(.text) for RCC_Configuration
    main.o(.text) refers to bsp_systick.o(.text) for SysTick_Init
    main.o(.text) refers to gpio.o(.text) for GPIO_Conf
    main.o(.text) refers to dac.o(.text) for AD5541_GPIOCoing
    main.o(.text) refers to ad7689.o(.text) for AD7689_InitializeSPI2
    main.o(.text) refers to adc.o(.text) for ADC1_DMA_Init
    main.o(.text) refers to iic_24c01.o(.text) for i2c_CfgGpio
    main.o(.text) refers to flash.o(.text) for EEPROM_READ_Coeff
    main.o(.text) refers to usart.o(.text) for USART2_Configuration
    main.o(.text) refers to tim6.o(.text) for TIM6_Config
    main.o(.text) refers to iwdg.o(.text) for IWDG_Inte
    main.o(.text) refers to stm32f10x_iwdg.o(.text) for IWDG_ReloadCounter
    main.o(.text) refers to modbus.o(.text) for Transformation_ADC
    main.o(.text) refers to fan_pro.o(.text) for All_protect
    main.o(.text) refers to menu.o(.text) for worke_mode
    main.o(.text) refers to modbus.o(.bss) for Run_Control
    main.o(.text) refers to modbus.o(.data) for Contr_DACVlue
    main.o(.text) refers to main.o(.data) for flagA
    stm32f10x_it.o(.text) refers to bsp_systick.o(.text) for TimingDelay_Decrement
    stm32f10x_it.o(.text) refers to stm32f10x_usart.o(.text) for USART_GetITStatus
    stm32f10x_it.o(.text) refers to modbus.o(.text) for UART_Action
    stm32f10x_it.o(.text) refers to stm32f10x_tim.o(.text) for TIM_ClearITPendingBit
    stm32f10x_it.o(.text) refers to stm32f10x_dma.o(.text) for DMA_ClearITPendingBit
    stm32f10x_it.o(.text) refers to main.o(.data) for flagB
    stm32f10x_it.o(.text) refers to usart.o(.data) for t_USART
    stm32f10x_it.o(.text) refers to usart.o(.bss) for UART_Buffer_Rece
    system_stm32f10x.o(.text) refers to system_stm32f10x.o(.data) for SystemCoreClock
    adc.o(.text) refers to misc.o(.text) for NVIC_Init
    adc.o(.text) refers to stm32f10x_adc.o(.text) for ADC_DeInit
    adc.o(.text) refers to stm32f10x_rcc.o(.text) for RCC_APB2PeriphClockCmd
    adc.o(.text) refers to stm32f10x_gpio.o(.text) for GPIO_Init
    adc.o(.text) refers to stm32f10x_dma.o(.text) for DMA_DeInit
    adc.o(.text) refers to adc.o(.bss) for ADC1_Buffer
    adc.o(.text) refers to adc.o(.data) for a
    beep.o(.text) refers to main.o(.data) for flagA
    beep.o(.text) refers to beep.o(.data) for t_0_5S
    bsp_systick.o(.text) refers to system_stm32f10x.o(.data) for SystemCoreClock
    bsp_systick.o(.text) refers to bsp_systick.o(.data) for TimingDelay
    at24c01.o(.text) refers to iic_24c01.o(.text) for i2c_CheckDevice
    at24c01.o(.text) refers to at24c01.o(.data) for date
    clock.o(.text) refers to stm32f10x_rcc.o(.text) for RCC_DeInit
[...]
    ../fplib/f2d.s                           0x00000000   Number         0  f2d.o ABSOLUTE
    ../fplib/fdiv.s                          0x00000000   Number         0  fdiv.o ABSOLUTE
    ../fplib/ffixu.s                         0x00000000   Number         0  ffixu.o ABSOLUTE
    ../fplib/fflt.s                          0x00000000   Number         0  fflt_clz.o ABSOLUTE
    ../fplib/fmul.s                          0x00000000   Number         0  fmul.o ABSOLUTE
    ../fplib/fnaninf.s                       0x00000000   Number         0  fnaninf.o ABSOLUTE
    ../fplib/fpinit.s                        0x00000000   Number         0  fpinit.o ABSOLUTE
    ../fplib/fretinf.s                       0x00000000   Number         0  fretinf.o ABSOLUTE
    ../fplib/istatus.s                       0x00000000   Number         0  istatus.o ABSOLUTE
    ../fplib/printf1.s                       0x00000000   Number         0  printf1.o ABSOLUTE
    ../fplib/usenofp.s                       0x00000000   Number         0  usenofp.o ABSOLUTE
    ../mathlib/fpclassify.c                  0x00000000   Number         0  fpclassify.o ABSOLUTE
    ..\Libraries\CMSIS\src\core_cm3.c        0x00000000   Number         0  core_cm3.o ABSOLUTE
    ..\Libraries\CMSIS\src\startup_stm32f10x_hd.s 0x00000000   Number         0  startup_stm32f10x_hd.o ABSOLUTE
    ..\Libraries\FWlib\src\misc.c            0x00000000   Number         0  misc.o ABSOLUTE
    ..\Libraries\FWlib\src\stm32f10x_adc.c   0x00000000   Number         0  stm32f10x_adc.o ABSOLUTE
    ..\Libraries\FWlib\src\stm32f10x_bkp.c   0x00000000   Number         0  stm32f10x_bkp.o ABSOLUTE
    ..\Libraries\FWlib\src\stm32f10x_can.c   0x00000000   Number         0  stm32f10x_can.o ABSOLUTE
    ..\Libraries\FWlib\src\stm32f10x_cec.c   0x00000000   Number         0  stm32f10x_cec.o ABSOLUTE
    ..\Libraries\FWlib\src\stm32f10x_crc.c   0x00000000   Number         0  stm32f10x_crc.o ABSOLUTE
    ..\Libraries\FWlib\src\stm32f10x_dac.c   0x00000000   Number         0  stm32f10x_dac.o ABSOLUTE
    ..\Libraries\FWlib\src\stm32f10x_dbgmcu.c 0x00000000   Number         0  stm32f10x_dbgmcu.o ABSOLUTE
    ..\Libraries\FWlib\src\stm32f10x_dma.c   0x00000000   Number         0  stm32f10x_dma.o ABSOLUTE
    ..\Libraries\FWlib\src\stm32f10x_exti.c  0x00000000   Number         0  stm32f10x_exti.o ABSOLUTE
    ..\Libraries\FWlib\src\stm32f10x_flash.c 0x00000000   Number         0  stm32f10x_flash.o ABSOLUTE
    ..\Libraries\FWlib\src\stm32f10x_fsmc.c  0x00000000   Number         0  stm32f10x_fsmc.o ABSOLUTE
    ..\Libraries\FWlib\src\stm32f10x_gpio.c  0x00000000   Number         0  stm32f10x_gpio.o ABSOLUTE
    ..\Libraries\FWlib\src\stm32f10x_i2c.c   0x00000000   Number         0  stm32f10x_i2c.o ABSOLUTE
    ..\Libraries\FWlib\src\stm32f10x_iwdg.c  0x00000000   Number         0  stm32f10x_iwdg.o ABSOLUTE
    ..\Libraries\FWlib\src\stm32f10x_pwr.c   0x00000000   Number         0  stm32f10x_pwr.o ABSOLUTE
    ..\Libraries\FWlib\src\stm32f10x_rcc.c   0x00000000   Number         0  stm32f10x_rcc.o ABSOLUTE
    ..\Libraries\FWlib\src\stm32f10x_rtc.c   0x00000000   Number         0  stm32f10x_rtc.o ABSOLUTE
    ..\Libraries\FWlib\src\stm32f10x_sdio.c  0x00000000   Number         0  stm32f10x_sdio.o ABSOLUTE
    ..\Libraries\FWlib\src\stm32f10x_spi.c   0x00000000   Number         0  stm32f10x_spi.o ABSOLUTE
    ..\Libraries\FWlib\src\stm32f10x_tim.c   0x00000000   Number         0  stm32f10x_tim.o ABSOLUTE
    ..\Libraries\FWlib\src\stm32f10x_usart.c 0x00000000   Number         0  stm32f10x_usart.o ABSOLUTE
    ..\Libraries\FWlib\src\stm32f10x_wwdg.c  0x00000000   Number         0  stm32f10x_wwdg.o ABSOLUTE
    ..\User\main.c                           0x00000000   Number         0  main.o ABSOLUTE
    ..\User\stm32f10x_it.c                   0x00000000   Number         0  stm32f10x_it.o ABSOLUTE
    ..\User\system_stm32f10x.c               0x00000000   Number         0  system_stm32f10x.o ABSOLUTE
    ..\\Libraries\\CMSIS\\src\\core_cm3.c    0x00000000   Number         0  core_cm3.o ABSOLUTE
    ..\drive\AD7689.c                        0x00000000   Number         0  ad7689.o ABSOLUTE
    ..\drive\AT24C01.c                       0x00000000   Number         0  at24c01.o ABSOLUTE
    ..\drive\BEEP.c                          0x00000000   Number         0  beep.o ABSOLUTE
    ..\drive\DAC.c                           0x00000000   Number         0  dac.o ABSOLUTE
    ..\drive\FAN_PRO.c                       0x00000000   Number         0  fan_pro.o ABSOLUTE
    ..\drive\GPIO.c                          0x00000000   Number         0  gpio.o ABSOLUTE
    ..\drive\IIC_24C01.c                     0x00000000   Number         0  iic_24c01.o ABSOLUTE
    ..\drive\Menu.c                          0x00000000   Number         0  menu.o ABSOLUTE
    ..\drive\Slave_Usart.c                   0x00000000   Number         0  slave_usart.o ABSOLUTE
    ..\drive\TIM6.c                          0x00000000   Number         0  tim6.o ABSOLUTE
    ..\drive\adc.c                           0x00000000   Number         0  adc.o ABSOLUTE
    ..\drive\bsp_SysTick.c                   0x00000000   Number         0  bsp_systick.o ABSOLUTE
    ..\drive\clock.c                         0x00000000   Number         0  clock.o ABSOLUTE
    ..\drive\flash.c                         0x00000000   Number         0  flash.o ABSOLUTE
    ..\drive\iwdg.c                          0x00000000   Number         0  iwdg.o ABSOLUTE
    ..\drive\key.c                           0x00000000   Number         0  key.o ABSOLUTE
    ..\drive\me_scpi.c                       0x00000000   Number         0  me_scpi.o ABSOLUTE
    ..\drive\modbus.c                        0x00000000   Number         0  modbus.o ABSOLUTE
    ..\drive\usart.c                         0x00000000   Number         0  usart.o ABSOLUTE
    dc.s                                     0x00000000   Number         0  dc.o ABSOLUTE
    RESET                                    0x08000000   Section      304  startup_stm32f10x_hd.o(RESET)
    !!!main                                  0x08000130   Section        8  __main.o(!!!main)
    !!!scatter                               0x08000138   Section       52  __scatter.o(!!!scatter)
    !!handler_copy                           0x0800016c   Section       26  __scatter_copy.o(!!handler_copy)
    !!handler_zi                             0x08000188   Section       28  __scatter_zi.o(!!handler_zi)
    .ARM.Collect$$libinit$$00000000          0x080001a4   Section        2  libinit.o(.ARM.Collect$$libinit$$00000000)
    .ARM.Collect$$libinit$$00000002          0x080001a6   Section        0  libinit2.o(.ARM.Collect$$libinit$$00000002)
    .ARM.Collect$$libinit$$00000004          0x080001a6   Section        0  libinit2.o(.ARM.Collect$$libinit$$00000004)
    .ARM.Collect$$libinit$$0000000A          0x080001a6   Section        0  libinit2.o(.ARM.Collect$$libinit$$0000000A)
    .ARM.Collect$$libinit$$0000000C          0x080001a6   Section        0  libinit2.o(.ARM.Collect$$libinit$$0000000C)
    .ARM.Collect$$libinit$$0000000E          0x080001a6   Section        0  libinit2.o(.ARM.Collect$$libinit$$0000000E)
    .ARM.Collect$$libinit$$00000011          0x080001a6   Section        0  libinit2.o(.ARM.Collect$$libinit$$00000011)
    .ARM.Collect$$libinit$$00000013          0x080001a6   Section        0  libinit2.o(.ARM.Collect$$libinit$$00000013)
    .ARM.Collect$$libinit$$00000015          0x080001a6   Section        0  libinit2.o(.ARM.Collect$$libinit$$00000015)
    .ARM.Collect$$libinit$$00000017          0x080001a6   Section        0  libinit2.o(.ARM.Collect$$libinit$$00000017)
    .ARM.Collect$$libinit$$00000019          0x080001a6   Section        0  libinit2.o(.ARM.Collect$$libinit$$00000019)
    .ARM.Collect$$libinit$$0000001B          0x080001a6   Section        0  libinit2.o(.ARM.Collect$$libinit$$0000001B)
    .ARM.Collect$$libinit$$0000001D          0x080001a6   Section        0  libinit2.o(.ARM.Collect$$libinit$$0000001D)
    .ARM.Collect$$libinit$$0000001F          0x080001a6   Section        0  libinit2.o(.ARM.Collect$$libinit$$0000001F)
    .ARM.Collect$$libinit$$00000021          0x080001a6   Section        0  libinit2.o(.ARM.Collect$$libinit$$00000021)
    .ARM.Collect$$libinit$$00000023          0x080001a6   Section        0  libinit2.o(.ARM.Collect$$libinit$$00000023)
    .ARM.Collect$$libinit$$00000025          0x080001a6   Section        0  libinit2.o(.ARM.Collect$$libinit$$00000025)
    .ARM.Collect$$libinit$$0000002C          0x080001a6   Section        0  libinit2.o(.ARM.Collect$$libinit$$0000002C)
    .ARM.Collect$$libinit$$0000002E          0x080001a6   Section        0  libinit2.o(.ARM.Collect$$libinit$$0000002E)
    .ARM.Collect$$libinit$$00000030          0x080001a6   Section        0  libinit2.o(.ARM.Collect$$libinit$$00000030)
    .ARM.Collect$$libinit$$00000032          0x080001a6   Section        0  libinit2.o(.ARM.Collect$$libinit$$00000032)
    .ARM.Collect$$libinit$$00000033          0x080001a6   Section        2  libinit2.o(.ARM.Collect$$libinit$$00000033)
    .ARM.Collect$$libshutdown$$00000000      0x080001a8   Section        2  libshutdown.o(.ARM.Collect$$libshutdown$$00000000)
    .ARM.Collect$$libshutdown$$00000002      0x080001aa   Section        0  libshutdown2.o(.ARM.Collect$$libshutdown$$00000002)
    .ARM.Collect$$libshutdown$$00000004      0x080001aa   Section        0  libshutdown2.o(.ARM.Collect$$libshutdown$$00000004)
    .ARM.Collect$$libshutdown$$00000007      0x080001aa   Section        0  libshutdown2.o(.ARM.Collect$$libshutdown$$00000007)
    .ARM.Collect$$libshutdown$$0000000A      0x080001aa   Section        0  libshutdown2.o(.ARM.Collect$$libshutdown$$0000000A)
    .ARM.Collect$$libshutdown$$0000000C      0x080001aa   Section        0  libshutdown2.o(.ARM.Collect$$libshutdown$$0000000C)
    .ARM.Collect$$libshutdown$$0000000F      0x080001aa   Section        0  libshutdown2.o(.ARM.Collect$$libshutdown$$0000000F)
    .ARM.Collect$$libshutdown$$00000010      0x080001aa   Section        2  libshutdown2.o(.ARM.Collect$$libshutdown$$00000010)
    .ARM.Collect$$rtentry$$00000000          0x080001ac   Section        0  __rtentry.o(.ARM.Collect$$rtentry$$00000000)
    .ARM.Collect$$rtentry$$00000002          0x080001ac   Section        0  __rtentry2.o(.ARM.Collect$$rtentry$$00000002)
    .ARM.Collect$$rtentry$$00000004          0x080001ac   Section        6  __rtentry4.o(.ARM.Collect$$rtentry$$00000004)
    .ARM.Collect$$rtentry$$00000009          0x080001b2   Section        0  __rtentry2.o(.ARM.Collect$$rtentry$$00000009)
    .ARM.Collect$$rtentry$$0000000A          0x080001b2   Section        4  __rtentry2.o(.ARM.Collect$$rtentry$$0000000A)
    .ARM.Collect$$rtentry$$0000000C          0x080001b6   Section        0  __rtentry2.o(.ARM.Collect$$rtentry$$0000000C)
    .ARM.Collect$$rtentry$$0000000D          0x080001b6   Section        8  __rtentry2.o(.ARM.Collect$$rtentry$$0000000D)
    .ARM.Collect$$rtexit$$00000000           0x080001be   Section        2  rtexit.o(.ARM.Collect$$rtexit$$00000000)
    .ARM.Collect$$rtexit$$00000002           0x080001c0   Section        0  rtexit2.o(.ARM.Collect$$rtexit$$00000002)
    .ARM.Collect$$rtexit$$00000003           0x080001c0   Section        4  rtexit2.o(.ARM.Collect$$rtexit$$00000003)
    .ARM.Collect$$rtexit$$00000004           0x080001c4   Section        6  rtexit2.o(.ARM.Collect$$rtexit$$00000004)
    .text                                    0x080001cc   Section       64  startup_stm32f10x_hd.o(.text)
    .text                                    0x0800020c   Section        0  misc.o(.text)
    .text                                    0x080002e8   Section        0  stm32f10x_adc.o(.text)
    .text                                    0x08000738   Section        0  stm32f10x_dma.o(.text)
    .text                                    0x0800098c   Section        0  stm32f10x_flash.o(.text)
    .text                                    0x08000f48   Section        0  stm32f10x_gpio.o(.text)
    .text                                    0x080012a4   Section        0  stm32f10x_iwdg.o(.text)
    .text                                    0x080012e4   Section        0  stm32f10x_rcc.o(.text)
    .text                                    0x08001688   Section        0  stm32f10x_spi.o(.text)
    .text                                    0x08001994   Section        0  stm32f10x_tim.o(.text)
    TI4_Config                               0x08001e3b   Thumb Code   130  stm32f10x_tim.o(.text)
    TI3_Config                               0x08001ecf   Thumb Code   122  stm32f10x_tim.o(.text)
    TI2_Config                               0x08001f63   Thumb Code   130  stm32f10x_tim.o(.text)
    TI1_Config                               0x08001ff7   Thumb Code   108  stm32f10x_tim.o(.text)
    .text                                    0x080027b0   Section        0  stm32f10x_usart.o(.text)
    .text                                    0x08002bb8   Section        0  main.o(.text)
    .text                                    0x08002c40   Section        0  stm32f10x_it.o(.text)
    .text                                    0x0800300c   Section        0  system_stm32f10x.o(.text)
    SetSysClockTo72                          0x0800300d   Thumb Code   214  system_stm32f10x.o(.text)
    SetSysClock                              0x080030e3   Thumb Code     8  system_stm32f10x.o(.text)
    .text                                    0x080031ec   Section        0  adc.o(.text)
    .text                                    0x08003438   Section        0  bsp_systick.o(.text)
    .text                                    0x080034ec   Section        0  at24c01.o(.text)
    ee_Delay                                 0x08003735   Thumb Code    18  at24c01.o(.text)
    .text                                    0x0800374c   Section        0  clock.o(.text)
    .text                                    0x080037c0   Section        0  dac.o(.text)
    .text                                    0x080038a0   Section        0  flash.o(.text)
    .text                                    0x08005ccc   Section        0  gpio.o(.text)
    .text                                    0x08005d68   Section        0  iic_24c01.o(.text)
    i2c_Delay                                0x08005d69   Thumb Code    28  iic_24c01.o(.text)
    .text                                    0x08005fd8   Section        0  iwdg.o(.text)
    .text                                    0x08005ff8   Section        0  modbus.o(.text)
    .text                                    0x080079ec   Section        0  tim6.o(.text)
    TIM6_NVIC_Config                         0x080079ed   Thumb Code    30  tim6.o(.text)
    .text                                    0x08007a5c   Section        0  usart.o(.text)
    USART1_NVIC_Config                       0x08007a5d   Thumb Code   100  usart.o(.text)
    .text                                    0x08007ed4   Section        0  fan_pro.o(.text)
    .text                                    0x080081a0   Section        0  menu.o(.text)
    .text                                    0x080087f4   Section        0  ad7689.o(.text)
    .text                                    0x08008afc   Section        2  use_no_semi_2.o(.text)
    .text                                    0x08008afe   Section        0  strlen.o(.text)
    .text                                    0x08008b3c   Section       68  rt_memclr.o(.text)
    .text                                    0x08008b80   Section        0  heapauxi.o(.text)
    .text                                    0x08008b86   Section        2  use_no_semi.o(.text)
    .text                                    0x08008b88   Section       78  rt_memclr_w.o(.text)
    .text                                    0x08008bd8   Section        8  libspace.o(.text)
    .text                                    0x08008be0   Section       74  sys_stackheap_outer.o(.text)
    .text                                    0x08008c2a   Section        0  exit.o(.text)
    .data                                    0x20000000   Section       20  stm32f10x_rcc.o(.data)
    APBAHBPrescTable                         0x20000000   Data          16  stm32f10x_rcc.o(.data)
    ADCPrescTable                            0x20000010   Data           4  stm32f10x_rcc.o(.data)
    .data                                    0x20000014   Section       30  main.o(.data)
    .data                                    0x20000034   Section       20  system_stm32f10x.o(.data)
    .data                                    0x20000048   Section       12  adc.o(.data)
    a                                        0x20000052   Data           1  adc.o(.data)
    b                                        0x20000053   Data           1  adc.o(.data)
    .data                                    0x20000054   Section        4  bsp_systick.o(.data)
    TimingDelay                              0x20000054   Data           4  bsp_systick.o(.data)
    .data                                    0x20000058   Section        1  at24c01.o(.data)
    date                                     0x20000058   Data           1  at24c01.o(.data)
    .data                                    0x20000059   Section        1  clock.o(.data)
    .data                                    0x2000005c   Section        4  flash.o(.data)
    .data                                    0x20000060   Section       38  modbus.o(.data)
    .data                                    0x20000088   Section        8  usart.o(.data)
    .data                                    0x20000090   Section       14  fan_pro.o(.data)
    .data                                    0x200000a0   Section        8  menu.o(.data)
    LED_ON_V                                 0x200000a4   Data           4  menu.o(.data)
    .data                                    0x200000a8   Section        3  ad7689.o(.data)
    var_chI                                  0x200000a8   Data           1  ad7689.o(.data)
    I_cont                                   0x200000a9   Data           1  ad7689.o(.data)
    V_cont                                   0x200000aa   Data           1  ad7689.o(.data)
    .bss                                     0x200000ac   Section      400  adc.o(.bss)
    .bss                                     0x2000023c   Section      336  modbus.o(.bss)
    .bss                                     0x2000038c   Section      400  usart.o(.bss)
    .bss                                     0x2000051c   Section      496  ad7689.o(.bss)
    .bss                                     0x2000070c   Section       96  libspace.o(.bss)
    HEAP                                     0x20000770   Section      512  startup_stm32f10x_hd.o(HEAP)
    Heap_Mem                                 0x20000770   Data         512  startup_stm32f10x_hd.o(HEAP)
    STACK                                    0x20000970   Section     2048  startup_stm32f10x_hd.o(STACK)
    Stack_Mem                                0x20000970   Data        2048  startup_stm32f10x_hd.o(STACK)
    __initial_sp                             0x20001170   Data           0  startup_stm32f10x_hd.o(STACK)

    Global Symbols

    Symbol Name                              Value     Ov Type        Size  Object(Section)

    BuildAttributes$$THM_ISAv4$P$D$K$B$S$PE$A:L22UL41UL21$X:L11$S22US41US21$IEEE1$IW$USESV6$~STKCKD$USESV7$~SHL$OTIME$ROPI$IEEEJ$EBA8$UX$STANDARDLIB$REQ8$PRES8$EABIv2 0x00000000   Number         0  anon$$obj.o ABSOLUTE
    __ARM_use_no_argv                        0x00000000   Number         0  main.o ABSOLUTE
    _printf_flags                            0x00000000   Number         0  printf_stubs.o ABSOLUTE
    _printf_return_value                     0x00000000   Number         0  printf_stubs.o ABSOLUTE
    _printf_sizespec                         0x00000000   Number         0  printf_stubs.o ABSOLUTE
    _printf_widthprec                        0x00000000   Number         0  printf_stubs.o ABSOLUTE
    __ARM_exceptions_init                     - Undefined Weak Reference
    __alloca_initialize                       - Undefined Weak Reference
    __arm_preinit_                            - Undefined Weak Reference
    __cpp_initialize__aeabi_                  - Undefined Weak Reference
    __cxa_finalize                            - Undefined Weak Reference
    __sigvec_lookup                           - Undefined Weak Reference
    _atexit_init                              - Undefined Weak Reference
    _call_atexit_fns                          - Undefined Weak Reference
    _clock_init                               - Undefined Weak Reference
    _fp_trap_init                             - Undefined Weak Reference
    _fp_trap_shutdown                         - Undefined Weak Reference
    _get_lc_collate                           - Undefined Weak Reference
    _get_lc_monetary                          - Undefined Weak Reference
    _get_lc_time                              - Undefined Weak Reference
    _getenv_init                              - Undefined Weak Reference
    _handle_redirection                       - Undefined Weak Reference
    _init_alloc                               - Undefined Weak Reference
    _init_user_alloc                          - Undefined Weak Reference
    _initio                                   - Undefined Weak Reference
    _mutex_acquire                            - Undefined Weak Reference
    _mutex_release                            - Undefined Weak Reference
    _printf_post_padding                      - Undefined Weak Reference
    _printf_pre_padding                       - Undefined Weak Reference
    _printf_truncate_signed                   - Undefined Weak Reference
    _printf_truncate_unsigned                 - Undefined Weak Reference
    _rand_init                                - Undefined Weak Reference
    _signal_finish                            - Undefined Weak Reference
    _signal_init                              - Undefined Weak Reference
    _terminate_alloc                          - Undefined Weak Reference
    _terminate_user_alloc                     - Undefined Weak Reference
    _terminateio                              - Undefined Weak Reference
    __Vectors_Size                           0x00000130   Number         0  startup_stm32f10x_hd.o ABSOLUTE
    __Vectors                                0x08000000   Data           4  startup_stm32f10x_hd.o(RESET)
    __Vectors_End                            0x08000130   Data           0  startup_stm32f10x_hd.o(RESET)
    __main                                   0x08000131   Thumb Code     8  __main.o(!!!main)
    __scatterload                            0x08000139   Thumb Code     0  __scatter.o(!!!scatter)
    __scatterload_rt2                        0x08000139   Thumb Code    44  __scatter.o(!!!scatter)
    __scatterload_rt2_thumb_only             0x08000139   Thumb Code     0  __scatter.o(!!!scatter)
    __scatterload_null                       0x08000147   Thumb Code     0  __scatter.o(!!!scatter)
    __scatterload_copy                       0x0800016d   Thumb Code    26  __scatter_copy.o(!!handler_copy)
    __scatterload_zeroinit                   0x08000189   Thumb Code    28  __scatter_zi.o(!!handler_zi)
    __rt_lib_init                            0x080001a5   Thumb Code     0  libinit.o(.ARM.Collect$$libinit$$00000000)
    __rt_lib_init_alloca_1                   0x080001a7   Thumb Code     0  libinit2.o(.ARM.Collect$$libinit$$0000002E)
    __rt_lib_init_argv_1                     0x080001a7   Thumb Code     0  libinit2.o(.ARM.Collect$$libinit$$0000002C)
    __rt_lib_init_atexit_1                   0x080001a7   Thumb Code     0  libinit2.o(.ARM.Collect$$libinit$$0000001B)
    __rt_lib_init_clock_1                    0x080001a7   Thumb Code     0  libinit2.o(.ARM.Collect$$libinit$$00000021)
    __rt_lib_init_cpp_1                      0x080001a7   Thumb Code     0  libinit2.o(.ARM.Collect$$libinit$$00000032)
    __rt_lib_init_exceptions_1               0x080001a7   Thumb Code     0  libinit2.o(.ARM.Collect$$libinit$$00000030)
    __rt_lib_init_fp_1                       0x080001a7   Thumb Code     0  libinit2.o(.ARM.Collect$$libinit$$00000002)
    __rt_lib_init_fp_trap_1                  0x080001a7   Thumb Code     0  libinit2.o(.ARM.Collect$$libinit$$0000001F)
    __rt_lib_init_getenv_1                   0x080001a7   Thumb Code     0  libinit2.o(.ARM.Collect$$libinit$$00000023)
    __rt_lib_init_heap_1                     0x080001a7   Thumb Code     0  libinit2.o(.ARM.Collect$$libinit$$0000000A)
    __rt_lib_init_lc_collate_1               0x080001a7   Thumb Code     0  libinit2.o(.ARM.Collect$$libinit$$00000011)
    __rt_lib_init_lc_ctype_1                 0x080001a7   Thumb Code     0  libinit2.o(.ARM.Collect$$libinit$$00000013)
    __rt_lib_init_lc_monetary_1              0x080001a7   Thumb Code     0  libinit2.o(.ARM.Collect$$libinit$$00000015)
    __rt_lib_init_lc_numeric_1               0x080001a7   Thumb Code     0  libinit2.o(.ARM.Collect$$libinit$$00000017)
    __rt_lib_init_lc_time_1                  0x080001a7   Thumb Code     0  libinit2.o(.ARM.Collect$$libinit$$00000019)
    __rt_lib_init_preinit_1                  0x080001a7   Thumb Code     0  libinit2.o(.ARM.Collect$$libinit$$00000004)
    __rt_lib_init_rand_1                     0x080001a7   Thumb Code     0  libinit2.o(.ARM.Collect$$libinit$$0000000E)
    __rt_lib_init_return                     0x080001a7   Thumb Code     0  libinit2.o(.ARM.Collect$$libinit$$00000033)
    __rt_lib_init_signal_1                   0x080001a7   Thumb Code     0  libinit2.o(.ARM.Collect$$libinit$$0000001D)
    __rt_lib_init_stdio_1                    0x080001a7   Thumb Code     0  libinit2.o(.ARM.Collect$$libinit$$00000025)
    __rt_lib_init_user_alloc_1               0x080001a7   Thumb Code     0  libinit2.o(.ARM.Collect$$libinit$$0000000C)
    __rt_lib_shutdown                        0x080001a9   Thumb Code     0  libshutdown.o(.ARM.Collect$$libshutdown$$00000000)
    __rt_lib_shutdown_cpp_1                  0x080001ab   Thumb Code     0  libshutdown2.o(.ARM.Collect$$libshutdown$$00000002)
    __rt_lib_shutdown_fp_trap_1              0x080001ab   Thumb Code     0  libshutdown2.o(.ARM.Collect$$libshutdown$$00000007)
    __rt_lib_shutdown_heap_1                 0x080001ab   Thumb Code     0  libshutdown2.o(.ARM.Collect$$libshutdown$$0000000F)
    __rt_lib_shutdown_return                 0x080001ab   Thumb Code     0  libshutdown2.o(.ARM.Collect$$libshutdown$$00000010)
    __rt_lib_shutdown_signal_1               0x080001ab   Thumb Code     0  libshutdown2.o(.ARM.Collect$$libshutdown$$0000000A)
    __rt_lib_shutdown_stdio_1                0x080001ab   Thumb Code     0  libshutdown2.o(.ARM.Collect$$libshutdown$$00000004)
    __rt_lib_shutdown_user_alloc_1           0x080001ab   Thumb Code     0  libshutdown2.o(.ARM.Collect$$libshutdown$$0000000C)
    __rt_entry                               0x080001ad   Thumb Code     0  __rtentry.o(.ARM.Collect$$rtentry$$00000000)
    __rt_entry_presh_1                       0x080001ad   Thumb Code     0  __rtentry2.o(.ARM.Collect$$rtentry$$00000002)
    __rt_entry_sh                            0x080001ad   Thumb Code     0  __rtentry4.o(.ARM.Collect$$rtentry$$00000004)
    __rt_entry_li                            0x080001b3   Thumb Code     0  __rtentry2.o(.ARM.Collect$$rtentry$$0000000A)
    __rt_entry_postsh_1                      0x080001b3   Thumb Code     0  __rtentry2.o(.ARM.Collect$$rtentry$$00000009)
    __rt_entry_main                          0x080001b7   Thumb Code     0  __rtentry2.o(.ARM.Collect$$rtentry$$0000000D)
    __rt_entry_postli_1                      0x080001b7   Thumb Code     0  __rtentry2.o(.ARM.Collect$$rtentry$$0000000C)
    __rt_exit                                0x080001bf   Thumb Code     0  rtexit.o(.ARM.Collect$$rtexit$$00000000)
    __rt_exit_ls                             0x080001c1   Thumb Code     0  rtexit2.o(.ARM.Collect$$rtexit$$00000003)
    __rt_exit_prels_1                        0x080001c1   Thumb Code     0  rtexit2.o(.ARM.Collect$$rtexit$$00000002)
    __rt_exit_exit                           0x080001c5   Thumb Code     0  rtexit2.o(.ARM.Collect$$rtexit$$00000004)
    Reset_Handler                            0x080001cd   Thumb Code     8  startup_stm32f10x_hd.o(.text)
    PendSV_Handler                           0x080001e3   Thumb Code     2  startup_stm32f10x_hd.o(.text)
    ADC1_2_IRQHandler                        0x080001e7   Thumb Code     0  startup_stm32f10x_hd.o(.text)
    ADC3_IRQHandler                          0x080001e7   Thumb Code     0  startup_stm32f10x_hd.o(.text)
    CAN1_RX1_IRQHandler                      0x080001e7   Thumb Code     0  startup_stm32f10x_hd.o(.text)
    CAN1_SCE_IRQHandler                      0x080001e7   Thumb Code     0  startup_stm32f10x_hd.o(.text)
    DMA1_Channel3_IRQHandler                 0x080001e7   Thumb Code     0  startup_stm32f10x_hd.o(.text)
    DMA1_Channel4_IRQHandler                 0x080001e7   Thumb Code     0  startup_stm32f10x_hd.o(.text)
    DMA1_Channel5_IRQHandler                 0x080001e7   Thumb Code     0  startup_stm32f10x_hd.o(.text)
    DMA1_Channel6_IRQHandler                 0x080001e7   Thumb Code     0  startup_stm32f10x_hd.o(.text)
    DMA1_Channel7_IRQHandler                 0x080001e7   Thumb Code     0  startup_stm32f10x_hd.o(.text)
    DMA2_Channel1_IRQHandler                 0x080001e7   Thumb Code     0  startup_stm32f10x_hd.o(.text)
    DMA2_Channel2_IRQHandler                 0x080001e7   Thumb Code     0  startup_stm32f10x_hd.o(.text)
    DMA2_Channel3_IRQHandler                 0x080001e7   Thumb Code     0  startup_stm32f10x_hd.o(.text)
    DMA2_Channel4_5_IRQHandler               0x080001e7   Thumb Code     0  startup_stm32f10x_hd.o(.text)
    EXTI0_IRQHandler                         0x080001e7   Thumb Code     0  startup_stm32f10x_hd.o(.text)
    EXTI15_10_IRQHandler                     0x080001e7   Thumb Code     0  startup_stm32f10x_hd.o(.text)
    EXTI1_IRQHandler                         0x080001e7   Thumb Code     0  startup_stm32f10x_hd.o(.text)
    EXTI2_IRQHandler                         0x080001e7   Thumb Code     0  startup_stm32f10x_hd.o(.text)
    EXTI3_IRQHandler                         0x080001e7   Thumb Code     0  startup_stm32f10x_hd.o(.text)
    EXTI4_IRQHandler                         0x080001e7   Thumb Code     0  startup_stm32f10x_hd.o(.text)
    EXTI9_5_IRQHandler                       0x080001e7   Thumb Code     0  startup_stm32f10x_hd.o(.text)
    FLASH_IRQHandler                         0x080001e7   Thumb Code     0  startup_stm32f10x_hd.o(.text)
    FSMC_IRQHandler                          0x080001e7   Thumb Code     0  startup_stm32f10x_hd.o(.text)
    I2C1_ER_IRQHandler                       0x080001e7   Thumb Code     0  startup_stm32f10x_hd.o(.text)
    I2C1_EV_IRQHandler                       0x080001e7   Thumb Code     0  startup_stm32f10x_hd.o(.text)
    I2C2_ER_IRQHandler                       0x080001e7   Thumb Code     0  startup_stm32f10x_hd.o(.text)
    I2C2_EV_IRQHandler                       0x080001e7   Thumb Code     0  startup_stm32f10x_hd.o(.text)
    PVD_IRQHandler                           0x080001e7   Thumb Code     0  startup_stm32f10x_hd.o(.text)
    RCC_IRQHandler                           0x080001e7   Thumb Code     0  startup_stm32f10x_hd.o(.text)
    RTCAlarm_IRQHandler                      0x080001e7   Thumb Code     0  startup_stm32f10x_hd.o(.text)
    RTC_IRQHandler                           0x080001e7   Thumb Code     0  startup_stm32f10x_hd.o(.text)
    SDIO_IRQHandler                          0x080001e7   Thumb Code     0  startup_stm32f10x_hd.o(.text)
    SPI1_IRQHandler                          0x080001e7   Thumb Code     0  startup_stm32f10x_hd.o(.text)
    SPI2_IRQHandler                          0x080001e7   Thumb Code     0  startup_stm32f10x_hd.o(.text)
    SPI3_IRQHandler                          0x080001e7   Thumb Code     0  startup_stm32f10x_hd.o(.text)
    TAMPER_IRQHandler                        0x080001e7   Thumb Code     0  startup_stm32f10x_hd.o(.text)
    TIM1_BRK_IRQHandler                      0x080001e7   Thumb Code     0  startup_stm32f10x_hd.o(.text)
    TIM1_CC_IRQHandler                       0x080001e7   Thumb Code     0  startup_stm32f10x_hd.o(.text)
    TIM1_TRG_COM_IRQHandler                  0x080001e7   Thumb Code     0  startup_stm32f10x_hd.o(.text)
    TIM1_UP_IRQHandler                       0x080001e7   Thumb Code     0  startup_stm32f10x_hd.o(.text)
    TIM2_IRQHandler                          0x080001e7   Thumb Code     0  startup_stm32f10x_hd.o(.text)
    TIM3_IRQHandler                          0x080001e7   Thumb Code     0  startup_stm32f10x_hd.o(.text)
    TIM5_IRQHandler                          0x080001e7   Thumb Code     0  startup_stm32f10x_hd.o(.text)
    TIM6_IRQHandler                          0x080001e7   Thumb Code     0  startup_stm32f10x_hd.o(.text)
    TIM7_IRQHandler                          0x080001e7   Thumb Code     0  startup_stm32f10x_hd.o(.text)
    TIM8_BRK_IRQHandler                      0x080001e7   Thumb Code     0  startup_stm32f10x_hd.o(.text)
    TIM8_CC_IRQHandler                       0x080001e7   Thumb Code     0  startup_stm32f10x_hd.o(.text)
    TIM8_TRG_COM_IRQHandler                  0x080001e7   Thumb Code     0  startup_stm32f10x_hd.o(.text)
    TIM8_UP_IRQHandler                       0x080001e7   Thumb Code     0  startup_stm32f10x_hd.o(.text)
    UART4_IRQHandler                         0x080001e7   Thumb Code     0  startup_stm32f10x_hd.o(.text)
    UART5_IRQHandler                         0x080001e7   Thumb Code     0  startup_stm32f10x_hd.o(.text)
    USBWakeUp_IRQHandler                     0x080001e7   Thumb Code     0  startup_stm32f10x_hd.o(.text)
    USB_HP_CAN1_TX_IRQHandler                0x080001e7   Thumb Code     0  startup_stm32f10x_hd.o(.text)
    USB_LP_CAN1_RX0_IRQHandler               0x080001e7   Thumb Code     0  startup_stm32f10x_hd.o(.text)
    WWDG_IRQHandler                          0x080001e7   Thumb Code     0  startup_stm32f10x_hd.o(.text)
    __user_initial_stackheap                 0x080001e9   Thumb Code     0  startup_stm32f10x_hd.o(.text)
    NVIC_PriorityGroupConfig                 0x0800020d   Thumb Code    10  misc.o(.text)
    NVIC_Init                                0x08000217   Thumb Code   100  misc.o(.text)
    NVIC_SetVectorTable                      0x0800027b   Thumb Code    14  misc.o(.text)
    NVIC_SystemLPConfig                      0x08000289   Thumb Code    34  misc.o(.text)
    SysTick_CLKSourceConfig                  0x080002ab   Thumb Code    40  misc.o(.text)
    ADC_DeInit                               0x080002e9   Thumb Code    78  stm32f10x_adc.o(.text)
    ADC_Init                                 0x08000337   Thumb Code    70  stm32f10x_adc.o(.text)
    ADC_StructInit                           0x0800037d   Thumb Code    18  stm32f10x_adc.o(.text)
    ADC_Cmd                                  0x0800038f   Thumb Code    22  stm32f10x_adc.o(.text)
    ADC_DMACmd                               0x080003a5   Thumb Code    22  stm32f10x_adc.o(.text)
    ADC_ITConfig                             0x080003bb   Thumb Code    24  stm32f10x_adc.o(.text)
    ADC_ResetCalibration                     0x080003d3   Thumb Code    10  stm32f10x_adc.o(.text)
    ADC_GetResetCalibrationStatus            0x080003dd   Thumb Code    20  stm32f10x_adc.o(.text)
    ADC_StartCalibration                     0x080003f1   Thumb Code    10  stm32f10x_adc.o(.text)
    ADC_GetCalibrationStatus                 0x080003fb   Thumb Code    20  stm32f10x_adc.o(.text)
    ADC_SoftwareStartConvCmd                 0x0800040f   Thumb Code    22  stm32f10x_adc.o(.text)
    ADC_GetSoftwareStartConvStatus           0x08000425   Thumb Code    20  stm32f10x_adc.o(.text)
    ADC_DiscModeChannelCountConfig           0x08000439   Thumb Code    24  stm32f10x_adc.o(.text)
    ADC_DiscModeCmd                          0x08000451   Thumb Code    22  stm32f10x_adc.o(.text)
    ADC_RegularChannelConfig                 0x08000467   Thumb Code   184  stm32f10x_adc.o(.text)
    ADC_ExternalTrigConvCmd                  0x0800051f   Thumb Code    22  stm32f10x_adc.o(.text)
    ADC_GetConversionValue                   0x08000535   Thumb Code     8  stm32f10x_adc.o(.text)
    ADC_GetDualModeConversionValue           0x0800053d   Thumb Code     8  stm32f10x_adc.o(.text)
    ADC_AutoInjectedConvCmd                  0x08000545   Thumb Code    22  stm32f10x_adc.o(.text)
    ADC_InjectedDiscModeCmd                  0x0800055b   Thumb Code    22  stm32f10x_adc.o(.text)
    ADC_ExternalTrigInjectedConvConfig       0x08000571   Thumb Code    16  stm32f10x_adc.o(.text)
    ADC_ExternalTrigInjectedConvCmd          0x08000581   Thumb Code    22  stm32f10x_adc.o(.text)
    ADC_SoftwareStartInjectedConvCmd         0x08000597   Thumb Code    22  stm32f10x_adc.o(.text)
    ADC_GetSoftwareStartInjectedConvCmdStatus 0x080005ad   Thumb Code    20  stm32f10x_adc.o(.text)
    ADC_InjectedChannelConfig                0x080005c1   Thumb Code   130  stm32f10x_adc.o(.text)
    ADC_InjectedSequencerLengthConfig        0x08000643   Thumb Code    24  stm32f10x_adc.o(.text)
    ADC_SetInjectedOffset                    0x0800065b   Thumb Code    20  stm32f10x_adc.o(.text)
    ADC_GetInjectedConversionValue           0x0800066f   Thumb Code    28  stm32f10x_adc.o(.text)
    ADC_AnalogWatchdogCmd                    0x0800068b   Thumb Code    16  stm32f10x_adc.o(.text)
    ADC_AnalogWatchdogThresholdsConfig       0x0800069b   Thumb Code     6  stm32f10x_adc.o(.text)
    ADC_AnalogWatchdogSingleChannelConfig    0x080006a1   Thumb Code    16  stm32f10x_adc.o(.text)
    ADC_TempSensorVrefintCmd                 0x080006b1   Thumb Code    64  stm32f10x_adc.o(.text)
    ADC_GetFlagStatus                        0x080006f1   Thumb Code    18  stm32f10x_adc.o(.text)
    ADC_ClearFlag                            0x08000703   Thumb Code     6  stm32f10x_adc.o(.text)
    ADC_GetITStatus                          0x08000709   Thumb Code    36  stm32f10x_adc.o(.text)
    ADC_ClearITPendingBit                    0x0800072d   Thumb Code    10  stm32f10x_adc.o(.text)
    DMA_DeInit                               0x08000739   Thumb Code   324  stm32f10x_dma.o(.text)
    DMA_Init                                 0x0800087d   Thumb Code    60  stm32f10x_dma.o(.text)
    DMA_StructInit                           0x080008b9   Thumb Code    26  stm32f10x_dma.o(.text)
    DMA_Cmd                                  0x080008d3   Thumb Code    24  stm32f10x_dma.o(.text)
    DMA_ITConfig                             0x080008eb   Thumb Code    18  stm32f10x_dma.o(.text)
    DMA_SetCurrDataCounter                   0x080008fd   Thumb Code     4  stm32f10x_dma.o(.text)
    DMA_GetCurrDataCounter                   0x08000901   Thumb Code     8  stm32f10x_dma.o(.text)
    DMA_GetFlagStatus                        0x08000909   Thumb Code    40  stm32f10x_dma.o(.text)
    DMA_ClearFlag                            0x08000931   Thumb Code    22  stm32f10x_dma.o(.text)
    DMA_GetITStatus                          0x08000947   Thumb Code    40  stm32f10x_dma.o(.text)
    DMA_ClearITPendingBit                    0x0800096f   Thumb Code    22  stm32f10x_dma.o(.text)
    FLASH_SetLatency                         0x0800098d   Thumb Code    18  stm32f10x_flash.o(.text)
    FLASH_HalfCycleAccessCmd                 0x0800099f   Thumb Code    22  stm32f10x_flash.o(.text)
    FLASH_PrefetchBufferCmd                  0x080009b5   Thumb Code    22  stm32f10x_flash.o(.text)
    FLASH_Unlock                             0x080009cb   Thumb Code    12  stm32f10x_flash.o(.text)
    FLASH_UnlockBank1                        0x080009d7   Thumb Code    12  stm32f10x_flash.o(.text)
    FLASH_Lock                               0x080009e3   Thumb Code    14  stm32f10x_flash.o(.text)
    FLASH_LockBank1                          0x080009f1   Thumb Code    14  stm32f10x_flash.o(.text)
    FLASH_GetBank1Status                     0x080009ff   Thumb Code    48  stm32f10x_flash.o(.text)
    FLASH_WaitForLastOperation               0x08000a2f   Thumb Code    38  stm32f10x_flash.o(.text)
    FLASH_ErasePage                          0x08000a55   Thumb Code    72  stm32f10x_flash.o(.text)
    FLASH_EraseAllPages                      0x08000a9d   Thumb Code    68  stm32f10x_flash.o(.text)
    FLASH_WaitForLastBank1Operation          0x08000ae1   Thumb Code    38  stm32f10x_flash.o(.text)
    FLASH_EraseAllBank1Pages                 0x08000b07   Thumb Code    68  stm32f10x_flash.o(.text)
    FLASH_GetReadOutProtectionStatus         0x08000b4b   Thumb Code    20  stm32f10x_flash.o(.text)
    FLASH_EraseOptionBytes                   0x08000b5f   Thumb Code   150  stm32f10x_flash.o(.text)
    FLASH_ProgramWord                        0x08000bf5   Thumb Code   102  stm32f10x_flash.o(.text)
    FLASH_ProgramHalfWord                    0x08000c5b   Thumb Code    60  stm32f10x_flash.o(.text)
    FLASH_ProgramOptionByteData              0x08000c97   Thumb Code    72  stm32f10x_flash.o(.text)
    FLASH_EnableWriteProtection              0x08000cdf   Thumb Code   200  stm32f10x_flash.o(.text)
    FLASH_ReadOutProtection                  0x08000da7   Thumb Code   156  stm32f10x_flash.o(.text)
    FLASH_UserOptionByteConfig               0x08000e43   Thumb Code    88  stm32f10x_flash.o(.text)
    FLASH_GetUserOptionByte                  0x08000e9b   Thumb Code     8  stm32f10x_flash.o(.text)
    FLASH_GetWriteProtectionOptionByte       0x08000ea3   Thumb Code     6  stm32f10x_flash.o(.text)
    FLASH_GetPrefetchBufferStatus            0x08000ea9   Thumb Code    20  stm32f10x_flash.o(.text)
    FLASH_ITConfig                           0x08000ebd   Thumb Code    26  stm32f10x_flash.o(.text)
    FLASH_GetFlagStatus                      0x08000ed7   Thumb Code    42  stm32f10x_flash.o(.text)
    FLASH_ClearFlag                          0x08000f01   Thumb Code     6  stm32f10x_flash.o(.text)
    FLASH_GetStatus                          0x08000f07   Thumb Code    48  stm32f10x_flash.o(.text)
    GPIO_DeInit                              0x08000f49   Thumb Code   172  stm32f10x_gpio.o(.text)
    GPIO_AFIODeInit                          0x08000ff5   Thumb Code    20  stm32f10x_gpio.o(.text)
    GPIO_Init                                0x08001009   Thumb Code   278  stm32f10x_gpio.o(.text)
    GPIO_StructInit                          0x0800111f   Thumb Code    16  stm32f10x_gpio.o(.text)
    GPIO_ReadInputDataBit                    0x0800112f   Thumb Code    18  stm32f10x_gpio.o(.text)
    GPIO_ReadInputData                       0x08001141   Thumb Code     8  stm32f10x_gpio.o(.text)
    GPIO_ReadOutputDataBit                   0x08001149   Thumb Code    18  stm32f10x_gpio.o(.text)
    GPIO_ReadOutputData                      0x0800115b   Thumb Code     8  stm32f10x_gpio.o(.text)
    GPIO_SetBits                             0x08001163   Thumb Code     4  stm32f10x_gpio.o(.text)
    GPIO_ResetBits                           0x08001167   Thumb Code     4  stm32f10x_gpio.o(.text)
    GPIO_WriteBit                            0x0800116b   Thumb Code    10  stm32f10x_gpio.o(.text)
    GPIO_Write                               0x08001175   Thumb Code     4  stm32f10x_gpio.o(.text)
    GPIO_PinLockConfig                       0x08001179   Thumb Code    18  stm32f10x_gpio.o(.text)
    GPIO_EventOutputConfig                   0x0800118b   Thumb Code    26  stm32f10x_gpio.o(.text)
    GPIO_EventOutputCmd                      0x080011a5   Thumb Code     6  stm32f10x_gpio.o(.text)
    GPIO_PinRemapConfig                      0x080011ab   Thumb Code   138  stm32f10x_gpio.o(.text)
    GPIO_EXTILineConfig                      0x08001235   Thumb Code    66  stm32f10x_gpio.o(.text)
    GPIO_ETH_MediaInterfaceConfig            0x08001277   Thumb Code     8  stm32f10x_gpio.o(.text)
    IWDG_WriteAccessCmd                      0x080012a5   Thumb Code     6  stm32f10x_iwdg.o(.text)
    IWDG_SetPrescaler                        0x080012ab   Thumb Code     6  stm32f10x_iwdg.o(.text)
    IWDG_SetReload                           0x080012b1   Thumb Code     6  stm32f10x_iwdg.o(.text)
    IWDG_ReloadCounter                       0x080012b7   Thumb Code    10  stm32f10x_iwdg.o(.text)
    IWDG_Enable                              0x080012c1   Thumb Code    10  stm32f10x_iwdg.o(.text)
    IWDG_GetFlagStatus                       0x080012cb   Thumb Code    20  stm32f10x_iwdg.o(.text)
    RCC_DeInit                               0x080012e5   Thumb Code    64  stm32f10x_rcc.o(.text)
    RCC_HSEConfig                            0x08001325   Thumb Code    70  stm32f10x_rcc.o(.text)
    RCC_GetFlagStatus                        0x0800136b   Thumb Code    56  stm32f10x_rcc.o(.text)
    RCC_WaitForHSEStartUp                    0x080013a3   Thumb Code    56  stm32f10x_rcc.o(.text)
    RCC_AdjustHSICalibrationValue            0x080013db   Thumb Code    20  stm32f10x_rcc.o(.text)
    RCC_HSICmd                               0x080013ef   Thumb Code     6  stm32f10x_rcc.o(.text)
    RCC_PLLConfig                            0x080013f5   Thumb Code    24  stm32f10x_rcc.o(.text)
    RCC_PLLCmd                               0x0800140d   Thumb Code     6  stm32f10x_rcc.o(.text)
    RCC_SYSCLKConfig                         0x08001413   Thumb Code    18  stm32f10x_rcc.o(.text)
    RCC_GetSYSCLKSource                      0x08001425   Thumb Code    10  stm32f10x_rcc.o(.text)
    RCC_HCLKConfig                           0x0800142f   Thumb Code    18  stm32f10x_rcc.o(.text)
    RCC_PCLK1Config                          0x08001441   Thumb Code    18  stm32f10x_rcc.o(.text)
    RCC_PCLK2Config                          0x08001453   Thumb Code    20  stm32f10x_rcc.o(.text)
    RCC_ITConfig                             0x08001467   Thumb Code    26  stm32f10x_rcc.o(.text)
    RCC_USBCLKConfig                         0x08001481   Thumb Code     8  stm32f10x_rcc.o(.text)
    RCC_ADCCLKConfig                         0x08001489   Thumb Code    18  stm32f10x_rcc.o(.text)
    RCC_LSEConfig                            0x0800149b   Thumb Code    50  stm32f10x_rcc.o(.text)
    RCC_LSICmd                               0x080014cd   Thumb Code     6  stm32f10x_rcc.o(.text)
    RCC_RTCCLKConfig                         0x080014d3   Thumb Code    12  stm32f10x_rcc.o(.text)
    RCC_RTCCLKCmd                            0x080014df   Thumb Code     8  stm32f10x_rcc.o(.text)
    RCC_GetClocksFreq                        0x080014e7   Thumb Code   192  stm32f10x_rcc.o(.text)
    RCC_AHBPeriphClockCmd                    0x080015a7   Thumb Code    26  stm32f10x_rcc.o(.text)
    RCC_APB2PeriphClockCmd                   0x080015c1   Thumb Code    26  stm32f10x_rcc.o(.text)
    RCC_APB1PeriphClockCmd                   0x080015db   Thumb Code    26  stm32f10x_rcc.o(.text)
    RCC_APB2PeriphResetCmd                   0x080015f5   Thumb Code    26  stm32f10x_rcc.o(.text)
    RCC_APB1PeriphResetCmd                   0x0800160f   Thumb Code    26  stm32f10x_rcc.o(.text)
    RCC_BackupResetCmd                       0x08001629   Thumb Code     8  stm32f10x_rcc.o(.text)
    RCC_ClockSecuritySystemCmd               0x08001631   Thumb Code     6  stm32f10x_rcc.o(.text)
    RCC_MCOConfig                            0x08001637   Thumb Code     6  stm32f10x_rcc.o(.text)
    RCC_ClearFlag                            0x0800163d   Thumb Code    14  stm32f10x_rcc.o(.text)
    RCC_GetITStatus                          0x0800164b   Thumb Code    20  stm32f10x_rcc.o(.text)
    RCC_ClearITPendingBit                    0x0800165f   Thumb Code     6  stm32f10x_rcc.o(.text)
    SPI_I2S_DeInit                           0x08001689   Thumb Code    76  stm32f10x_spi.o(.text)
    SPI_Init                                 0x080016d5   Thumb Code    60  stm32f10x_spi.o(.text)
    I2S_Init                                 0x08001711   Thumb Code   226  stm32f10x_spi.o(.text)
    SPI_StructInit                           0x080017f3   Thumb Code    24  stm32f10x_spi.o(.text)
    I2S_StructInit                           0x0800180b   Thumb Code    20  stm32f10x_spi.o(.text)
    SPI_Cmd                                  0x0800181f   Thumb Code    24  stm32f10x_spi.o(.text)
    I2S_Cmd                                  0x08001837   Thumb Code    24  stm32f10x_spi.o(.text)
    SPI_I2S_ITConfig                         0x0800184f   Thumb Code    32  stm32f10x_spi.o(.text)
    SPI_I2S_DMACmd                           0x0800186f   Thumb Code    18  stm32f10x_spi.o(.text)
    SPI_I2S_SendData                         0x08001881   Thumb Code     4  stm32f10x_spi.o(.text)
    SPI_I2S_ReceiveData                      0x08001885   Thumb Code     6  stm32f10x_spi.o(.text)
    SPI_NSSInternalSoftwareConfig            0x0800188b   Thumb Code    30  stm32f10x_spi.o(.text)
    SPI_SSOutputCmd                          0x080018a9   Thumb Code    24  stm32f10x_spi.o(.text)
    SPI_DataSizeConfig                       0x080018c1   Thumb Code    18  stm32f10x_spi.o(.text)
    SPI_TransmitCRC                          0x080018d3   Thumb Code    10  stm32f10x_spi.o(.text)
    SPI_CalculateCRC                         0x080018dd   Thumb Code    24  stm32f10x_spi.o(.text)
    SPI_GetCRC                               0x080018f5   Thumb Code    16  stm32f10x_spi.o(.text)
    SPI_GetCRCPolynomial                     0x08001905   Thumb Code     6  stm32f10x_spi.o(.text)
    SPI_BiDirectionalLineConfig              0x0800190b   Thumb Code    28  stm32f10x_spi.o(.text)
    SPI_I2S_GetFlagStatus                    0x08001927   Thumb Code    18  stm32f10x_spi.o(.text)
    SPI_I2S_ClearFlag                        0x08001939   Thumb Code     6  stm32f10x_spi.o(.text)
    SPI_I2S_GetITStatus                      0x0800193f   Thumb Code    52  stm32f10x_spi.o(.text)
    SPI_I2S_ClearITPendingBit                0x08001973   Thumb Code    20  stm32f10x_spi.o(.text)
    TIM_DeInit                               0x08001995   Thumb Code   424  stm32f10x_tim.o(.text)
    TIM_TimeBaseInit                         0x08001b3d   Thumb Code   122  stm32f10x_tim.o(.text)
    TIM_OC1Init                              0x08001bb7   Thumb Code   132  stm32f10x_tim.o(.text)
    TIM_OC2Init                              0x08001c3b   Thumb Code   154  stm32f10x_tim.o(.text)
    TIM_OC3Init                              0x08001cd5   Thumb Code   150  stm32f10x_tim.o(.text)
    TIM_OC4Init                              0x08001d6b   Thumb Code   182  stm32f10x_tim.o(.text)
    TIM_SetIC4Prescaler                      0x08001e21   Thumb Code    26  stm32f10x_tim.o(.text)
    TIM_SetIC3Prescaler                      0x08001ebd   Thumb Code    18  stm32f10x_tim.o(.text)
    TIM_SetIC2Prescaler                      0x08001f49   Thumb Code    26  stm32f10x_tim.o(.text)
    TIM_SetIC1Prescaler                      0x08001fe5   Thumb Code    18  stm32f10x_tim.o(.text)
    TIM_ICInit                               0x08002063   Thumb Code   150  stm32f10x_tim.o(.text)
    TIM_PWMIConfig                           0x080020f9   Thumb Code   124  stm32f10x_tim.o(.text)
    TIM_BDTRConfig                           0x08002175   Thumb Code    32  stm32f10x_tim.o(.text)
    TIM_TimeBaseStructInit                   0x08002195   Thumb Code    18  stm32f10x_tim.o(.text)
    TIM_OCStructInit                         0x080021a7   Thumb Code    20  stm32f10x_tim.o(.text)
    TIM_ICStructInit                         0x080021bb   Thumb Code    18  stm32f10x_tim.o(.text)
    TIM_BDTRStructInit                       0x080021cd   Thumb Code    40  stm32f10x_tim.o(.text)
    TIM_Cmd                                  0x080021f5   Thumb Code    24  stm32f10x_tim.o(.text)
    TIM_CtrlPWMOutputs                       0x0800220d   Thumb Code    30  stm32f10x_tim.o(.text)
    TIM_ITConfig                             0x0800222b   Thumb Code    18  stm32f10x_tim.o(.text)
    TIM_GenerateEvent                        0x0800223d   Thumb Code     4  stm32f10x_tim.o(.text)
    TIM_DMAConfig                            0x08002241   Thumb Code    10  stm32f10x_tim.o(.text)
    TIM_DMACmd                               0x0800224b   Thumb Code    18  stm32f10x_tim.o(.text)
    TIM_InternalClockConfig                  0x0800225d   Thumb Code    12  stm32f10x_tim.o(.text)
    TIM_SelectInputTrigger                   0x08002269   Thumb Code    18  stm32f10x_tim.o(.text)
    TIM_ITRxExternalClockConfig              0x0800227b   Thumb Code    24  stm32f10x_tim.o(.text)
    TIM_TIxExternalClockConfig               0x08002293   Thumb Code    62  stm32f10x_tim.o(.text)
    TIM_ETRConfig                            0x080022d1   Thumb Code    28  stm32f10x_tim.o(.text)
    TIM_ETRClockMode1Config                  0x080022ed   Thumb Code    54  stm32f10x_tim.o(.text)
    TIM_ETRClockMode2Config                  0x08002323   Thumb Code    32  stm32f10x_tim.o(.text)
    TIM_PrescalerConfig                      0x08002343   Thumb Code     6  stm32f10x_tim.o(.text)
    TIM_CounterModeConfig                    0x08002349   Thumb Code    18  stm32f10x_tim.o(.text)
    TIM_EncoderInterfaceConfig               0x0800235b   Thumb Code    66  stm32f10x_tim.o(.text)
    TIM_ForcedOC1Config                      0x0800239d   Thumb Code    18  stm32f10x_tim.o(.text)
    TIM_ForcedOC2Config                      0x080023af   Thumb Code    26  stm32f10x_tim.o(.text)
    TIM_ForcedOC3Config                      0x080023c9   Thumb Code    18  stm32f10x_tim.o(.text)
    TIM_ForcedOC4Config                      0x080023db   Thumb Code    26  stm32f10x_tim.o(.text)
    TIM_ARRPreloadConfig                     0x080023f5   Thumb Code    24  stm32f10x_tim.o(.text)
    TIM_SelectCOM                            0x0800240d   Thumb Code    24  stm32f10x_tim.o(.text)
    TIM_SelectCCDMA                          0x08002425   Thumb Code    24  stm32f10x_tim.o(.text)
    TIM_CCPreloadControl                     0x0800243d   Thumb Code    24  stm32f10x_tim.o(.text)
    TIM_OC1PreloadConfig                     0x08002455   Thumb Code    18  stm32f10x_tim.o(.text)
    TIM_OC2PreloadConfig                     0x08002467   Thumb Code    26  stm32f10x_tim.o(.text)
    TIM_OC3PreloadConfig                     0x08002481   Thumb Code    18  stm32f10x_tim.o(.text)
    TIM_OC4PreloadConfig                     0x08002493   Thumb Code    26  stm32f10x_tim.o(.text)
    TIM_OC1FastConfig                        0x080024ad   Thumb Code    18  stm32f10x_tim.o(.text)
    TIM_OC2FastConfig                        0x080024bf   Thumb Code    26  stm32f10x_tim.o(.text)
    TIM_OC3FastConfig                        0x080024d9   Thumb Code    18  stm32f10x_tim.o(.text)
    TIM_OC4FastConfig                        0x080024eb   Thumb Code    26  stm32f10x_tim.o(.text)
    TIM_ClearOC1Ref                          0x08002505   Thumb Code    18  stm32f10x_tim.o(.text)
    TIM_ClearOC2Ref                          0x08002517   Thumb Code    24  stm32f10x_tim.o(.text)
    TIM_ClearOC3Ref                          0x0800252f   Thumb Code    18  stm32f10x_tim.o(.text)
    TIM_ClearOC4Ref                          0x08002541   Thumb Code    24  stm32f10x_tim.o(.text)
    TIM_OC1PolarityConfig                    0x08002559   Thumb Code    18  stm32f10x_tim.o(.text)
    TIM_OC1NPolarityConfig                   0x0800256b   Thumb Code    18  stm32f10x_tim.o(.text)
    TIM_OC2PolarityConfig                    0x0800257d   Thumb Code    26  stm32f10x_tim.o(.text)
    TIM_OC2NPolarityConfig                   0x08002597   Thumb Code    26  stm32f10x_tim.o(.text)
    TIM_OC3PolarityConfig                    0x080025b1   Thumb Code    26  stm32f10x_tim.o(.text)
    TIM_OC3NPolarityConfig                   0x080025cb   Thumb Code    26  stm32f10x_tim.o(.text)
    TIM_OC4PolarityConfig                    0x080025e5   Thumb Code    26  stm32f10x_tim.o(.text)
    TIM_CCxCmd                               0x080025ff   Thumb Code    30  stm32f10x_tim.o(.text)
    TIM_CCxNCmd                              0x0800261d   Thumb Code    30  stm32f10x_tim.o(.text)
    TIM_SelectOCxM                           0x0800263b   Thumb Code    82  stm32f10x_tim.o(.text)
    TIM_UpdateDisableConfig                  0x0800268d   Thumb Code    24  stm32f10x_tim.o(.text)
    TIM_UpdateRequestConfig                  0x080026a5   Thumb Code    24  stm32f10x_tim.o(.text)
    TIM_SelectHallSensor                     0x080026bd   Thumb Code    24  stm32f10x_tim.o(.text)
    TIM_SelectOnePulseMode                   0x080026d5   Thumb Code    18  stm32f10x_tim.o(.text)
    TIM_SelectOutputTrigger                  0x080026e7   Thumb Code    18  stm32f10x_tim.o(.text)
    TIM_SelectSlaveMode                      0x080026f9   Thumb Code    18  stm32f10x_tim.o(.text)
    TIM_SelectMasterSlaveMode                0x0800270b   Thumb Code    18  stm32f10x_tim.o(.text)
    TIM_SetCounter                           0x0800271d   Thumb Code     4  stm32f10x_tim.o(.text)
    TIM_SetAutoreload                        0x08002721   Thumb Code     4  stm32f10x_tim.o(.text)
    TIM_SetCompare1                          0x08002725   Thumb Code     4  stm32f10x_tim.o(.text)
    TIM_SetCompare2                          0x08002729   Thumb Code     4  stm32f10x_tim.o(.text)
    TIM_SetCompare3                          0x0800272d   Thumb Code     4  stm32f10x_tim.o(.text)
    TIM_SetCompare4                          0x08002731   Thumb Code     6  stm32f10x_tim.o(.text)
    TIM_SetClockDivision                     0x08002737   Thumb Code    18  stm32f10x_tim.o(.text)
    TIM_GetCapture1                          0x08002749   Thumb Code     6  stm32f10x_tim.o(.text)
    TIM_GetCapture2                          0x0800274f   Thumb Code     6  stm32f10x_tim.o(.text)
    TIM_GetCapture3                          0x08002755   Thumb Code     6  stm32f10x_tim.o(.text)
    TIM_GetCapture4                          0x0800275b   Thumb Code     8  stm32f10x_tim.o(.text)
    TIM_GetCounter                           0x08002763   Thumb Code     6  stm32f10x_tim.o(.text)
    TIM_GetPrescaler                         0x08002769   Thumb Code     6  stm32f10x_tim.o(.text)
    TIM_GetFlagStatus                        0x0800276f   Thumb Code    18  stm32f10x_tim.o(.text)
    TIM_ClearFlag                            0x08002781   Thumb Code     6  stm32f10x_tim.o(.text)
    TIM_GetITStatus                          0x08002787   Thumb Code    34  stm32f10x_tim.o(.text)
    TIM_ClearITPendingBit                    0x080027a9   Thumb Code     6  stm32f10x_tim.o(.text)
    USART_DeInit                             0x080027b1   Thumb Code   134  stm32f10x_usart.o(.text)
    USART_Init                               0x08002837   Thumb Code   210  stm32f10x_usart.o(.text)
    USART_StructInit                         0x08002909   Thumb Code    24  stm32f10x_usart.o(.text)
    USART_ClockInit                          0x08002921   Thumb Code    34  stm32f10x_usart.o(.text)
    USART_ClockStructInit                    0x08002943   Thumb Code    12  stm32f10x_usart.o(.text)
    USART_Cmd                                0x0800294f   Thumb Code    24  stm32f10x_usart.o(.text)
    USART_ITConfig                           0x08002967   Thumb Code    74  stm32f10x_usart.o(.text)
    USART_DMACmd                             0x080029b1   Thumb Code    18  stm32f10x_usart.o(.text)
    USART_SetAddress                         0x080029c3   Thumb Code    18  stm32f10x_usart.o(.text)
    USART_WakeUpConfig                       0x080029d5   Thumb Code    18  stm32f10x_usart.o(.text)
    USART_ReceiverWakeUpCmd                  0x080029e7   Thumb Code    24  stm32f10x_usart.o(.text)
    USART_LINBreakDetectLengthConfig         0x080029ff   Thumb Code    18  stm32f10x_usart.o(.text)
    USART_LINCmd                             0x08002a11   Thumb Code    24  stm32f10x_usart.o(.text)
    USART_SendData                           0x08002a29   Thumb Code     8  stm32f10x_usart.o(.text)
    USART_ReceiveData                        0x08002a31   Thumb Code    10  stm32f10x_usart.o(.text)
    USART_SendBreak                          0x08002a3b   Thumb Code    10  stm32f10x_usart.o(.text)
    USART_SetGuardTime                       0x08002a45   Thumb Code    16  stm32f10x_usart.o(.text)
    USART_SetPrescaler                       0x08002a55   Thumb Code    16  stm32f10x_usart.o(.text)
    USART_SmartCardCmd                       0x08002a65   Thumb Code    24  stm32f10x_usart.o(.text)
    USART_SmartCardNACKCmd                   0x08002a7d   Thumb Code    24  stm32f10x_usart.o(.text)
    USART_HalfDuplexCmd                      0x08002a95   Thumb Code    24  stm32f10x_usart.o(.text)
    USART_OverSampling8Cmd                   0x08002aad   Thumb Code    22  stm32f10x_usart.o(.text)
    USART_OneBitMethodCmd                    0x08002ac3   Thumb Code    24  stm32f10x_usart.o(.text)
    USART_IrDAConfig                         0x08002adb   Thumb Code    18  stm32f10x_usart.o(.text)
    USART_IrDACmd                            0x08002aed   Thumb Code    24  stm32f10x_usart.o(.text)
    USART_GetFlagStatus                      0x08002b05   Thumb Code    26  stm32f10x_usart.o(.text)
    USART_ClearFlag                          0x08002b1f   Thumb Code    18  stm32f10x_usart.o(.text)
    USART_GetITStatus                        0x08002b31   Thumb Code    84  stm32f10x_usart.o(.text)
    USART_ClearITPendingBit                  0x08002b85   Thumb Code    52  stm32f10x_usart.o(.text)
    main                                     0x08002bb9   Thumb Code   118  main.o(.text)
    NMI_Handler                              0x08002c41   Thumb Code     2  stm32f10x_it.o(.text)
    HardFault_Handler                        0x08002c43   Thumb Code     4  stm32f10x_it.o(.text)
    MemManage_Handler                        0x08002c47   Thumb Code     4  stm32f10x_it.o(.text)
    BusFault_Handler                         0x08002c4b   Thumb Code     4  stm32f10x_it.o(.text)
    UsageFault_Handler                       0x08002c4f   Thumb Code     4  stm32f10x_it.o(.text)
    SVC_Handler                              0x08002c53   Thumb Code     2  stm32f10x_it.o(.text)
    DebugMon_Handler                         0x08002c55   Thumb Code     2  stm32f10x_it.o(.text)
    SysTick_Handler                          0x08002c57   Thumb Code    60  stm32f10x_it.o(.text)
    USART1_IRQHandler                        0x08002c93   Thumb Code   206  stm32f10x_it.o(.text)
    USART2_IRQHandler                        0x08002d61   Thumb Code   522  stm32f10x_it.o(.text)
    USART3_IRQHandler                        0x08002f6b   Thumb Code    26  stm32f10x_it.o(.text)
    TIM4_IRQHandler                          0x08002f85   Thumb Code    50  stm32f10x_it.o(.text)
    DMA1_Channel1_IRQHandler                 0x08002fb7   Thumb Code    24  stm32f10x_it.o(.text)
    DMA1_Channel2_IRQHandler                 0x08002fcf   Thumb Code    24  stm32f10x_it.o(.text)
    SystemInit                               0x080030eb   Thumb Code    78  system_stm32f10x.o(.text)
    SystemCoreClockUpdate                    0x08003139   Thumb Code   142  system_stm32f10x.o(.text)
    DAM1_ADC_NVIC                            0x080031ed   Thumb Code    32  adc.o(.text)
    ADC1_DMA_Init                            0x0800320d   Thumb Code   282  adc.o(.text)
    ADC_CH_Scan                              0x08003327   Thumb Code   232  adc.o(.text)
    SysTick_Init                             0x08003439   Thumb Code   108  bsp_systick.o(.text)
    Delay_us                                 0x080034a5   Thumb Code    36  bsp_systick.o(.text)
    TimingDelay_Decrement                    0x080034c9   Thumb Code    18  bsp_systick.o(.text)
    ee_CheckOk                               0x080034ed   Thumb Code    22  at24c01.o(.text)
    ReadBytes                                0x08003503   Thumb Code   140  at24c01.o(.text)
    WriteBytes                               0x0800358f   Thumb Code   180  at24c01.o(.text)
    ee_Erase                                 0x08003643   Thumb Code    40  at24c01.o(.text)
    EEPROM_WriteByte                         0x0800366b   Thumb Code   118  at24c01.o(.text)
    EEPROM_READ_Byte                         0x080036e1   Thumb Code    84  at24c01.o(.text)
    RCC_Configuration                        0x0800374d   Thumb Code   110  clock.o(.text)
    AD5541_GPIOCoing                         0x080037c1   Thumb Code    32  dac.o(.text)
    AD5541_Send                              0x080037e1   Thumb Code   188  dac.o(.text)
    Flash_Write_all                          0x080038a1   Thumb Code  2230  flash.o(.text)
    Read_Runcont                             0x08004157   Thumb Code  2222  flash.o(.text)
    EEPROM_READ_Coeff                        0x08004a05   Thumb Code  2204  flash.o(.text)
    Wite_Runcont                             0x080052a1   Thumb Code  2510  flash.o(.text)
    READ_TSET                                0x08005c6f   Thumb Code    86  flash.o(.text)
    GPIO_Conf                                0x08005ccd   Thumb Code   134  gpio.o(.text)
    i2c_Start                                0x08005d85   Thumb Code    56  iic_24c01.o(.text)
    i2c_Stop                                 0x08005dbd   Thumb Code    38  iic_24c01.o(.text)
    i2c_SendByte                             0x08005de3   Thumb Code   122  iic_24c01.o(.text)
    i2c_ReadByte                             0x08005e5d   Thumb Code    94  iic_24c01.o(.text)
    i2c_WaitAck                              0x08005ebb   Thumb Code    72  iic_24c01.o(.text)
    i2c_Ack                                  0x08005f03   Thumb Code    56  iic_24c01.o(.text)
    i2c_NAck                                 0x08005f3b   Thumb Code    46  iic_24c01.o(.text)
    i2c_CfgGpio                              0x08005f69   Thumb Code    72  iic_24c01.o(.text)
    i2c_CheckDevice                          0x08005fb1   Thumb Code    36  iic_24c01.o(.text)
    IWDG_Inte                                0x08005fd9   Thumb Code    32  iwdg.o(.text)
    Hardware_CRC                             0x08005ff9   Thumb Code   122  modbus.o(.text)
    UART_Action                              0x08006073   Thumb Code  3718  modbus.o(.text)
    Transformation_ADC                       0x08006ef9   Thumb Code  2778  modbus.o(.text)
    TIM6_Config                              0x08007a0b   Thumb Code    76  tim6.o(.text)
    USART_Configuration                      0x08007ac1   Thumb Code   150  usart.o(.text)
    USART2_Configuration                     0x08007b57   Thumb Code   132  usart.o(.text)
    USART3_Configuration                     0x08007bdb   Thumb Code   136  usart.o(.text)
    UART1_Send                               0x08007c63   Thumb Code    74  usart.o(.text)
    UART2_Send                               0x08007cad   Thumb Code    74  usart.o(.text)
    Baud_SET                                 0x08007cf7   Thumb Code   286  usart.o(.text)
    Usart1_Sendstring                        0x08007e15   Thumb Code    72  usart.o(.text)
    _sys_exit                                0x08007e5d   Thumb Code     6  usart.o(.text)
    fputc                                    0x08007e63   Thumb Code    24  usart.o(.text)
    Clear_Date                               0x08007e7b   Thumb Code    42  usart.o(.text)
    Temp_Comapre                             0x08007ed5   Thumb Code   102  fan_pro.o(.text)
    All_protect                              0x08007f3b   Thumb Code   566  fan_pro.o(.text)
    Sence_SW_CONT                            0x080081a1   Thumb Code    30  menu.o(.text)
    I_SW_COTNR                               0x080081bf   Thumb Code    60  menu.o(.text)
    V_SW_COTNR                               0x080081fb   Thumb Code    62  menu.o(.text)
    Cont_coeff_LEDMODE                       0x08008239   Thumb Code   224  menu.o(.text)
    worke_mode                               0x08008319   Thumb Code  1074  menu.o(.text)
    MAXPAR_limit                             0x0800874b   Thumb Code   144  menu.o(.text)
    AD7689_Delay                             0x080087f5   Thumb Code    30  ad7689.o(.text)
    AD7689_InitializeSPI2                    0x08008813   Thumb Code   204  ad7689.o(.text)
    AD7689_TransferByte                      0x080088df   Thumb Code    56  ad7689.o(.text)
    SPI_AD7689_Read                          0x08008917   Thumb Code    98  ad7689.o(.text)
    AD7689_Delay1                            0x08008979   Thumb Code    30  ad7689.o(.text)
    AD7689_Scan_CH                           0x08008997   Thumb Code   312  ad7689.o(.text)
    __use_no_semihosting                     0x08008afd   Thumb Code     2  use_no_semi_2.o(.text)
    strlen                                   0x08008aff   Thumb Code    62  strlen.o(.text)
    __aeabi_memclr                           0x08008b3d   Thumb Code     0  rt_memclr.o(.text)
    __rt_memclr                              0x08008b3d   Thumb Code    68  rt_memclr.o(.text)
    _memset                                  0x08008b41   Thumb Code     0  rt_memclr.o(.text)
    __use_two_region_memory                  0x08008b81   Thumb Code     2  heapauxi.o(.text)
    __rt_heap_escrow$2region                 0x08008b83   Thumb Code     2  heapauxi.o(.text)
    __rt_heap_expand$2region                 0x08008b85   Thumb Code     2  heapauxi.o(.text)
    __I$use$semihosting                      0x08008b87   Thumb Code     0  use_no_semi.o(.text)
    __use_no_semihosting_swi                 0x08008b87   Thumb Code     2  use_no_semi.o(.text)
    __aeabi_memclr4                          0x08008b89   Thumb Code     0  rt_memclr_w.o(.text)
    __aeabi_memclr8                          0x08008b89   Thumb Code     0  rt_memclr_w.o(.text)
    __rt_memclr_w                            0x08008b89   Thumb Code    78  rt_memclr_w.o(.text)
    _memset_w                                0x08008b8d   Thumb Code     0  rt_memclr_w.o(.text)
    __user_libspace                          0x08008bd9   Thumb Code     8  libspace.o(.text)
    __user_perproc_libspace                  0x08008bd9   Thumb Code     0  libspace.o(.text)
    __user_perthread_libspace                0x08008bd9   Thumb Code     0  libspace.o(.text)
    __user_setup_stackheap                   0x08008be1   Thumb Code    74  sys_stackheap_outer.o(.text)
    exit                                     0x08008c2b   Thumb Code    18  exit.o(.text)
    Region$$Table$$Base                      0x08008c3c   Number         0  anon$$obj.o(Region$$Table)
    Region$$Table$$Limit                     0x08008c5c   Number         0  anon$$obj.o(Region$$Table)
    flagA                                    0x20000014   Data           4  main.o(.data)
    flagB                                    0x20000018   Data           4  main.o(.data)
    flagC                                    0x2000001c   Data           4  main.o(.data)
    flagD                                    0x20000020   Data           4  main.o(.data)
    flagE                                    0x20000024   Data           4  main.o(.data)
    flagF                                    0x20000028   Data           4  main.o(.data)
    flagG                                    0x2000002c   Data           4  main.o(.data)
    date_dac                                 0x20000030   Data           2  main.o(.data)
    SystemCoreClock                          0x20000034   Data           4  system_stm32f10x.o(.data)
    AHBPrescTable                            0x20000038   Data          16  system_stm32f10x.o(.data)
    NTC_value                                0x20000048   Data           2  adc.o(.data)
    NTC1_value                               0x2000004a   Data           2  adc.o(.data)
    Imon_value                               0x2000004c   Data           2  adc.o(.data)
    Vmon_value                               0x2000004e   Data           2  adc.o(.data)
    Contr_Laod                               0x20000050   Data           2  adc.o(.data)
    HSEStartUpStatus                         0x20000059   Data           1  clock.o(.data)
    REND_TSETING                             0x2000005c   Data           4  flash.o(.data)
    testflag                                 0x20000060   Data           1  modbus.o(.data)
    DAC_Flag                                 0x20000061   Data           1  modbus.o(.data)
    Modify_A_READ                            0x20000064   Data           4  modbus.o(.data)
    Modify_C_READ                            0x20000068   Data           4  modbus.o(.data)
    Modify_A_ACT                             0x2000006c   Data           4  modbus.o(.data)
    Modify_B_READ                            0x20000070   Data           4  modbus.o(.data)
    Modify_D_READ                            0x20000074   Data           4  modbus.o(.data)
    Modify_B_ACT                             0x20000078   Data           4  modbus.o(.data)
    Contr_DACVlue                            0x2000007c   Data           2  modbus.o(.data)
    coefficient                              0x2000007e   Data           8  modbus.o(.data)
    UART_Buffer_Size                         0x20000088   Data           1  usart.o(.data)
    Transmit_BUFFERsize                      0x20000089   Data           1  usart.o(.data)
    t_USART                                  0x2000008a   Data           1  usart.o(.data)
    __stdout                                 0x2000008c   Data           4  usart.o(.data)
    PWM_VALU                                 0x20000090   Data           2  fan_pro.o(.data)
    VP_T                                     0x20000092   Data           2  fan_pro.o(.data)
    IP_T                                     0x20000094   Data           2  fan_pro.o(.data)
    PR_T1                                    0x20000096   Data           2  fan_pro.o(.data)
    PR_T2                                    0x20000098   Data           2  fan_pro.o(.data)
    PR_T3                                    0x2000009a   Data           2  fan_pro.o(.data)
    PR_T4                                    0x2000009c   Data           2  fan_pro.o(.data)
    Von_CONT                                 0x200000a0   Data           1  menu.o(.data)
    oldmode                                  0x200000a1   Data           1  menu.o(.data)
    ADC1_Buffer                              0x200000ac   Data         200  adc.o(.bss)
    ADC_NTC_Filt                             0x20000174   Data         100  adc.o(.bss)
    ADC_NTC1_Filt                            0x200001d8   Data         100  adc.o(.bss)
    Correct_Parametet                        0x2000023c   Data          48  modbus.o(.bss)
    Correct_Strong                           0x2000026c   Data          48  modbus.o(.bss)
    Run_Control                              0x2000029c   Data         200  modbus.o(.bss)
    Transition_Date                          0x20000364   Data          40  modbus.o(.bss)
    UART_Buffer_Rece                         0x2000038c   Data         200  usart.o(.bss)
    UART_Buffer_Send                         0x20000454   Data         200  usart.o(.bss)
    AD7689_Buffer                            0x2000051c   Data          16  ad7689.o(.bss)
    Ad7689_Fit_Imon                          0x2000052c   Data         200  ad7689.o(.bss)
    Ad7689_Fit_Vmon                          0x200005f4   Data         200  ad7689.o(.bss)
    END_Fit_Imon                             0x200006bc   Data          40  ad7689.o(.bss)
    END_Fit_Vmon                             0x200006e4   Data          40  ad7689.o(.bss)
    __libspace_start                         0x2000070c   Data          96  libspace.o(.bss)
    __temporary_stack_top$libspace           0x2000076c   Data           0  libspace.o(.bss)



==============================================================================

Memory Map of the image

  Image Entry point : 0x08000131

  Load Region LR_IROM1 (Base: 0x08000000, Size: 0x00008d08, Max: 0x00010000, ABSOLUTE)

    Execution Region ER_IROM1 (Exec base: 0x08000000, Load base: 0x08000000, Size: 0x00008c5c, Max: 0x00010000, ABSOLUTE)

    Exec Addr    Load Addr    Size         Type   Attr      Idx    E Section Name        Object

    0x08000000   0x08000000   0x00000130   Data   RO           19    RESET               startup_stm32f10x_hd.o
    0x08000130   0x08000130   0x00000008   Code   RO          901  * !!!main             c_w.l(__main.o)
    0x08000138   0x08000138   0x00000034   Code   RO         1181    !!!scatter          c_w.l(__scatter.o)
    0x0800016c   0x0800016c   0x0000001a   Code   RO         1183    !!handler_copy      c_w.l(__scatter_copy.o)
    0x08000186   0x08000186   0x00000002   PAD
    0x08000188   0x08000188   0x0000001c   Code   RO         1185    !!handler_zi        c_w.l(__scatter_zi.o)
    0x080001a4   0x080001a4   0x00000002   Code   RO         1058    .ARM.Collect$$libinit$$00000000  c_w.l(libinit.o)
    0x080001a6   0x080001a6   0x00000000   Code   RO         1060    .ARM.Collect$$libinit$$00000002  c_w.l(libinit2.o)
    0x080001a6   0x080001a6   0x00000000   Code   RO         1062    .ARM.Collect$$libinit$$00000004  c_w.l(libinit2.o)
    0x080001a6   0x080001a6   0x00000000   Code   RO         1065    .ARM.Collect$$libinit$$0000000A  c_w.l(libinit2.o)
    0x080001a6   0x080001a6   0x00000000   Code   RO         1067    .ARM.Collect$$libinit$$0000000C  c_w.l(libinit2.o)
    0x080001a6   0x080001a6   0x00000000   Code   RO         1069    .ARM.Collect$$libinit$$0000000E  c_w.l(libinit2.o)
    0x080001a6   0x080001a6   0x00000000   Code   RO         1072    .ARM.Collect$$libinit$$00000011  c_w.l(libinit2.o)
    0x080001a6   0x080001a6   0x00000000   Code   RO         1074    .ARM.Collect$$libinit$$00000013  c_w.l(libinit2.o)
    0x080001a6   0x080001a6   0x00000000   Code   RO         1076    .ARM.Collect$$libinit$$00000015  c_w.l(libinit2.o)
    0x080001a6   0x080001a6   0x00000000   Code   RO         1078    .ARM.Collect$$libinit$$00000017  c_w.l(libinit2.o)
    0x080001a6   0x080001a6   0x00000000   Code   RO         1080    .ARM.Collect$$libinit$$00000019  c_w.l(libinit2.o)
    0x080001a6   0x080001a6   0x00000000   Code   RO         1082    .ARM.Collect$$libinit$$0000001B  c_w.l(libinit2.o)
    0x080001a6   0x080001a6   0x00000000   Code   RO         1084    .ARM.Collect$$libinit$$0000001D  c_w.l(libinit2.o)
    0x080001a6   0x080001a6   0x00000000   Code   RO         1086    .ARM.Collect$$libinit$$0000001F  c_w.l(libinit2.o)
    0x080001a6   0x080001a6   0x00000000   Code   RO         1088    .ARM.Collect$$libinit$$00000021  c_w.l(libinit2.o)
    0x080001a6   0x080001a6   0x00000000   Code   RO         1090    .ARM.Collect$$libinit$$00000023  c_w.l(libinit2.o)
    0x080001a6   0x080001a6   0x00000000   Code   RO         1092    .ARM.Collect$$libinit$$00000025  c_w.l(libinit2.o)
    0x080001a6   0x080001a6   0x00000000   Code   RO         1096    .ARM.Collect$$libinit$$0000002C  c_w.l(libinit2.o)
    0x080001a6   0x080001a6   0x00000000   Code   RO         1098    .ARM.Collect$$libinit$$0000002E  c_w.l(libinit2.o)
    0x080001a6   0x080001a6   0x00000000   Code   RO         1100    .ARM.Collect$$libinit$$00000030  c_w.l(libinit2.o)
    0x080001a6   0x080001a6   0x00000000   Code   RO         1102    .ARM.Collect$$libinit$$00000032  c_w.l(libinit2.o)
    0x080001a6   0x080001a6   0x00000002   Code   RO         1103    .ARM.Collect$$libinit$$00000033  c_w.l(libinit2.o)
    0x080001a8   0x080001a8   0x00000002   Code   RO         1131    .ARM.Collect$$libshutdown$$00000000  c_w.l(libshutdown.o)
    0x080001aa   0x080001aa   0x00000000   Code   RO         1140    .ARM.Collect$$libshutdown$$00000002  c_w.l(libshutdown2.o)
    0x080001aa   0x080001aa   0x00000000   Code   RO         1142    .ARM.Collect$$libshutdown$$00000004  c_w.l(libshutdown2.o)
    0x080001aa   0x080001aa   0x00000000   Code   RO         1145    .ARM.Collect$$libshutdown$$00000007  c_w.l(libshutdown2.o)
    0x080001aa   0x080001aa   0x00000000   Code   RO         1148    .ARM.Collect$$libshutdown$$0000000A  c_w.l(libshutdown2.o)
    0x080001aa   0x080001aa   0x00000000   Code   RO         1150    .ARM.Collect$$libshutdown$$0000000C  c_w.l(libshutdown2.o)
    0x080001aa   0x080001aa   0x00000000   Code   RO         1153    .ARM.Collect$$libshutdown$$0000000F  c_w.l(libshutdown2.o)
    0x080001aa   0x080001aa   0x00000002   Code   RO         1154    .ARM.Collect$$libshutdown$$00000010  c_w.l(libshutdown2.o)
    0x080001ac   0x080001ac   0x00000000   Code   RO          939    .ARM.Collect$$rtentry$$00000000  c_w.l(__rtentry.o)
    0x080001ac   0x080001ac   0x00000000   Code   RO          973    .ARM.Collect$$rtentry$$00000002  c_w.l(__rtentry2.o)
    0x080001ac   0x080001ac   0x00000006   Code   RO          985    .ARM.Collect$$rtentry$$00000004  c_w.l(__rtentry4.o)
    0x080001b2   0x080001b2   0x00000000   Code   RO          975    .ARM.Collect$$rtentry$$00000009  c_w.l(__rtentry2.o)
    0x080001b2   0x080001b2   0x00000004   Code   RO          976    .ARM.Collect$$rtentry$$0000000A  c_w.l(__rtentry2.o)
    0x080001b6   0x080001b6   0x00000000   Code   RO          978    .ARM.Collect$$rtentry$$0000000C  c_w.l(__rtentry2.o)
    0x080001b6   0x080001b6   0x00000008   Code   RO          979    .ARM.Collect$$rtentry$$0000000D  c_w.l(__rtentry2.o)
    0x080001be   0x080001be   0x00000002   Code   RO         1104    .ARM.Collect$$rtexit$$00000000  c_w.l(rtexit.o)
    0x080001c0   0x080001c0   0x00000000   Code   RO         1111    .ARM.Collect$$rtexit$$00000002  c_w.l(rtexit2.o)
    0x080001c0   0x080001c0   0x00000004   Code   RO         1112    .ARM.Collect$$rtexit$$00000003  c_w.l(rtexit2.o)
    0x080001c4   0x080001c4   0x00000006   Code   RO         1113    .ARM.Collect$$rtexit$$00000004  c_w.l(rtexit2.o)
    0x080001ca   0x080001ca   0x00000002   PAD
    0x080001cc   0x080001cc   0x00000040   Code   RO           20    .text               startup_stm32f10x_hd.o
    0x0800020c   0x0800020c   0x000000dc   Code   RO           24    .text               misc.o
    0x080002e8   0x080002e8   0x0000044e   Code   RO          119    .text               stm32f10x_adc.o
    0x08000736   0x08000736   0x00000002   PAD
    0x08000738   0x08000738   0x00000254   Code   RO          203    .text               stm32f10x_dma.o
    0x0800098c   0x0800098c   0x000005bc   Code   RO          227    .text               stm32f10x_flash.o
    0x08000f48   0x08000f48   0x0000035c   Code   RO          251    .text               stm32f10x_gpio.o
    0x080012a4   0x080012a4   0x00000040   Code   RO          275    .text               stm32f10x_iwdg.o
    0x080012e4   0x080012e4   0x000003a4   Code   RO          299    .text               stm32f10x_rcc.o
    0x08001688   0x08001688   0x0000030c   Code   RO          337    .text               stm32f10x_spi.o
    0x08001994   0x08001994   0x00000e1a   Code   RO          349    .text               stm32f10x_tim.o
    0x080027ae   0x080027ae   0x00000002   PAD
    0x080027b0   0x080027b0   0x00000408   Code   RO          361    .text               stm32f10x_usart.o
    0x08002bb8   0x08002bb8   0x00000088   Code   RO          385    .text               main.o
    0x08002c40   0x08002c40   0x000003cc   Code   RO          475    .text               stm32f10x_it.o
    0x0800300c   0x0800300c   0x000001e0   Code   RO          499    .text               system_stm32f10x.o
    0x080031ec   0x080031ec   0x0000024c   Code   RO          517    .text               adc.o
    0x08003438   0x08003438   0x000000b4   Code   RO          556    .text               bsp_systick.o
    0x080034ec   0x080034ec   0x00000260   Code   RO          578    .text               at24c01.o
    0x0800374c   0x0800374c   0x00000074   Code   RO          598    .text               clock.o
    0x080037c0   0x080037c0   0x000000e0   Code   RO          617    .text               dac.o
    0x080038a0   0x080038a0   0x0000242c   Code   RO          629    .text               flash.o
    0x08005ccc   0x08005ccc   0x0000009c   Code   RO          648    .text               gpio.o
    0x08005d68   0x08005d68   0x00000270   Code   RO          660    .text               iic_24c01.o
    0x08005fd8   0x08005fd8   0x00000020   Code   RO          672    .text               iwdg.o
    0x08005ff8   0x08005ff8   0x000019f4   Code   RO          700    .text               modbus.o
    0x080079ec   0x080079ec   0x00000070   Code   RO          723    .text               tim6.o
    0x08007a5c   0x08007a5c   0x00000478   Code   RO          735    .text               usart.o
    0x08007ed4   0x08007ed4   0x000002cc   Code   RO          759    .text               fan_pro.o
    0x080081a0   0x080081a0   0x00000654   Code   RO          778    .text               menu.o
    0x080087f4   0x080087f4   0x00000308   Code   RO          827    .text               ad7689.o
    0x08008afc   0x08008afc   0x00000002   Code   RO          858    .text               c_w.l(use_no_semi_2.o)
    0x08008afe   0x08008afe   0x0000003e   Code   RO          895    .text               c_w.l(strlen.o)
    0x08008b3c   0x08008b3c   0x00000044   Code   RO          897    .text               c_w.l(rt_memclr.o)
    0x08008b80   0x08008b80   0x00000006   Code   RO          899    .text               c_w.l(heapauxi.o)
    0x08008b86   0x08008b86   0x00000002   Code   RO          937    .text               c_w.l(use_no_semi.o)
    0x08008b88   0x08008b88   0x0000004e   Code   RO          956    .text               c_w.l(rt_memclr_w.o)
    0x08008bd6   0x08008bd6   0x00000002   PAD
    0x08008bd8   0x08008bd8   0x00000008   Code   RO          969    .text               c_w.l(libspace.o)
    0x08008be0   0x08008be0   0x0000004a   Code   RO         1040    .text               c_w.l(sys_stackheap_outer.o)
    0x08008c2a   0x08008c2a   0x00000012   Code   RO         1049    .text               c_w.l(exit.o)
    0x08008c3c   0x08008c3c   0x00000020   Data   RO         1179    Region$$Table       anon$$obj.o


    Execution Region RW_IRAM1 (Exec base: 0x20000000, Load base: 0x08008c5c, Size: 0x00001170, Max: 0x00005000, ABSOLUTE)

    Exec Addr    Load Addr    Size         Type   Attr      Idx    E Section Name        Object

    0x20000000   0x08008c5c   0x00000014   Data   RW          300    .data               stm32f10x_rcc.o
    0x20000014   0x08008c70   0x0000001e   Data   RW          386    .data               main.o
    0x20000032   0x08008c8e   0x00000002   PAD
    0x20000034   0x08008c90   0x00000014   Data   RW          500    .data               system_stm32f10x.o
    0x20000048   0x08008ca4   0x0000000c   Data   RW          519    .data               adc.o
    0x20000054   0x08008cb0   0x00000004   Data   RW          557    .data               bsp_systick.o
    0x20000058   0x08008cb4   0x00000001   Data   RW          579    .data               at24c01.o
    0x20000059   0x08008cb5   0x00000001   Data   RW          599    .data               clock.o
    0x2000005a   0x08008cb6   0x00000002   PAD
    0x2000005c   0x08008cb8   0x00000004   Data   RW          630    .data               flash.o
    0x20000060   0x08008cbc   0x00000026   Data   RW          702    .data               modbus.o
    0x20000086   0x08008ce2   0x00000002   PAD
    0x20000088   0x08008ce4   0x00000008   Data   RW          737    .data               usart.o
    0x20000090   0x08008cec   0x0000000e   Data   RW          760    .data               fan_pro.o
    0x2000009e   0x08008cfa   0x00000002   PAD
    0x200000a0   0x08008cfc   0x00000008   Data   RW          779    .data               menu.o
    0x200000a8   0x08008d04   0x00000003   Data   RW          829    .data               ad7689.o
    0x200000ab   0x08008d07   0x00000001   PAD
    0x200000ac        -       0x00000190   Zero   RW          518    .bss                adc.o
    0x2000023c        -       0x00000150   Zero   RW          701    .bss                modbus.o
    0x2000038c        -       0x00000190   Zero   RW          736    .bss                usart.o
    0x2000051c        -       0x000001f0   Zero   RW          828    .bss                ad7689.o
    0x2000070c        -       0x00000060   Zero   RW          970    .bss                c_w.l(libspace.o)
    0x2000076c   0x08008d07   0x00000004   PAD
    0x20000770        -       0x00000200   Zero   RW           18    HEAP                startup_stm32f10x_hd.o
    0x20000970        -       0x00000800   Zero   RW           17    STACK               startup_stm32f10x_hd.o


==============================================================================

Image component sizes


      Code (inc. data)   RO Data    RW Data    ZI Data      Debug   Object Name

       776         46          0          3        496       3004   ad7689.o
       588         42          0         12        400       2009   adc.o
       608          6          0          1          0       2609   at24c01.o
       180         18          0          4          0      16221   bsp_systick.o
       116          6          0          1          0        663   clock.o
         0          0          0          0          0       4540   core_cm3.o
       224          4          0          0          0        687   dac.o
       716         48          0         14          0       1272   fan_pro.o
      9260        138          0          4          0       4715   flash.o
       156         22          0          0          0        480   gpio.o
       624          4          0          0          0       1984   iic_24c01.o
        32          0          0          0          0        408   iwdg.o
       136         18          0         30          0     215324   main.o
      1620         70          0          8          0       2380   menu.o
       220         22          0          0          0     281909   misc.o
      6644        290          0         38        336       6391   modbus.o
        64         26        304          0       2560        788   startup_stm32f10x_hd.o
      1102         26          0          0          0      10961   stm32f10x_adc.o
       596          8          0          0          0       4282   stm32f10x_dma.o
      1468         34          0          0          0       8126   stm32f10x_flash.o
       860         38          0          0          0       5653   stm32f10x_gpio.o
       972         38          0          0          0       2387   stm32f10x_it.o
        64          6          0          0          0       1237   stm32f10x_iwdg.o
       932         36          0         20          0       8788   stm32f10x_rcc.o
       780         14          0          0          0       6534   stm32f10x_spi.o
      3610         88          0          0          0      22760   stm32f10x_tim.o
      1032         22          0          0          0       8376   stm32f10x_usart.o
       480         38          0         20          0       1683   system_stm32f10x.o
       112          6          0          0          0        618   tim6.o
      1144         48          0          8        400       5141   usart.o

    ----------------------------------------------------------------------
     35120       1162        336        172       4192     631930   Object Totals
         0          0         32          0          0          0   (incl. Generated)
         4          0          0          9          0          0   (incl. Padding)

    ----------------------------------------------------------------------

      Code (inc. data)   RO Data    RW Data    ZI Data      Debug   Library Member Name

         8          0          0          0          0         68   __main.o
         0          0          0          0          0          0   __rtentry.o
        12          0          0          0          0          0   __rtentry2.o
         6          0          0          0          0          0   __rtentry4.o
        52          8          0          0          0          0   __scatter.o
        26          0          0          0          0          0   __scatter_copy.o
        28          0          0          0          0          0   __scatter_zi.o
        18          0          0          0          0         80   exit.o
         6          0          0          0          0        152   heapauxi.o
         2          0          0          0          0          0   libinit.o
         2          0          0          0          0          0   libinit2.o
         2          0          0          0          0          0   libshutdown.o
         2          0          0          0          0          0   libshutdown2.o
         8          4          0          0         96         68   libspace.o
        68          0          0          0          0         68   rt_memclr.o
        78          0          0          0          0         80   rt_memclr_w.o
         2          0          0          0          0          0   rtexit.o
        10          0          0          0          0          0   rtexit2.o
        62          0          0          0          0         76   strlen.o
        74          0          0          0          0         80   sys_stackheap_outer.o
         2          0          0          0          0         68   use_no_semi.o
         2          0          0          0          0         68   use_no_semi_2.o

    ----------------------------------------------------------------------
       476         12          0          0        100        808   Library Totals
         6          0          0          0          4          0   (incl. Padding)

    ----------------------------------------------------------------------

      Code (inc. data)   RO Data    RW Data    ZI Data      Debug   Library Name

       470         12          0          0         96        808   c_w.l

    ----------------------------------------------------------------------
       476         12          0          0        100        808   Library Totals

    ----------------------------------------------------------------------

==============================================================================


      Code (inc. data)   RO Data    RW Data    ZI Data      Debug   

     35596       1174        336        172       4292     629822   Grand Totals
     35596       1174        336        172       4292     629822   ELF Image Totals
     35596       1174        336        172          0          0   ROM Totals

==============================================================================

    Total RO  Size (Code + RO Data)                35932 (  35.09kB)
    Total RW  Size (RW Data + ZI Data)              4464 (   4.36kB)
    Total ROM Size (Code + RO Data + RW Data)      36104 (  35.26kB)

==============================================================================

