Component: ARM Compiler 5.06 update 6 (build 750) Tool: armlink [4d35ed]

==============================================================================

Section Cross References

    startup_stm32f10x_hd.o(STACK) refers (Special) to heapauxi.o(.text) for __use_two_region_memory
    startup_stm32f10x_hd.o(HEAP) refers (Special) to heapauxi.o(.text) for __use_two_region_memory
    startup_stm32f10x_hd.o(RESET) refers (Special) to heapauxi.o(.text) for __use_two_region_memory
    startup_stm32f10x_hd.o(RESET) refers to startup_stm32f10x_hd.o(STACK) for __initial_sp
    startup_stm32f10x_hd.o(RESET) refers to startup_stm32f10x_hd.o(.text) for Reset_Handler
    startup_stm32f10x_hd.o(RESET) refers to stm32f10x_it.o(i.NMI_Handler) for NMI_Handler
    startup_stm32f10x_hd.o(RESET) refers to stm32f10x_it.o(i.HardFault_Handler) for HardFault_Handler
    startup_stm32f10x_hd.o(RESET) refers to stm32f10x_it.o(i.MemManage_Handler) for MemManage_Handler
    startup_stm32f10x_hd.o(RESET) refers to stm32f10x_it.o(i.BusFault_Handler) for BusFault_Handler
    startup_stm32f10x_hd.o(RESET) refers to stm32f10x_it.o(i.UsageFault_Handler) for UsageFault_Handler
    startup_stm32f10x_hd.o(RESET) refers to stm32f10x_it.o(i.SVC_Handler) for SVC_Handler
    startup_stm32f10x_hd.o(RESET) refers to stm32f10x_it.o(i.DebugMon_Handler) for DebugMon_Handler
    startup_stm32f10x_hd.o(RESET) refers to stm32f10x_it.o(i.SysTick_Handler) for SysTick_Handler
    startup_stm32f10x_hd.o(RESET) refers to stm32f10x_it.o(i.DMA1_Channel1_IRQHandler) for DMA1_Channel1_IRQHandler
    startup_stm32f10x_hd.o(RESET) refers to stm32f10x_it.o(i.DMA1_Channel2_IRQHandler) for DMA1_Channel2_IRQHandler
    startup_stm32f10x_hd.o(RESET) refers to stm32f10x_it.o(i.TIM4_IRQHandler) for TIM4_IRQHandler
    startup_stm32f10x_hd.o(RESET) refers to stm32f10x_it.o(i.USART1_IRQHandler) for USART1_IRQHandler
    startup_stm32f10x_hd.o(RESET) refers to stm32f10x_it.o(i.USART2_IRQHandler) for USART2_IRQHandler
    startup_stm32f10x_hd.o(RESET) refers to stm32f10x_it.o(i.USART3_IRQHandler) for USART3_IRQHandler
    startup_stm32f10x_hd.o(.text) refers (Special) to heapauxi.o(.text) for __use_two_region_memory
    startup_stm32f10x_hd.o(.text) refers to system_stm32f10x.o(i.SystemInit) for SystemInit
    startup_stm32f10x_hd.o(.text) refers to __main.o(!!!main) for __main
    startup_stm32f10x_hd.o(.text) refers to startup_stm32f10x_hd.o(HEAP) for Heap_Mem
    startup_stm32f10x_hd.o(.text) refers to startup_stm32f10x_hd.o(STACK) for Stack_Mem
    stm32f10x_adc.o(i.ADC_DeInit) refers to stm32f10x_rcc.o(i.RCC_APB2PeriphResetCmd) for RCC_APB2PeriphResetCmd
    stm32f10x_bkp.o(i.BKP_DeInit) refers to stm32f10x_rcc.o(i.RCC_BackupResetCmd) for RCC_BackupResetCmd
    stm32f10x_can.o(i.CAN_DeInit) refers to stm32f10x_rcc.o(i.RCC_APB1PeriphResetCmd) for RCC_APB1PeriphResetCmd
    stm32f10x_can.o(i.CAN_GetITStatus) refers to stm32f10x_can.o(i.CheckITStatus) for CheckITStatus
    stm32f10x_cec.o(i.CEC_DeInit) refers to stm32f10x_rcc.o(i.RCC_APB1PeriphResetCmd) for RCC_APB1PeriphResetCmd
    stm32f10x_dac.o(i.DAC_DeInit) refers to stm32f10x_rcc.o(i.RCC_APB1PeriphResetCmd) for RCC_APB1PeriphResetCmd
    stm32f10x_flash.o(i.FLASH_EnableWriteProtection) refers to stm32f10x_flash.o(i.FLASH_WaitForLastOperation) for FLASH_WaitForLastOperation
    stm32f10x_flash.o(i.FLASH_EraseAllBank1Pages) refers to stm32f10x_flash.o(i.FLASH_WaitForLastBank1Operation) for FLASH_WaitForLastBank1Operation
    stm32f10x_flash.o(i.FLASH_EraseAllPages) refers to stm32f10x_flash.o(i.FLASH_WaitForLastOperation) for FLASH_WaitForLastOperation
    stm32f10x_flash.o(i.FLASH_EraseOptionBytes) refers to stm32f10x_flash.o(i.FLASH_GetReadOutProtectionStatus) for FLASH_GetReadOutProtectionStatus
    stm32f10x_flash.o(i.FLASH_EraseOptionBytes) refers to stm32f10x_flash.o(i.FLASH_WaitForLastOperation) for FLASH_WaitForLastOperation
    stm32f10x_flash.o(i.FLASH_ErasePage) refers to stm32f10x_flash.o(i.FLASH_WaitForLastOperation) for FLASH_WaitForLastOperation
    stm32f10x_flash.o(i.FLASH_ProgramHalfWord) refers to stm32f10x_flash.o(i.FLASH_WaitForLastOperation) for FLASH_WaitForLastOperation
    stm32f10x_flash.o(i.FLASH_ProgramOptionByteData) refers to stm32f10x_flash.o(i.FLASH_WaitForLastOperation) for FLASH_WaitForLastOperation
    stm32f10x_flash.o(i.FLASH_ProgramWord) refers to stm32f10x_flash.o(i.FLASH_WaitForLastOperation) for FLASH_WaitForLastOperation
    stm32f10x_flash.o(i.FLASH_ReadOutProtection) refers to stm32f10x_flash.o(i.FLASH_WaitForLastOperation) for FLASH_WaitForLastOperation
    stm32f10x_flash.o(i.FLASH_UserOptionByteConfig) refers to stm32f10x_flash.o(i.FLASH_WaitForLastOperation) for FLASH_WaitForLastOperation
    stm32f10x_flash.o(i.FLASH_WaitForLastBank1Operation) refers to stm32f10x_flash.o(i.FLASH_GetBank1Status) for FLASH_GetBank1Status
    stm32f10x_flash.o(i.FLASH_WaitForLastOperation) refers to stm32f10x_flash.o(i.FLASH_GetBank1Status) for FLASH_GetBank1Status
[...]
    UART3_Action                             0x08008ac9   Thumb Code   936  modbus.o(i.UART3_Action)
    UART3_Send                               0x08008e95   Thumb Code    76  usart.o(i.UART3_Send)
    UART_Action                              0x08008ef1   Thumb Code  5486  modbus.o(i.UART_Action)
    UInt32ToStrBaseSign                      0x0800a465   Thumb Code   174  utils.o(i.UInt32ToStrBaseSign)
    USART1_IRQHandler                        0x0800a52d   Thumb Code   346  stm32f10x_it.o(i.USART1_IRQHandler)
    USART2_Configuration                     0x0800a705   Thumb Code   134  usart.o(i.USART2_Configuration)
    USART2_IRQHandler                        0x0800a799   Thumb Code   244  stm32f10x_it.o(i.USART2_IRQHandler)
    USART3_Configuration                     0x0800a8a5   Thumb Code   138  usart.o(i.USART3_Configuration)
    USART3_IRQHandler                        0x0800a93d   Thumb Code   254  stm32f10x_it.o(i.USART3_IRQHandler)
    USART_ClearFlag                          0x0800aa59   Thumb Code     6  stm32f10x_usart.o(i.USART_ClearFlag)
    USART_ClearITPendingBit                  0x0800aa5f   Thumb Code    12  stm32f10x_usart.o(i.USART_ClearITPendingBit)
    USART_Cmd                                0x0800aa6b   Thumb Code    20  stm32f10x_usart.o(i.USART_Cmd)
    USART_Configuration                      0x0800aa81   Thumb Code   154  usart.o(i.USART_Configuration)
    USART_GetFlagStatus                      0x0800ab29   Thumb Code    14  stm32f10x_usart.o(i.USART_GetFlagStatus)
    USART_GetITStatus                        0x0800ab37   Thumb Code    62  stm32f10x_usart.o(i.USART_GetITStatus)
    USART_ITConfig                           0x0800ab75   Thumb Code    48  stm32f10x_usart.o(i.USART_ITConfig)
    USART_Init                               0x0800aba5   Thumb Code   166  stm32f10x_usart.o(i.USART_Init)
    USART_ReceiveData                        0x0800ac51   Thumb Code     8  stm32f10x_usart.o(i.USART_ReceiveData)
    USART_SendData                           0x0800ac59   Thumb Code     8  stm32f10x_usart.o(i.USART_SendData)
    UsageFault_Handler                       0x0800ac61   Thumb Code     2  stm32f10x_it.o(i.UsageFault_Handler)
    V_SW_COTNR                               0x0800ae21   Thumb Code    68  menu.o(i.V_SW_COTNR)
    Write_ADDR                               0x0800ae75   Thumb Code    72  flash.o(i.Write_ADDR)
    __ARM_fpclassify                         0x0800aec1   Thumb Code    40  fpclassify.o(i.__ARM_fpclassify)
    __mathlib_dbl_overflow                   0x0800aee9   Thumb Code    14  dunder.o(i.__mathlib_dbl_overflow)
    __mathlib_dbl_underflow                  0x0800aef9   Thumb Code    10  dunder.o(i.__mathlib_dbl_underflow)
    __mathlib_narrow                         0x0800af09   Thumb Code    16  narrow.o(i.__mathlib_narrow)
    __mathlib_tofloat                        0x0800af19   Thumb Code   184  narrow.o(i.__mathlib_tofloat)
    __support_ldexp                          0x0800afd5   Thumb Code    22  ldexp.o(i.__support_ldexp)
    _is_digit                                0x0800afeb   Thumb Code    14  __printf_wp.o(i._is_digit)
    _sys_exit                                0x0800aff9   Thumb Code     2  usart.o(i._sys_exit)
    compareStr                               0x0800b0b3   Thumb Code    26  utils.o(i.compareStr)
    compareStrAndNum                         0x0800b0cd   Thumb Code   100  utils.o(i.compareStrAndNum)
    composeCompoundCommand                   0x0800b131   Thumb Code    76  utils.o(i.composeCompoundCommand)
    fifo_add                                 0x0800b17d   Thumb Code    62  fifo.o(i.fifo_add)
    fifo_clear                               0x0800b1bb   Thumb Code    10  fifo.o(i.fifo_clear)
    fifo_count                               0x0800b1c5   Thumb Code     8  fifo.o(i.fifo_count)
    fifo_init                                0x0800b1cd   Thumb Code    14  fifo.o(i.fifo_init)
    fifo_is_empty                            0x0800b1db   Thumb Code    12  fifo.o(i.fifo_is_empty)
    fifo_is_full                             0x0800b1e7   Thumb Code    20  fifo.o(i.fifo_is_full)
    fifo_remove                              0x0800b1fb   Thumb Code    60  fifo.o(i.fifo_remove)
    fifo_remove_last                         0x0800b237   Thumb Code    60  fifo.o(i.fifo_remove_last)
    frexp                                    0x0800b275   Thumb Code    80  frexp.o(i.frexp)
    i2c_CfgGpio                              0x0800b2f5   Thumb Code    68  iic_24c01.o(i.i2c_CfgGpio)
    i2c_NAck                                 0x0800b359   Thumb Code    50  iic_24c01.o(i.i2c_NAck)
    i2c_ReadByte                             0x0800b391   Thumb Code    96  iic_24c01.o(i.i2c_ReadByte)
    i2c_SendByte                             0x0800b3f5   Thumb Code   116  iic_24c01.o(i.i2c_SendByte)
    i2c_Start                                0x0800b46d   Thumb Code    58  iic_24c01.o(i.i2c_Start)
    i2c_Stop                                 0x0800b4ad   Thumb Code    40  iic_24c01.o(i.i2c_Stop)
    i2c_WaitAck                              0x0800b4d9   Thumb Code    68  iic_24c01.o(i.i2c_WaitAck)
    ldexp                                    0x0800b551   Thumb Code   116  ldexp.o(i.ldexp)
    main                                     0x0800b5c5   Thumb Code   190  main.o(i.main)
    matchCommand                             0x0800b6d1   Thumb Code   482  utils.o(i.matchCommand)
    matchPattern                             0x0800b8b9   Thumb Code   116  utils.o(i.matchPattern)
    scpiLex_ArbitraryBlockProgramData        0x0800ba89   Thumb Code   206  lexer.o(i.scpiLex_ArbitraryBlockProgramData)
    scpiLex_CharacterProgramData             0x0800bb57   Thumb Code   104  lexer.o(i.scpiLex_CharacterProgramData)
    scpiLex_Colon                            0x0800bbbf   Thumb Code    36  lexer.o(i.scpiLex_Colon)
    scpiLex_Comma                            0x0800bbe3   Thumb Code    36  lexer.o(i.scpiLex_Comma)
    scpiLex_DecimalNumericProgramData        0x0800bc07   Thumb Code   126  lexer.o(i.scpiLex_DecimalNumericProgramData)
    scpiLex_IsEos                            0x0800bc85   Thumb Code     4  lexer.o(i.scpiLex_IsEos)
    scpiLex_NewLine                          0x0800bc89   Thumb Code    58  lexer.o(i.scpiLex_NewLine)
    scpiLex_NondecimalNumericData            0x0800bcc3   Thumb Code   250  lexer.o(i.scpiLex_NondecimalNumericData)
    scpiLex_ProgramExpression                0x0800bdbd   Thumb Code   142  lexer.o(i.scpiLex_ProgramExpression)
    scpiLex_ProgramHeader                    0x0800be4b   Thumb Code   192  lexer.o(i.scpiLex_ProgramHeader)
    scpiLex_Semicolon                        0x0800bf0b   Thumb Code    34  lexer.o(i.scpiLex_Semicolon)
    scpiLex_SpecificCharacter                0x0800bf2d   Thumb Code    36  lexer.o(i.scpiLex_SpecificCharacter)
    scpiLex_StringProgramData                0x0800bf51   Thumb Code   136  lexer.o(i.scpiLex_StringProgramData)
    scpiLex_SuffixProgramData                0x0800bfd9   Thumb Code   120  lexer.o(i.scpiLex_SuffixProgramData)
    scpiLex_WhiteSpace                       0x0800c051   Thumb Code    38  lexer.o(i.scpiLex_WhiteSpace)
    scpiParser_detectProgramMessageUnit      0x0800c079   Thumb Code   182  parser.o(i.scpiParser_detectProgramMessageUnit)
    scpiParser_parseAllProgramData           0x0800c12f   Thumb Code   114  parser.o(i.scpiParser_parseAllProgramData)
    scpiParser_parseProgramData              0x0800c1a1   Thumb Code   140  parser.o(i.scpiParser_parseProgramData)
    skipWhitespace                           0x0800c3c5   Thumb Code    40  utils.o(i.skipWhitespace)
    strBaseToInt32                           0x0800c413   Thumb Code    20  utils.o(i.strBaseToInt32)
    strBaseToInt64                           0x0800c427   Thumb Code    22  utils.o(i.strBaseToInt64)
    strBaseToUInt32                          0x0800c43d   Thumb Code    20  utils.o(i.strBaseToUInt32)
    strBaseToUInt64                          0x0800c451   Thumb Code    22  utils.o(i.strBaseToUInt64)
    strToDouble                              0x0800c467   Thumb Code    22  utils.o(i.strToDouble)
    strToFloat                               0x0800c47d   Thumb Code    20  utils.o(i.strToFloat)
    strnpbrk                                 0x0800c491   Thumb Code    42  utils.o(i.strnpbrk)
    strtod                                   0x0800c4bb   Thumb Code    28  strtod.o(i.strtod)
    strtof                                   0x0800c4d7   Thumb Code    20  strtof.o(i.strtof)
    worke_mode                               0x0800c569   Thumb Code  1556  menu.o(i.worke_mode)
    _get_lc_ctype                            0x0800cbd5   Thumb Code    44  lc_ctype_c.o(locale$$code)
    _get_lc_numeric                          0x0800cc01   Thumb Code    44  lc_numeric_c.o(locale$$code)
    __aeabi_d2f                              0x0800cc2d   Thumb Code     0  d2f.o(x$fpl$d2f)
    _d2f                                     0x0800cc2d   Thumb Code    98  d2f.o(x$fpl$d2f)
    __fpl_dcheck_NaN1                        0x0800cc91   Thumb Code    10  dcheck1.o(x$fpl$dcheck1)
    __fpl_dcmp_Inf                           0x0800cca1   Thumb Code    24  dcmpi.o(x$fpl$dcmpinf)
    __aeabi_cdcmpeq                          0x0800ccb9   Thumb Code     0  deqf.o(x$fpl$deqf)
    _dcmpeq                                  0x0800ccb9   Thumb Code   120  deqf.o(x$fpl$deqf)
    __aeabi_ul2d                             0x0800cd31   Thumb Code     0  dfltll_clz.o(x$fpl$dfltull)
    _ll_uto_d                                0x0800cd31   Thumb Code   138  dfltll_clz.o(x$fpl$dfltull)
    __aeabi_cdcmple                          0x0800cdbd   Thumb Code     0  dleqf.o(x$fpl$dleqf)
    _dcmple                                  0x0800cdbd   Thumb Code   120  dleqf.o(x$fpl$dleqf)
    __fpl_dcmple_InfNaN                      0x0800ce1f   Thumb Code     0  dleqf.o(x$fpl$dleqf)
    __aeabi_dmul                             0x0800ce35   Thumb Code     0  dmul.o(x$fpl$dmul)
    _dmul                                    0x0800ce35   Thumb Code   332  dmul.o(x$fpl$dmul)
    __fpl_dnaninf                            0x0800cf89   Thumb Code   156  dnaninf.o(x$fpl$dnaninf)
    __fpl_dretinf                            0x0800d025   Thumb Code    12  dretinf.o(x$fpl$dretinf)
    __aeabi_cdrcmple                         0x0800d031   Thumb Code     0  drleqf.o(x$fpl$drleqf)
    _drcmple                                 0x0800d031   Thumb Code   108  drleqf.o(x$fpl$drleqf)
    __aeabi_f2d                              0x0800d09d   Thumb Code     0  f2d.o(x$fpl$f2d)
    _f2d                                     0x0800d09d   Thumb Code    86  f2d.o(x$fpl$f2d)
    __aeabi_fadd                             0x0800d0f5   Thumb Code     0  faddsub_clz.o(x$fpl$fadd)
    _fadd                                    0x0800d0f5   Thumb Code   196  faddsub_clz.o(x$fpl$fadd)
    __fpl_fcmp_Inf                           0x0800d1b9   Thumb Code    24  fcmpi.o(x$fpl$fcmpinf)
    __aeabi_fdiv                             0x0800d1d1   Thumb Code     0  fdiv.o(x$fpl$fdiv)
    _fdiv                                    0x0800d1d1   Thumb Code   384  fdiv.o(x$fpl$fdiv)
    __aeabi_f2uiz                            0x0800d355   Thumb Code     0  ffixu.o(x$fpl$ffixu)
    _ffixu                                   0x0800d355   Thumb Code    62  ffixu.o(x$fpl$ffixu)
    __aeabi_ui2f                             0x0800d395   Thumb Code     0  fflt_clz.o(x$fpl$ffltu)
    _ffltu                                   0x0800d395   Thumb Code    38  fflt_clz.o(x$fpl$ffltu)
    __aeabi_cfcmple                          0x0800d3bd   Thumb Code     0  fleqf.o(x$fpl$fleqf)
    _fcmple                                  0x0800d3bd   Thumb Code   104  fleqf.o(x$fpl$fleqf)
    __fpl_fcmple_InfNaN                      0x0800d40f   Thumb Code     0  fleqf.o(x$fpl$fleqf)
    __aeabi_fmul                             0x0800d425   Thumb Code     0  fmul.o(x$fpl$fmul)
    _fmul                                    0x0800d425   Thumb Code   258  fmul.o(x$fpl$fmul)
    __fpl_fnaninf                            0x0800d527   Thumb Code   140  fnaninf.o(x$fpl$fnaninf)
    __fpl_fretinf                            0x0800d5b3   Thumb Code    10  fretinf.o(x$fpl$fretinf)
    __aeabi_cfrcmple                         0x0800d5bd   Thumb Code     0  frleqf.o(x$fpl$frleqf)
    _frcmple                                 0x0800d5bd   Thumb Code    98  frleqf.o(x$fpl$frleqf)
    __aeabi_frsub                            0x0800d61f   Thumb Code     0  faddsub_clz.o(x$fpl$frsb)
    _frsb                                    0x0800d61f   Thumb Code    20  faddsub_clz.o(x$fpl$frsb)
    __aeabi_fsub                             0x0800d635   Thumb Code     0  faddsub_clz.o(x$fpl$fsub)
    _fsub                                    0x0800d635   Thumb Code   234  faddsub_clz.o(x$fpl$fsub)
    __ieee_status                            0x0800d71f   Thumb Code     6  istatus.o(x$fpl$ieeestatus)
    _printf_fp_dec                           0x0800d725   Thumb Code     4  printf1.o(x$fpl$printf1)
    __fpl_return_NaN                         0x0800d729   Thumb Code   100  retnan.o(x$fpl$retnan)
    __ARM_scalbn                             0x0800d78d   Thumb Code    92  scalbn.o(x$fpl$scalbn)
    _scanf_real                              0x0800d7e9   Thumb Code     4  scanf1.o(x$fpl$scanf1)
    _scanf_hex_real                          0x0800d7ed   Thumb Code     4  scanf2.o(x$fpl$scanf2)
    _scanf_infnan                            0x0800d7f1   Thumb Code     4  scanf2.o(x$fpl$scanf2)
    __fpl_cmpreturn                          0x0800d7f5   Thumb Code    48  trapv.o(x$fpl$trapveneer)
    __I$use$fp                               0x0800d824   Number         0  usenofp.o(x$fpl$usenofp)
    scpi_commands                            0x0800d82c   Data        1164  scpi-def.o(.constdata)
    scpi_bool_def                            0x0800dcf0   Data          24  parser.o(.constdata)
    scpi_units_def                           0x0800dd18   Data         432  units.o(.constdata)
    scpi_special_numbers_def                 0x0800dec8   Data          80  units.o(.constdata)
    Region$$Table$$Base                      0x0800e650   Number         0  anon$$obj.o(Region$$Table)
    Region$$Table$$Limit                     0x0800e670   Number         0  anon$$obj.o(Region$$Table)
    __aeabi_HUGE_VAL                         0x0800e670   Data           0  fpconst.o(c$$dinf)
    __aeabi_HUGE_VALL                        0x0800e670   Data           0  fpconst.o(c$$dinf)
    __aeabi_INFINITY                         0x0800e670   Data           0  fpconst.o(c$$dinf)
    __dInf                                   0x0800e670   Data           0  fpconst.o(c$$dinf)
    __huge_val                               0x0800e670   Data           0  fpconst.o(c$$dinf)
    __dbl_max                                0x0800e678   Data           0  fpconst.o(c$$dmax)
    __ctype                                  0x0800e68d   Data           0  lc_ctype_c.o(locale$$data)
    flagA                                    0x20000014   Data           4  main.o(.data)
    flagB                                    0x20000018   Data           4  main.o(.data)
    flagC                                    0x2000001c   Data           4  main.o(.data)
    UART1_Buffer_Rece_flag                   0x20000020   Data           1  stm32f10x_it.o(.data)
    dynaflagA                                0x20000021   Data           1  stm32f10x_it.o(.data)
    dynaflagB                                0x20000022   Data           1  stm32f10x_it.o(.data)
    timecount                                0x20000024   Data           4  stm32f10x_it.o(.data)
    testcount                                0x20000028   Data           4  stm32f10x_it.o(.data)
    SystemCoreClock                          0x2000002c   Data           4  system_stm32f10x.o(.data)
    AHBPrescTable                            0x20000030   Data          16  system_stm32f10x.o(.data)
    NTC_value                                0x20000042   Data           2  adc.o(.data)
    NTC1_value                               0x20000044   Data           2  adc.o(.data)
    Imon_value                               0x20000046   Data           2  adc.o(.data)
    Vmon_value                               0x20000048   Data           2  adc.o(.data)
    HSEStartUpStatus                         0x20000051   Data           1  clock.o(.data)
    testflag                                 0x20000054   Data           1  modbus.o(.data)
    dynaonflag                               0x20000055   Data           1  modbus.o(.data)
    DAC_Flag                                 0x20000056   Data           1  modbus.o(.data)
    Contr_DACVlue                            0x20000058   Data           2  modbus.o(.data)
    Modify_A_READ                            0x2000005c   Data           4  modbus.o(.data)
    Modify_C_READ                            0x20000060   Data           4  modbus.o(.data)
    Modify_A_ACT                             0x20000064   Data           4  modbus.o(.data)
    Modify_B_READ                            0x20000068   Data           4  modbus.o(.data)
    Modify_D_READ                            0x2000006c   Data           4  modbus.o(.data)
    Modify_B_ACT                             0x20000070   Data           4  modbus.o(.data)
    var16                                    0x20000074   Data           4  modbus.o(.data)
    var32a                                   0x20000078   Data           4  modbus.o(.data)
    var32b                                   0x2000007c   Data           4  modbus.o(.data)
    var16a                                   0x20000080   Data           4  modbus.o(.data)
    var32c                                   0x20000084   Data           4  modbus.o(.data)
    var32d                                   0x20000088   Data           4  modbus.o(.data)
    Transmit_BUFFERsize                      0x2000008c   Data           1  usart.o(.data)
    Baud                                     0x20000090   Data           4  usart.o(.data)
    UART_Buffer_Size                         0x20000094   Data           1  usart.o(.data)
    t_USART                                  0x20000095   Data           1  usart.o(.data)
    VP_T                                     0x20000096   Data           2  fan_pro.o(.data)
    IP_T                                     0x20000098   Data           2  fan_pro.o(.data)
    PR_T1                                    0x2000009a   Data           2  fan_pro.o(.data)
    PR_T2                                    0x2000009c   Data           2  fan_pro.o(.data)
    PR_T3                                    0x2000009e   Data           2  fan_pro.o(.data)
    PR_T4                                    0x200000a0   Data           2  fan_pro.o(.data)
    Von_CONT                                 0x200000a4   Data           1  menu.o(.data)
    oldmode                                  0x200000a5   Data           1  menu.o(.data)
    SWDelay                                  0x200000a6   Data           2  menu.o(.data)
    trigger_source                           0x200000b0   Data          32  scpi-def.o(.data)
    mode_source                              0x200000d0   Data          64  scpi-def.o(.data)
    dynmode_source                           0x20000110   Data          32  scpi-def.o(.data)
    scpi_interface                           0x20000130   Data          20  scpi-def.o(.data)
    ADC1_Buffer                              0x20000144   Data         200  adc.o(.bss)
    ADC_NTC_Filt                             0x2000020c   Data         100  adc.o(.bss)
    ADC_NTC1_Filt                            0x20000270   Data         100  adc.o(.bss)
    Correct_Parametet                        0x200002d4   Data         104  modbus.o(.bss)
    Correct_Strong                           0x2000033c   Data         104  modbus.o(.bss)
    coefficient                              0x200003a4   Data          13  modbus.o(.bss)
    Run_Control                              0x200003b4   Data         200  modbus.o(.bss)
    Transition_Date                          0x2000047c   Data          40  modbus.o(.bss)
    UART_Buffer_Rece                         0x200004a4   Data         200  usart.o(.bss)
    UART_Buffer_Send                         0x2000056c   Data         200  usart.o(.bss)
    UART_Buffer_Send1                        0x20000634   Data         200  usart.o(.bss)
    UART_Buffer_Rece1                        0x200006fc   Data         200  usart.o(.bss)
    AD7689_Buffer                            0x200007c4   Data          16  ad7689.o(.bss)
    Ad7689_Fit_Imon                          0x200007d4   Data         200  ad7689.o(.bss)
    Ad7689_Fit_Vmon                          0x2000089c   Data         200  ad7689.o(.bss)
    END_Fit_Imon                             0x20000964   Data          40  ad7689.o(.bss)
    scpi_input_buffer                        0x2000098c   Data         256  scpi-def.o(.bss)
    scpi_error_queue_data                    0x20000a8c   Data          34  scpi-def.o(.bss)
    scpi_context                             0x20000ab0   Data         152  scpi-def.o(.bss)
    __libspace_start                         0x20000b48   Data          96  libspace.o(.bss)
    __temporary_stack_top$libspace           0x20000ba8   Data           0  libspace.o(.bss)



==============================================================================

Memory Map of the image

  Image Entry point : 0x08000131

  Load Region LR_IROM1 (Base: 0x08000000, Size: 0x0000e8f0, Max: 0x00010000, ABSOLUTE, COMPRESSED[0x0000e814])

    Execution Region ER_IROM1 (Exec base: 0x08000000, Load base: 0x08000000, Size: 0x0000e7ac, Max: 0x00010000, ABSOLUTE)

    Exec Addr    Load Addr    Size         Type   Attr      Idx    E Section Name        Object

    0x08000000   0x08000000   0x00000130   Data   RO           19    RESET               startup_stm32f10x_hd.o
    0x08000130   0x08000130   0x00000008   Code   RO         6049  * !!!main             c_w.l(__main.o)
    0x08000138   0x08000138   0x00000034   Code   RO         6458    !!!scatter          c_w.l(__scatter.o)
    0x0800016c   0x0800016c   0x0000005a   Code   RO         6456    !!dczerorl2         c_w.l(__dczerorl2.o)
    0x080001c6   0x080001c6   0x00000002   PAD
    0x080001c8   0x080001c8   0x0000001c   Code   RO         6460    !!handler_zi        c_w.l(__scatter_zi.o)
    0x080001e4   0x080001e4   0x00000000   Code   RO         6014    .ARM.Collect$$_printf_percent$$00000000  c_w.l(_printf_percent.o)
    0x080001e4   0x080001e4   0x00000006   Code   RO         6013    .ARM.Collect$$_printf_percent$$00000005  c_w.l(_printf_g.o)
    0x080001ea   0x080001ea   0x00000004   Code   RO         6152    .ARM.Collect$$_printf_percent$$00000017  c_w.l(_printf_percent_end.o)
    0x080001ee   0x080001ee   0x00000002   Code   RO         6331    .ARM.Collect$$libinit$$00000000  c_w.l(libinit.o)
    0x080001f0   0x080001f0   0x00000000   Code   RO         6252    .ARM.Collect$$libinit$$00000002  c_w.l(libinit2.o)
    0x080001f0   0x080001f0   0x00000000   Code   RO         6254    .ARM.Collect$$libinit$$00000004  c_w.l(libinit2.o)
    0x080001f0   0x080001f0   0x00000000   Code   RO         6257    .ARM.Collect$$libinit$$0000000A  c_w.l(libinit2.o)
    0x080001f0   0x080001f0   0x00000000   Code   RO         6259    .ARM.Collect$$libinit$$0000000C  c_w.l(libinit2.o)
    0x080001f0   0x080001f0   0x00000000   Code   RO         6261    .ARM.Collect$$libinit$$0000000E  c_w.l(libinit2.o)
    0x080001f0   0x080001f0   0x00000006   Code   RO         6262    .ARM.Collect$$libinit$$0000000F  c_w.l(libinit2.o)
    0x080001f6   0x080001f6   0x00000000   Code   RO         6264    .ARM.Collect$$libinit$$00000011  c_w.l(libinit2.o)
    0x080001f6   0x080001f6   0x0000000c   Code   RO         6265    .ARM.Collect$$libinit$$00000012  c_w.l(libinit2.o)
    0x08000202   0x08000202   0x00000000   Code   RO         6266    .ARM.Collect$$libinit$$00000013  c_w.l(libinit2.o)
    0x08000202   0x08000202   0x00000000   Code   RO         6268    .ARM.Collect$$libinit$$00000015  c_w.l(libinit2.o)
    0x08000202   0x08000202   0x0000000a   Code   RO         6269    .ARM.Collect$$libinit$$00000016  c_w.l(libinit2.o)
    0x0800020c   0x0800020c   0x00000000   Code   RO         6270    .ARM.Collect$$libinit$$00000017  c_w.l(libinit2.o)
    0x0800020c   0x0800020c   0x00000000   Code   RO         6272    .ARM.Collect$$libinit$$00000019  c_w.l(libinit2.o)
    0x0800020c   0x0800020c   0x00000000   Code   RO         6274    .ARM.Collect$$libinit$$0000001B  c_w.l(libinit2.o)
    0x0800020c   0x0800020c   0x00000000   Code   RO         6276    .ARM.Collect$$libinit$$0000001D  c_w.l(libinit2.o)
    0x0800020c   0x0800020c   0x00000000   Code   RO         6278    .ARM.Collect$$libinit$$0000001F  c_w.l(libinit2.o)
    0x0800020c   0x0800020c   0x00000000   Code   RO         6280    .ARM.Collect$$libinit$$00000021  c_w.l(libinit2.o)
    0x0800020c   0x0800020c   0x00000000   Code   RO         6282    .ARM.Collect$$libinit$$00000023  c_w.l(libinit2.o)
    0x0800020c   0x0800020c   0x00000000   Code   RO         6284    .ARM.Collect$$libinit$$00000025  c_w.l(libinit2.o)
    0x0800020c   0x0800020c   0x00000000   Code   RO         6288    .ARM.Collect$$libinit$$0000002C  c_w.l(libinit2.o)
    0x0800020c   0x0800020c   0x00000000   Code   RO         6290    .ARM.Collect$$libinit$$0000002E  c_w.l(libinit2.o)
    0x0800020c   0x0800020c   0x00000000   Code   RO         6292    .ARM.Collect$$libinit$$00000030  c_w.l(libinit2.o)
    0x0800020c   0x0800020c   0x00000000   Code   RO         6294    .ARM.Collect$$libinit$$00000032  c_w.l(libinit2.o)
    0x0800020c   0x0800020c   0x00000002   Code   RO         6295    .ARM.Collect$$libinit$$00000033  c_w.l(libinit2.o)
    0x0800020e   0x0800020e   0x00000002   Code   RO         6396    .ARM.Collect$$libshutdown$$00000000  c_w.l(libshutdown.o)
    0x08000210   0x08000210   0x00000000   Code   RO         6424    .ARM.Collect$$libshutdown$$00000002  c_w.l(libshutdown2.o)
    0x08000210   0x08000210   0x00000000   Code   RO         6426    .ARM.Collect$$libshutdown$$00000004  c_w.l(libshutdown2.o)
    0x08000210   0x08000210   0x00000000   Code   RO         6429    .ARM.Collect$$libshutdown$$00000007  c_w.l(libshutdown2.o)
    0x08000210   0x08000210   0x00000000   Code   RO         6432    .ARM.Collect$$libshutdown$$0000000A  c_w.l(libshutdown2.o)
    0x08000210   0x08000210   0x00000000   Code   RO         6434    .ARM.Collect$$libshutdown$$0000000C  c_w.l(libshutdown2.o)
    0x08000210   0x08000210   0x00000000   Code   RO         6437    .ARM.Collect$$libshutdown$$0000000F  c_w.l(libshutdown2.o)
    0x08000210   0x08000210   0x00000002   Code   RO         6438    .ARM.Collect$$libshutdown$$00000010  c_w.l(libshutdown2.o)
    0x08000212   0x08000212   0x00000000   Code   RO         6123    .ARM.Collect$$rtentry$$00000000  c_w.l(__rtentry.o)
    0x08000212   0x08000212   0x00000000   Code   RO         6187    .ARM.Collect$$rtentry$$00000002  c_w.l(__rtentry2.o)
    0x08000212   0x08000212   0x00000006   Code   RO         6199    .ARM.Collect$$rtentry$$00000004  c_w.l(__rtentry4.o)
    0x08000218   0x08000218   0x00000000   Code   RO         6189    .ARM.Collect$$rtentry$$00000009  c_w.l(__rtentry2.o)
    0x08000218   0x08000218   0x00000004   Code   RO         6190    .ARM.Collect$$rtentry$$0000000A  c_w.l(__rtentry2.o)
    0x0800021c   0x0800021c   0x00000000   Code   RO         6192    .ARM.Collect$$rtentry$$0000000C  c_w.l(__rtentry2.o)
    0x0800021c   0x0800021c   0x00000008   Code   RO         6193    .ARM.Collect$$rtentry$$0000000D  c_w.l(__rtentry2.o)
    0x08000224   0x08000224   0x00000002   Code   RO         6338    .ARM.Collect$$rtexit$$00000000  c_w.l(rtexit.o)
    0x08000226   0x08000226   0x00000000   Code   RO         6365    .ARM.Collect$$rtexit$$00000002  c_w.l(rtexit2.o)
    0x08000226   0x08000226   0x00000004   Code   RO         6366    .ARM.Collect$$rtexit$$00000003  c_w.l(rtexit2.o)
    0x0800022a   0x0800022a   0x00000006   Code   RO         6367    .ARM.Collect$$rtexit$$00000004  c_w.l(rtexit2.o)
    0x08000230   0x08000230   0x00000040   Code   RO           20    .text               startup_stm32f10x_hd.o
    0x08000270   0x08000270   0x00000002   Code   RO         5973    .text               c_w.l(use_no_semi_2.o)
    0x08000272   0x08000272   0x00000002   PAD
    0x08000274   0x08000274   0x00000010   Code   RO         5975    .text               c_w.l(rt_ctype_table.o)
    0x08000284   0x08000284   0x00000034   Code   RO         5985    .text               c_w.l(noretval__2snprintf.o)
    0x080002b8   0x080002b8   0x00000160   Code   RO         6006    .text               c_w.l(__printf_ss_wp.o)
    0x08000418   0x08000418   0x00000070   Code   RO         6017    .text               c_w.l(strtol.o)
    0x08000488   0x08000488   0x00000072   Code   RO         6019    .text               c_w.l(strtoul.o)
    0x080004fa   0x080004fa   0x00000004   Code   RO         6021    .text               c_w.l(strtoll.o)
    0x080004fe   0x080004fe   0x00000004   Code   RO         6023    .text               c_w.l(strtoull.o)
    0x08000502   0x08000502   0x00000024   Code   RO         6025    .text               c_w.l(strncat.o)
    0x08000526   0x08000526   0x00000032   Code   RO         6029    .text               c_w.l(strncasecmp.o)
    0x08000558   0x08000558   0x0000003e   Code   RO         6031    .text               c_w.l(strlen.o)
    0x08000596   0x08000596   0x0000008a   Code   RO         6033    .text               c_w.l(rt_memcpy_v6.o)
    0x08000620   0x08000620   0x00000084   Code   RO         6035    .text               c_w.l(rt_memmove_v6.o)
    0x080006a4   0x080006a4   0x00000064   Code   RO         6037    .text               c_w.l(rt_memcpy_w.o)
    0x08000708   0x08000708   0x00000044   Code   RO         6041    .text               c_w.l(rt_memclr.o)
    0x0800074c   0x0800074c   0x0000004e   Code   RO         6043    .text               c_w.l(rt_memclr_w.o)
    0x0800079a   0x0800079a   0x00000056   Code   RO         6045    .text               c_w.l(strncpy.o)
    0x080007f0   0x080007f0   0x00000006   Code   RO         6047    .text               c_w.l(heapauxi.o)
    0x080007f6   0x080007f6   0x00000002   Code   RO         6121    .text               c_w.l(use_no_semi.o)
    0x080007f8   0x080007f8   0x00000008   Code   RO         6131    .text               c_w.l(rt_locale_intlibspace.o)
    0x08000800   0x08000800   0x00000008   Code   RO         6136    .text               c_w.l(rt_errno_addr_intlibspace.o)
    0x08000808   0x08000808   0x0000001a   Code   RO         6138    .text               c_w.l(tolower.o)
    0x08000822   0x08000822   0x0000041e   Code   RO         6142    .text               c_w.l(_printf_fp_dec.o)
    0x08000c40   0x08000c40   0x00000030   Code   RO         6144    .text               c_w.l(_printf_char_common.o)
    0x08000c70   0x08000c70   0x0000000a   Code   RO         6146    .text               c_w.l(_sputc.o)
    0x08000c7a   0x08000c7a   0x00000010   Code   RO         6148    .text               c_w.l(_snputc.o)
    0x08000c8a   0x08000c8a   0x0000009e   Code   RO         6153    .text               c_w.l(_strtoul.o)
    0x08000d28   0x08000d28   0x000000a4   Code   RO         6155    .text               c_w.l(strtod.o)
    0x08000dcc   0x08000dcc   0x0000001a   Code   RO         6157    .text               c_w.l(strtof.o)
    0x08000de6   0x08000de6   0x00000090   Code   RO         6159    .text               c_w.l(__strtoll.o)
    0x08000e76   0x08000e76   0x0000007c   Code   RO         6161    .text               c_w.l(__strtoull.o)
    0x08000ef2   0x08000ef2   0x0000007a   Code   RO         6166    .text               c_w.l(rt_memmove_w.o)
    0x08000f6c   0x08000f6c   0x00000008   Code   RO         6183    .text               c_w.l(libspace.o)
    0x08000f74   0x08000f74   0x0000008a   Code   RO         6203    .text               c_w.l(lludiv10.o)
    0x08000ffe   0x08000ffe   0x00000012   Code   RO         6205    .text               c_w.l(isspace.o)
    0x08001010   0x08001010   0x00000080   Code   RO         6207    .text               c_w.l(_printf_fp_infnan.o)
    0x08001090   0x08001090   0x0000001c   Code   RO         6211    .text               c_w.l(_chval.o)
    0x080010ac   0x080010ac   0x00000040   Code   RO         6213    .text               c_w.l(_sgetc.o)
    0x080010ec   0x080010ec   0x000000c2   Code   RO         6215    .text               c_w.l(_strtoull.o)
    0x080011ae   0x080011ae   0x00000002   PAD
    0x080011b0   0x080011b0   0x000000e4   Code   RO         6217    .text               c_w.l(bigflt0.o)
    0x08001294   0x08001294   0x00000080   Code   RO         6249    .text               c_w.l(strcmpv7m.o)
    0x08001314   0x08001314   0x0000004a   Code   RO         6312    .text               c_w.l(sys_stackheap_outer.o)
    0x0800135e   0x0800135e   0x00000016   Code   RO         6314    .text               c_w.l(_rserrno.o)
    0x08001374   0x08001374   0x000004f8   Code   RO         6316    .text               c_w.l(scanf_fp.o)
    0x0800186c   0x0800186c   0x00000012   Code   RO         6318    .text               c_w.l(exit.o)
    0x0800187e   0x0800187e   0x00000002   PAD
    0x08001880   0x08001880   0x00000320   Code   RO         6373    .text               c_w.l(scanf_hexfp.o)
    0x08001ba0   0x08001ba0   0x00000134   Code   RO         6375    .text               c_w.l(scanf_infnan.o)
    0x08001cd4   0x08001cd4   0x00000026   Code   RO         6388    .text               c_w.l(llshl.o)
    0x08001cfa   0x08001cfa   0x0000003e   Code   RO         6220    CL$$btod_d2e        c_w.l(btod.o)
    0x08001d38   0x08001d38   0x00000046   Code   RO         6222    CL$$btod_d2e_denorm_low  c_w.l(btod.o)
    0x08001d7e   0x08001d7e   0x00000060   Code   RO         6221    CL$$btod_d2e_norm_op1  c_w.l(btod.o)
    0x08001dde   0x08001dde   0x00000338   Code   RO         6230    CL$$btod_div_common  c_w.l(btod.o)
    0x08002116   0x08002116   0x00000002   PAD
    0x08002118   0x08002118   0x00000084   Code   RO         6228    CL$$btod_e2d        c_w.l(btod.o)
    0x0800219c   0x0800219c   0x000000dc   Code   RO         6227    CL$$btod_e2e        c_w.l(btod.o)
    0x08002278   0x08002278   0x0000002a   Code   RO         6224    CL$$btod_ediv       c_w.l(btod.o)
    0x080022a2   0x080022a2   0x0000002a   Code   RO         6226    CL$$btod_edivd      c_w.l(btod.o)
    0x080022cc   0x080022cc   0x0000002a   Code   RO         6223    CL$$btod_emul       c_w.l(btod.o)
    0x080022f6   0x080022f6   0x0000002a   Code   RO         6225    CL$$btod_emuld      c_w.l(btod.o)
    0x08002320   0x08002320   0x00000244   Code   RO         6229    CL$$btod_mult_common  c_w.l(btod.o)
    0x08002564   0x08002564   0x00000024   Code   RO         3550    i.AD5541_GPIOCoing  dac.o
    0x08002588   0x08002588   0x000000b8   Code   RO         3551    i.AD5541_Send       dac.o
    0x08002640   0x08002640   0x0000001e   Code   RO         4321    i.AD7689_Delay      ad7689.o
    0x0800265e   0x0800265e   0x00000002   PAD
    0x08002660   0x08002660   0x000000c4   Code   RO         4323    i.AD7689_InitializeSPI2  ad7689.o
    0x08002724   0x08002724   0x00000134   Code   RO         4324    i.AD7689_Scan_CH    ad7689.o
    0x08002858   0x08002858   0x0000003c   Code   RO         4325    i.AD7689_TransferByte  ad7689.o
    0x08002894   0x08002894   0x00000120   Code   RO         3377    i.ADC1_DMA_Init     adc.o
    0x080029b4   0x080029b4   0x000000d0   Code   RO         3378    i.ADC_CH_Scan       adc.o
    0x08002a84   0x08002a84   0x00000014   Code   RO          149    i.ADC_Cmd           stm32f10x_adc.o
    0x08002a98   0x08002a98   0x00000014   Code   RO          150    i.ADC_DMACmd        stm32f10x_adc.o
    0x08002aac   0x08002aac   0x00000044   Code   RO          151    i.ADC_DeInit        stm32f10x_adc.o
    0x08002af0   0x08002af0   0x0000000e   Code   RO          157    i.ADC_GetCalibrationStatus  stm32f10x_adc.o
    0x08002afe   0x08002afe   0x0000000e   Code   RO          163    i.ADC_GetResetCalibrationStatus  stm32f10x_adc.o
    0x08002b0c   0x08002b0c   0x00000048   Code   RO          167    i.ADC_Init          stm32f10x_adc.o
    0x08002b54   0x08002b54   0x00000074   Code   RO          171    i.ADC_RegularChannelConfig  stm32f10x_adc.o
    0x08002bc8   0x08002bc8   0x0000000a   Code   RO          172    i.ADC_ResetCalibration  stm32f10x_adc.o
    0x08002bd2   0x08002bd2   0x00000014   Code   RO          174    i.ADC_SoftwareStartConvCmd  stm32f10x_adc.o
    0x08002be6   0x08002be6   0x0000000a   Code   RO          176    i.ADC_StartCalibration  stm32f10x_adc.o
    0x08002bf0   0x08002bf0   0x000001c8   Code   RO         3910    i.All_protect       fan_pro.o
    0x08002db8   0x08002db8   0x00000016   Code   RO         5775    i.BSD_strnlen       utils.o
    0x08002dce   0x08002dce   0x00000002   PAD
    0x08002dd0   0x08002dd0   0x00000050   Code   RO         3816    i.Baud_SET          usart.o
    0x08002e20   0x08002e20   0x000000a4   Code   RO         3731    i.Bias_Correction   modbus.o
    0x08002ec4   0x08002ec4   0x00000044   Code   RO         3732    i.Bias_Para         modbus.o
    0x08002f08   0x08002f08   0x00000002   Code   RO         3241    i.BusFault_Handler  stm32f10x_it.o
    0x08002f0a   0x08002f0a   0x00000002   PAD
    0x08002f0c   0x08002f0c   0x00000028   Code   RO         4381    i.CCQ               scpi-def.o
    0x08002f34   0x08002f34   0x00000040   Code   RO         4382    i.CCSET             scpi-def.o
    0x08002f74   0x08002f74   0x00000028   Code   RO         4383    i.CPQ               scpi-def.o
    0x08002f9c   0x08002f9c   0x00000028   Code   RO         4384    i.CPROTECTQ         scpi-def.o
    0x08002fc4   0x08002fc4   0x00000040   Code   RO         4385    i.CPROTECTSET       scpi-def.o
    0x08003004   0x08003004   0x00000040   Code   RO         4386    i.CPSET             scpi-def.o
    0x08003044   0x08003044   0x00000028   Code   RO         4387    i.CRQ               scpi-def.o
    0x0800306c   0x0800306c   0x00000040   Code   RO         4388    i.CRSET             scpi-def.o
    0x080030ac   0x080030ac   0x00000038   Code   RO         4389    i.CURRENTQ          scpi-def.o
    0x080030e4   0x080030e4   0x00000028   Code   RO         4390    i.CVQ               scpi-def.o
    0x0800310c   0x0800310c   0x00000040   Code   RO         4391    i.CVSET             scpi-def.o
    0x0800314c   0x0800314c   0x000000e8   Code   RO         3936    i.Cont_coeff_LEDMODE  menu.o
    0x08003234   0x08003234   0x00000020   Code   RO         3379    i.DAM1_ADC_NVIC     adc.o
    0x08003254   0x08003254   0x00000014   Code   RO         3242    i.DMA1_Channel1_IRQHandler  stm32f10x_it.o
    0x08003268   0x08003268   0x00000018   Code   RO         3243    i.DMA1_Channel2_IRQHandler  stm32f10x_it.o
    0x08003280   0x08003280   0x00000018   Code   RO          833    i.DMA_ClearITPendingBit  stm32f10x_dma.o
    0x08003298   0x08003298   0x00000016   Code   RO          834    i.DMA_Cmd           stm32f10x_dma.o
    0x080032ae   0x080032ae   0x00000002   PAD
    0x080032b0   0x080032b0   0x000000e4   Code   RO          835    i.DMA_DeInit        stm32f10x_dma.o
    0x08003394   0x08003394   0x00000010   Code   RO          839    i.DMA_ITConfig      stm32f10x_dma.o
    0x080033a4   0x080033a4   0x0000003a   Code   RO          840    i.DMA_Init          stm32f10x_dma.o
    0x080033de   0x080033de   0x00000024   Code   RO         4392    i.DMM_ConfigureVoltageDc  scpi-def.o
    0x08003402   0x08003402   0x00000002   PAD
    0x08003404   0x08003404   0x00000050   Code   RO         4393    i.DMM_MeasureVoltageAcQ  scpi-def.o
    0x08003454   0x08003454   0x00000028   Code   RO         4394    i.DYNHDQ            scpi-def.o
    0x0800347c   0x0800347c   0x00000040   Code   RO         4395    i.DYNHDSET          scpi-def.o
    0x080034bc   0x080034bc   0x00000028   Code   RO         4396    i.DYNHQ             scpi-def.o
    0x080034e4   0x080034e4   0x00000040   Code   RO         4397    i.DYNHSET           scpi-def.o
    0x08003524   0x08003524   0x00000028   Code   RO         4398    i.DYNLDQ            scpi-def.o
    0x0800354c   0x0800354c   0x00000040   Code   RO         4399    i.DYNLDSET          scpi-def.o
    0x0800358c   0x0800358c   0x00000028   Code   RO         4400    i.DYNLQ             scpi-def.o
    0x080035b4   0x080035b4   0x00000040   Code   RO         4401    i.DYNLSET           scpi-def.o
    0x080035f4   0x080035f4   0x00000028   Code   RO         4402    i.DYNMODEQ          scpi-def.o
    0x0800361c   0x0800361c   0x00000038   Code   RO         4403    i.DYNMODESET        scpi-def.o
    0x08003654   0x08003654   0x00000028   Code   RO         4404    i.DYNSLEWFQ         scpi-def.o
    0x0800367c   0x0800367c   0x00000040   Code   RO         4405    i.DYNSLEWFSET       scpi-def.o
    0x080036bc   0x080036bc   0x00000028   Code   RO         4406    i.DYNSLEWQ          scpi-def.o
    0x080036e4   0x080036e4   0x00000028   Code   RO         4407    i.DYNSLEWRQ         scpi-def.o
    0x0800370c   0x0800370c   0x00000040   Code   RO         4408    i.DYNSLEWRSET       scpi-def.o
    0x0800374c   0x0800374c   0x00000044   Code   RO         4409    i.DYNSLEWSET        scpi-def.o
    0x08003790   0x08003790   0x00000002   Code   RO         3244    i.DebugMon_Handler  stm32f10x_it.o
    0x08003792   0x08003792   0x00000002   PAD
    0x08003794   0x08003794   0x00000050   Code   RO         3481    i.EEPROM_READ_Byte  at24c01.o
    0x080037e4   0x080037e4   0x00000d6a   Code   RO         3568    i.EEPROM_READ_Coeff  flash.o
    0x0800454e   0x0800454e   0x0000006c   Code   RO         3482    i.EEPROM_WriteByte  at24c01.o
    0x080045ba   0x080045ba   0x00000002   PAD
    0x080045bc   0x080045bc   0x00000018   Code   RO          975    i.FLASH_PrefetchBufferCmd  stm32f10x_flash.o
    0x080045d4   0x080045d4   0x00000014   Code   RO          980    i.FLASH_SetLatency  stm32f10x_flash.o
    0x080045e8   0x080045e8   0x00000dde   Code   RO         3569    i.Flash_Write_all   flash.o
    0x080053c6   0x080053c6   0x00000016   Code   RO         1250    i.GPIO_AFIODeInit   stm32f10x_gpio.o
    0x080053dc   0x080053dc   0x0000009c   Code   RO         3618    i.GPIO_Conf         gpio.o
    0x08005478   0x08005478   0x000000b4   Code   RO         1251    i.GPIO_DeInit       stm32f10x_gpio.o
    0x0800552c   0x0800552c   0x000000a2   Code   RO         1256    i.GPIO_Init         stm32f10x_gpio.o
    0x080055ce   0x080055ce   0x00000002   PAD
    0x080055d0   0x080055d0   0x00000058   Code   RO         1258    i.GPIO_PinRemapConfig  stm32f10x_gpio.o
    0x08005628   0x08005628   0x0000000e   Code   RO         1260    i.GPIO_ReadInputDataBit  stm32f10x_gpio.o
    0x08005636   0x08005636   0x00000004   Code   RO         1263    i.GPIO_ResetBits    stm32f10x_gpio.o
    0x0800563a   0x0800563a   0x00000004   Code   RO         1264    i.GPIO_SetBits      stm32f10x_gpio.o
    0x0800563e   0x0800563e   0x00000002   Code   RO         3245    i.HardFault_Handler  stm32f10x_it.o
    0x08005640   0x08005640   0x0000007c   Code   RO         3733    i.Hardware_CRC      modbus.o
    0x080056bc   0x080056bc   0x0000001c   Code   RO         4410    i.INPUTQ            scpi-def.o
    0x080056d8   0x080056d8   0x00000030   Code   RO         4411    i.INPUTSET          scpi-def.o
    0x08005708   0x08005708   0x0000001c   Code   RO         4412    i.IRANGEQ           scpi-def.o
    0x08005724   0x08005724   0x00000030   Code   RO         4413    i.IRANGESET         scpi-def.o
    0x08005754   0x08005754   0x00000028   Code   RO         4414    i.ISLEWFQ           scpi-def.o
    0x0800577c   0x0800577c   0x00000040   Code   RO         4415    i.ISLEWFSET         scpi-def.o
    0x080057bc   0x080057bc   0x00000028   Code   RO         4416    i.ISLEWQ            scpi-def.o
    0x080057e4   0x080057e4   0x00000028   Code   RO         4417    i.ISLEWRQ           scpi-def.o
    0x0800580c   0x0800580c   0x00000040   Code   RO         4418    i.ISLEWRSET         scpi-def.o
    0x0800584c   0x0800584c   0x00000044   Code   RO         4419    i.ISLEWSET          scpi-def.o
    0x08005890   0x08005890   0x00000010   Code   RO         1568    i.IWDG_Enable       stm32f10x_iwdg.o
    0x080058a0   0x080058a0   0x00000022   Code   RO         3695    i.IWDG_Inte         iwdg.o
    0x080058c2   0x080058c2   0x00000002   PAD
    0x080058c4   0x080058c4   0x00000010   Code   RO         1570    i.IWDG_ReloadCounter  stm32f10x_iwdg.o
    0x080058d4   0x080058d4   0x0000000c   Code   RO         1571    i.IWDG_SetPrescaler  stm32f10x_iwdg.o
    0x080058e0   0x080058e0   0x0000000c   Code   RO         1572    i.IWDG_SetReload    stm32f10x_iwdg.o
    0x080058ec   0x080058ec   0x0000000c   Code   RO         1573    i.IWDG_WriteAccessCmd  stm32f10x_iwdg.o
    0x080058f8   0x080058f8   0x0000005c   Code   RO         3937    i.I_SW_COTNR        menu.o
    0x08005954   0x08005954   0x00000028   Code   RO         4420    i.MODEQ             scpi-def.o
    0x0800597c   0x0800597c   0x00000038   Code   RO         4421    i.MODESET           scpi-def.o
    0x080059b4   0x080059b4   0x00000002   Code   RO         3246    i.MemManage_Handler  stm32f10x_it.o
    0x080059b6   0x080059b6   0x0000000c   Code   RO         4422    i.My_CoreTstQ       scpi-def.o
    0x080059c2   0x080059c2   0x00000002   Code   RO         3247    i.NMI_Handler       stm32f10x_it.o
    0x080059c4   0x080059c4   0x00000064   Code   RO           24    i.NVIC_Init         misc.o
    0x08005a28   0x08005a28   0x00000014   Code   RO           25    i.NVIC_PriorityGroupConfig  misc.o
    0x08005a3c   0x08005a3c   0x00000028   Code   RO         4423    i.POWERQ            scpi-def.o
    0x08005a64   0x08005a64   0x00000028   Code   RO         4424    i.PPROTECTQ         scpi-def.o
    0x08005a8c   0x08005a8c   0x00000040   Code   RO         4425    i.PPROTECTSET       scpi-def.o
    0x08005acc   0x08005acc   0x00000058   Code   RO         5296    i.ParamSignToUInt32  parser.o
    0x08005b24   0x08005b24   0x00000058   Code   RO         5297    i.ParamSignToUInt64  parser.o
    0x08005b7c   0x08005b7c   0x00000054   Code   RO         5298    i.ParamSignUInt32   parser.o
    0x08005bd0   0x08005bd0   0x00000014   Code   RO         1670    i.RCC_ADCCLKConfig  stm32f10x_rcc.o
    0x08005be4   0x08005be4   0x00000018   Code   RO         1671    i.RCC_AHBPeriphClockCmd  stm32f10x_rcc.o
    0x08005bfc   0x08005bfc   0x00000018   Code   RO         1672    i.RCC_APB1PeriphClockCmd  stm32f10x_rcc.o
    0x08005c14   0x08005c14   0x00000018   Code   RO         1674    i.RCC_APB2PeriphClockCmd  stm32f10x_rcc.o
    0x08005c2c   0x08005c2c   0x00000018   Code   RO         1675    i.RCC_APB2PeriphResetCmd  stm32f10x_rcc.o
    0x08005c44   0x08005c44   0x0000006c   Code   RO         3531    i.RCC_Configuration  clock.o
    0x08005cb0   0x08005cb0   0x00000040   Code   RO         1681    i.RCC_DeInit        stm32f10x_rcc.o
    0x08005cf0   0x08005cf0   0x00000090   Code   RO         1682    i.RCC_GetClocksFreq  stm32f10x_rcc.o
    0x08005d80   0x08005d80   0x00000030   Code   RO         1683    i.RCC_GetFlagStatus  stm32f10x_rcc.o
    0x08005db0   0x08005db0   0x00000010   Code   RO         1685    i.RCC_GetSYSCLKSource  stm32f10x_rcc.o
    0x08005dc0   0x08005dc0   0x00000014   Code   RO         1686    i.RCC_HCLKConfig    stm32f10x_rcc.o
    0x08005dd4   0x08005dd4   0x00000034   Code   RO         1687    i.RCC_HSEConfig     stm32f10x_rcc.o
    0x08005e08   0x08005e08   0x00000014   Code   RO         1693    i.RCC_PCLK1Config   stm32f10x_rcc.o
    0x08005e1c   0x08005e1c   0x00000014   Code   RO         1694    i.RCC_PCLK2Config   stm32f10x_rcc.o
    0x08005e30   0x08005e30   0x0000000c   Code   RO         1695    i.RCC_PLLCmd        stm32f10x_rcc.o
    0x08005e3c   0x08005e3c   0x00000014   Code   RO         1696    i.RCC_PLLConfig     stm32f10x_rcc.o
    0x08005e50   0x08005e50   0x00000014   Code   RO         1699    i.RCC_SYSCLKConfig  stm32f10x_rcc.o
    0x08005e64   0x08005e64   0x0000002c   Code   RO         1701    i.RCC_WaitForHSEStartUp  stm32f10x_rcc.o
    0x08005e90   0x08005e90   0x0000001c   Code   RO         4426    i.REMOTEQ           scpi-def.o
    0x08005eac   0x08005eac   0x00000030   Code   RO         4427    i.REMOTESET         scpi-def.o
    0x08005edc   0x08005edc   0x00000028   Code   RO         4428    i.RESQ              scpi-def.o
    0x08005f04   0x08005f04   0x0000002a   Code   RO         5300    i.SCPI_ChoiceToName  parser.o
    0x08005f2e   0x08005f2e   0x00000018   Code   RO         5302    i.SCPI_CommandNumbers  parser.o
    0x08005f46   0x08005f46   0x00000026   Code   RO         4923    i.SCPI_CoreCls      ieee488.o
    0x08005f6c   0x08005f6c   0x00000024   Code   RO         4924    i.SCPI_CoreEse      ieee488.o
    0x08005f90   0x08005f90   0x00000016   Code   RO         4925    i.SCPI_CoreEseQ     ieee488.o
    0x08005fa6   0x08005fa6   0x00000020   Code   RO         4926    i.SCPI_CoreEsrQ     ieee488.o
    0x08005fc6   0x08005fc6   0x00000002   PAD
    0x08005fc8   0x08005fc8   0x00000038   Code   RO         4927    i.SCPI_CoreIdnQ     ieee488.o
    0x08006000   0x08006000   0x0000000e   Code   RO         4928    i.SCPI_CoreOpc      ieee488.o
    0x0800600e   0x0800600e   0x0000000c   Code   RO         4929    i.SCPI_CoreOpcQ     ieee488.o
    0x0800601a   0x0800601a   0x00000010   Code   RO         4930    i.SCPI_CoreRst      ieee488.o
    0x0800602a   0x0800602a   0x00000024   Code   RO         4931    i.SCPI_CoreSre      ieee488.o
    0x0800604e   0x0800604e   0x00000016   Code   RO         4932    i.SCPI_CoreSreQ     ieee488.o
    0x08006064   0x08006064   0x00000016   Code   RO         4933    i.SCPI_CoreStbQ     ieee488.o
    0x0800607a   0x0800607a   0x00000004   Code   RO         4935    i.SCPI_CoreWai      ieee488.o
    0x0800607e   0x0800607e   0x00000002   PAD
    0x08006080   0x08006080   0x00000024   Code   RO         5776    i.SCPI_DoubleToStr  utils.o
    0x080060a4   0x080060a4   0x00000014   Code   RO         4742    i.SCPI_ErrorClear   error.o
    0x080060b8   0x080060b8   0x00000016   Code   RO         4743    i.SCPI_ErrorCount   error.o
    0x080060ce   0x080060ce   0x00000026   Code   RO         4744    i.SCPI_ErrorEmit    error.o
    0x080060f4   0x080060f4   0x0000003a   Code   RO         4745    i.SCPI_ErrorEmitEmpty  error.o
    0x0800612e   0x0800612e   0x00000006   Code   RO         4746    i.SCPI_ErrorInit    error.o
    0x08006134   0x08006134   0x00000022   Code   RO         4747    i.SCPI_ErrorPop     error.o
    0x08006156   0x08006156   0x00000008   Code   RO         4748    i.SCPI_ErrorPush    error.o
    0x0800615e   0x0800615e   0x00000002   PAD
    0x08006160   0x08006160   0x000000ac   Code   RO         4749    i.SCPI_ErrorPushEx  error.o
    0x0800620c   0x0800620c   0x000001e8   Code   RO         4750    i.SCPI_ErrorTranslate  error.o
    0x080063f4   0x080063f4   0x00000008   Code   RO         4936    i.SCPI_EventClear   ieee488.o
    0x080063fc   0x080063fc   0x000000d8   Code   RO         4808    i.SCPI_ExprChannelListEntry  expression.o
    0x080064d4   0x080064d4   0x00000028   Code   RO         5777    i.SCPI_FloatToStr   utils.o
    0x080064fc   0x080064fc   0x0000004e   Code   RO         5303    i.SCPI_Init         parser.o
    0x0800654a   0x0800654a   0x000000ae   Code   RO         5304    i.SCPI_Input        parser.o
    0x080065f8   0x080065f8   0x000000cc   Code   RO         5743    i.SCPI_NumberToStr  units.o
    0x080066c4   0x080066c4   0x00000044   Code   RO         5307    i.SCPI_ParamArbitraryBlock  parser.o
    0x08006708   0x08006708   0x00000058   Code   RO         5314    i.SCPI_ParamBool    parser.o
    0x08006760   0x08006760   0x00000034   Code   RO         5316    i.SCPI_ParamChoice  parser.o
    0x08006794   0x08006794   0x0000007c   Code   RO         5317    i.SCPI_ParamCopyText  parser.o
    0x08006810   0x08006810   0x00000058   Code   RO         5318    i.SCPI_ParamDouble  parser.o
    0x08006868   0x08006868   0x00000058   Code   RO         5320    i.SCPI_ParamFloat   parser.o
    0x080068c0   0x080068c0   0x00000006   Code   RO         5321    i.SCPI_ParamInt32   parser.o
    0x080068c6   0x080068c6   0x0000001e   Code   RO         5323    i.SCPI_ParamIsNumber  parser.o
    0x080068e4   0x080068e4   0x000000ec   Code   RO         5744    i.SCPI_ParamNumber  units.o
    0x080069d0   0x080069d0   0x0000007c   Code   RO         5325    i.SCPI_ParamToChoice  parser.o
    0x08006a4c   0x08006a4c   0x00000050   Code   RO         5326    i.SCPI_ParamToDouble  parser.o
    0x08006a9c   0x08006a9c   0x0000004c   Code   RO         5327    i.SCPI_ParamToFloat  parser.o
    0x08006ae8   0x08006ae8   0x00000006   Code   RO         5328    i.SCPI_ParamToInt32  parser.o
    0x08006aee   0x08006aee   0x00000006   Code   RO         5330    i.SCPI_ParamToUInt32  parser.o
    0x08006af4   0x08006af4   0x00000006   Code   RO         5331    i.SCPI_ParamToUInt64  parser.o
    0x08006afa   0x08006afa   0x00000006   Code   RO         5332    i.SCPI_ParamUInt32  parser.o
    0x08006b00   0x08006b00   0x0000009c   Code   RO         5334    i.SCPI_Parameter    parser.o
    0x08006b9c   0x08006b9c   0x00000118   Code   RO         5335    i.SCPI_Parse        parser.o
    0x08006cb4   0x08006cb4   0x0000001a   Code   RO         4937    i.SCPI_RegClearBits  ieee488.o
    0x08006cce   0x08006cce   0x00000014   Code   RO         4938    i.SCPI_RegGet       ieee488.o
    0x08006ce2   0x08006ce2   0x000000c2   Code   RO         4939    i.SCPI_RegSet       ieee488.o
    0x08006da4   0x08006da4   0x00000018   Code   RO         4940    i.SCPI_RegSetBits   ieee488.o
    0x08006dbc   0x08006dbc   0x00000022   Code   RO         5336    i.SCPI_ResultArbitraryBlock  parser.o
    0x08006dde   0x08006dde   0x00000002   PAD
    0x08006de0   0x08006de0   0x00000030   Code   RO         5337    i.SCPI_ResultArbitraryBlockData  parser.o
    0x08006e10   0x08006e10   0x00000038   Code   RO         5338    i.SCPI_ResultArbitraryBlockHeader  parser.o
    0x08006e48   0x08006e48   0x00000026   Code   RO         5350    i.SCPI_ResultCharacters  parser.o
    0x08006e6e   0x08006e6e   0x00000034   Code   RO         5351    i.SCPI_ResultDouble  parser.o
    0x08006ea2   0x08006ea2   0x00000002   PAD
    0x08006ea4   0x08006ea4   0x000000f0   Code   RO         5352    i.SCPI_ResultError  parser.o
    0x08006f94   0x08006f94   0x00000032   Code   RO         5353    i.SCPI_ResultFloat  parser.o
    0x08006fc6   0x08006fc6   0x00000008   Code   RO         5354    i.SCPI_ResultInt32  parser.o
    0x08006fce   0x08006fce   0x0000000e   Code   RO         5210    i.SCPI_StatusPreset  minimal.o
    0x08006fdc   0x08006fdc   0x0000001e   Code   RO         5212    i.SCPI_StatusQuestionableEnable  minimal.o
    0x08006ffa   0x08006ffa   0x00000016   Code   RO         5213    i.SCPI_StatusQuestionableEnableQ  minimal.o
    0x08007010   0x08007010   0x00000020   Code   RO         5214    i.SCPI_StatusQuestionableEventQ  minimal.o
    0x08007030   0x08007030   0x0000000c   Code   RO         5216    i.SCPI_StubQ        minimal.o
    0x0800703c   0x0800703c   0x00000014   Code   RO         5217    i.SCPI_SystemErrorCountQ  minimal.o
    0x08007050   0x08007050   0x00000016   Code   RO         5218    i.SCPI_SystemErrorNextQ  minimal.o
    0x08007066   0x08007066   0x00000002   PAD
    0x08007068   0x08007068   0x00000018   Code   RO         5219    i.SCPI_SystemVersionQ  minimal.o
    0x08007080   0x08007080   0x0000000c   Code   RO         5784    i.SCPI_UInt32ToStrBase  utils.o
    0x0800708c   0x0800708c   0x00000034   Code   RO         3061    i.SCPI_Write        main.o
    0x080070c0   0x080070c0   0x00000068   Code   RO         4326    i.SPI_AD7689_Read   ad7689.o
    0x08007128   0x08007128   0x00000014   Code   RO         2150    i.SPI_Cmd           stm32f10x_spi.o
    0x0800713c   0x0800713c   0x0000000e   Code   RO         2158    i.SPI_I2S_GetFlagStatus  stm32f10x_spi.o
    0x0800714a   0x0800714a   0x00000004   Code   RO         2161    i.SPI_I2S_ReceiveData  stm32f10x_spi.o
    0x0800714e   0x0800714e   0x00000004   Code   RO         2162    i.SPI_I2S_SendData  stm32f10x_spi.o
    0x08007152   0x08007152   0x00000038   Code   RO         2163    i.SPI_Init          stm32f10x_spi.o
    0x0800718a   0x0800718a   0x00000002   Code   RO         3248    i.SVC_Handler       stm32f10x_it.o
    0x0800718c   0x0800718c   0x00000028   Code   RO         3939    i.Sence_SW_CONT     menu.o
    0x080071b4   0x080071b4   0x000000a8   Code   RO         3348    i.SetSysClockTo72   system_stm32f10x.o
    0x0800725c   0x0800725c   0x00000038   Code   RO         3249    i.SysTick_Handler   stm32f10x_it.o
    0x08007294   0x08007294   0x00000044   Code   RO         3448    i.SysTick_Init      bsp_systick.o
    0x080072d8   0x080072d8   0x00000050   Code   RO         3350    i.SystemInit        system_stm32f10x.o
    0x08007328   0x08007328   0x0000001e   Code   RO         4429    i.TEST_ArbQ         scpi-def.o
    0x08007346   0x08007346   0x00000016   Code   RO         4430    i.TEST_Bool         scpi-def.o
    0x0800735c   0x0800735c   0x0000014a   Code   RO         4431    i.TEST_Chanlst      scpi-def.o
    0x080074a6   0x080074a6   0x00000002   PAD
    0x080074a8   0x080074a8   0x00000030   Code   RO         4432    i.TEST_ChoiceQ      scpi-def.o
    0x080074d8   0x080074d8   0x00000010   Code   RO         4433    i.TEST_Numbers      scpi-def.o
    0x080074e8   0x080074e8   0x0000001e   Code   RO         4434    i.TEST_Text         scpi-def.o
    0x08007506   0x08007506   0x00000002   PAD
    0x08007508   0x08007508   0x0000008c   Code   RO         3250    i.TIM4_IRQHandler   stm32f10x_it.o
    0x08007594   0x08007594   0x0000005c   Code   RO         3804    i.TIM6_Config       tim6.o
    0x080075f0   0x080075f0   0x00000006   Code   RO         2298    i.TIM_ClearITPendingBit  stm32f10x_tim.o
    0x080075f6   0x080075f6   0x00000014   Code   RO         2303    i.TIM_Cmd           stm32f10x_tim.o
    0x0800760a   0x0800760a   0x00000010   Code   RO         2328    i.TIM_ITConfig      stm32f10x_tim.o
    0x0800761a   0x0800761a   0x00000002   PAD
    0x0800761c   0x0800761c   0x0000009c   Code   RO         2374    i.TIM_TimeBaseInit  stm32f10x_tim.o
    0x080076b8   0x080076b8   0x0000004c   Code   RO         3911    i.Temp_Comapre      fan_pro.o
    0x08007704   0x08007704   0x00000014   Code   RO         3449    i.TimingDelay_Decrement  bsp_systick.o
    0x08007718   0x08007718   0x00000f2c   Code   RO         3735    i.Transformation_ADC  modbus.o
    0x08008644   0x08008644   0x000003cc   Code   RO         3736    i.UART1_Action      modbus.o
    0x08008a10   0x08008a10   0x0000005c   Code   RO         3818    i.UART1_Send        usart.o
    0x08008a6c   0x08008a6c   0x0000005c   Code   RO         3819    i.UART2_Send        usart.o
    0x08008ac8   0x08008ac8   0x000003cc   Code   RO         3737    i.UART3_Action      modbus.o
    0x08008e94   0x08008e94   0x0000005c   Code   RO         3820    i.UART3_Send        usart.o
    0x08008ef0   0x08008ef0   0x00001574   Code   RO         3738    i.UART_Action       modbus.o
    0x0800a464   0x0800a464   0x000000c8   Code   RO         5787    i.UInt32ToStrBaseSign  utils.o
    0x0800a52c   0x0800a52c   0x0000017c   Code   RO         3251    i.USART1_IRQHandler  stm32f10x_it.o
    0x0800a6a8   0x0800a6a8   0x0000005c   Code   RO         3821    i.USART1_NVIC_Config  usart.o
    0x0800a704   0x0800a704   0x00000094   Code   RO         3822    i.USART2_Configuration  usart.o
    0x0800a798   0x0800a798   0x0000010c   Code   RO         3252    i.USART2_IRQHandler  stm32f10x_it.o
    0x0800a8a4   0x0800a8a4   0x00000098   Code   RO         3823    i.USART3_Configuration  usart.o
    0x0800a93c   0x0800a93c   0x0000011c   Code   RO         3253    i.USART3_IRQHandler  stm32f10x_it.o
    0x0800aa58   0x0800aa58   0x00000006   Code   RO         2822    i.USART_ClearFlag   stm32f10x_usart.o
    0x0800aa5e   0x0800aa5e   0x0000000c   Code   RO         2823    i.USART_ClearITPendingBit  stm32f10x_usart.o
    0x0800aa6a   0x0800aa6a   0x00000014   Code   RO         2826    i.USART_Cmd         stm32f10x_usart.o
    0x0800aa7e   0x0800aa7e   0x00000002   PAD
    0x0800aa80   0x0800aa80   0x000000a8   Code   RO         3824    i.USART_Configuration  usart.o
    0x0800ab28   0x0800ab28   0x0000000e   Code   RO         2829    i.USART_GetFlagStatus  stm32f10x_usart.o
    0x0800ab36   0x0800ab36   0x0000003e   Code   RO         2830    i.USART_GetITStatus  stm32f10x_usart.o
    0x0800ab74   0x0800ab74   0x00000030   Code   RO         2832    i.USART_ITConfig    stm32f10x_usart.o
    0x0800aba4   0x0800aba4   0x000000ac   Code   RO         2833    i.USART_Init        stm32f10x_usart.o
    0x0800ac50   0x0800ac50   0x00000008   Code   RO         2840    i.USART_ReceiveData  stm32f10x_usart.o
    0x0800ac58   0x0800ac58   0x00000008   Code   RO         2843    i.USART_SendData    stm32f10x_usart.o
    0x0800ac60   0x0800ac60   0x00000002   Code   RO         3254    i.UsageFault_Handler  stm32f10x_it.o
    0x0800ac62   0x0800ac62   0x00000002   PAD
    0x0800ac64   0x0800ac64   0x00000028   Code   RO         4435    i.VOFFQ             scpi-def.o
    0x0800ac8c   0x0800ac8c   0x00000040   Code   RO         4436    i.VOFFSET           scpi-def.o
    0x0800accc   0x0800accc   0x00000038   Code   RO         4437    i.VOLTAGEQ          scpi-def.o
    0x0800ad04   0x0800ad04   0x00000028   Code   RO         4438    i.VONQ              scpi-def.o
    0x0800ad2c   0x0800ad2c   0x00000040   Code   RO         4439    i.VONSET            scpi-def.o
    0x0800ad6c   0x0800ad6c   0x00000028   Code   RO         4440    i.VPROTECTQ         scpi-def.o
    0x0800ad94   0x0800ad94   0x00000040   Code   RO         4441    i.VPROTECTSET       scpi-def.o
    0x0800add4   0x0800add4   0x0000001c   Code   RO         4442    i.VRANGEQ           scpi-def.o
    0x0800adf0   0x0800adf0   0x00000030   Code   RO         4443    i.VRANGESET         scpi-def.o
    0x0800ae20   0x0800ae20   0x00000054   Code   RO         3940    i.V_SW_COTNR        menu.o
    0x0800ae74   0x0800ae74   0x0000004c   Code   RO         3573    i.Write_ADDR        flash.o
    0x0800aec0   0x0800aec0   0x00000028   Code   RO         6304    i.__ARM_fpclassify  m_ws.l(fpclassify.o)
    0x0800aee8   0x0800aee8   0x0000000e   Code   RO         6443    i.__mathlib_dbl_overflow  m_ws.l(dunder.o)
    0x0800aef6   0x0800aef6   0x00000002   PAD
    0x0800aef8   0x0800aef8   0x00000010   Code   RO         6445    i.__mathlib_dbl_underflow  m_ws.l(dunder.o)
    0x0800af08   0x0800af08   0x00000010   Code   RO         6306    i.__mathlib_narrow  m_ws.l(narrow.o)
    0x0800af18   0x0800af18   0x000000bc   Code   RO         6307    i.__mathlib_tofloat  m_ws.l(narrow.o)
    0x0800afd4   0x0800afd4   0x00000016   Code   RO         6398    i.__support_ldexp   m_ws.l(ldexp.o)
    0x0800afea   0x0800afea   0x0000000e   Code   RO         6001    i._is_digit         c_w.l(__printf_wp.o)
    0x0800aff8   0x0800aff8   0x00000002   Code   RO         3826    i._sys_exit         usart.o
    0x0800affa   0x0800affa   0x0000006c   Code   RO         4812    i.channelRange      expression.o
    0x0800b066   0x0800b066   0x0000004c   Code   RO         4813    i.channelSpec       expression.o
    0x0800b0b2   0x0800b0b2   0x0000001a   Code   RO         5790    i.compareStr        utils.o
    0x0800b0cc   0x0800b0cc   0x00000064   Code   RO         5791    i.compareStrAndNum  utils.o
    0x0800b130   0x0800b130   0x0000004c   Code   RO         5792    i.composeCompoundCommand  utils.o
    0x0800b17c   0x0800b17c   0x0000003e   Code   RO         4867    i.fifo_add          fifo.o
    0x0800b1ba   0x0800b1ba   0x0000000a   Code   RO         4868    i.fifo_clear        fifo.o
    0x0800b1c4   0x0800b1c4   0x00000008   Code   RO         4869    i.fifo_count        fifo.o
    0x0800b1cc   0x0800b1cc   0x0000000e   Code   RO         4870    i.fifo_init         fifo.o
    0x0800b1da   0x0800b1da   0x0000000c   Code   RO         4871    i.fifo_is_empty     fifo.o
    0x0800b1e6   0x0800b1e6   0x00000014   Code   RO         4872    i.fifo_is_full      fifo.o
    0x0800b1fa   0x0800b1fa   0x0000003c   Code   RO         4873    i.fifo_remove       fifo.o
    0x0800b236   0x0800b236   0x0000003c   Code   RO         4874    i.fifo_remove_last  fifo.o
    0x0800b272   0x0800b272   0x00000002   PAD
    0x0800b274   0x0800b274   0x00000058   Code   RO         6106    i.frexp             m_ws.l(frexp.o)
    0x0800b2cc   0x0800b2cc   0x00000028   Code   RO         5359    i.getBasePrefix     parser.o
    0x0800b2f4   0x0800b2f4   0x00000048   Code   RO         3631    i.i2c_CfgGpio       iic_24c01.o
    0x0800b33c   0x0800b33c   0x0000001a   Code   RO         3633    i.i2c_Delay         iic_24c01.o
    0x0800b356   0x0800b356   0x00000002   PAD
    0x0800b358   0x0800b358   0x00000038   Code   RO         3634    i.i2c_NAck          iic_24c01.o
    0x0800b390   0x0800b390   0x00000064   Code   RO         3635    i.i2c_ReadByte      iic_24c01.o
    0x0800b3f4   0x0800b3f4   0x00000078   Code   RO         3636    i.i2c_SendByte      iic_24c01.o
    0x0800b46c   0x0800b46c   0x00000040   Code   RO         3637    i.i2c_Start         iic_24c01.o
    0x0800b4ac   0x0800b4ac   0x0000002c   Code   RO         3638    i.i2c_Stop          iic_24c01.o
    0x0800b4d8   0x0800b4d8   0x00000048   Code   RO         3639    i.i2c_WaitAck       iic_24c01.o
    0x0800b520   0x0800b520   0x0000000c   Code   RO         5360    i.invalidateToken   parser.o
    0x0800b52c   0x0800b52c   0x00000010   Code   RO         5049    i.ischr             lexer.o
    0x0800b53c   0x0800b53c   0x00000014   Code   RO         5050    i.iseos             lexer.o
    0x0800b550   0x0800b550   0x00000074   Code   RO         6399    i.ldexp             m_ws.l(ldexp.o)
    0x0800b5c4   0x0800b5c4   0x0000010c   Code   RO         3062    i.main              main.o
    0x0800b6d0   0x0800b6d0   0x000001e8   Code   RO         5793    i.matchCommand      utils.o
    0x0800b8b8   0x0800b8b8   0x00000074   Code   RO         5794    i.matchPattern      utils.o
    0x0800b92c   0x0800b92c   0x00000020   Code   RO         5795    i.patternSeparatorPos  utils.o
    0x0800b94c   0x0800b94c   0x0000002a   Code   RO         5796    i.patternSeparatorShortPos  utils.o
    0x0800b976   0x0800b976   0x00000066   Code   RO         5361    i.processCommand    parser.o
    0x0800b9dc   0x0800b9dc   0x00000018   Code   RO         4941    i.regUpdate         ieee488.o
    0x0800b9f4   0x0800b9f4   0x0000001c   Code   RO         4942    i.regUpdateEvent    ieee488.o
    0x0800ba10   0x0800ba10   0x0000002a   Code   RO         4943    i.regUpdateSTB      ieee488.o
    0x0800ba3a   0x0800ba3a   0x0000004e   Code   RO         5363    i.resultUInt32BaseSign  parser.o
    0x0800ba88   0x0800ba88   0x000000ce   Code   RO         5051    i.scpiLex_ArbitraryBlockProgramData  lexer.o
    0x0800bb56   0x0800bb56   0x00000068   Code   RO         5052    i.scpiLex_CharacterProgramData  lexer.o
    0x0800bbbe   0x0800bbbe   0x00000024   Code   RO         5053    i.scpiLex_Colon     lexer.o
    0x0800bbe2   0x0800bbe2   0x00000024   Code   RO         5054    i.scpiLex_Comma     lexer.o
    0x0800bc06   0x0800bc06   0x0000007e   Code   RO         5055    i.scpiLex_DecimalNumericProgramData  lexer.o
    0x0800bc84   0x0800bc84   0x00000004   Code   RO         5056    i.scpiLex_IsEos     lexer.o
    0x0800bc88   0x0800bc88   0x0000003a   Code   RO         5057    i.scpiLex_NewLine   lexer.o
    0x0800bcc2   0x0800bcc2   0x000000fa   Code   RO         5058    i.scpiLex_NondecimalNumericData  lexer.o
    0x0800bdbc   0x0800bdbc   0x0000008e   Code   RO         5059    i.scpiLex_ProgramExpression  lexer.o
    0x0800be4a   0x0800be4a   0x000000c0   Code   RO         5060    i.scpiLex_ProgramHeader  lexer.o
    0x0800bf0a   0x0800bf0a   0x00000022   Code   RO         5061    i.scpiLex_Semicolon  lexer.o
    0x0800bf2c   0x0800bf2c   0x00000024   Code   RO         5062    i.scpiLex_SpecificCharacter  lexer.o
    0x0800bf50   0x0800bf50   0x00000088   Code   RO         5063    i.scpiLex_StringProgramData  lexer.o
    0x0800bfd8   0x0800bfd8   0x00000078   Code   RO         5064    i.scpiLex_SuffixProgramData  lexer.o
    0x0800c050   0x0800c050   0x00000026   Code   RO         5065    i.scpiLex_WhiteSpace  lexer.o
    0x0800c076   0x0800c076   0x00000002   PAD
    0x0800c078   0x0800c078   0x000000b6   Code   RO         5365    i.scpiParser_detectProgramMessageUnit  parser.o
    0x0800c12e   0x0800c12e   0x00000072   Code   RO         5366    i.scpiParser_parseAllProgramData  parser.o
    0x0800c1a0   0x0800c1a0   0x0000008c   Code   RO         5367    i.scpiParser_parseProgramData  parser.o
    0x0800c22c   0x0800c22c   0x0000002c   Code   RO         5066    i.skipAlpha         lexer.o
    0x0800c258   0x0800c258   0x00000024   Code   RO         5067    i.skipChr           lexer.o
    0x0800c27c   0x0800c27c   0x00000022   Code   RO         5068    i.skipColon         lexer.o
    0x0800c29e   0x0800c29e   0x00000026   Code   RO         5069    i.skipDigit         lexer.o
    0x0800c2c4   0x0800c2c4   0x0000002a   Code   RO         5070    i.skipNumbers       lexer.o
    0x0800c2ee   0x0800c2ee   0x00000022   Code   RO         5071    i.skipPlusmn        lexer.o
    0x0800c310   0x0800c310   0x00000060   Code   RO         5072    i.skipProgramMnemonic  lexer.o
    0x0800c370   0x0800c370   0x00000052   Code   RO         5073    i.skipQuoteProgramData  lexer.o
    0x0800c3c2   0x0800c3c2   0x00000002   PAD
    0x0800c3c4   0x0800c3c4   0x00000028   Code   RO         5798    i.skipWhitespace    utils.o
    0x0800c3ec   0x0800c3ec   0x00000026   Code   RO         5074    i.skipWs            lexer.o
    0x0800c412   0x0800c412   0x00000014   Code   RO         5799    i.strBaseToInt32    utils.o
    0x0800c426   0x0800c426   0x00000016   Code   RO         5800    i.strBaseToInt64    utils.o
    0x0800c43c   0x0800c43c   0x00000014   Code   RO         5801    i.strBaseToUInt32   utils.o
    0x0800c450   0x0800c450   0x00000016   Code   RO         5802    i.strBaseToUInt64   utils.o
    0x0800c466   0x0800c466   0x00000016   Code   RO         5803    i.strToDouble       utils.o
    0x0800c47c   0x0800c47c   0x00000014   Code   RO         5804    i.strToFloat        utils.o
    0x0800c490   0x0800c490   0x0000002a   Code   RO         5805    i.strnpbrk          utils.o
    0x0800c4ba   0x0800c4ba   0x0000001c   Code   RO         6114    i.strtod            m_ws.l(strtod.o)
    0x0800c4d6   0x0800c4d6   0x00000014   Code   RO         6118    i.strtof            m_ws.l(strtof.o)
    0x0800c4ea   0x0800c4ea   0x0000007c   Code   RO         5745    i.transformNumber   units.o
    0x0800c566   0x0800c566   0x00000002   PAD
    0x0800c568   0x0800c568   0x00000630   Code   RO         3941    i.worke_mode        menu.o
    0x0800cb98   0x0800cb98   0x0000000c   Code   RO         5368    i.writeData         parser.o
    0x0800cba4   0x0800cba4   0x00000018   Code   RO         5369    i.writeDelimiter    parser.o
    0x0800cbbc   0x0800cbbc   0x00000018   Code   RO         5370    i.writeSemicolon    parser.o
    0x0800cbd4   0x0800cbd4   0x0000002c   Code   RO         6164    locale$$code        c_w.l(lc_ctype_c.o)
    0x0800cc00   0x0800cc00   0x0000002c   Code   RO         6247    locale$$code        c_w.l(lc_numeric_c.o)
    0x0800cc2c   0x0800cc2c   0x00000062   Code   RO         6332    x$fpl$d2f           fz_ws.l(d2f.o)
    0x0800cc8e   0x0800cc8e   0x00000002   PAD
    0x0800cc90   0x0800cc90   0x00000010   Code   RO         6296    x$fpl$dcheck1       fz_ws.l(dcheck1.o)
    0x0800cca0   0x0800cca0   0x00000018   Code   RO         6168    x$fpl$dcmpinf       fz_ws.l(dcmpi.o)
    0x0800ccb8   0x0800ccb8   0x00000078   Code   RO         6061    x$fpl$deqf          fz_ws.l(deqf.o)
    0x0800cd30   0x0800cd30   0x0000008a   Code   RO         6068    x$fpl$dfltull       fz_ws.l(dfltll_clz.o)
    0x0800cdba   0x0800cdba   0x00000002   PAD
    0x0800cdbc   0x0800cdbc   0x00000078   Code   RO         6071    x$fpl$dleqf         fz_ws.l(dleqf.o)
    0x0800ce34   0x0800ce34   0x00000154   Code   RO         6073    x$fpl$dmul          fz_ws.l(dmul.o)
    0x0800cf88   0x0800cf88   0x0000009c   Code   RO         6170    x$fpl$dnaninf       fz_ws.l(dnaninf.o)
    0x0800d024   0x0800d024   0x0000000c   Code   RO         6172    x$fpl$dretinf       fz_ws.l(dretinf.o)
    0x0800d030   0x0800d030   0x0000006c   Code   RO         6075    x$fpl$drleqf        fz_ws.l(drleqf.o)
    0x0800d09c   0x0800d09c   0x00000056   Code   RO         6077    x$fpl$f2d           fz_ws.l(f2d.o)
    0x0800d0f2   0x0800d0f2   0x00000002   PAD
    0x0800d0f4   0x0800d0f4   0x000000c4   Code   RO         6079    x$fpl$fadd          fz_ws.l(faddsub_clz.o)
    0x0800d1b8   0x0800d1b8   0x00000018   Code   RO         6298    x$fpl$fcmpinf       fz_ws.l(fcmpi.o)
    0x0800d1d0   0x0800d1d0   0x00000184   Code   RO         6086    x$fpl$fdiv          fz_ws.l(fdiv.o)
    0x0800d354   0x0800d354   0x0000003e   Code   RO         6089    x$fpl$ffixu         fz_ws.l(ffixu.o)
    0x0800d392   0x0800d392   0x00000002   PAD
    0x0800d394   0x0800d394   0x00000026   Code   RO         6093    x$fpl$ffltu         fz_ws.l(fflt_clz.o)
    0x0800d3ba   0x0800d3ba   0x00000002   PAD
    0x0800d3bc   0x0800d3bc   0x00000068   Code   RO         6174    x$fpl$fleqf         fz_ws.l(fleqf.o)
    0x0800d424   0x0800d424   0x00000102   Code   RO         6099    x$fpl$fmul          fz_ws.l(fmul.o)
    0x0800d526   0x0800d526   0x0000008c   Code   RO         6176    x$fpl$fnaninf       fz_ws.l(fnaninf.o)
    0x0800d5b2   0x0800d5b2   0x0000000a   Code   RO         6178    x$fpl$fretinf       fz_ws.l(fretinf.o)
    0x0800d5bc   0x0800d5bc   0x00000062   Code   RO         6101    x$fpl$frleqf        fz_ws.l(frleqf.o)
    0x0800d61e   0x0800d61e   0x00000014   Code   RO         6080    x$fpl$frsb          fz_ws.l(faddsub_clz.o)
    0x0800d632   0x0800d632   0x00000002   PAD
    0x0800d634   0x0800d634   0x000000ea   Code   RO         6081    x$fpl$fsub          fz_ws.l(faddsub_clz.o)
    0x0800d71e   0x0800d71e   0x00000006   Code   RO         6300    x$fpl$ieeestatus    fz_ws.l(istatus.o)
    0x0800d724   0x0800d724   0x00000004   Code   RO         6103    x$fpl$printf1       fz_ws.l(printf1.o)
    0x0800d728   0x0800d728   0x00000064   Code   RO         6336    x$fpl$retnan        fz_ws.l(retnan.o)
    0x0800d78c   0x0800d78c   0x0000005c   Code   RO         6180    x$fpl$scalbn        fz_ws.l(scalbn.o)
    0x0800d7e8   0x0800d7e8   0x00000004   Code   RO         6302    x$fpl$scanf1        fz_ws.l(scanf1.o)
    0x0800d7ec   0x0800d7ec   0x00000008   Code   RO         6354    x$fpl$scanf2        fz_ws.l(scanf2.o)
    0x0800d7f4   0x0800d7f4   0x00000030   Code   RO         6360    x$fpl$trapveneer    fz_ws.l(trapv.o)
    0x0800d824   0x0800d824   0x00000000   Code   RO         6182    x$fpl$usenofp       fz_ws.l(usenofp.o)
    0x0800d824   0x0800d824   0x00000005   Data   RO         4448    .constdata          scpi-def.o
    0x0800d829   0x0800d829   0x00000003   PAD
    0x0800d82c   0x0800d82c   0x0000048c   Data   RO         4449    .constdata          scpi-def.o
    0x0800dcb8   0x0800dcb8   0x00000036   Data   RO         4751    .constdata          error.o
    0x0800dcee   0x0800dcee   0x00000002   PAD
    0x0800dcf0   0x0800dcf0   0x00000024   Data   RO         5371    .constdata          parser.o
    0x0800dd14   0x0800dd14   0x00000004   PAD
    0x0800dd18   0x0800dd18   0x000001b0   Data   RO         5746    .constdata          units.o
    0x0800dec8   0x0800dec8   0x00000050   Data   RO         5747    .constdata          units.o
    0x0800df18   0x0800df18   0x00000094   Data   RO         6218    .constdata          c_w.l(bigflt0.o)
    0x0800dfac   0x0800dfac   0x00000070   Data   RO         4450    .conststring        scpi-def.o
    0x0800e01c   0x0800e01c   0x0000057a   Data   RO         4451    .conststring        scpi-def.o
    0x0800e596   0x0800e596   0x00000002   PAD
    0x0800e598   0x0800e598   0x00000073   Data   RO         5748    .conststring        units.o
    0x0800e60b   0x0800e60b   0x00000001   PAD
    0x0800e60c   0x0800e60c   0x00000041   Data   RO         5749    .conststring        units.o
    0x0800e64d   0x0800e64d   0x00000003   PAD
    0x0800e650   0x0800e650   0x00000020   Data   RO         6454    Region$$Table       anon$$obj.o
    0x0800e670   0x0800e670   0x00000008   Data   RO         6350    c$$dinf             fz_ws.l(fpconst.o)
    0x0800e678   0x0800e678   0x00000008   Data   RO         6353    c$$dmax             fz_ws.l(fpconst.o)
    0x0800e680   0x0800e680   0x00000110   Data   RO         6163    locale$$data        c_w.l(lc_ctype_c.o)
    0x0800e790   0x0800e790   0x0000001c   Data   RO         6246    locale$$data        c_w.l(lc_numeric_c.o)


    Execution Region RW_IRAM1 (Exec base: 0x20000000, Load base: 0x0800e7ac, Size: 0x000015a8, Max: 0x00005000, ABSOLUTE, COMPRESSED[0x00000068])

    Exec Addr    Load Addr    Size         Type   Attr      Idx    E Section Name        Object

    0x20000000   COMPRESSED   0x00000014   Data   RW         1702    .data               stm32f10x_rcc.o
    0x20000014   COMPRESSED   0x00000004   Data   RW         3064    .data               main.o
    0x20000018   COMPRESSED   0x00000004   Data   RW         3065    .data               main.o
    0x2000001c   COMPRESSED   0x00000004   Data   RW         3066    .data               main.o
    0x20000020   COMPRESSED   0x0000000c   Data   RW         3255    .data               stm32f10x_it.o
    0x2000002c   COMPRESSED   0x00000014   Data   RW         3351    .data               system_stm32f10x.o
    0x20000040   COMPRESSED   0x00000006   Data   RW         3381    .data               adc.o
    0x20000046   COMPRESSED   0x00000002   Data   RW         3382    .data               adc.o
    0x20000048   COMPRESSED   0x00000002   Data   RW         3383    .data               adc.o
    0x2000004a   COMPRESSED   0x00000002   PAD
    0x2000004c   COMPRESSED   0x00000004   Data   RW         3450    .data               bsp_systick.o
    0x20000050   COMPRESSED   0x00000001   Data   RW         3487    .data               at24c01.o
    0x20000051   COMPRESSED   0x00000001   Data   RW         3532    .data               clock.o
    0x20000052   COMPRESSED   0x00000002   PAD
    0x20000054   COMPRESSED   0x00000038   Data   RW         3741    .data               modbus.o
    0x2000008c   COMPRESSED   0x00000008   Data   RW         3831    .data               usart.o
    0x20000094   COMPRESSED   0x00000001   Data   RW         3832    .data               usart.o
    0x20000095   COMPRESSED   0x00000001   Data   RW         3833    .data               usart.o
    0x20000096   COMPRESSED   0x0000000c   Data   RW         3913    .data               fan_pro.o
    0x200000a2   COMPRESSED   0x00000002   PAD
    0x200000a4   COMPRESSED   0x00000008   Data   RW         3942    .data               menu.o
    0x200000ac   COMPRESSED   0x00000003   Data   RW         4329    .data               ad7689.o
    0x200000af   COMPRESSED   0x00000001   PAD
    0x200000b0   COMPRESSED   0x00000080   Data   RW         4452    .data               scpi-def.o
    0x20000130   COMPRESSED   0x00000014   Data   RW         4453    .data               scpi-def.o
    0x20000144        -       0x00000190   Zero   RW         3380    .bss                adc.o
    0x200002d4        -       0x000001d0   Zero   RW         3740    .bss                modbus.o
    0x200004a4        -       0x000000c8   Zero   RW         3828    .bss                usart.o
    0x2000056c        -       0x00000190   Zero   RW         3829    .bss                usart.o
    0x200006fc        -       0x000000c8   Zero   RW         3830    .bss                usart.o
    0x200007c4        -       0x000001c8   Zero   RW         4327    .bss                ad7689.o
    0x2000098c        -       0x00000100   Zero   RW         4445    .bss                scpi-def.o
    0x20000a8c        -       0x00000022   Zero   RW         4446    .bss                scpi-def.o
    0x20000aae   COMPRESSED   0x00000002   PAD
    0x20000ab0        -       0x00000098   Zero   RW         4447    .bss                scpi-def.o
    0x20000b48        -       0x00000060   Zero   RW         6184    .bss                c_w.l(libspace.o)
    0x20000ba8        -       0x00000200   Zero   RW           18    HEAP                startup_stm32f10x_hd.o
    0x20000da8        -       0x00000800   Zero   RW           17    STACK               startup_stm32f10x_hd.o


==============================================================================

Image component sizes


      Code (inc. data)   RO Data    RW Data    ZI Data      Debug   Object Name

       698         40          0          3        456       3970   ad7689.o
       528         22          0         10        400       2597   adc.o
       188          4          0          1          0       1170   at24c01.o
        88         14          0          4          0      16182   bsp_systick.o
       108          6          0          1          0        663   clock.o
         0          0          0          0          0       4588   core_cm3.o
       220          8          0          0          0       1025   dac.o
       846        330         54          0          0       6371   error.o
       400          6          0          0          0      10548   expression.o
       532         36          0         12          0       1618   fan_pro.o
       246          0          0          0          0      10211   fifo.o
      7060         32          0          0          0       4503   flash.o
       156         22          0          0          0        488   gpio.o
       676         16          0          0          0      11252   ieee488.o
       554         32          0          0          0       4484   iic_24c01.o
        34          0          0          0          0        420   iwdg.o
      1998          0          0          0          0      20286   lexer.o
       320         82          0         12          0     222805   main.o
      2032        134          0          8          0       3571   menu.o
       176         10          0          0          0       4089   minimal.o
       120         16          0          0          0     275283   misc.o
     11676        234          0         56        464      21238   modbus.o
      3116        158         36          0          0      37588   parser.o
      3276        572       2683        148        442      40036   scpi-def.o
        64         26        304          0       2560        788   startup_stm32f10x_hd.o
       364         22          0          0          0       7574   stm32f10x_adc.o
       348         18          0          0          0       4465   stm32f10x_dma.o
        44         12          0          0          0        989   stm32f10x_flash.o
       474         34          0          0          0       5250   stm32f10x_gpio.o
      1186        124          0         12          0       7170   stm32f10x_it.o
        68         30          0          0          0       2262   stm32f10x_iwdg.o
       596        106          0         20          0      11382   stm32f10x_rcc.o
        98          0          0          0          0       3598   stm32f10x_spi.o
       198         42          0          0          0       3555   stm32f10x_tim.o
       350          6          0          0          0       6937   stm32f10x_usart.o
       248         24          0         20          0       1665   system_stm32f10x.o
        92          4          0          0          0        942   tim6.o
       564         26        692          0          0       4136   units.o
       918        100          0         10        800       6888   usart.o
      1398         56          0          0          0      21194   utils.o

    ----------------------------------------------------------------------
     42108       2404       3816        324       5124     793781   Object Totals
         0          0         32          0          0          0   (incl. Generated)
        50          0         15          7          2          0   (incl. Padding)

    ----------------------------------------------------------------------

      Code (inc. data)   RO Data    RW Data    ZI Data      Debug   Library Member Name

        90          0          0          0          0          0   __dczerorl2.o
         8          0          0          0          0         68   __main.o
       352          0          0          0          0         88   __printf_ss_wp.o
        14          0          0          0          0         68   __printf_wp.o
         0          0          0          0          0          0   __rtentry.o
        12          0          0          0          0          0   __rtentry2.o
         6          0          0          0          0          0   __rtentry4.o
        52          8          0          0          0          0   __scatter.o
        28          0          0          0          0          0   __scatter_zi.o
       144          0          0          0          0         88   __strtoll.o
       124          0          0          0          0         92   __strtoull.o
        28          0          0          0          0         68   _chval.o
        48          6          0          0          0         96   _printf_char_common.o
      1054          0          0          0          0        216   _printf_fp_dec.o
       128         16          0          0          0         84   _printf_fp_infnan.o
         6          0          0          0          0          0   _printf_g.o
         0          0          0          0          0          0   _printf_percent.o
         4          0          0          0          0          0   _printf_percent_end.o
        22          0          0          0          0        100   _rserrno.o
        64          0          0          0          0         84   _sgetc.o
        16          0          0          0          0         68   _snputc.o
        10          0          0          0          0         68   _sputc.o
       158          0          0          0          0         92   _strtoul.o
       194          0          0          0          0         96   _strtoull.o
       228          4        148          0          0         96   bigflt0.o
      2152        136          0          0          0        960   btod.o
        18          0          0          0          0         80   exit.o
         6          0          0          0          0        152   heapauxi.o
        18          0          0          0          0         76   isspace.o
        44         10        272          0          0         76   lc_ctype_c.o
        44         10         28          0          0         76   lc_numeric_c.o
         2          0          0          0          0          0   libinit.o
        30          0          0          0          0          0   libinit2.o
         2          0          0          0          0          0   libshutdown.o
         2          0          0          0          0          0   libshutdown2.o
         8          4          0          0         96         68   libspace.o
        38          0          0          0          0         68   llshl.o
       138          0          0          0          0         80   lludiv10.o
        52          4          0          0          0         84   noretval__2snprintf.o
        16          4          0          0          0         76   rt_ctype_table.o
         8          4          0          0          0         68   rt_errno_addr_intlibspace.o
         8          4          0          0          0         68   rt_locale_intlibspace.o
        68          0          0          0          0         68   rt_memclr.o
        78          0          0          0          0         80   rt_memclr_w.o
       138          0          0          0          0         68   rt_memcpy_v6.o
       100          0          0          0          0         80   rt_memcpy_w.o
       132          0          0          0          0         68   rt_memmove_v6.o
       122          0          0          0          0         80   rt_memmove_w.o
         2          0          0          0          0          0   rtexit.o
        10          0          0          0          0          0   rtexit2.o
      1272         16          0          0          0        168   scanf_fp.o
       800         14          0          0          0        100   scanf_hexfp.o
       308         16          0          0          0        100   scanf_infnan.o
       128          0          0          0          0         68   strcmpv7m.o
        62          0          0          0          0         76   strlen.o
        50          0          0          0          0         84   strncasecmp.o
        36          0          0          0          0         76   strncat.o
        86          0          0          0          0         76   strncpy.o
       164         14          0          0          0        120   strtod.o
        26          0          0          0          0         80   strtof.o
       112          0          0          0          0         88   strtol.o
         4          0          0          0          0         68   strtoll.o
       114          0          0          0          0         92   strtoul.o
         4          0          0          0          0         68   strtoull.o
        74          0          0          0          0         80   sys_stackheap_outer.o
        26          0          0          0          0         76   tolower.o
         2          0          0          0          0         68   use_no_semi.o
         2          0          0          0          0         68   use_no_semi_2.o
        98          4          0          0          0         92   d2f.o
        16          4          0          0          0         68   dcheck1.o
        24          0          0          0          0         68   dcmpi.o
       120          4          0          0          0         92   deqf.o
       138          0          0          0          0         84   dfltll_clz.o
       120          4          0          0          0         92   dleqf.o
       340         12          0          0          0        104   dmul.o
       156          4          0          0          0         92   dnaninf.o
        12          0          0          0          0         68   dretinf.o
       108          0          0          0          0         80   drleqf.o
        86          4          0          0          0         84   f2d.o
       450          8          0          0          0        236   faddsub_clz.o
        24          0          0          0          0         68   fcmpi.o
       388         76          0          0          0         96   fdiv.o
        62          4          0          0          0         84   ffixu.o
        38          0          0          0          0         68   fflt_clz.o
       104          4          0          0          0         84   fleqf.o
       258          4          0          0          0         84   fmul.o
       140          4          0          0          0         84   fnaninf.o
         0          0         16          0          0          0   fpconst.o
        10          0          0          0          0         68   fretinf.o
        98          0          0          0          0         68   frleqf.o
         6          0          0          0          0         68   istatus.o
         4          0          0          0          0         68   printf1.o
       100          0          0          0          0         68   retnan.o
        92          0          0          0          0         68   scalbn.o
         4          0          0          0          0         68   scanf1.o
         8          0          0          0          0         84   scanf2.o
        48          0          0          0          0         68   trapv.o
         0          0          0          0          0          0   usenofp.o
        30          6          0          0          0        136   dunder.o
        40          0          0          0          0         68   fpclassify.o
        88          8          0          0          0         76   frexp.o
       138          0          0          0          0        160   ldexp.o
       204          4          0          0          0        168   narrow.o
        28          0          0          0          0         80   strtod.o
        20          0          0          0          0         76   strtof.o

    ----------------------------------------------------------------------
     12920        426        464          0         96       8524   Library Totals
        24          2          0          0          0          0   (incl. Padding)

    ----------------------------------------------------------------------

      Code (inc. data)   RO Data    RW Data    ZI Data      Debug   Library Name

      9296        270        448          0         96       5404   c_w.l
      3052        136         16          0          0       2356   fz_ws.l
       548         18          0          0          0        764   m_ws.l

    ----------------------------------------------------------------------
     12920        426        464          0         96       8524   Library Totals

    ----------------------------------------------------------------------

==============================================================================


      Code (inc. data)   RO Data    RW Data    ZI Data      Debug   

     55028       2830       4280        324       5220     779889   Grand Totals
     55028       2830       4280        104       5220     779889   ELF Image Totals (compressed)
     55028       2830       4280        104          0          0   ROM Totals

==============================================================================

    Total RO  Size (Code + RO Data)                59308 (  57.92kB)
    Total RW  Size (RW Data + ZI Data)              5544 (   5.41kB)
    Total ROM Size (Code + RO Data + RW Data)      59412 (  58.02kB)

==============================================================================

