Component: ARM Compiler 5.06 update 6 (build 750) Tool: armlink [4d35ed]

==============================================================================

Section Cross References

    startup_stm32f10x_hd.o(RESET) refers to startup_stm32f10x_hd.o(STACK) for __initial_sp
    startup_stm32f10x_hd.o(RESET) refers to startup_stm32f10x_hd.o(.text) for Reset_Handler
    startup_stm32f10x_hd.o(RESET) refers to stm32f10x_it.o(i.NMI_Handler) for NMI_Handler
    startup_stm32f10x_hd.o(RESET) refers to stm32f10x_it.o(i.HardFault_Handler) for HardFault_Handler
    startup_stm32f10x_hd.o(RESET) refers to stm32f10x_it.o(i.MemManage_Handler) for MemManage_Handler
    startup_stm32f10x_hd.o(RESET) refers to stm32f10x_it.o(i.BusFault_Handler) for BusFault_Handler
    startup_stm32f10x_hd.o(RESET) refers to stm32f10x_it.o(i.UsageFault_Handler) for UsageFault_Handler
    startup_stm32f10x_hd.o(RESET) refers to stm32f10x_it.o(i.SVC_Handler) for SVC_Handler
    startup_stm32f10x_hd.o(RESET) refers to stm32f10x_it.o(i.DebugMon_Handler) for DebugMon_Handler
    startup_stm32f10x_hd.o(RESET) refers to stm32f10x_it.o(i.SysTick_Handler) for SysTick_Handler
    startup_stm32f10x_hd.o(RESET) refers to stm32f10x_it.o(i.DMA1_Channel1_IRQHandler) for DMA1_Channel1_IRQHandler
    startup_stm32f10x_hd.o(RESET) refers to stm32f10x_it.o(i.DMA1_Channel2_IRQHandler) for DMA1_Channel2_IRQHandler
    startup_stm32f10x_hd.o(RESET) refers to stm32f10x_it.o(i.TIM4_IRQHandler) for TIM4_IRQHandler
    startup_stm32f10x_hd.o(RESET) refers to stm32f10x_it.o(i.USART1_IRQHandler) for USART1_IRQHandler
    startup_stm32f10x_hd.o(RESET) refers to stm32f10x_it.o(i.USART2_IRQHandler) for USART2_IRQHandler
    startup_stm32f10x_hd.o(RESET) refers to stm32f10x_it.o(i.USART3_IRQHandler) for USART3_IRQHandler
    startup_stm32f10x_hd.o(.text) refers to system_stm32f10x.o(i.SystemInit) for SystemInit
    startup_stm32f10x_hd.o(.text) refers to entry.o(.ARM.Collect$$$$00000000) for __main
    stm32f10x_adc.o(i.ADC_DeInit) refers to stm32f10x_rcc.o(i.RCC_APB2PeriphResetCmd) for RCC_APB2PeriphResetCmd
    stm32f10x_bkp.o(i.BKP_DeInit) refers to stm32f10x_rcc.o(i.RCC_BackupResetCmd) for RCC_BackupResetCmd
    stm32f10x_can.o(i.CAN_DeInit) refers to stm32f10x_rcc.o(i.RCC_APB1PeriphResetCmd) for RCC_APB1PeriphResetCmd
    stm32f10x_can.o(i.CAN_GetITStatus) refers to stm32f10x_can.o(i.CheckITStatus) for CheckITStatus
    stm32f10x_cec.o(i.CEC_DeInit) refers to stm32f10x_rcc.o(i.RCC_APB1PeriphResetCmd) for RCC_APB1PeriphResetCmd
    stm32f10x_dac.o(i.DAC_DeInit) refers to stm32f10x_rcc.o(i.RCC_APB1PeriphResetCmd) for RCC_APB1PeriphResetCmd
    stm32f10x_flash.o(i.FLASH_EnableWriteProtection) refers to stm32f10x_flash.o(i.FLASH_WaitForLastOperation) for FLASH_WaitForLastOperation
    stm32f10x_flash.o(i.FLASH_EraseAllBank1Pages) refers to stm32f10x_flash.o(i.FLASH_WaitForLastBank1Operation) for FLASH_WaitForLastBank1Operation
    stm32f10x_flash.o(i.FLASH_EraseAllPages) refers to stm32f10x_flash.o(i.FLASH_WaitForLastOperation) for FLASH_WaitForLastOperation
    stm32f10x_flash.o(i.FLASH_EraseOptionBytes) refers to stm32f10x_flash.o(i.FLASH_GetReadOutProtectionStatus) for FLASH_GetReadOutProtectionStatus
    stm32f10x_flash.o(i.FLASH_EraseOptionBytes) refers to stm32f10x_flash.o(i.FLASH_WaitForLastOperation) for FLASH_WaitForLastOperation
    stm32f10x_flash.o(i.FLASH_ErasePage) refers to stm32f10x_flash.o(i.FLASH_WaitForLastOperation) for FLASH_WaitForLastOperation
    stm32f10x_flash.o(i.FLASH_ProgramHalfWord) refers to stm32f10x_flash.o(i.FLASH_WaitForLastOperation) for FLASH_WaitForLastOperation
    stm32f10x_flash.o(i.FLASH_ProgramOptionByteData) refers to stm32f10x_flash.o(i.FLASH_WaitForLastOperation) for FLASH_WaitForLastOperation
    stm32f10x_flash.o(i.FLASH_ProgramWord) refers to stm32f10x_flash.o(i.FLASH_WaitForLastOperation) for FLASH_WaitForLastOperation
    stm32f10x_flash.o(i.FLASH_ReadOutProtection) refers to stm32f10x_flash.o(i.FLASH_WaitForLastOperation) for FLASH_WaitForLastOperation
    stm32f10x_flash.o(i.FLASH_UserOptionByteConfig) refers to stm32f10x_flash.o(i.FLASH_WaitForLastOperation) for FLASH_WaitForLastOperation
    stm32f10x_flash.o(i.FLASH_WaitForLastBank1Operation) refers to stm32f10x_flash.o(i.FLASH_GetBank1Status) for FLASH_GetBank1Status
    stm32f10x_flash.o(i.FLASH_WaitForLastOperation) refers to stm32f10x_flash.o(i.FLASH_GetBank1Status) for FLASH_GetBank1Status
    stm32f10x_gpio.o(i.GPIO_AFIODeInit) refers to stm32f10x_rcc.o(i.RCC_APB2PeriphResetCmd) for RCC_APB2PeriphResetCmd
    stm32f10x_gpio.o(i.GPIO_DeInit) refers to stm32f10x_rcc.o(i.RCC_APB2PeriphResetCmd) for RCC_APB2PeriphResetCmd
    stm32f10x_i2c.o(i.I2C_DeInit) refers to stm32f10x_rcc.o(i.RCC_APB1PeriphResetCmd) for RCC_APB1PeriphResetCmd
    stm32f10x_i2c.o(i.I2C_Init) refers to stm32f10x_rcc.o(i.RCC_GetClocksFreq) for RCC_GetClocksFreq
    stm32f10x_pwr.o(i.PWR_DeInit) refers to stm32f10x_rcc.o(i.RCC_APB1PeriphResetCmd) for RCC_APB1PeriphResetCmd
[...]
    AD7689_Delay                             0x080113d1   Thumb Code    30  ad7689.o(i.AD7689_Delay)
    AD7689_InitializeSPI2                    0x080113f1   Thumb Code   188  ad7689.o(i.AD7689_InitializeSPI2)
    AD7689_Scan_CH                           0x080114b5   Thumb Code   286  ad7689.o(i.AD7689_Scan_CH)
    AD7689_TransferByte                      0x080115e9   Thumb Code    56  ad7689.o(i.AD7689_TransferByte)
    ADC1_DMA_Init                            0x08011625   Thumb Code   276  adc.o(i.ADC1_DMA_Init)
    ADC_CH_Scan                              0x08011745   Thumb Code   198  adc.o(i.ADC_CH_Scan)
    ADC_Cmd                                  0x08011815   Thumb Code    20  stm32f10x_adc.o(i.ADC_Cmd)
    ADC_DMACmd                               0x08011829   Thumb Code    20  stm32f10x_adc.o(i.ADC_DMACmd)
    ADC_DeInit                               0x0801183d   Thumb Code    56  stm32f10x_adc.o(i.ADC_DeInit)
    ADC_GetCalibrationStatus                 0x08011881   Thumb Code    14  stm32f10x_adc.o(i.ADC_GetCalibrationStatus)
    ADC_GetResetCalibrationStatus            0x0801188f   Thumb Code    14  stm32f10x_adc.o(i.ADC_GetResetCalibrationStatus)
    ADC_Init                                 0x0801189d   Thumb Code    62  stm32f10x_adc.o(i.ADC_Init)
    ADC_RegularChannelConfig                 0x080118e5   Thumb Code   116  stm32f10x_adc.o(i.ADC_RegularChannelConfig)
    ADC_ResetCalibration                     0x08011959   Thumb Code    10  stm32f10x_adc.o(i.ADC_ResetCalibration)
    ADC_SoftwareStartConvCmd                 0x08011963   Thumb Code    20  stm32f10x_adc.o(i.ADC_SoftwareStartConvCmd)
    ADC_StartCalibration                     0x08011977   Thumb Code    10  stm32f10x_adc.o(i.ADC_StartCalibration)
    All_protect                              0x08011981   Thumb Code   432  fan_pro.o(i.All_protect)
    BSD_strnlen                              0x08011b49   Thumb Code    22  utils.o(i.BSD_strnlen)
    Baud_SET                                 0x08011b61   Thumb Code    70  usart.o(i.Baud_SET)
    BusFault_Handler                         0x08011c9d   Thumb Code     2  stm32f10x_it.o(i.BusFault_Handler)
    Cont_coeff_LEDMODE                       0x08011ee1   Thumb Code   146  menu.o(i.Cont_coeff_LEDMODE)
    DAM1_ADC_NVIC                            0x08011f7d   Thumb Code    32  adc.o(i.DAM1_ADC_NVIC)
    DMA1_Channel1_IRQHandler                 0x08011f9d   Thumb Code    16  stm32f10x_it.o(i.DMA1_Channel1_IRQHandler)
    DMA1_Channel2_IRQHandler                 0x08011fb1   Thumb Code    20  stm32f10x_it.o(i.DMA1_Channel2_IRQHandler)
    DMA_ClearITPendingBit                    0x08011fc9   Thumb Code    16  stm32f10x_dma.o(i.DMA_ClearITPendingBit)
    DMA_Cmd                                  0x08011fe1   Thumb Code    22  stm32f10x_dma.o(i.DMA_Cmd)
    DMA_DeInit                               0x08011ff9   Thumb Code   218  stm32f10x_dma.o(i.DMA_DeInit)
    DMA_ITConfig                             0x080120dd   Thumb Code    16  stm32f10x_dma.o(i.DMA_ITConfig)
    DMA_Init                                 0x080120ed   Thumb Code    58  stm32f10x_dma.o(i.DMA_Init)
    DebugMon_Handler                         0x080124d9   Thumb Code     2  stm32f10x_it.o(i.DebugMon_Handler)
    EEPROM_READ_Byte                         0x080124dd   Thumb Code    76  at24c01.o(i.EEPROM_READ_Byte)
    EEPROM_READ_Coeff                        0x0801252d   Thumb Code  3444  flash.o(i.EEPROM_READ_Coeff)
    EEPROM_WriteByte                         0x080132a1   Thumb Code   108  at24c01.o(i.EEPROM_WriteByte)
    FLASH_PrefetchBufferCmd                  0x0801330d   Thumb Code    18  stm32f10x_flash.o(i.FLASH_PrefetchBufferCmd)
    FLASH_SetLatency                         0x08013325   Thumb Code    14  stm32f10x_flash.o(i.FLASH_SetLatency)
    Flash_Write_all                          0x08013339   Thumb Code  3550  flash.o(i.Flash_Write_all)
    GPIO_AFIODeInit                          0x08014117   Thumb Code    22  stm32f10x_gpio.o(i.GPIO_AFIODeInit)
    GPIO_Conf                                0x0801412d   Thumb Code   134  gpio.o(i.GPIO_Conf)
    GPIO_DeInit                              0x080141c9   Thumb Code   152  stm32f10x_gpio.o(i.GPIO_DeInit)
    GPIO_Init                                0x0801427d   Thumb Code   162  stm32f10x_gpio.o(i.GPIO_Init)
    GPIO_PinRemapConfig                      0x08014321   Thumb Code    82  stm32f10x_gpio.o(i.GPIO_PinRemapConfig)
    GPIO_ReadInputDataBit                    0x08014379   Thumb Code    14  stm32f10x_gpio.o(i.GPIO_ReadInputDataBit)
    GPIO_ResetBits                           0x08014387   Thumb Code     4  stm32f10x_gpio.o(i.GPIO_ResetBits)
    GPIO_SetBits                             0x0801438b   Thumb Code     4  stm32f10x_gpio.o(i.GPIO_SetBits)
    HardFault_Handler                        0x0801438f   Thumb Code     2  stm32f10x_it.o(i.HardFault_Handler)
    Hardware_CRC                             0x08014391   Thumb Code   124  modbus.o(i.Hardware_CRC)
    IWDG_Enable                              0x080145e1   Thumb Code    10  stm32f10x_iwdg.o(i.IWDG_Enable)
    IWDG_Inte                                0x080145f1   Thumb Code    34  iwdg.o(i.IWDG_Inte)
    IWDG_ReloadCounter                       0x08014615   Thumb Code    10  stm32f10x_iwdg.o(i.IWDG_ReloadCounter)
    IWDG_SetPrescaler                        0x08014625   Thumb Code     6  stm32f10x_iwdg.o(i.IWDG_SetPrescaler)
    IWDG_SetReload                           0x08014631   Thumb Code     6  stm32f10x_iwdg.o(i.IWDG_SetReload)
    IWDG_WriteAccessCmd                      0x0801463d   Thumb Code     6  stm32f10x_iwdg.o(i.IWDG_WriteAccessCmd)
    I_SW_COTNR                               0x08014649   Thumb Code   138  menu.o(i.I_SW_COTNR)
    MemManage_Handler                        0x08014749   Thumb Code     2  stm32f10x_it.o(i.MemManage_Handler)
    NMI_Handler                              0x08014757   Thumb Code     2  stm32f10x_it.o(i.NMI_Handler)
    NVIC_Init                                0x08014759   Thumb Code    94  misc.o(i.NVIC_Init)
    NVIC_PriorityGroupConfig                 0x080147bd   Thumb Code    10  misc.o(i.NVIC_PriorityGroupConfig)
    NVIC_SetVectorTable                      0x080147d1   Thumb Code    12  misc.o(i.NVIC_SetVectorTable)
    RCC_ADCCLKConfig                         0x08014979   Thumb Code    14  stm32f10x_rcc.o(i.RCC_ADCCLKConfig)
    RCC_AHBPeriphClockCmd                    0x0801498d   Thumb Code    18  stm32f10x_rcc.o(i.RCC_AHBPeriphClockCmd)
    RCC_APB1PeriphClockCmd                   0x080149a5   Thumb Code    18  stm32f10x_rcc.o(i.RCC_APB1PeriphClockCmd)
    RCC_APB2PeriphClockCmd                   0x080149bd   Thumb Code    18  stm32f10x_rcc.o(i.RCC_APB2PeriphClockCmd)
    RCC_APB2PeriphResetCmd                   0x080149d5   Thumb Code    18  stm32f10x_rcc.o(i.RCC_APB2PeriphResetCmd)
    RCC_Configuration                        0x080149ed   Thumb Code   102  clock.o(i.RCC_Configuration)
    RCC_DeInit                               0x08014a59   Thumb Code    50  stm32f10x_rcc.o(i.RCC_DeInit)
    RCC_GetClocksFreq                        0x08014a99   Thumb Code   128  stm32f10x_rcc.o(i.RCC_GetClocksFreq)
    RCC_GetFlagStatus                        0x08014b29   Thumb Code    44  stm32f10x_rcc.o(i.RCC_GetFlagStatus)
    RCC_GetSYSCLKSource                      0x08014b59   Thumb Code    10  stm32f10x_rcc.o(i.RCC_GetSYSCLKSource)
    RCC_HCLKConfig                           0x08014b69   Thumb Code    14  stm32f10x_rcc.o(i.RCC_HCLKConfig)
    RCC_HSEConfig                            0x08014b7d   Thumb Code    48  stm32f10x_rcc.o(i.RCC_HSEConfig)
    RCC_PCLK1Config                          0x08014bb1   Thumb Code    14  stm32f10x_rcc.o(i.RCC_PCLK1Config)
    RCC_PCLK2Config                          0x08014bc5   Thumb Code    16  stm32f10x_rcc.o(i.RCC_PCLK2Config)
    RCC_PLLCmd                               0x08014bd9   Thumb Code     6  stm32f10x_rcc.o(i.RCC_PLLCmd)
    RCC_PLLConfig                            0x08014be5   Thumb Code    16  stm32f10x_rcc.o(i.RCC_PLLConfig)
    RCC_SYSCLKConfig                         0x08014bf9   Thumb Code    14  stm32f10x_rcc.o(i.RCC_SYSCLKConfig)
    RCC_WaitForHSEStartUp                    0x08014c0d   Thumb Code    44  stm32f10x_rcc.o(i.RCC_WaitForHSEStartUp)
    SCPI_ChoiceToName                        0x08014cad   Thumb Code    42  parser.o(i.SCPI_ChoiceToName)
    SCPI_CommandNumbers                      0x08014cd7   Thumb Code    24  parser.o(i.SCPI_CommandNumbers)
    SCPI_CoreCls                             0x08014cef   Thumb Code    38  ieee488.o(i.SCPI_CoreCls)
    SCPI_CoreEse                             0x08014d15   Thumb Code    36  ieee488.o(i.SCPI_CoreEse)
    SCPI_CoreEseQ                            0x08014d39   Thumb Code    22  ieee488.o(i.SCPI_CoreEseQ)
    SCPI_CoreEsrQ                            0x08014d4f   Thumb Code    32  ieee488.o(i.SCPI_CoreEsrQ)
    SCPI_CoreIdnQ                            0x08014d71   Thumb Code    50  ieee488.o(i.SCPI_CoreIdnQ)
    SCPI_CoreOpc                             0x08014da9   Thumb Code    14  ieee488.o(i.SCPI_CoreOpc)
    SCPI_CoreOpcQ                            0x08014db7   Thumb Code    12  ieee488.o(i.SCPI_CoreOpcQ)
    SCPI_CoreRst                             0x08014dc3   Thumb Code    16  ieee488.o(i.SCPI_CoreRst)
    SCPI_CoreSre                             0x08014dd3   Thumb Code    36  ieee488.o(i.SCPI_CoreSre)
    SCPI_CoreSreQ                            0x08014df7   Thumb Code    22  ieee488.o(i.SCPI_CoreSreQ)
    SCPI_CoreStbQ                            0x08014e0d   Thumb Code    22  ieee488.o(i.SCPI_CoreStbQ)
    SCPI_CoreWai                             0x08014e23   Thumb Code     4  ieee488.o(i.SCPI_CoreWai)
    SCPI_DoubleToStr                         0x08014e29   Thumb Code    28  utils.o(i.SCPI_DoubleToStr)
    SCPI_ErrorClear                          0x08014e4d   Thumb Code    20  error.o(i.SCPI_ErrorClear)
    SCPI_ErrorCount                          0x08014e61   Thumb Code    22  error.o(i.SCPI_ErrorCount)
    SCPI_ErrorInit                           0x08014ed7   Thumb Code     6  error.o(i.SCPI_ErrorInit)
    SCPI_ErrorPop                            0x08014edd   Thumb Code    34  error.o(i.SCPI_ErrorPop)
    SCPI_ErrorPush                           0x08014eff   Thumb Code     8  error.o(i.SCPI_ErrorPush)
    SCPI_ErrorPushEx                         0x08014f09   Thumb Code   162  error.o(i.SCPI_ErrorPushEx)
    SCPI_ErrorTranslate                      0x08014fb5   Thumb Code   168  error.o(i.SCPI_ErrorTranslate)
    SCPI_EventClear                          0x0801519d   Thumb Code     8  ieee488.o(i.SCPI_EventClear)
    SCPI_ExprChannelListEntry                0x080151a5   Thumb Code   210  expression.o(i.SCPI_ExprChannelListEntry)
    SCPI_FloatToStr                          0x0801527d   Thumb Code    34  utils.o(i.SCPI_FloatToStr)
    SCPI_Init                                0x080152a5   Thumb Code    78  parser.o(i.SCPI_Init)
    SCPI_Input                               0x080152f3   Thumb Code   174  parser.o(i.SCPI_Input)
    SCPI_NumberToStr                         0x080153a1   Thumb Code   196  units.o(i.SCPI_NumberToStr)
    SCPI_ParamArbitraryBlock                 0x0801546d   Thumb Code    62  parser.o(i.SCPI_ParamArbitraryBlock)
    SCPI_ParamBool                           0x080154b1   Thumb Code    78  parser.o(i.SCPI_ParamBool)
    SCPI_ParamChoice                         0x08015509   Thumb Code    48  parser.o(i.SCPI_ParamChoice)
    SCPI_ParamCopyText                       0x0801553d   Thumb Code   120  parser.o(i.SCPI_ParamCopyText)
    SCPI_ParamDouble                         0x080155b9   Thumb Code    82  parser.o(i.SCPI_ParamDouble)
    SCPI_ParamFloat                          0x08015611   Thumb Code    82  parser.o(i.SCPI_ParamFloat)
    SCPI_ParamInt32                          0x08015669   Thumb Code     6  parser.o(i.SCPI_ParamInt32)
    SCPI_ParamIsNumber                       0x0801566f   Thumb Code    30  parser.o(i.SCPI_ParamIsNumber)
    SCPI_ParamNumber                         0x0801568d   Thumb Code   230  units.o(i.SCPI_ParamNumber)
    SCPI_ParamToChoice                       0x08015779   Thumb Code   118  parser.o(i.SCPI_ParamToChoice)
    SCPI_ParamToDouble                       0x080157f5   Thumb Code    76  parser.o(i.SCPI_ParamToDouble)
    SCPI_ParamToFloat                        0x08015845   Thumb Code    72  parser.o(i.SCPI_ParamToFloat)
    SCPI_ParamToInt32                        0x08015891   Thumb Code     6  parser.o(i.SCPI_ParamToInt32)
    SCPI_ParamToUInt32                       0x08015897   Thumb Code     6  parser.o(i.SCPI_ParamToUInt32)
    SCPI_ParamToUInt64                       0x0801589d   Thumb Code     6  parser.o(i.SCPI_ParamToUInt64)
    SCPI_ParamUInt32                         0x080158a3   Thumb Code     6  parser.o(i.SCPI_ParamUInt32)
    SCPI_Parameter                           0x080158a9   Thumb Code   150  parser.o(i.SCPI_Parameter)
    SCPI_Parse                               0x08015945   Thumb Code   272  parser.o(i.SCPI_Parse)
    SCPI_RegClearBits                        0x08015a5d   Thumb Code    26  ieee488.o(i.SCPI_RegClearBits)
    SCPI_RegGet                              0x08015a77   Thumb Code    20  ieee488.o(i.SCPI_RegGet)
    SCPI_RegSet                              0x08015a8b   Thumb Code   194  ieee488.o(i.SCPI_RegSet)
    SCPI_RegSetBits                          0x08015b4d   Thumb Code    24  ieee488.o(i.SCPI_RegSetBits)
    SCPI_ResultArbitraryBlock                0x08015b65   Thumb Code    34  parser.o(i.SCPI_ResultArbitraryBlock)
    SCPI_ResultArbitraryBlockData            0x08015b89   Thumb Code    42  parser.o(i.SCPI_ResultArbitraryBlockData)
    SCPI_ResultArbitraryBlockHeader          0x08015bb9   Thumb Code    56  parser.o(i.SCPI_ResultArbitraryBlockHeader)
    SCPI_ResultCharacters                    0x08015bf1   Thumb Code    38  parser.o(i.SCPI_ResultCharacters)
    SCPI_ResultDouble                        0x08015c17   Thumb Code    52  parser.o(i.SCPI_ResultDouble)
    SCPI_ResultError                         0x08015c4d   Thumb Code   236  parser.o(i.SCPI_ResultError)
    SCPI_ResultFloat                         0x08015d3d   Thumb Code    50  parser.o(i.SCPI_ResultFloat)
    SCPI_ResultInt32                         0x08015d6f   Thumb Code     8  parser.o(i.SCPI_ResultInt32)
    SCPI_StatusPreset                        0x08015d77   Thumb Code    14  minimal.o(i.SCPI_StatusPreset)
    SCPI_StatusQuestionableEnable            0x08015d85   Thumb Code    30  minimal.o(i.SCPI_StatusQuestionableEnable)
    SCPI_StatusQuestionableEnableQ           0x08015da3   Thumb Code    22  minimal.o(i.SCPI_StatusQuestionableEnableQ)
    SCPI_StatusQuestionableEventQ            0x08015db9   Thumb Code    32  minimal.o(i.SCPI_StatusQuestionableEventQ)
    SCPI_StubQ                               0x08015dd9   Thumb Code    12  minimal.o(i.SCPI_StubQ)
    SCPI_SystemErrorCountQ                   0x08015de5   Thumb Code    20  minimal.o(i.SCPI_SystemErrorCountQ)
    SCPI_SystemErrorNextQ                    0x08015df9   Thumb Code    22  minimal.o(i.SCPI_SystemErrorNextQ)
    SCPI_SystemVersionQ                      0x08015e11   Thumb Code    14  minimal.o(i.SCPI_SystemVersionQ)
    SCPI_UInt32ToStrBase                     0x08015e29   Thumb Code    12  utils.o(i.SCPI_UInt32ToStrBase)
    SCPI_Write                               0x08015e35   Thumb Code    48  main.o(i.SCPI_Write)
    SPI_AD7689_Read                          0x08015e69   Thumb Code    98  ad7689.o(i.SPI_AD7689_Read)
    SPI_Cmd                                  0x08015ed1   Thumb Code    20  stm32f10x_spi.o(i.SPI_Cmd)
    SPI_I2S_GetFlagStatus                    0x08015ee5   Thumb Code    14  stm32f10x_spi.o(i.SPI_I2S_GetFlagStatus)
    SPI_I2S_ReceiveData                      0x08015ef3   Thumb Code     4  stm32f10x_spi.o(i.SPI_I2S_ReceiveData)
    SPI_I2S_SendData                         0x08015ef7   Thumb Code     4  stm32f10x_spi.o(i.SPI_I2S_SendData)
    SPI_Init                                 0x08015efb   Thumb Code    56  stm32f10x_spi.o(i.SPI_Init)
    SVC_Handler                              0x08015f33   Thumb Code     2  stm32f10x_it.o(i.SVC_Handler)
    Sence_SW_CONT                            0x08015f35   Thumb Code    22  menu.o(i.Sence_SW_CONT)
    SysTick_Handler                          0x08015ffd   Thumb Code    44  stm32f10x_it.o(i.SysTick_Handler)
    SysTick_Init                             0x08016035   Thumb Code    58  bsp_systick.o(i.SysTick_Init)
    SystemInit                               0x08016079   Thumb Code    62  system_stm32f10x.o(i.SystemInit)
    TIM4_IRQHandler                          0x080162ad   Thumb Code   124  stm32f10x_it.o(i.TIM4_IRQHandler)
    TIM6_Config                              0x08016339   Thumb Code    88  tim6.o(i.TIM6_Config)
    TIM_ClearITPendingBit                    0x08016395   Thumb Code     6  stm32f10x_tim.o(i.TIM_ClearITPendingBit)
    TIM_Cmd                                  0x0801639b   Thumb Code    20  stm32f10x_tim.o(i.TIM_Cmd)
    TIM_ITConfig                             0x080163af   Thumb Code    16  stm32f10x_tim.o(i.TIM_ITConfig)
    TIM_TimeBaseInit                         0x080163c1   Thumb Code   114  stm32f10x_tim.o(i.TIM_TimeBaseInit)
    Temp_Comapre                             0x0801645d   Thumb Code    64  fan_pro.o(i.Temp_Comapre)
    TimingDelay_Decrement                    0x080164a9   Thumb Code    16  bsp_systick.o(i.TimingDelay_Decrement)
    Transformation_ADC                       0x080164bd   Thumb Code  3890  modbus.o(i.Transformation_ADC)
    UART1_Action                             0x080173f5   Thumb Code   936  modbus.o(i.UART1_Action)
    UART1_Send                               0x080177c1   Thumb Code    76  usart.o(i.UART1_Send)
    UART2_Send                               0x0801781d   Thumb Code    76  usart.o(i.UART2_Send)
    UART3_Action                             0x08017879   Thumb Code   936  modbus.o(i.UART3_Action)
    UART3_Send                               0x08017c45   Thumb Code    76  usart.o(i.UART3_Send)
    UART_Action                              0x08017ca1   Thumb Code  5486  modbus.o(i.UART_Action)
    UInt32ToStrBaseSign                      0x08019215   Thumb Code   174  utils.o(i.UInt32ToStrBaseSign)
    USART1_IRQHandler                        0x080192dd   Thumb Code   346  stm32f10x_it.o(i.USART1_IRQHandler)
    USART2_Configuration                     0x080194b5   Thumb Code   134  usart.o(i.USART2_Configuration)
    USART2_IRQHandler                        0x08019549   Thumb Code   244  stm32f10x_it.o(i.USART2_IRQHandler)
    USART3_Configuration                     0x08019655   Thumb Code   138  usart.o(i.USART3_Configuration)
    USART3_IRQHandler                        0x080196ed   Thumb Code   254  stm32f10x_it.o(i.USART3_IRQHandler)
    USART_ClearFlag                          0x08019809   Thumb Code     6  stm32f10x_usart.o(i.USART_ClearFlag)
    USART_ClearITPendingBit                  0x0801980f   Thumb Code    12  stm32f10x_usart.o(i.USART_ClearITPendingBit)
    USART_Cmd                                0x0801981b   Thumb Code    20  stm32f10x_usart.o(i.USART_Cmd)
    USART_Configuration                      0x08019831   Thumb Code   154  usart.o(i.USART_Configuration)
    USART_GetFlagStatus                      0x080198d9   Thumb Code    14  stm32f10x_usart.o(i.USART_GetFlagStatus)
    USART_GetITStatus                        0x080198e7   Thumb Code    62  stm32f10x_usart.o(i.USART_GetITStatus)
    USART_ITConfig                           0x08019925   Thumb Code    48  stm32f10x_usart.o(i.USART_ITConfig)
    USART_Init                               0x08019955   Thumb Code   166  stm32f10x_usart.o(i.USART_Init)
    USART_ReceiveData                        0x08019a01   Thumb Code     8  stm32f10x_usart.o(i.USART_ReceiveData)
    USART_SendData                           0x08019a09   Thumb Code     8  stm32f10x_usart.o(i.USART_SendData)
    UsageFault_Handler                       0x08019a11   Thumb Code     2  stm32f10x_it.o(i.UsageFault_Handler)
    V_SW_COTNR                               0x08019bd1   Thumb Code    70  menu.o(i.V_SW_COTNR)
    Write_ADDR                               0x08019c29   Thumb Code    72  flash.o(i.Write_ADDR)
    Write_bootflag                           0x08019c75   Thumb Code    10  flash.o(i.Write_bootflag)
    Write_bootmode                           0x08019c85   Thumb Code    14  flash.o(i.Write_bootmode)
    __0snprintf                              0x08019c99   Thumb Code    44  printfa.o(i.__0snprintf)
    __1snprintf                              0x08019c99   Thumb Code     0  printfa.o(i.__0snprintf)
    __2snprintf                              0x08019c99   Thumb Code     0  printfa.o(i.__0snprintf)
    __c89snprintf                            0x08019c99   Thumb Code     0  printfa.o(i.__0snprintf)
    snprintf                                 0x08019c99   Thumb Code     0  printfa.o(i.__0snprintf)
    __aeabi_errno_addr                       0x08019cc9   Thumb Code     4  errno.o(i.__aeabi_errno_addr)
    __rt_errno_addr                          0x08019cc9   Thumb Code     0  errno.o(i.__aeabi_errno_addr)
    __mathlib_narrow                         0x08019cd1   Thumb Code    16  narrow.o(i.__mathlib_narrow)
    __mathlib_tofloat                        0x08019ce1   Thumb Code   184  narrow.o(i.__mathlib_tofloat)
    __scatterload_copy                       0x08019d9d   Thumb Code    14  handlers.o(i.__scatterload_copy)
    __scatterload_null                       0x08019dab   Thumb Code     2  handlers.o(i.__scatterload_null)
    __scatterload_zeroinit                   0x08019dad   Thumb Code    14  handlers.o(i.__scatterload_zeroinit)
    __set_errno                              0x08019dbd   Thumb Code     6  errno.o(i.__set_errno)
    _is_digit                                0x08019f4d   Thumb Code    14  scanf_fp.o(i._is_digit)
    compareStr                               0x0801a759   Thumb Code    26  utils.o(i.compareStr)
    compareStrAndNum                         0x0801a773   Thumb Code   100  utils.o(i.compareStrAndNum)
    composeCompoundCommand                   0x0801a7d7   Thumb Code    76  utils.o(i.composeCompoundCommand)
    fifo_add                                 0x0801a823   Thumb Code    62  fifo.o(i.fifo_add)
    fifo_clear                               0x0801a861   Thumb Code    10  fifo.o(i.fifo_clear)
    fifo_count                               0x0801a86b   Thumb Code     8  fifo.o(i.fifo_count)
    fifo_init                                0x0801a873   Thumb Code    14  fifo.o(i.fifo_init)
    fifo_is_empty                            0x0801a881   Thumb Code    12  fifo.o(i.fifo_is_empty)
    fifo_is_full                             0x0801a88d   Thumb Code    20  fifo.o(i.fifo_is_full)
    fifo_remove                              0x0801a8a1   Thumb Code    60  fifo.o(i.fifo_remove)
    fifo_remove_last                         0x0801a8dd   Thumb Code    60  fifo.o(i.fifo_remove_last)
    frexp                                    0x0801a919   Thumb Code    80  frexp.o(i.frexp)
    i2c_CfgGpio                              0x0801a999   Thumb Code    68  iic_24c01.o(i.i2c_CfgGpio)
    i2c_NAck                                 0x0801a9fd   Thumb Code    50  iic_24c01.o(i.i2c_NAck)
    i2c_ReadByte                             0x0801aa35   Thumb Code    96  iic_24c01.o(i.i2c_ReadByte)
    i2c_SendByte                             0x0801aa99   Thumb Code   116  iic_24c01.o(i.i2c_SendByte)
    i2c_Start                                0x0801ab11   Thumb Code    58  iic_24c01.o(i.i2c_Start)
    i2c_Stop                                 0x0801ab51   Thumb Code    40  iic_24c01.o(i.i2c_Stop)
    i2c_WaitAck                              0x0801ab7d   Thumb Code    68  iic_24c01.o(i.i2c_WaitAck)
    iap_load_app                             0x0801abc5   Thumb Code    36  main.o(i.iap_load_app)
    main                                     0x0801ac21   Thumb Code   240  main.o(i.main)
    matchCommand                             0x0801ad5d   Thumb Code   482  utils.o(i.matchCommand)
    matchPattern                             0x0801af45   Thumb Code   116  utils.o(i.matchPattern)
    scpiLex_ArbitraryBlockProgramData        0x0801b115   Thumb Code   206  lexer.o(i.scpiLex_ArbitraryBlockProgramData)
    scpiLex_CharacterProgramData             0x0801b1e3   Thumb Code   104  lexer.o(i.scpiLex_CharacterProgramData)
    scpiLex_Colon                            0x0801b24b   Thumb Code    36  lexer.o(i.scpiLex_Colon)
    scpiLex_Comma                            0x0801b26f   Thumb Code    36  lexer.o(i.scpiLex_Comma)
    scpiLex_DecimalNumericProgramData        0x0801b293   Thumb Code   126  lexer.o(i.scpiLex_DecimalNumericProgramData)
    scpiLex_IsEos                            0x0801b311   Thumb Code     4  lexer.o(i.scpiLex_IsEos)
    scpiLex_NewLine                          0x0801b315   Thumb Code    58  lexer.o(i.scpiLex_NewLine)
    scpiLex_NondecimalNumericData            0x0801b34f   Thumb Code   250  lexer.o(i.scpiLex_NondecimalNumericData)
    scpiLex_ProgramExpression                0x0801b449   Thumb Code   142  lexer.o(i.scpiLex_ProgramExpression)
    scpiLex_ProgramHeader                    0x0801b4d7   Thumb Code   192  lexer.o(i.scpiLex_ProgramHeader)
    scpiLex_Semicolon                        0x0801b597   Thumb Code    34  lexer.o(i.scpiLex_Semicolon)
    scpiLex_SpecificCharacter                0x0801b5b9   Thumb Code    36  lexer.o(i.scpiLex_SpecificCharacter)
    scpiLex_StringProgramData                0x0801b5dd   Thumb Code   136  lexer.o(i.scpiLex_StringProgramData)
    scpiLex_SuffixProgramData                0x0801b665   Thumb Code   120  lexer.o(i.scpiLex_SuffixProgramData)
    scpiLex_WhiteSpace                       0x0801b6dd   Thumb Code    38  lexer.o(i.scpiLex_WhiteSpace)
    scpiParser_detectProgramMessageUnit      0x0801b705   Thumb Code   182  parser.o(i.scpiParser_detectProgramMessageUnit)
    scpiParser_parseAllProgramData           0x0801b7bb   Thumb Code   114  parser.o(i.scpiParser_parseAllProgramData)
    scpiParser_parseProgramData              0x0801b82d   Thumb Code   140  parser.o(i.scpiParser_parseProgramData)
    skipWhitespace                           0x0801ba51   Thumb Code    40  utils.o(i.skipWhitespace)
    strBaseToInt32                           0x0801ba9f   Thumb Code    20  utils.o(i.strBaseToInt32)
    strBaseToInt64                           0x0801bab3   Thumb Code    22  utils.o(i.strBaseToInt64)
    strBaseToUInt32                          0x0801bac9   Thumb Code    20  utils.o(i.strBaseToUInt32)
    strBaseToUInt64                          0x0801badd   Thumb Code    22  utils.o(i.strBaseToUInt64)
    strToDouble                              0x0801baf3   Thumb Code    22  utils.o(i.strToDouble)
    strToFloat                               0x0801bb09   Thumb Code    20  utils.o(i.strToFloat)
    strnpbrk                                 0x0801bb1d   Thumb Code    42  utils.o(i.strnpbrk)
    strtod                                   0x0801bb47   Thumb Code    28  strtod.o(i.strtod)
    strtof                                   0x0801bb63   Thumb Code    20  strtof.o(i.strtof)
    worke_mode                               0x0801bbf5   Thumb Code   884  menu.o(i.worke_mode)
    scpi_commands                            0x0801bfd8   Data        1164  scpi-def.o(.constdata)
    scpi_bool_def                            0x0801c49c   Data          24  parser.o(.constdata)
    scpi_units_def                           0x0801c4c0   Data         432  units.o(.constdata)
    scpi_special_numbers_def                 0x0801c670   Data          80  units.o(.constdata)
    __ctype_table                            0x0801c6c0   Data         129  ctype_o.o(.constdata)
    Region$$Table$$Base                      0x0801cdec   Number         0  anon$$obj.o(Region$$Table)
    Region$$Table$$Limit                     0x0801ce0c   Number         0  anon$$obj.o(Region$$Table)
    bootflag                                 0x20000014   Data           1  main.o(.data)
    flagA                                    0x20000018   Data           4  main.o(.data)
    jump2app                                 0x2000001c   Data           4  main.o(.data)
    flagB                                    0x20000020   Data           4  main.o(.data)
    flagC                                    0x20000024   Data           4  main.o(.data)
    UART1_Buffer_Rece_flag                   0x20000028   Data           1  stm32f10x_it.o(.data)
    dynaflagA                                0x20000029   Data           1  stm32f10x_it.o(.data)
    dynaflagB                                0x2000002a   Data           1  stm32f10x_it.o(.data)
    timecount                                0x2000002c   Data           4  stm32f10x_it.o(.data)
    testcount                                0x20000030   Data           4  stm32f10x_it.o(.data)
    SystemCoreClock                          0x20000034   Data           4  system_stm32f10x.o(.data)
    AHBPrescTable                            0x20000038   Data          16  system_stm32f10x.o(.data)
    NTC_value                                0x2000004a   Data           2  adc.o(.data)
    NTC1_value                               0x2000004c   Data           2  adc.o(.data)
    Imon_value                               0x2000004e   Data           2  adc.o(.data)
    Vmon_value                               0x20000050   Data           2  adc.o(.data)
    HSEStartUpStatus                         0x20000059   Data           1  clock.o(.data)
    testflag                                 0x2000005c   Data           1  modbus.o(.data)
    dynaonflag                               0x2000005d   Data           1  modbus.o(.data)
    DAC_Flag                                 0x2000005e   Data           1  modbus.o(.data)
    Contr_DACVlue                            0x20000060   Data           2  modbus.o(.data)
    Modify_A_READ                            0x20000064   Data           4  modbus.o(.data)
    Modify_C_READ                            0x20000068   Data           4  modbus.o(.data)
    Modify_A_ACT                             0x2000006c   Data           4  modbus.o(.data)
    Modify_B_READ                            0x20000070   Data           4  modbus.o(.data)
    Modify_D_READ                            0x20000074   Data           4  modbus.o(.data)
    Modify_B_ACT                             0x20000078   Data           4  modbus.o(.data)
    var16                                    0x2000007c   Data           4  modbus.o(.data)
    var32a                                   0x20000080   Data           4  modbus.o(.data)
    var32b                                   0x20000084   Data           4  modbus.o(.data)
    var16a                                   0x20000088   Data           4  modbus.o(.data)
    var32c                                   0x2000008c   Data           4  modbus.o(.data)
    var32d                                   0x20000090   Data           4  modbus.o(.data)
    Transmit_BUFFERsize                      0x20000094   Data           1  usart.o(.data)
    Baud                                     0x20000098   Data           4  usart.o(.data)
    UART_Buffer_Size                         0x2000009c   Data           1  usart.o(.data)
    t_USART                                  0x2000009d   Data           1  usart.o(.data)
    VP_T                                     0x2000009e   Data           2  fan_pro.o(.data)
    IP_T                                     0x200000a0   Data           2  fan_pro.o(.data)
    PR_T1                                    0x200000a2   Data           2  fan_pro.o(.data)
    PR_T2                                    0x200000a4   Data           2  fan_pro.o(.data)
    PR_T3                                    0x200000a6   Data           2  fan_pro.o(.data)
    PR_T4                                    0x200000a8   Data           2  fan_pro.o(.data)
    Von_CONT                                 0x200000ac   Data           1  menu.o(.data)
    oldmode                                  0x200000ad   Data           1  menu.o(.data)
    SWDelay                                  0x200000ae   Data           2  menu.o(.data)
    trigger_source                           0x200000b8   Data          32  scpi-def.o(.data)
    mode_source                              0x200000d8   Data          64  scpi-def.o(.data)
    dynmode_source                           0x20000118   Data          32  scpi-def.o(.data)
    scpi_interface                           0x20000138   Data          20  scpi-def.o(.data)
    ADC1_Buffer                              0x20000150   Data         200  adc.o(.bss)
    ADC_NTC_Filt                             0x20000218   Data         100  adc.o(.bss)
    ADC_NTC1_Filt                            0x2000027c   Data         100  adc.o(.bss)
    Correct_Parametet                        0x200002e0   Data         104  modbus.o(.bss)
    Correct_Strong                           0x20000348   Data         104  modbus.o(.bss)
    coefficient                              0x200003b0   Data          13  modbus.o(.bss)
    Run_Control                              0x200003c0   Data         220  modbus.o(.bss)
    Transition_Date                          0x2000049c   Data          40  modbus.o(.bss)
    UART_Buffer_Rece                         0x200004c4   Data         200  usart.o(.bss)
    UART_Buffer_Send                         0x2000058c   Data         200  usart.o(.bss)
    UART_Buffer_Send1                        0x20000654   Data         200  usart.o(.bss)
    UART_Buffer_Rece1                        0x2000071c   Data         200  usart.o(.bss)
    AD7689_Buffer                            0x200007e4   Data          16  ad7689.o(.bss)
    Ad7689_Fit_Imon                          0x200007f4   Data         200  ad7689.o(.bss)
    Ad7689_Fit_Vmon                          0x200008bc   Data         200  ad7689.o(.bss)
    END_Fit_Imon                             0x20000984   Data          40  ad7689.o(.bss)
    scpi_input_buffer                        0x200009ac   Data         256  scpi-def.o(.bss)
    scpi_error_queue_data                    0x20000aac   Data          34  scpi-def.o(.bss)
    scpi_context                             0x20000ad0   Data         152  scpi-def.o(.bss)
    __initial_sp                             0x20001368   Data           0  startup_stm32f10x_hd.o(STACK)



==============================================================================

Memory Map of the image

  Image Entry point : 0x08010131

  Load Region LR_IROM1 (Base: 0x08010000, Size: 0x0000cf5c, Max: 0x00010000, ABSOLUTE, COMPRESSED[0x0000ce70])

    Execution Region ER_IROM1 (Exec base: 0x08010000, Load base: 0x08010000, Size: 0x0000ce0c, Max: 0x00010000, ABSOLUTE)

    Exec Addr    Load Addr    Size         Type   Attr      Idx    E Section Name        Object

    0x08010000   0x08010000   0x00000130   Data   RO           19    RESET               startup_stm32f10x_hd.o
    0x08010130   0x08010130   0x00000000   Code   RO         5677  * .ARM.Collect$$$$00000000  mc_w.l(entry.o)
    0x08010130   0x08010130   0x00000004   Code   RO         6027    .ARM.Collect$$$$00000001  mc_w.l(entry2.o)
    0x08010134   0x08010134   0x00000004   Code   RO         6030    .ARM.Collect$$$$00000004  mc_w.l(entry5.o)
    0x08010138   0x08010138   0x00000000   Code   RO         6032    .ARM.Collect$$$$00000008  mc_w.l(entry7b.o)
    0x08010138   0x08010138   0x00000000   Code   RO         6034    .ARM.Collect$$$$0000000A  mc_w.l(entry8b.o)
    0x08010138   0x08010138   0x00000008   Code   RO         6035    .ARM.Collect$$$$0000000B  mc_w.l(entry9a.o)
    0x08010140   0x08010140   0x00000000   Code   RO         6037    .ARM.Collect$$$$0000000D  mc_w.l(entry10a.o)
    0x08010140   0x08010140   0x00000000   Code   RO         6039    .ARM.Collect$$$$0000000F  mc_w.l(entry11a.o)
    0x08010140   0x08010140   0x00000004   Code   RO         6028    .ARM.Collect$$$$00002712  mc_w.l(entry2.o)
    0x08010144   0x08010144   0x00000006   Code   RO         3056    .emb_text           main.o
    0x0801014a   0x0801014a   0x00000002   PAD
    0x0801014c   0x0801014c   0x00000024   Code   RO           20    .text               startup_stm32f10x_hd.o
    0x08010170   0x08010170   0x00000062   Code   RO         5680    .text               mc_w.l(uldiv.o)
    0x080101d2   0x080101d2   0x00000002   PAD
    0x080101d4   0x080101d4   0x00000008   Code   RO         5682    .text               mc_w.l(ctype_o.o)
    0x080101dc   0x080101dc   0x00000012   Code   RO         5704    .text               mc_w.l(isspace_o.o)
    0x080101ee   0x080101ee   0x00000040   Code   RO         5712    .text               mc_w.l(memmovea.o)
    0x0801022e   0x0801022e   0x00000024   Code   RO         5714    .text               mc_w.l(memseta.o)
    0x08010252   0x08010252   0x00000018   Code   RO         5716    .text               mc_w.l(strncpy.o)
    0x0801026a   0x0801026a   0x0000000e   Code   RO         5718    .text               mc_w.l(strlen.o)
    0x08010278   0x08010278   0x00000028   Code   RO         5720    .text               mc_w.l(strncat.o)
    0x080102a0   0x080102a0   0x00000032   Code   RO         5728    .text               mc_w.l(strncasecmp.o)
    0x080102d2   0x080102d2   0x00000070   Code   RO         5991    .text               mc_w.l(strtol.o)
    0x08010342   0x08010342   0x00000072   Code   RO         5993    .text               mc_w.l(strtoul.o)
    0x080103b4   0x080103b4   0x00000004   Code   RO         5995    .text               mc_w.l(strtoll.o)
    0x080103b8   0x080103b8   0x00000004   Code   RO         5997    .text               mc_w.l(strtoull.o)
    0x080103bc   0x080103bc   0x000000b0   Code   RO         5999    .text               mf_w.l(fadd.o)
    0x0801046c   0x0801046c   0x00000064   Code   RO         6001    .text               mf_w.l(fmul.o)
    0x080104d0   0x080104d0   0x0000007c   Code   RO         6003    .text               mf_w.l(fdiv.o)
    0x0801054c   0x0801054c   0x0000014e   Code   RO         6005    .text               mf_w.l(dadd.o)
    0x0801069a   0x0801069a   0x000000e4   Code   RO         6007    .text               mf_w.l(dmul.o)
    0x0801077e   0x0801077e   0x000000de   Code   RO         6009    .text               mf_w.l(ddiv.o)
    0x0801085c   0x0801085c   0x0000000a   Code   RO         6011    .text               mf_w.l(ffltui.o)
    0x08010866   0x08010866   0x00000018   Code   RO         6013    .text               mf_w.l(dfltul.o)
    0x0801087e   0x0801087e   0x00000028   Code   RO         6015    .text               mf_w.l(ffixui.o)
    0x080108a6   0x080108a6   0x00000026   Code   RO         6019    .text               mf_w.l(f2d.o)
    0x080108cc   0x080108cc   0x00000030   Code   RO         6021    .text               mf_w.l(cdcmple.o)
    0x080108fc   0x080108fc   0x00000030   Code   RO         6023    .text               mf_w.l(cdrcmple.o)
    0x0801092c   0x0801092c   0x00000014   Code   RO         6025    .text               mf_w.l(cfrcmple.o)
    0x08010940   0x08010940   0x0000002c   Code   RO         6041    .text               mc_w.l(uidiv.o)
    0x0801096c   0x0801096c   0x0000001e   Code   RO         6043    .text               mc_w.l(llshl.o)
    0x0801098a   0x0801098a   0x00000020   Code   RO         6045    .text               mc_w.l(llushr.o)
    0x080109aa   0x080109aa   0x00000024   Code   RO         6047    .text               mc_w.l(llsshr.o)
    0x080109ce   0x080109ce   0x0000000c   Code   RO         6049    .text               mc_w.l(tolower.o)
    0x080109da   0x080109da   0x0000009e   Code   RO         6058    .text               mc_w.l(_strtoul.o)
    0x08010a78   0x08010a78   0x0000009c   Code   RO         6060    .text               mc_w.l(strtod.o)
    0x08010b14   0x08010b14   0x0000001a   Code   RO         6062    .text               mc_w.l(strtof.o)
    0x08010b2e   0x08010b2e   0x00000090   Code   RO         6064    .text               mc_w.l(__strtoll.o)
    0x08010bbe   0x08010bbe   0x0000007c   Code   RO         6066    .text               mc_w.l(__strtoull.o)
    0x08010c3a   0x08010c3a   0x00000000   Code   RO         6068    .text               mc_w.l(iusefp.o)
    0x08010c3a   0x08010c3a   0x0000006e   Code   RO         6069    .text               mf_w.l(fepilogue.o)
    0x08010ca8   0x08010ca8   0x000000ba   Code   RO         6071    .text               mf_w.l(depilogue.o)
    0x08010d62   0x08010d62   0x0000002e   Code   RO         6073    .text               mf_w.l(dscalb.o)
    0x08010d90   0x08010d90   0x00000030   Code   RO         6075    .text               mf_w.l(dfixul.o)
    0x08010dc0   0x08010dc0   0x00000024   Code   RO         6083    .text               mc_w.l(init.o)
    0x08010de4   0x08010de4   0x0000001c   Code   RO         6087    .text               mc_w.l(_chval.o)
    0x08010e00   0x08010e00   0x00000360   Code   RO         6089    .text               mc_w.l(scanf_fp.o)
    0x08011160   0x08011160   0x00000040   Code   RO         6093    .text               mc_w.l(_sgetc.o)
    0x080111a0   0x080111a0   0x000000c2   Code   RO         6095    .text               mc_w.l(_strtoull.o)
    0x08011262   0x08011262   0x00000038   Code   RO         6100    .text               mf_w.l(d2f.o)
    0x0801129a   0x0801129a   0x00000004   Code   RO         6102    .text               mf_w.l(fpstat.o)
    0x0801129e   0x0801129e   0x00000056   Code   RO         6112    .text               mc_w.l(__dczerorl2.o)
    0x080112f4   0x080112f4   0x00000024   Code   RO         3560    i.AD5541_GPIOCoing  dac.o
    0x08011318   0x08011318   0x000000b8   Code   RO         3561    i.AD5541_Send       dac.o
    0x080113d0   0x080113d0   0x0000001e   Code   RO         4007    i.AD7689_Delay      ad7689.o
    0x080113ee   0x080113ee   0x00000002   PAD
    0x080113f0   0x080113f0   0x000000c4   Code   RO         4009    i.AD7689_InitializeSPI2  ad7689.o
    0x080114b4   0x080114b4   0x00000134   Code   RO         4010    i.AD7689_Scan_CH    ad7689.o
    0x080115e8   0x080115e8   0x0000003c   Code   RO         4011    i.AD7689_TransferByte  ad7689.o
    0x08011624   0x08011624   0x00000120   Code   RO         3387    i.ADC1_DMA_Init     adc.o
    0x08011744   0x08011744   0x000000d0   Code   RO         3388    i.ADC_CH_Scan       adc.o
    0x08011814   0x08011814   0x00000014   Code   RO          149    i.ADC_Cmd           stm32f10x_adc.o
    0x08011828   0x08011828   0x00000014   Code   RO          150    i.ADC_DMACmd        stm32f10x_adc.o
    0x0801183c   0x0801183c   0x00000044   Code   RO          151    i.ADC_DeInit        stm32f10x_adc.o
    0x08011880   0x08011880   0x0000000e   Code   RO          157    i.ADC_GetCalibrationStatus  stm32f10x_adc.o
    0x0801188e   0x0801188e   0x0000000e   Code   RO          163    i.ADC_GetResetCalibrationStatus  stm32f10x_adc.o
    0x0801189c   0x0801189c   0x00000048   Code   RO          167    i.ADC_Init          stm32f10x_adc.o
    0x080118e4   0x080118e4   0x00000074   Code   RO          171    i.ADC_RegularChannelConfig  stm32f10x_adc.o
    0x08011958   0x08011958   0x0000000a   Code   RO          172    i.ADC_ResetCalibration  stm32f10x_adc.o
    0x08011962   0x08011962   0x00000014   Code   RO          174    i.ADC_SoftwareStartConvCmd  stm32f10x_adc.o
    0x08011976   0x08011976   0x0000000a   Code   RO          176    i.ADC_StartCalibration  stm32f10x_adc.o
    0x08011980   0x08011980   0x000001c8   Code   RO         3932    i.All_protect       fan_pro.o
    0x08011b48   0x08011b48   0x00000016   Code   RO         5465    i.BSD_strnlen       utils.o
    0x08011b5e   0x08011b5e   0x00000002   PAD
    0x08011b60   0x08011b60   0x00000050   Code   RO         3838    i.Baud_SET          usart.o
    0x08011bb0   0x08011bb0   0x000000a8   Code   RO         3753    i.Bias_Correction   modbus.o
    0x08011c58   0x08011c58   0x00000044   Code   RO         3754    i.Bias_Para         modbus.o
    0x08011c9c   0x08011c9c   0x00000002   Code   RO         3251    i.BusFault_Handler  stm32f10x_it.o
    0x08011c9e   0x08011c9e   0x00000002   PAD
    0x08011ca0   0x08011ca0   0x00000028   Code   RO         4067    i.CCQ               scpi-def.o
    0x08011cc8   0x08011cc8   0x00000040   Code   RO         4068    i.CCSET             scpi-def.o
    0x08011d08   0x08011d08   0x00000028   Code   RO         4069    i.CPQ               scpi-def.o
    0x08011d30   0x08011d30   0x00000028   Code   RO         4070    i.CPROTECTQ         scpi-def.o
    0x08011d58   0x08011d58   0x00000040   Code   RO         4071    i.CPROTECTSET       scpi-def.o
    0x08011d98   0x08011d98   0x00000040   Code   RO         4072    i.CPSET             scpi-def.o
    0x08011dd8   0x08011dd8   0x00000028   Code   RO         4073    i.CRQ               scpi-def.o
    0x08011e00   0x08011e00   0x00000040   Code   RO         4074    i.CRSET             scpi-def.o
    0x08011e40   0x08011e40   0x00000038   Code   RO         4075    i.CURRENTQ          scpi-def.o
    0x08011e78   0x08011e78   0x00000028   Code   RO         4076    i.CVQ               scpi-def.o
    0x08011ea0   0x08011ea0   0x00000040   Code   RO         4077    i.CVSET             scpi-def.o
    0x08011ee0   0x08011ee0   0x0000009c   Code   RO         3958    i.Cont_coeff_LEDMODE  menu.o
    0x08011f7c   0x08011f7c   0x00000020   Code   RO         3389    i.DAM1_ADC_NVIC     adc.o
    0x08011f9c   0x08011f9c   0x00000014   Code   RO         3252    i.DMA1_Channel1_IRQHandler  stm32f10x_it.o
    0x08011fb0   0x08011fb0   0x00000018   Code   RO         3253    i.DMA1_Channel2_IRQHandler  stm32f10x_it.o
    0x08011fc8   0x08011fc8   0x00000018   Code   RO          833    i.DMA_ClearITPendingBit  stm32f10x_dma.o
    0x08011fe0   0x08011fe0   0x00000016   Code   RO          834    i.DMA_Cmd           stm32f10x_dma.o
    0x08011ff6   0x08011ff6   0x00000002   PAD
    0x08011ff8   0x08011ff8   0x000000e4   Code   RO          835    i.DMA_DeInit        stm32f10x_dma.o
    0x080120dc   0x080120dc   0x00000010   Code   RO          839    i.DMA_ITConfig      stm32f10x_dma.o
    0x080120ec   0x080120ec   0x0000003a   Code   RO          840    i.DMA_Init          stm32f10x_dma.o
    0x08012126   0x08012126   0x00000024   Code   RO         4078    i.DMM_ConfigureVoltageDc  scpi-def.o
    0x0801214a   0x0801214a   0x00000002   PAD
    0x0801214c   0x0801214c   0x00000050   Code   RO         4079    i.DMM_MeasureVoltageAcQ  scpi-def.o
    0x0801219c   0x0801219c   0x00000028   Code   RO         4080    i.DYNHDQ            scpi-def.o
    0x080121c4   0x080121c4   0x00000040   Code   RO         4081    i.DYNHDSET          scpi-def.o
    0x08012204   0x08012204   0x00000028   Code   RO         4082    i.DYNHQ             scpi-def.o
    0x0801222c   0x0801222c   0x00000040   Code   RO         4083    i.DYNHSET           scpi-def.o
    0x0801226c   0x0801226c   0x00000028   Code   RO         4084    i.DYNLDQ            scpi-def.o
    0x08012294   0x08012294   0x00000040   Code   RO         4085    i.DYNLDSET          scpi-def.o
    0x080122d4   0x080122d4   0x00000028   Code   RO         4086    i.DYNLQ             scpi-def.o
    0x080122fc   0x080122fc   0x00000040   Code   RO         4087    i.DYNLSET           scpi-def.o
    0x0801233c   0x0801233c   0x00000028   Code   RO         4088    i.DYNMODEQ          scpi-def.o
    0x08012364   0x08012364   0x00000038   Code   RO         4089    i.DYNMODESET        scpi-def.o
    0x0801239c   0x0801239c   0x00000028   Code   RO         4090    i.DYNSLEWFQ         scpi-def.o
    0x080123c4   0x080123c4   0x00000040   Code   RO         4091    i.DYNSLEWFSET       scpi-def.o
    0x08012404   0x08012404   0x00000028   Code   RO         4092    i.DYNSLEWQ          scpi-def.o
    0x0801242c   0x0801242c   0x00000028   Code   RO         4093    i.DYNSLEWRQ         scpi-def.o
    0x08012454   0x08012454   0x00000040   Code   RO         4094    i.DYNSLEWRSET       scpi-def.o
    0x08012494   0x08012494   0x00000044   Code   RO         4095    i.DYNSLEWSET        scpi-def.o
    0x080124d8   0x080124d8   0x00000002   Code   RO         3254    i.DebugMon_Handler  stm32f10x_it.o
    0x080124da   0x080124da   0x00000002   PAD
    0x080124dc   0x080124dc   0x00000050   Code   RO         3491    i.EEPROM_READ_Byte  at24c01.o
    0x0801252c   0x0801252c   0x00000d74   Code   RO         3578    i.EEPROM_READ_Coeff  flash.o
    0x080132a0   0x080132a0   0x0000006c   Code   RO         3492    i.EEPROM_WriteByte  at24c01.o
    0x0801330c   0x0801330c   0x00000018   Code   RO          975    i.FLASH_PrefetchBufferCmd  stm32f10x_flash.o
    0x08013324   0x08013324   0x00000014   Code   RO          980    i.FLASH_SetLatency  stm32f10x_flash.o
    0x08013338   0x08013338   0x00000dde   Code   RO         3579    i.Flash_Write_all   flash.o
    0x08014116   0x08014116   0x00000016   Code   RO         1250    i.GPIO_AFIODeInit   stm32f10x_gpio.o
    0x0801412c   0x0801412c   0x0000009c   Code   RO         3640    i.GPIO_Conf         gpio.o
    0x080141c8   0x080141c8   0x000000b4   Code   RO         1251    i.GPIO_DeInit       stm32f10x_gpio.o
    0x0801427c   0x0801427c   0x000000a2   Code   RO         1256    i.GPIO_Init         stm32f10x_gpio.o
    0x0801431e   0x0801431e   0x00000002   PAD
    0x08014320   0x08014320   0x00000058   Code   RO         1258    i.GPIO_PinRemapConfig  stm32f10x_gpio.o
    0x08014378   0x08014378   0x0000000e   Code   RO         1260    i.GPIO_ReadInputDataBit  stm32f10x_gpio.o
    0x08014386   0x08014386   0x00000004   Code   RO         1263    i.GPIO_ResetBits    stm32f10x_gpio.o
    0x0801438a   0x0801438a   0x00000004   Code   RO         1264    i.GPIO_SetBits      stm32f10x_gpio.o
    0x0801438e   0x0801438e   0x00000002   Code   RO         3255    i.HardFault_Handler  stm32f10x_it.o
    0x08014390   0x08014390   0x0000007c   Code   RO         3755    i.Hardware_CRC      modbus.o
    0x0801440c   0x0801440c   0x0000001c   Code   RO         4096    i.INPUTQ            scpi-def.o
    0x08014428   0x08014428   0x00000030   Code   RO         4097    i.INPUTSET          scpi-def.o
    0x08014458   0x08014458   0x0000001c   Code   RO         4098    i.IRANGEQ           scpi-def.o
    0x08014474   0x08014474   0x00000030   Code   RO         4099    i.IRANGESET         scpi-def.o
    0x080144a4   0x080144a4   0x00000028   Code   RO         4100    i.ISLEWFQ           scpi-def.o
    0x080144cc   0x080144cc   0x00000040   Code   RO         4101    i.ISLEWFSET         scpi-def.o
    0x0801450c   0x0801450c   0x00000028   Code   RO         4102    i.ISLEWQ            scpi-def.o
    0x08014534   0x08014534   0x00000028   Code   RO         4103    i.ISLEWRQ           scpi-def.o
    0x0801455c   0x0801455c   0x00000040   Code   RO         4104    i.ISLEWRSET         scpi-def.o
    0x0801459c   0x0801459c   0x00000044   Code   RO         4105    i.ISLEWSET          scpi-def.o
    0x080145e0   0x080145e0   0x00000010   Code   RO         1568    i.IWDG_Enable       stm32f10x_iwdg.o
    0x080145f0   0x080145f0   0x00000022   Code   RO         3717    i.IWDG_Inte         iwdg.o
    0x08014612   0x08014612   0x00000002   PAD
    0x08014614   0x08014614   0x00000010   Code   RO         1570    i.IWDG_ReloadCounter  stm32f10x_iwdg.o
    0x08014624   0x08014624   0x0000000c   Code   RO         1571    i.IWDG_SetPrescaler  stm32f10x_iwdg.o
    0x08014630   0x08014630   0x0000000c   Code   RO         1572    i.IWDG_SetReload    stm32f10x_iwdg.o
    0x0801463c   0x0801463c   0x0000000c   Code   RO         1573    i.IWDG_WriteAccessCmd  stm32f10x_iwdg.o
    0x08014648   0x08014648   0x000000a0   Code   RO         3959    i.I_SW_COTNR        menu.o
    0x080146e8   0x080146e8   0x00000028   Code   RO         4106    i.MODEQ             scpi-def.o
    0x08014710   0x08014710   0x00000038   Code   RO         4107    i.MODESET           scpi-def.o
    0x08014748   0x08014748   0x00000002   Code   RO         3256    i.MemManage_Handler  stm32f10x_it.o
    0x0801474a   0x0801474a   0x0000000c   Code   RO         4108    i.My_CoreTstQ       scpi-def.o
    0x08014756   0x08014756   0x00000002   Code   RO         3257    i.NMI_Handler       stm32f10x_it.o
    0x08014758   0x08014758   0x00000064   Code   RO           24    i.NVIC_Init         misc.o
    0x080147bc   0x080147bc   0x00000014   Code   RO           25    i.NVIC_PriorityGroupConfig  misc.o
    0x080147d0   0x080147d0   0x00000014   Code   RO           26    i.NVIC_SetVectorTable  misc.o
    0x080147e4   0x080147e4   0x00000028   Code   RO         4109    i.POWERQ            scpi-def.o
    0x0801480c   0x0801480c   0x00000028   Code   RO         4110    i.PPROTECTQ         scpi-def.o
    0x08014834   0x08014834   0x00000040   Code   RO         4111    i.PPROTECTSET       scpi-def.o
    0x08014874   0x08014874   0x00000058   Code   RO         4986    i.ParamSignToUInt32  parser.o
    0x080148cc   0x080148cc   0x00000058   Code   RO         4987    i.ParamSignToUInt64  parser.o
    0x08014924   0x08014924   0x00000054   Code   RO         4988    i.ParamSignUInt32   parser.o
    0x08014978   0x08014978   0x00000014   Code   RO         1670    i.RCC_ADCCLKConfig  stm32f10x_rcc.o
    0x0801498c   0x0801498c   0x00000018   Code   RO         1671    i.RCC_AHBPeriphClockCmd  stm32f10x_rcc.o
    0x080149a4   0x080149a4   0x00000018   Code   RO         1672    i.RCC_APB1PeriphClockCmd  stm32f10x_rcc.o
    0x080149bc   0x080149bc   0x00000018   Code   RO         1674    i.RCC_APB2PeriphClockCmd  stm32f10x_rcc.o
    0x080149d4   0x080149d4   0x00000018   Code   RO         1675    i.RCC_APB2PeriphResetCmd  stm32f10x_rcc.o
    0x080149ec   0x080149ec   0x0000006c   Code   RO         3541    i.RCC_Configuration  clock.o
    0x08014a58   0x08014a58   0x00000040   Code   RO         1681    i.RCC_DeInit        stm32f10x_rcc.o
    0x08014a98   0x08014a98   0x00000090   Code   RO         1682    i.RCC_GetClocksFreq  stm32f10x_rcc.o
    0x08014b28   0x08014b28   0x00000030   Code   RO         1683    i.RCC_GetFlagStatus  stm32f10x_rcc.o
    0x08014b58   0x08014b58   0x00000010   Code   RO         1685    i.RCC_GetSYSCLKSource  stm32f10x_rcc.o
    0x08014b68   0x08014b68   0x00000014   Code   RO         1686    i.RCC_HCLKConfig    stm32f10x_rcc.o
    0x08014b7c   0x08014b7c   0x00000034   Code   RO         1687    i.RCC_HSEConfig     stm32f10x_rcc.o
    0x08014bb0   0x08014bb0   0x00000014   Code   RO         1693    i.RCC_PCLK1Config   stm32f10x_rcc.o
    0x08014bc4   0x08014bc4   0x00000014   Code   RO         1694    i.RCC_PCLK2Config   stm32f10x_rcc.o
    0x08014bd8   0x08014bd8   0x0000000c   Code   RO         1695    i.RCC_PLLCmd        stm32f10x_rcc.o
    0x08014be4   0x08014be4   0x00000014   Code   RO         1696    i.RCC_PLLConfig     stm32f10x_rcc.o
    0x08014bf8   0x08014bf8   0x00000014   Code   RO         1699    i.RCC_SYSCLKConfig  stm32f10x_rcc.o
    0x08014c0c   0x08014c0c   0x0000002c   Code   RO         1701    i.RCC_WaitForHSEStartUp  stm32f10x_rcc.o
    0x08014c38   0x08014c38   0x0000001c   Code   RO         4112    i.REMOTEQ           scpi-def.o
    0x08014c54   0x08014c54   0x00000030   Code   RO         4113    i.REMOTESET         scpi-def.o
    0x08014c84   0x08014c84   0x00000028   Code   RO         4114    i.RESQ              scpi-def.o
    0x08014cac   0x08014cac   0x0000002a   Code   RO         4990    i.SCPI_ChoiceToName  parser.o
    0x08014cd6   0x08014cd6   0x00000018   Code   RO         4992    i.SCPI_CommandNumbers  parser.o
    0x08014cee   0x08014cee   0x00000026   Code   RO         4609    i.SCPI_CoreCls      ieee488.o
    0x08014d14   0x08014d14   0x00000024   Code   RO         4610    i.SCPI_CoreEse      ieee488.o
    0x08014d38   0x08014d38   0x00000016   Code   RO         4611    i.SCPI_CoreEseQ     ieee488.o
    0x08014d4e   0x08014d4e   0x00000020   Code   RO         4612    i.SCPI_CoreEsrQ     ieee488.o
    0x08014d6e   0x08014d6e   0x00000002   PAD
    0x08014d70   0x08014d70   0x00000038   Code   RO         4613    i.SCPI_CoreIdnQ     ieee488.o
    0x08014da8   0x08014da8   0x0000000e   Code   RO         4614    i.SCPI_CoreOpc      ieee488.o
    0x08014db6   0x08014db6   0x0000000c   Code   RO         4615    i.SCPI_CoreOpcQ     ieee488.o
    0x08014dc2   0x08014dc2   0x00000010   Code   RO         4616    i.SCPI_CoreRst      ieee488.o
    0x08014dd2   0x08014dd2   0x00000024   Code   RO         4617    i.SCPI_CoreSre      ieee488.o
    0x08014df6   0x08014df6   0x00000016   Code   RO         4618    i.SCPI_CoreSreQ     ieee488.o
    0x08014e0c   0x08014e0c   0x00000016   Code   RO         4619    i.SCPI_CoreStbQ     ieee488.o
    0x08014e22   0x08014e22   0x00000004   Code   RO         4621    i.SCPI_CoreWai      ieee488.o
    0x08014e26   0x08014e26   0x00000002   PAD
    0x08014e28   0x08014e28   0x00000024   Code   RO         5466    i.SCPI_DoubleToStr  utils.o
    0x08014e4c   0x08014e4c   0x00000014   Code   RO         4428    i.SCPI_ErrorClear   error.o
    0x08014e60   0x08014e60   0x00000016   Code   RO         4429    i.SCPI_ErrorCount   error.o
    0x08014e76   0x08014e76   0x00000026   Code   RO         4430    i.SCPI_ErrorEmit    error.o
    0x08014e9c   0x08014e9c   0x0000003a   Code   RO         4431    i.SCPI_ErrorEmitEmpty  error.o
    0x08014ed6   0x08014ed6   0x00000006   Code   RO         4432    i.SCPI_ErrorInit    error.o
    0x08014edc   0x08014edc   0x00000022   Code   RO         4433    i.SCPI_ErrorPop     error.o
    0x08014efe   0x08014efe   0x00000008   Code   RO         4434    i.SCPI_ErrorPush    error.o
    0x08014f06   0x08014f06   0x00000002   PAD
    0x08014f08   0x08014f08   0x000000ac   Code   RO         4435    i.SCPI_ErrorPushEx  error.o
    0x08014fb4   0x08014fb4   0x000001e8   Code   RO         4436    i.SCPI_ErrorTranslate  error.o
    0x0801519c   0x0801519c   0x00000008   Code   RO         4622    i.SCPI_EventClear   ieee488.o
    0x080151a4   0x080151a4   0x000000d8   Code   RO         4494    i.SCPI_ExprChannelListEntry  expression.o
    0x0801527c   0x0801527c   0x00000028   Code   RO         5467    i.SCPI_FloatToStr   utils.o
    0x080152a4   0x080152a4   0x0000004e   Code   RO         4993    i.SCPI_Init         parser.o
    0x080152f2   0x080152f2   0x000000ae   Code   RO         4994    i.SCPI_Input        parser.o
    0x080153a0   0x080153a0   0x000000cc   Code   RO         5433    i.SCPI_NumberToStr  units.o
    0x0801546c   0x0801546c   0x00000044   Code   RO         4997    i.SCPI_ParamArbitraryBlock  parser.o
    0x080154b0   0x080154b0   0x00000058   Code   RO         5004    i.SCPI_ParamBool    parser.o
    0x08015508   0x08015508   0x00000034   Code   RO         5006    i.SCPI_ParamChoice  parser.o
    0x0801553c   0x0801553c   0x0000007c   Code   RO         5007    i.SCPI_ParamCopyText  parser.o
    0x080155b8   0x080155b8   0x00000058   Code   RO         5008    i.SCPI_ParamDouble  parser.o
    0x08015610   0x08015610   0x00000058   Code   RO         5010    i.SCPI_ParamFloat   parser.o
    0x08015668   0x08015668   0x00000006   Code   RO         5011    i.SCPI_ParamInt32   parser.o
    0x0801566e   0x0801566e   0x0000001e   Code   RO         5013    i.SCPI_ParamIsNumber  parser.o
    0x0801568c   0x0801568c   0x000000ec   Code   RO         5434    i.SCPI_ParamNumber  units.o
    0x08015778   0x08015778   0x0000007c   Code   RO         5015    i.SCPI_ParamToChoice  parser.o
    0x080157f4   0x080157f4   0x00000050   Code   RO         5016    i.SCPI_ParamToDouble  parser.o
    0x08015844   0x08015844   0x0000004c   Code   RO         5017    i.SCPI_ParamToFloat  parser.o
    0x08015890   0x08015890   0x00000006   Code   RO         5018    i.SCPI_ParamToInt32  parser.o
    0x08015896   0x08015896   0x00000006   Code   RO         5020    i.SCPI_ParamToUInt32  parser.o
    0x0801589c   0x0801589c   0x00000006   Code   RO         5021    i.SCPI_ParamToUInt64  parser.o
    0x080158a2   0x080158a2   0x00000006   Code   RO         5022    i.SCPI_ParamUInt32  parser.o
    0x080158a8   0x080158a8   0x0000009c   Code   RO         5024    i.SCPI_Parameter    parser.o
    0x08015944   0x08015944   0x00000118   Code   RO         5025    i.SCPI_Parse        parser.o
    0x08015a5c   0x08015a5c   0x0000001a   Code   RO         4623    i.SCPI_RegClearBits  ieee488.o
    0x08015a76   0x08015a76   0x00000014   Code   RO         4624    i.SCPI_RegGet       ieee488.o
    0x08015a8a   0x08015a8a   0x000000c2   Code   RO         4625    i.SCPI_RegSet       ieee488.o
    0x08015b4c   0x08015b4c   0x00000018   Code   RO         4626    i.SCPI_RegSetBits   ieee488.o
    0x08015b64   0x08015b64   0x00000022   Code   RO         5026    i.SCPI_ResultArbitraryBlock  parser.o
    0x08015b86   0x08015b86   0x00000002   PAD
    0x08015b88   0x08015b88   0x00000030   Code   RO         5027    i.SCPI_ResultArbitraryBlockData  parser.o
    0x08015bb8   0x08015bb8   0x00000038   Code   RO         5028    i.SCPI_ResultArbitraryBlockHeader  parser.o
    0x08015bf0   0x08015bf0   0x00000026   Code   RO         5040    i.SCPI_ResultCharacters  parser.o
    0x08015c16   0x08015c16   0x00000034   Code   RO         5041    i.SCPI_ResultDouble  parser.o
    0x08015c4a   0x08015c4a   0x00000002   PAD
    0x08015c4c   0x08015c4c   0x000000f0   Code   RO         5042    i.SCPI_ResultError  parser.o
    0x08015d3c   0x08015d3c   0x00000032   Code   RO         5043    i.SCPI_ResultFloat  parser.o
    0x08015d6e   0x08015d6e   0x00000008   Code   RO         5044    i.SCPI_ResultInt32  parser.o
    0x08015d76   0x08015d76   0x0000000e   Code   RO         4900    i.SCPI_StatusPreset  minimal.o
    0x08015d84   0x08015d84   0x0000001e   Code   RO         4902    i.SCPI_StatusQuestionableEnable  minimal.o
    0x08015da2   0x08015da2   0x00000016   Code   RO         4903    i.SCPI_StatusQuestionableEnableQ  minimal.o
    0x08015db8   0x08015db8   0x00000020   Code   RO         4904    i.SCPI_StatusQuestionableEventQ  minimal.o
    0x08015dd8   0x08015dd8   0x0000000c   Code   RO         4906    i.SCPI_StubQ        minimal.o
    0x08015de4   0x08015de4   0x00000014   Code   RO         4907    i.SCPI_SystemErrorCountQ  minimal.o
    0x08015df8   0x08015df8   0x00000016   Code   RO         4908    i.SCPI_SystemErrorNextQ  minimal.o
    0x08015e0e   0x08015e0e   0x00000002   PAD
    0x08015e10   0x08015e10   0x00000018   Code   RO         4909    i.SCPI_SystemVersionQ  minimal.o
    0x08015e28   0x08015e28   0x0000000c   Code   RO         5474    i.SCPI_UInt32ToStrBase  utils.o
    0x08015e34   0x08015e34   0x00000034   Code   RO         3062    i.SCPI_Write        main.o
    0x08015e68   0x08015e68   0x00000068   Code   RO         4012    i.SPI_AD7689_Read   ad7689.o
    0x08015ed0   0x08015ed0   0x00000014   Code   RO         2150    i.SPI_Cmd           stm32f10x_spi.o
    0x08015ee4   0x08015ee4   0x0000000e   Code   RO         2158    i.SPI_I2S_GetFlagStatus  stm32f10x_spi.o
    0x08015ef2   0x08015ef2   0x00000004   Code   RO         2161    i.SPI_I2S_ReceiveData  stm32f10x_spi.o
    0x08015ef6   0x08015ef6   0x00000004   Code   RO         2162    i.SPI_I2S_SendData  stm32f10x_spi.o
    0x08015efa   0x08015efa   0x00000038   Code   RO         2163    i.SPI_Init          stm32f10x_spi.o
    0x08015f32   0x08015f32   0x00000002   Code   RO         3258    i.SVC_Handler       stm32f10x_it.o
    0x08015f34   0x08015f34   0x00000020   Code   RO         3961    i.Sence_SW_CONT     menu.o
    0x08015f54   0x08015f54   0x000000a8   Code   RO         3358    i.SetSysClockTo72   system_stm32f10x.o
    0x08015ffc   0x08015ffc   0x00000038   Code   RO         3259    i.SysTick_Handler   stm32f10x_it.o
    0x08016034   0x08016034   0x00000044   Code   RO         3458    i.SysTick_Init      bsp_systick.o
    0x08016078   0x08016078   0x00000054   Code   RO         3360    i.SystemInit        system_stm32f10x.o
    0x080160cc   0x080160cc   0x0000001e   Code   RO         4115    i.TEST_ArbQ         scpi-def.o
    0x080160ea   0x080160ea   0x00000016   Code   RO         4116    i.TEST_Bool         scpi-def.o
    0x08016100   0x08016100   0x0000014a   Code   RO         4117    i.TEST_Chanlst      scpi-def.o
    0x0801624a   0x0801624a   0x00000002   PAD
    0x0801624c   0x0801624c   0x00000030   Code   RO         4118    i.TEST_ChoiceQ      scpi-def.o
    0x0801627c   0x0801627c   0x00000010   Code   RO         4119    i.TEST_Numbers      scpi-def.o
    0x0801628c   0x0801628c   0x0000001e   Code   RO         4120    i.TEST_Text         scpi-def.o
    0x080162aa   0x080162aa   0x00000002   PAD
    0x080162ac   0x080162ac   0x0000008c   Code   RO         3260    i.TIM4_IRQHandler   stm32f10x_it.o
    0x08016338   0x08016338   0x0000005c   Code   RO         3826    i.TIM6_Config       tim6.o
    0x08016394   0x08016394   0x00000006   Code   RO         2298    i.TIM_ClearITPendingBit  stm32f10x_tim.o
    0x0801639a   0x0801639a   0x00000014   Code   RO         2303    i.TIM_Cmd           stm32f10x_tim.o
    0x080163ae   0x080163ae   0x00000010   Code   RO         2328    i.TIM_ITConfig      stm32f10x_tim.o
    0x080163be   0x080163be   0x00000002   PAD
    0x080163c0   0x080163c0   0x0000009c   Code   RO         2374    i.TIM_TimeBaseInit  stm32f10x_tim.o
    0x0801645c   0x0801645c   0x0000004c   Code   RO         3933    i.Temp_Comapre      fan_pro.o
    0x080164a8   0x080164a8   0x00000014   Code   RO         3459    i.TimingDelay_Decrement  bsp_systick.o
    0x080164bc   0x080164bc   0x00000f38   Code   RO         3757    i.Transformation_ADC  modbus.o
    0x080173f4   0x080173f4   0x000003cc   Code   RO         3758    i.UART1_Action      modbus.o
    0x080177c0   0x080177c0   0x0000005c   Code   RO         3840    i.UART1_Send        usart.o
    0x0801781c   0x0801781c   0x0000005c   Code   RO         3841    i.UART2_Send        usart.o
    0x08017878   0x08017878   0x000003cc   Code   RO         3759    i.UART3_Action      modbus.o
    0x08017c44   0x08017c44   0x0000005c   Code   RO         3842    i.UART3_Send        usart.o
    0x08017ca0   0x08017ca0   0x00001574   Code   RO         3760    i.UART_Action       modbus.o
    0x08019214   0x08019214   0x000000c8   Code   RO         5477    i.UInt32ToStrBaseSign  utils.o
    0x080192dc   0x080192dc   0x0000017c   Code   RO         3261    i.USART1_IRQHandler  stm32f10x_it.o
    0x08019458   0x08019458   0x0000005c   Code   RO         3843    i.USART1_NVIC_Config  usart.o
    0x080194b4   0x080194b4   0x00000094   Code   RO         3844    i.USART2_Configuration  usart.o
    0x08019548   0x08019548   0x0000010c   Code   RO         3262    i.USART2_IRQHandler  stm32f10x_it.o
    0x08019654   0x08019654   0x00000098   Code   RO         3845    i.USART3_Configuration  usart.o
    0x080196ec   0x080196ec   0x0000011c   Code   RO         3263    i.USART3_IRQHandler  stm32f10x_it.o
    0x08019808   0x08019808   0x00000006   Code   RO         2822    i.USART_ClearFlag   stm32f10x_usart.o
    0x0801980e   0x0801980e   0x0000000c   Code   RO         2823    i.USART_ClearITPendingBit  stm32f10x_usart.o
    0x0801981a   0x0801981a   0x00000014   Code   RO         2826    i.USART_Cmd         stm32f10x_usart.o
    0x0801982e   0x0801982e   0x00000002   PAD
    0x08019830   0x08019830   0x000000a8   Code   RO         3846    i.USART_Configuration  usart.o
    0x080198d8   0x080198d8   0x0000000e   Code   RO         2829    i.USART_GetFlagStatus  stm32f10x_usart.o
    0x080198e6   0x080198e6   0x0000003e   Code   RO         2830    i.USART_GetITStatus  stm32f10x_usart.o
    0x08019924   0x08019924   0x00000030   Code   RO         2832    i.USART_ITConfig    stm32f10x_usart.o
    0x08019954   0x08019954   0x000000ac   Code   RO         2833    i.USART_Init        stm32f10x_usart.o
    0x08019a00   0x08019a00   0x00000008   Code   RO         2840    i.USART_ReceiveData  stm32f10x_usart.o
    0x08019a08   0x08019a08   0x00000008   Code   RO         2843    i.USART_SendData    stm32f10x_usart.o
    0x08019a10   0x08019a10   0x00000002   Code   RO         3264    i.UsageFault_Handler  stm32f10x_it.o
    0x08019a12   0x08019a12   0x00000002   PAD
    0x08019a14   0x08019a14   0x00000028   Code   RO         4121    i.VOFFQ             scpi-def.o
    0x08019a3c   0x08019a3c   0x00000040   Code   RO         4122    i.VOFFSET           scpi-def.o
    0x08019a7c   0x08019a7c   0x00000038   Code   RO         4123    i.VOLTAGEQ          scpi-def.o
    0x08019ab4   0x08019ab4   0x00000028   Code   RO         4124    i.VONQ              scpi-def.o
    0x08019adc   0x08019adc   0x00000040   Code   RO         4125    i.VONSET            scpi-def.o
    0x08019b1c   0x08019b1c   0x00000028   Code   RO         4126    i.VPROTECTQ         scpi-def.o
    0x08019b44   0x08019b44   0x00000040   Code   RO         4127    i.VPROTECTSET       scpi-def.o
    0x08019b84   0x08019b84   0x0000001c   Code   RO         4128    i.VRANGEQ           scpi-def.o
    0x08019ba0   0x08019ba0   0x00000030   Code   RO         4129    i.VRANGESET         scpi-def.o
    0x08019bd0   0x08019bd0   0x00000058   Code   RO         3962    i.V_SW_COTNR        menu.o
    0x08019c28   0x08019c28   0x0000004c   Code   RO         3583    i.Write_ADDR        flash.o
    0x08019c74   0x08019c74   0x00000010   Code   RO         3584    i.Write_bootflag    flash.o
    0x08019c84   0x08019c84   0x00000014   Code   RO         3585    i.Write_bootmode    flash.o
    0x08019c98   0x08019c98   0x00000030   Code   RO         5964    i.__0snprintf       mc_w.l(printfa.o)
    0x08019cc8   0x08019cc8   0x00000008   Code   RO         6051    i.__aeabi_errno_addr  mc_w.l(errno.o)
    0x08019cd0   0x08019cd0   0x00000010   Code   RO         6077    i.__mathlib_narrow  m_ws.l(narrow.o)
    0x08019ce0   0x08019ce0   0x000000bc   Code   RO         6078    i.__mathlib_tofloat  m_ws.l(narrow.o)
    0x08019d9c   0x08019d9c   0x0000000e   Code   RO         6106    i.__scatterload_copy  mc_w.l(handlers.o)
    0x08019daa   0x08019daa   0x00000002   Code   RO         6107    i.__scatterload_null  mc_w.l(handlers.o)
    0x08019dac   0x08019dac   0x0000000e   Code   RO         6108    i.__scatterload_zeroinit  mc_w.l(handlers.o)
    0x08019dba   0x08019dba   0x00000002   PAD
    0x08019dbc   0x08019dbc   0x0000000c   Code   RO         6053    i.__set_errno       mc_w.l(errno.o)
    0x08019dc8   0x08019dc8   0x00000184   Code   RO         5970    i._fp_digits        mc_w.l(printfa.o)
    0x08019f4c   0x08019f4c   0x0000000e   Code   RO         6091    i._is_digit         mc_w.l(scanf_fp.o)
    0x08019f5a   0x08019f5a   0x00000002   PAD
    0x08019f5c   0x08019f5c   0x000006dc   Code   RO         5971    i._printf_core      mc_w.l(printfa.o)
    0x0801a638   0x0801a638   0x00000024   Code   RO         5972    i._printf_post_padding  mc_w.l(printfa.o)
    0x0801a65c   0x0801a65c   0x0000002e   Code   RO         5973    i._printf_pre_padding  mc_w.l(printfa.o)
    0x0801a68a   0x0801a68a   0x00000016   Code   RO         5974    i._snputc           mc_w.l(printfa.o)
    0x0801a6a0   0x0801a6a0   0x0000006c   Code   RO         4498    i.channelRange      expression.o
    0x0801a70c   0x0801a70c   0x0000004c   Code   RO         4499    i.channelSpec       expression.o
    0x0801a758   0x0801a758   0x0000001a   Code   RO         5480    i.compareStr        utils.o
    0x0801a772   0x0801a772   0x00000064   Code   RO         5481    i.compareStrAndNum  utils.o
    0x0801a7d6   0x0801a7d6   0x0000004c   Code   RO         5482    i.composeCompoundCommand  utils.o
    0x0801a822   0x0801a822   0x0000003e   Code   RO         4553    i.fifo_add          fifo.o
    0x0801a860   0x0801a860   0x0000000a   Code   RO         4554    i.fifo_clear        fifo.o
    0x0801a86a   0x0801a86a   0x00000008   Code   RO         4555    i.fifo_count        fifo.o
    0x0801a872   0x0801a872   0x0000000e   Code   RO         4556    i.fifo_init         fifo.o
    0x0801a880   0x0801a880   0x0000000c   Code   RO         4557    i.fifo_is_empty     fifo.o
    0x0801a88c   0x0801a88c   0x00000014   Code   RO         4558    i.fifo_is_full      fifo.o
    0x0801a8a0   0x0801a8a0   0x0000003c   Code   RO         4559    i.fifo_remove       fifo.o
    0x0801a8dc   0x0801a8dc   0x0000003c   Code   RO         4560    i.fifo_remove_last  fifo.o
    0x0801a918   0x0801a918   0x00000058   Code   RO         5662    i.frexp             m_ws.l(frexp.o)
    0x0801a970   0x0801a970   0x00000028   Code   RO         5049    i.getBasePrefix     parser.o
    0x0801a998   0x0801a998   0x00000048   Code   RO         3653    i.i2c_CfgGpio       iic_24c01.o
    0x0801a9e0   0x0801a9e0   0x0000001a   Code   RO         3655    i.i2c_Delay         iic_24c01.o
    0x0801a9fa   0x0801a9fa   0x00000002   PAD
    0x0801a9fc   0x0801a9fc   0x00000038   Code   RO         3656    i.i2c_NAck          iic_24c01.o
    0x0801aa34   0x0801aa34   0x00000064   Code   RO         3657    i.i2c_ReadByte      iic_24c01.o
    0x0801aa98   0x0801aa98   0x00000078   Code   RO         3658    i.i2c_SendByte      iic_24c01.o
    0x0801ab10   0x0801ab10   0x00000040   Code   RO         3659    i.i2c_Start         iic_24c01.o
    0x0801ab50   0x0801ab50   0x0000002c   Code   RO         3660    i.i2c_Stop          iic_24c01.o
    0x0801ab7c   0x0801ab7c   0x00000048   Code   RO         3661    i.i2c_WaitAck       iic_24c01.o
    0x0801abc4   0x0801abc4   0x0000002c   Code   RO         3063    i.iap_load_app      main.o
    0x0801abf0   0x0801abf0   0x0000000c   Code   RO         5050    i.invalidateToken   parser.o
    0x0801abfc   0x0801abfc   0x00000010   Code   RO         4739    i.ischr             lexer.o
    0x0801ac0c   0x0801ac0c   0x00000014   Code   RO         4740    i.iseos             lexer.o
    0x0801ac20   0x0801ac20   0x0000013c   Code   RO         3064    i.main              main.o
    0x0801ad5c   0x0801ad5c   0x000001e8   Code   RO         5483    i.matchCommand      utils.o
    0x0801af44   0x0801af44   0x00000074   Code   RO         5484    i.matchPattern      utils.o
    0x0801afb8   0x0801afb8   0x00000020   Code   RO         5485    i.patternSeparatorPos  utils.o
    0x0801afd8   0x0801afd8   0x0000002a   Code   RO         5486    i.patternSeparatorShortPos  utils.o
    0x0801b002   0x0801b002   0x00000066   Code   RO         5051    i.processCommand    parser.o
    0x0801b068   0x0801b068   0x00000018   Code   RO         4627    i.regUpdate         ieee488.o
    0x0801b080   0x0801b080   0x0000001c   Code   RO         4628    i.regUpdateEvent    ieee488.o
    0x0801b09c   0x0801b09c   0x0000002a   Code   RO         4629    i.regUpdateSTB      ieee488.o
    0x0801b0c6   0x0801b0c6   0x0000004e   Code   RO         5053    i.resultUInt32BaseSign  parser.o
    0x0801b114   0x0801b114   0x000000ce   Code   RO         4741    i.scpiLex_ArbitraryBlockProgramData  lexer.o
    0x0801b1e2   0x0801b1e2   0x00000068   Code   RO         4742    i.scpiLex_CharacterProgramData  lexer.o
    0x0801b24a   0x0801b24a   0x00000024   Code   RO         4743    i.scpiLex_Colon     lexer.o
    0x0801b26e   0x0801b26e   0x00000024   Code   RO         4744    i.scpiLex_Comma     lexer.o
    0x0801b292   0x0801b292   0x0000007e   Code   RO         4745    i.scpiLex_DecimalNumericProgramData  lexer.o
    0x0801b310   0x0801b310   0x00000004   Code   RO         4746    i.scpiLex_IsEos     lexer.o
    0x0801b314   0x0801b314   0x0000003a   Code   RO         4747    i.scpiLex_NewLine   lexer.o
    0x0801b34e   0x0801b34e   0x000000fa   Code   RO         4748    i.scpiLex_NondecimalNumericData  lexer.o
    0x0801b448   0x0801b448   0x0000008e   Code   RO         4749    i.scpiLex_ProgramExpression  lexer.o
    0x0801b4d6   0x0801b4d6   0x000000c0   Code   RO         4750    i.scpiLex_ProgramHeader  lexer.o
    0x0801b596   0x0801b596   0x00000022   Code   RO         4751    i.scpiLex_Semicolon  lexer.o
    0x0801b5b8   0x0801b5b8   0x00000024   Code   RO         4752    i.scpiLex_SpecificCharacter  lexer.o
    0x0801b5dc   0x0801b5dc   0x00000088   Code   RO         4753    i.scpiLex_StringProgramData  lexer.o
    0x0801b664   0x0801b664   0x00000078   Code   RO         4754    i.scpiLex_SuffixProgramData  lexer.o
    0x0801b6dc   0x0801b6dc   0x00000026   Code   RO         4755    i.scpiLex_WhiteSpace  lexer.o
    0x0801b702   0x0801b702   0x00000002   PAD
    0x0801b704   0x0801b704   0x000000b6   Code   RO         5055    i.scpiParser_detectProgramMessageUnit  parser.o
    0x0801b7ba   0x0801b7ba   0x00000072   Code   RO         5056    i.scpiParser_parseAllProgramData  parser.o
    0x0801b82c   0x0801b82c   0x0000008c   Code   RO         5057    i.scpiParser_parseProgramData  parser.o
    0x0801b8b8   0x0801b8b8   0x0000002c   Code   RO         4756    i.skipAlpha         lexer.o
    0x0801b8e4   0x0801b8e4   0x00000024   Code   RO         4757    i.skipChr           lexer.o
    0x0801b908   0x0801b908   0x00000022   Code   RO         4758    i.skipColon         lexer.o
    0x0801b92a   0x0801b92a   0x00000026   Code   RO         4759    i.skipDigit         lexer.o
    0x0801b950   0x0801b950   0x0000002a   Code   RO         4760    i.skipNumbers       lexer.o
    0x0801b97a   0x0801b97a   0x00000022   Code   RO         4761    i.skipPlusmn        lexer.o
    0x0801b99c   0x0801b99c   0x00000060   Code   RO         4762    i.skipProgramMnemonic  lexer.o
    0x0801b9fc   0x0801b9fc   0x00000052   Code   RO         4763    i.skipQuoteProgramData  lexer.o
    0x0801ba4e   0x0801ba4e   0x00000002   PAD
    0x0801ba50   0x0801ba50   0x00000028   Code   RO         5488    i.skipWhitespace    utils.o
    0x0801ba78   0x0801ba78   0x00000026   Code   RO         4764    i.skipWs            lexer.o
    0x0801ba9e   0x0801ba9e   0x00000014   Code   RO         5489    i.strBaseToInt32    utils.o
    0x0801bab2   0x0801bab2   0x00000016   Code   RO         5490    i.strBaseToInt64    utils.o
    0x0801bac8   0x0801bac8   0x00000014   Code   RO         5491    i.strBaseToUInt32   utils.o
    0x0801badc   0x0801badc   0x00000016   Code   RO         5492    i.strBaseToUInt64   utils.o
    0x0801baf2   0x0801baf2   0x00000016   Code   RO         5493    i.strToDouble       utils.o
    0x0801bb08   0x0801bb08   0x00000014   Code   RO         5494    i.strToFloat        utils.o
    0x0801bb1c   0x0801bb1c   0x0000002a   Code   RO         5495    i.strnpbrk          utils.o
    0x0801bb46   0x0801bb46   0x0000001c   Code   RO         5670    i.strtod            m_ws.l(strtod.o)
    0x0801bb62   0x0801bb62   0x00000014   Code   RO         5674    i.strtof            m_ws.l(strtof.o)
    0x0801bb76   0x0801bb76   0x0000007c   Code   RO         5435    i.transformNumber   units.o
    0x0801bbf2   0x0801bbf2   0x00000002   PAD
    0x0801bbf4   0x0801bbf4   0x000003a0   Code   RO         3963    i.worke_mode        menu.o
    0x0801bf94   0x0801bf94   0x0000000c   Code   RO         5058    i.writeData         parser.o
    0x0801bfa0   0x0801bfa0   0x00000018   Code   RO         5059    i.writeDelimiter    parser.o
    0x0801bfb8   0x0801bfb8   0x00000018   Code   RO         5060    i.writeSemicolon    parser.o
    0x0801bfd0   0x0801bfd0   0x00000005   Data   RO         4134    .constdata          scpi-def.o
    0x0801bfd5   0x0801bfd5   0x00000003   PAD
    0x0801bfd8   0x0801bfd8   0x0000048c   Data   RO         4135    .constdata          scpi-def.o
    0x0801c464   0x0801c464   0x00000036   Data   RO         4437    .constdata          error.o
    0x0801c49a   0x0801c49a   0x00000002   PAD
    0x0801c49c   0x0801c49c   0x00000024   Data   RO         5061    .constdata          parser.o
    0x0801c4c0   0x0801c4c0   0x000001b0   Data   RO         5436    .constdata          units.o
    0x0801c670   0x0801c670   0x00000050   Data   RO         5437    .constdata          units.o
    0x0801c6c0   0x0801c6c0   0x00000081   Data   RO         5683    .constdata          mc_w.l(ctype_o.o)
    0x0801c741   0x0801c741   0x00000003   PAD
    0x0801c744   0x0801c744   0x00000004   Data   RO         5684    .constdata          mc_w.l(ctype_o.o)
    0x0801c748   0x0801c748   0x00000070   Data   RO         4136    .conststring        scpi-def.o
    0x0801c7b8   0x0801c7b8   0x0000057a   Data   RO         4137    .conststring        scpi-def.o
    0x0801cd32   0x0801cd32   0x00000002   PAD
    0x0801cd34   0x0801cd34   0x00000073   Data   RO         5438    .conststring        units.o
    0x0801cda7   0x0801cda7   0x00000001   PAD
    0x0801cda8   0x0801cda8   0x00000041   Data   RO         5439    .conststring        units.o
    0x0801cde9   0x0801cde9   0x00000003   PAD
    0x0801cdec   0x0801cdec   0x00000020   Data   RO         6104    Region$$Table       anon$$obj.o


    Execution Region RW_IRAM1 (Exec base: 0x20000000, Load base: 0x0801ce0c, Size: 0x00001368, Max: 0x00005000, ABSOLUTE, COMPRESSED[0x00000064])

    Exec Addr    Load Addr    Size         Type   Attr      Idx    E Section Name        Object

    0x20000000   COMPRESSED   0x00000014   Data   RW         1702    .data               stm32f10x_rcc.o
    0x20000014   COMPRESSED   0x0000000c   Data   RW         3066    .data               main.o
    0x20000020   COMPRESSED   0x00000004   Data   RW         3067    .data               main.o
    0x20000024   COMPRESSED   0x00000004   Data   RW         3068    .data               main.o
    0x20000028   COMPRESSED   0x0000000c   Data   RW         3265    .data               stm32f10x_it.o
    0x20000034   COMPRESSED   0x00000014   Data   RW         3361    .data               system_stm32f10x.o
    0x20000048   COMPRESSED   0x00000006   Data   RW         3391    .data               adc.o
    0x2000004e   COMPRESSED   0x00000002   Data   RW         3392    .data               adc.o
    0x20000050   COMPRESSED   0x00000002   Data   RW         3393    .data               adc.o
    0x20000052   COMPRESSED   0x00000002   PAD
    0x20000054   COMPRESSED   0x00000004   Data   RW         3460    .data               bsp_systick.o
    0x20000058   COMPRESSED   0x00000001   Data   RW         3497    .data               at24c01.o
    0x20000059   COMPRESSED   0x00000001   Data   RW         3542    .data               clock.o
    0x2000005a   COMPRESSED   0x00000002   PAD
    0x2000005c   COMPRESSED   0x00000038   Data   RW         3763    .data               modbus.o
    0x20000094   COMPRESSED   0x00000008   Data   RW         3853    .data               usart.o
    0x2000009c   COMPRESSED   0x00000001   Data   RW         3854    .data               usart.o
    0x2000009d   COMPRESSED   0x00000001   Data   RW         3855    .data               usart.o
    0x2000009e   COMPRESSED   0x0000000c   Data   RW         3935    .data               fan_pro.o
    0x200000aa   COMPRESSED   0x00000002   PAD
    0x200000ac   COMPRESSED   0x00000008   Data   RW         3964    .data               menu.o
    0x200000b4   COMPRESSED   0x00000003   Data   RW         4015    .data               ad7689.o
    0x200000b7   COMPRESSED   0x00000001   PAD
    0x200000b8   COMPRESSED   0x00000080   Data   RW         4138    .data               scpi-def.o
    0x20000138   COMPRESSED   0x00000014   Data   RW         4139    .data               scpi-def.o
    0x2000014c   COMPRESSED   0x00000004   Data   RW         6054    .data               mc_w.l(errno.o)
    0x20000150        -       0x00000190   Zero   RW         3390    .bss                adc.o
    0x200002e0        -       0x000001e4   Zero   RW         3762    .bss                modbus.o
    0x200004c4        -       0x000000c8   Zero   RW         3850    .bss                usart.o
    0x2000058c        -       0x00000190   Zero   RW         3851    .bss                usart.o
    0x2000071c        -       0x000000c8   Zero   RW         3852    .bss                usart.o
    0x200007e4        -       0x000001c8   Zero   RW         4013    .bss                ad7689.o
    0x200009ac        -       0x00000100   Zero   RW         4131    .bss                scpi-def.o
    0x20000aac        -       0x00000022   Zero   RW         4132    .bss                scpi-def.o
    0x20000ace   COMPRESSED   0x00000002   PAD
    0x20000ad0        -       0x00000098   Zero   RW         4133    .bss                scpi-def.o
    0x20000b68        -       0x00000800   Zero   RW           17    STACK               startup_stm32f10x_hd.o


==============================================================================

Image component sizes


      Code (inc. data)   RO Data    RW Data    ZI Data      Debug   Object Name

       698         40          0          3        456       3970   ad7689.o
       528         22          0         10        400       2597   adc.o
       188          4          0          1          0       1170   at24c01.o
        88         14          0          4          0      16182   bsp_systick.o
       108          6          0          1          0        663   clock.o
         0          0          0          0          0       4588   core_cm3.o
       220          8          0          0          0       1025   dac.o
       846        330         54          0          0       6371   error.o
       400          6          0          0          0      10548   expression.o
       532         36          0         12          0       1618   fan_pro.o
       246          0          0          0          0      10211   fifo.o
      7106         44          0          0          0       5253   flash.o
       156         22          0          0          0        488   gpio.o
       676         16          0          0          0      11252   ieee488.o
       554         32          0          0          0       4484   iic_24c01.o
        34          0          0          0          0        420   iwdg.o
      1998          0          0          0          0      20286   lexer.o
       418         88          0         20          0     231012   main.o
      1364        104          0          8          0       4099   menu.o
       176         10          0          0          0       4089   minimal.o
       140         24          0          0          0     275773   misc.o
     11692        228          0         56        484      21407   modbus.o
      3116        158         36          0          0      37588   parser.o
      3276        572       2683        148        442      40036   scpi-def.o
        36          8        304          0       2048        784   startup_stm32f10x_hd.o
       364         22          0          0          0       7574   stm32f10x_adc.o
       348         18          0          0          0       4465   stm32f10x_dma.o
        44         12          0          0          0        989   stm32f10x_flash.o
       474         34          0          0          0       5250   stm32f10x_gpio.o
      1186        124          0         12          0       7170   stm32f10x_it.o
        68         30          0          0          0       2262   stm32f10x_iwdg.o
       596        106          0         20          0      11382   stm32f10x_rcc.o
        98          0          0          0          0       3598   stm32f10x_spi.o
       198         42          0          0          0       3555   stm32f10x_tim.o
       350          6          0          0          0       6937   stm32f10x_usart.o
       252         30          0         20          0       1669   system_stm32f10x.o
        92          4          0          0          0        942   tim6.o
       564         26        692          0          0       4136   units.o
       916        100          0         10        800       6516   usart.o
      1398         56          0          0          0      21194   utils.o

    ----------------------------------------------------------------------
     41592       2382       3812        332       4632     803553   Object Totals
         0          0         32          0          0          0   (incl. Generated)
        48          0         11          7          2          0   (incl. Padding)

    ----------------------------------------------------------------------

      Code (inc. data)   RO Data    RW Data    ZI Data      Debug   Library Member Name

        88          8          0          0          0         76   frexp.o
       204          4          0          0          0        168   narrow.o
        28          0          0          0          0         80   strtod.o
        20          0          0          0          0         76   strtof.o
        86          0          0          0          0          0   __dczerorl2.o
       144          0          0          0          0         88   __strtoll.o
       124          0          0          0          0         92   __strtoull.o
        28          0          0          0          0         68   _chval.o
        64          0          0          0          0         84   _sgetc.o
       158          0          0          0          0         92   _strtoul.o
       194          0          0          0          0         96   _strtoull.o
         8          4        133          0          0         68   ctype_o.o
         0          0          0          0          0          0   entry.o
         0          0          0          0          0          0   entry10a.o
         0          0          0          0          0          0   entry11a.o
         8          4          0          0          0          0   entry2.o
         4          0          0          0          0          0   entry5.o
         0          0          0          0          0          0   entry7b.o
         0          0          0          0          0          0   entry8b.o
         8          4          0          0          0          0   entry9a.o
        20         10          0          4          0        136   errno.o
        30          0          0          0          0          0   handlers.o
        36          8          0          0          0         68   init.o
        18          0          0          0          0         76   isspace_o.o
         0          0          0          0          0          0   iusefp.o
        30          0          0          0          0         68   llshl.o
        36          0          0          0          0         68   llsshr.o
        32          0          0          0          0         68   llushr.o
        64          0          0          0          0         76   memmovea.o
        36          0          0          0          0        108   memseta.o
      2296         84          0          0          0        520   printfa.o
       878         12          0          0          0        216   scanf_fp.o
        14          0          0          0          0         68   strlen.o
        50          0          0          0          0         84   strncasecmp.o
        40          0          0          0          0         76   strncat.o
        24          0          0          0          0         76   strncpy.o
       156         12          0          0          0        120   strtod.o
        26          0          0          0          0         80   strtof.o
       112          0          0          0          0         88   strtol.o
         4          0          0          0          0         68   strtoll.o
       114          0          0          0          0         92   strtoul.o
         4          0          0          0          0         68   strtoull.o
        12          0          0          0          0         68   tolower.o
        44          0          0          0          0         80   uidiv.o
        98          0          0          0          0         92   uldiv.o
        48          0          0          0          0         68   cdcmple.o
        48          0          0          0          0         68   cdrcmple.o
        20          0          0          0          0         68   cfrcmple.o
        56          0          0          0          0         88   d2f.o
       334          0          0          0          0        148   dadd.o
       222          0          0          0          0        100   ddiv.o
       186          0          0          0          0        176   depilogue.o
        48          0          0          0          0         68   dfixul.o
        24          0          0          0          0         76   dfltul.o
       228          0          0          0          0         96   dmul.o
        46          0          0          0          0         80   dscalb.o
        38          0          0          0          0         68   f2d.o
       176          0          0          0          0        140   fadd.o
       124          0          0          0          0         88   fdiv.o
       110          0          0          0          0        168   fepilogue.o
        40          0          0          0          0         68   ffixui.o
        10          0          0          0          0         68   ffltui.o
       100          0          0          0          0         76   fmul.o
         4          0          0          0          0         68   fpstat.o

    ----------------------------------------------------------------------
      7208        150        136          4          0       5232   Library Totals
         6          0          3          0          0          0   (incl. Padding)

    ----------------------------------------------------------------------

      Code (inc. data)   RO Data    RW Data    ZI Data      Debug   Library Name

       340         12          0          0          0        400   m_ws.l
      5000        138        133          4          0       3052   mc_w.l
      1862          0          0          0          0       1780   mf_w.l

    ----------------------------------------------------------------------
      7208        150        136          4          0       5232   Library Totals

    ----------------------------------------------------------------------

==============================================================================


      Code (inc. data)   RO Data    RW Data    ZI Data      Debug   

     48800       2532       3948        336       4632     788373   Grand Totals
     48800       2532       3948        100       4632     788373   ELF Image Totals (compressed)
     48800       2532       3948        100          0          0   ROM Totals

==============================================================================

    Total RO  Size (Code + RO Data)                52748 (  51.51kB)
    Total RW  Size (RW Data + ZI Data)              4968 (   4.85kB)
    Total ROM Size (Code + RO Data + RW Data)      52848 (  51.61kB)

==============================================================================

