Component: ARM Compiler 5.06 update 6 (build 750) Tool: armlink [4d35ed]

==============================================================================

Section Cross References

    startup_stm32f10x_hd.o(STACK) refers (Special) to heapauxi.o(.text) for __use_two_region_memory
    startup_stm32f10x_hd.o(HEAP) refers (Special) to heapauxi.o(.text) for __use_two_region_memory
    startup_stm32f10x_hd.o(RESET) refers (Special) to heapauxi.o(.text) for __use_two_region_memory
    startup_stm32f10x_hd.o(RESET) refers to startup_stm32f10x_hd.o(STACK) for __initial_sp
    startup_stm32f10x_hd.o(RESET) refers to startup_stm32f10x_hd.o(.text) for Reset_Handler
    startup_stm32f10x_hd.o(RESET) refers to stm32f10x_it.o(.text) for NMI_Handler
    startup_stm32f10x_hd.o(.text) refers (Special) to heapauxi.o(.text) for __use_two_region_memory
    startup_stm32f10x_hd.o(.text) refers to system_stm32f10x.o(.text) for SystemInit
    startup_stm32f10x_hd.o(.text) refers to __main.o(!!!main) for __main
    startup_stm32f10x_hd.o(.text) refers to startup_stm32f10x_hd.o(HEAP) for Heap_Mem
    startup_stm32f10x_hd.o(.text) refers to startup_stm32f10x_hd.o(STACK) for Stack_Mem
    stm32f10x_adc.o(.text) refers to stm32f10x_rcc.o(.text) for RCC_APB2PeriphResetCmd
    stm32f10x_bkp.o(.text) refers to stm32f10x_rcc.o(.text) for RCC_BackupResetCmd
    stm32f10x_can.o(.text) refers to stm32f10x_rcc.o(.text) for RCC_APB1PeriphResetCmd
    stm32f10x_cec.o(.text) refers to stm32f10x_rcc.o(.text) for RCC_APB1PeriphResetCmd
    stm32f10x_dac.o(.text) refers to stm32f10x_rcc.o(.text) for RCC_APB1PeriphResetCmd
    stm32f10x_gpio.o(.text) refers to stm32f10x_rcc.o(.text) for RCC_APB2PeriphResetCmd
    stm32f10x_i2c.o(.text) refers to stm32f10x_rcc.o(.text) for RCC_APB1PeriphResetCmd
    stm32f10x_pwr.o(.text) refers to stm32f10x_rcc.o(.text) for RCC_APB1PeriphResetCmd
    stm32f10x_rcc.o(.text) refers to stm32f10x_rcc.o(.data) for .data
    stm32f10x_spi.o(.text) refers to stm32f10x_rcc.o(.text) for RCC_APB2PeriphResetCmd
    stm32f10x_tim.o(.text) refers to stm32f10x_rcc.o(.text) for RCC_APB1PeriphResetCmd
    stm32f10x_usart.o(.text) refers to stm32f10x_rcc.o(.text) for RCC_APB2PeriphResetCmd
    stm32f10x_wwdg.o(.text) refers to stm32f10x_rcc.o(.text) for RCC_APB1PeriphResetCmd
    main.o(.text) refers to clock.o(.text) for RCC_Configuration
    main.o(.text) refers to bsp_systick.o(.text) for SysTick_Init
    main.o(.text) refers to gpio.o(.text) for GPIO_Conf
    main.o(.text) refers to dac.o(.text) for AD5541_GPIOCoing
    main.o(.text) refers to ad7689.o(.text) for AD7689_InitializeSPI2
    main.o(.text) refers to adc.o(.text) for ADC1_DMA_Init
    main.o(.text) refers to iic_24c01.o(.text) for i2c_CfgGpio
    main.o(.text) refers to flash.o(.text) for EEPROM_READ_Coeff
    main.o(.text) refers to usart.o(.text) for USART_Configuration
    main.o(.text) refers to tim6.o(.text) for TIM6_Config
    main.o(.text) refers to iwdg.o(.text) for IWDG_Inte
    main.o(.text) refers to stm32f10x_iwdg.o(.text) for IWDG_ReloadCounter
    main.o(.text) refers to modbus.o(.text) for UART_Action
    main.o(.text) refers to menu.o(.text) for MAXPAR_limit
    main.o(.text) refers to me_scpi.o(.text) for Me_SCPI_TASK
    main.o(.text) refers to fan_pro.o(.text) for All_protect
    main.o(.text) refers to modbus.o(.data) for Contr_DACVlue
    main.o(.text) refers to main.o(.data) for .data
    stm32f10x_it.o(.text) refers to bsp_systick.o(.text) for TimingDelay_Decrement
    stm32f10x_it.o(.text) refers to stm32f10x_usart.o(.text) for USART_GetITStatus
    stm32f10x_it.o(.text) refers to stm32f10x_tim.o(.text) for TIM_ClearITPendingBit
    stm32f10x_it.o(.text) refers to stm32f10x_dma.o(.text) for DMA_ClearITPendingBit
    stm32f10x_it.o(.text) refers to main.o(.data) for flagB
    stm32f10x_it.o(.text) refers to usart.o(.data) for t_USART
    stm32f10x_it.o(.text) refers to usart.o(.data) for UART_Buffer_Size
    stm32f10x_it.o(.text) refers to usart.o(.bss) for UART_Buffer_Rece
    stm32f10x_it.o(.text) refers to main.o(.data) for flagA
    system_stm32f10x.o(.text) refers to system_stm32f10x.o(.data) for .data
    adc.o(.text) refers to misc.o(.text) for NVIC_Init
    adc.o(.text) refers to stm32f10x_adc.o(.text) for ADC_DeInit
    adc.o(.text) refers to stm32f10x_rcc.o(.text) for RCC_APB2PeriphClockCmd
    adc.o(.text) refers to stm32f10x_gpio.o(.text) for GPIO_Init
    adc.o(.text) refers to stm32f10x_dma.o(.text) for DMA_DeInit
    adc.o(.text) refers to adc.o(.bss) for .bss
    adc.o(.text) refers to adc.o(.data) for .data
    at24c01.o(.text) refers to iic_24c01.o(.text) for i2c_CheckDevice
    at24c01.o(.text) refers to at24c01.o(.data) for .data
    beep.o(.text) refers to main.o(.data) for flagA
    beep.o(.text) refers to beep.o(.data) for .data
    bsp_systick.o(.text) refers to system_stm32f10x.o(.data) for SystemCoreClock
    bsp_systick.o(.text) refers to bsp_systick.o(.data) for .data
[...]
    _printf_flags                            0x00000000   Number         0  printf_stubs.o ABSOLUTE
    _printf_return_value                     0x00000000   Number         0  printf_stubs.o ABSOLUTE
    _printf_sizespec                         0x00000000   Number         0  printf_stubs.o ABSOLUTE
    _printf_widthprec                        0x00000000   Number         0  printf_stubs.o ABSOLUTE
    __ARM_exceptions_init                     - Undefined Weak Reference
    __alloca_initialize                       - Undefined Weak Reference
    __arm_preinit_                            - Undefined Weak Reference
    __cpp_initialize__aeabi_                  - Undefined Weak Reference
    __cxa_finalize                            - Undefined Weak Reference
    __sigvec_lookup                           - Undefined Weak Reference
    _atexit_init                              - Undefined Weak Reference
    _call_atexit_fns                          - Undefined Weak Reference
    _clock_init                               - Undefined Weak Reference
    _fp_trap_init                             - Undefined Weak Reference
    _fp_trap_shutdown                         - Undefined Weak Reference
    _get_lc_collate                           - Undefined Weak Reference
    _get_lc_monetary                          - Undefined Weak Reference
    _get_lc_time                              - Undefined Weak Reference
    _getenv_init                              - Undefined Weak Reference
    _handle_redirection                       - Undefined Weak Reference
    _init_alloc                               - Undefined Weak Reference
    _init_user_alloc                          - Undefined Weak Reference
    _initio                                   - Undefined Weak Reference
    _mutex_acquire                            - Undefined Weak Reference
    _mutex_release                            - Undefined Weak Reference
    _printf_post_padding                      - Undefined Weak Reference
    _printf_pre_padding                       - Undefined Weak Reference
    _printf_truncate_signed                   - Undefined Weak Reference
    _printf_truncate_unsigned                 - Undefined Weak Reference
    _rand_init                                - Undefined Weak Reference
    _signal_finish                            - Undefined Weak Reference
    _signal_init                              - Undefined Weak Reference
    _terminate_alloc                          - Undefined Weak Reference
    _terminate_user_alloc                     - Undefined Weak Reference
    _terminateio                              - Undefined Weak Reference
    __Vectors_Size                           0x00000130   Number         0  startup_stm32f10x_hd.o ABSOLUTE
    __Vectors                                0x08000000   Data           4  startup_stm32f10x_hd.o(RESET)
    __Vectors_End                            0x08000130   Data           0  startup_stm32f10x_hd.o(RESET)
    __main                                   0x08000131   Thumb Code     8  __main.o(!!!main)
    __scatterload                            0x08000139   Thumb Code     0  __scatter.o(!!!scatter)
    __scatterload_rt2                        0x08000139   Thumb Code    44  __scatter.o(!!!scatter)
    __scatterload_rt2_thumb_only             0x08000139   Thumb Code     0  __scatter.o(!!!scatter)
    __scatterload_null                       0x08000147   Thumb Code     0  __scatter.o(!!!scatter)
    __scatterload_copy                       0x0800016d   Thumb Code    26  __scatter_copy.o(!!handler_copy)
    __scatterload_zeroinit                   0x08000189   Thumb Code    28  __scatter_zi.o(!!handler_zi)
    _printf_f                                0x080001a5   Thumb Code     0  _printf_f.o(.ARM.Collect$$_printf_percent$$00000003)
    _printf_percent                          0x080001a5   Thumb Code     0  _printf_percent.o(.ARM.Collect$$_printf_percent$$00000000)
    _printf_d                                0x080001ab   Thumb Code     0  _printf_d.o(.ARM.Collect$$_printf_percent$$00000009)
    _printf_percent_end                      0x080001b1   Thumb Code     0  _printf_percent_end.o(.ARM.Collect$$_printf_percent$$00000017)
    __rt_lib_init                            0x080001b5   Thumb Code     0  libinit.o(.ARM.Collect$$libinit$$00000000)
    __rt_lib_init_fp_1                       0x080001b7   Thumb Code     0  libinit2.o(.ARM.Collect$$libinit$$00000002)
    __rt_lib_init_heap_1                     0x080001b7   Thumb Code     0  libinit2.o(.ARM.Collect$$libinit$$0000000A)
    __rt_lib_init_lc_common                  0x080001b7   Thumb Code     0  libinit2.o(.ARM.Collect$$libinit$$0000000F)
    __rt_lib_init_preinit_1                  0x080001b7   Thumb Code     0  libinit2.o(.ARM.Collect$$libinit$$00000004)
    __rt_lib_init_rand_1                     0x080001b7   Thumb Code     0  libinit2.o(.ARM.Collect$$libinit$$0000000E)
    __rt_lib_init_user_alloc_1               0x080001b7   Thumb Code     0  libinit2.o(.ARM.Collect$$libinit$$0000000C)
    __rt_lib_init_lc_collate_1               0x080001bd   Thumb Code     0  libinit2.o(.ARM.Collect$$libinit$$00000011)
    __rt_lib_init_lc_ctype_2                 0x080001bd   Thumb Code     0  libinit2.o(.ARM.Collect$$libinit$$00000012)
    __rt_lib_init_lc_ctype_1                 0x080001c9   Thumb Code     0  libinit2.o(.ARM.Collect$$libinit$$00000013)
    __rt_lib_init_lc_monetary_1              0x080001c9   Thumb Code     0  libinit2.o(.ARM.Collect$$libinit$$00000015)
    __rt_lib_init_lc_numeric_2               0x080001c9   Thumb Code     0  libinit2.o(.ARM.Collect$$libinit$$00000016)
    __rt_lib_init_alloca_1                   0x080001d3   Thumb Code     0  libinit2.o(.ARM.Collect$$libinit$$0000002E)
    __rt_lib_init_argv_1                     0x080001d3   Thumb Code     0  libinit2.o(.ARM.Collect$$libinit$$0000002C)
    __rt_lib_init_atexit_1                   0x080001d3   Thumb Code     0  libinit2.o(.ARM.Collect$$libinit$$0000001B)
    __rt_lib_init_clock_1                    0x080001d3   Thumb Code     0  libinit2.o(.ARM.Collect$$libinit$$00000021)
    __rt_lib_init_cpp_1                      0x080001d3   Thumb Code     0  libinit2.o(.ARM.Collect$$libinit$$00000032)
    __rt_lib_init_exceptions_1               0x080001d3   Thumb Code     0  libinit2.o(.ARM.Collect$$libinit$$00000030)
    __rt_lib_init_fp_trap_1                  0x080001d3   Thumb Code     0  libinit2.o(.ARM.Collect$$libinit$$0000001F)
    __rt_lib_init_getenv_1                   0x080001d3   Thumb Code     0  libinit2.o(.ARM.Collect$$libinit$$00000023)
    __rt_lib_init_lc_numeric_1               0x080001d3   Thumb Code     0  libinit2.o(.ARM.Collect$$libinit$$00000017)
    __rt_lib_init_lc_time_1                  0x080001d3   Thumb Code     0  libinit2.o(.ARM.Collect$$libinit$$00000019)
    __rt_lib_init_return                     0x080001d3   Thumb Code     0  libinit2.o(.ARM.Collect$$libinit$$00000033)
    __rt_lib_init_signal_1                   0x080001d3   Thumb Code     0  libinit2.o(.ARM.Collect$$libinit$$0000001D)
    __rt_lib_init_stdio_1                    0x080001d3   Thumb Code     0  libinit2.o(.ARM.Collect$$libinit$$00000025)
    __rt_lib_shutdown                        0x080001d5   Thumb Code     0  libshutdown.o(.ARM.Collect$$libshutdown$$00000000)
    __rt_lib_shutdown_cpp_1                  0x080001d7   Thumb Code     0  libshutdown2.o(.ARM.Collect$$libshutdown$$00000002)
    __rt_lib_shutdown_fp_trap_1              0x080001d7   Thumb Code     0  libshutdown2.o(.ARM.Collect$$libshutdown$$00000007)
    __rt_lib_shutdown_heap_1                 0x080001d7   Thumb Code     0  libshutdown2.o(.ARM.Collect$$libshutdown$$0000000F)
    __rt_lib_shutdown_return                 0x080001d7   Thumb Code     0  libshutdown2.o(.ARM.Collect$$libshutdown$$00000010)
    __rt_lib_shutdown_signal_1               0x080001d7   Thumb Code     0  libshutdown2.o(.ARM.Collect$$libshutdown$$0000000A)
    __rt_lib_shutdown_stdio_1                0x080001d7   Thumb Code     0  libshutdown2.o(.ARM.Collect$$libshutdown$$00000004)
    __rt_lib_shutdown_user_alloc_1           0x080001d7   Thumb Code     0  libshutdown2.o(.ARM.Collect$$libshutdown$$0000000C)
    __rt_entry                               0x080001d9   Thumb Code     0  __rtentry.o(.ARM.Collect$$rtentry$$00000000)
    __rt_entry_presh_1                       0x080001d9   Thumb Code     0  __rtentry2.o(.ARM.Collect$$rtentry$$00000002)
    __rt_entry_sh                            0x080001d9   Thumb Code     0  __rtentry4.o(.ARM.Collect$$rtentry$$00000004)
    __rt_entry_li                            0x080001df   Thumb Code     0  __rtentry2.o(.ARM.Collect$$rtentry$$0000000A)
    __rt_entry_postsh_1                      0x080001df   Thumb Code     0  __rtentry2.o(.ARM.Collect$$rtentry$$00000009)
    __rt_entry_main                          0x080001e3   Thumb Code     0  __rtentry2.o(.ARM.Collect$$rtentry$$0000000D)
    __rt_entry_postli_1                      0x080001e3   Thumb Code     0  __rtentry2.o(.ARM.Collect$$rtentry$$0000000C)
    __rt_exit                                0x080001eb   Thumb Code     0  rtexit.o(.ARM.Collect$$rtexit$$00000000)
    __rt_exit_ls                             0x080001ed   Thumb Code     0  rtexit2.o(.ARM.Collect$$rtexit$$00000003)
    __rt_exit_prels_1                        0x080001ed   Thumb Code     0  rtexit2.o(.ARM.Collect$$rtexit$$00000002)
    __rt_exit_exit                           0x080001f1   Thumb Code     0  rtexit2.o(.ARM.Collect$$rtexit$$00000004)
    Reset_Handler                            0x080001f9   Thumb Code     8  startup_stm32f10x_hd.o(.text)
    PendSV_Handler                           0x0800020f   Thumb Code     2  startup_stm32f10x_hd.o(.text)
    ADC1_2_IRQHandler                        0x08000213   Thumb Code     0  startup_stm32f10x_hd.o(.text)
    ADC3_IRQHandler                          0x08000213   Thumb Code     0  startup_stm32f10x_hd.o(.text)
    CAN1_RX1_IRQHandler                      0x08000213   Thumb Code     0  startup_stm32f10x_hd.o(.text)
    CAN1_SCE_IRQHandler                      0x08000213   Thumb Code     0  startup_stm32f10x_hd.o(.text)
    DMA1_Channel3_IRQHandler                 0x08000213   Thumb Code     0  startup_stm32f10x_hd.o(.text)
    DMA1_Channel4_IRQHandler                 0x08000213   Thumb Code     0  startup_stm32f10x_hd.o(.text)
    DMA1_Channel5_IRQHandler                 0x08000213   Thumb Code     0  startup_stm32f10x_hd.o(.text)
    DMA1_Channel6_IRQHandler                 0x08000213   Thumb Code     0  startup_stm32f10x_hd.o(.text)
    DMA1_Channel7_IRQHandler                 0x08000213   Thumb Code     0  startup_stm32f10x_hd.o(.text)
    DMA2_Channel1_IRQHandler                 0x08000213   Thumb Code     0  startup_stm32f10x_hd.o(.text)
    DMA2_Channel2_IRQHandler                 0x08000213   Thumb Code     0  startup_stm32f10x_hd.o(.text)
    DMA2_Channel3_IRQHandler                 0x08000213   Thumb Code     0  startup_stm32f10x_hd.o(.text)
    DMA2_Channel4_5_IRQHandler               0x08000213   Thumb Code     0  startup_stm32f10x_hd.o(.text)
    EXTI0_IRQHandler                         0x08000213   Thumb Code     0  startup_stm32f10x_hd.o(.text)
    EXTI15_10_IRQHandler                     0x08000213   Thumb Code     0  startup_stm32f10x_hd.o(.text)
    EXTI1_IRQHandler                         0x08000213   Thumb Code     0  startup_stm32f10x_hd.o(.text)
    EXTI2_IRQHandler                         0x08000213   Thumb Code     0  startup_stm32f10x_hd.o(.text)
    EXTI3_IRQHandler                         0x08000213   Thumb Code     0  startup_stm32f10x_hd.o(.text)
    EXTI4_IRQHandler                         0x08000213   Thumb Code     0  startup_stm32f10x_hd.o(.text)
    EXTI9_5_IRQHandler                       0x08000213   Thumb Code     0  startup_stm32f10x_hd.o(.text)
    FLASH_IRQHandler                         0x08000213   Thumb Code     0  startup_stm32f10x_hd.o(.text)
    FSMC_IRQHandler                          0x08000213   Thumb Code     0  startup_stm32f10x_hd.o(.text)
    I2C1_ER_IRQHandler                       0x08000213   Thumb Code     0  startup_stm32f10x_hd.o(.text)
    I2C1_EV_IRQHandler                       0x08000213   Thumb Code     0  startup_stm32f10x_hd.o(.text)
    I2C2_ER_IRQHandler                       0x08000213   Thumb Code     0  startup_stm32f10x_hd.o(.text)
    I2C2_EV_IRQHandler                       0x08000213   Thumb Code     0  startup_stm32f10x_hd.o(.text)
    PVD_IRQHandler                           0x08000213   Thumb Code     0  startup_stm32f10x_hd.o(.text)
    RCC_IRQHandler                           0x08000213   Thumb Code     0  startup_stm32f10x_hd.o(.text)
    RTCAlarm_IRQHandler                      0x08000213   Thumb Code     0  startup_stm32f10x_hd.o(.text)
    RTC_IRQHandler                           0x08000213   Thumb Code     0  startup_stm32f10x_hd.o(.text)
    SDIO_IRQHandler                          0x08000213   Thumb Code     0  startup_stm32f10x_hd.o(.text)
    SPI1_IRQHandler                          0x08000213   Thumb Code     0  startup_stm32f10x_hd.o(.text)
    SPI2_IRQHandler                          0x08000213   Thumb Code     0  startup_stm32f10x_hd.o(.text)
    SPI3_IRQHandler                          0x08000213   Thumb Code     0  startup_stm32f10x_hd.o(.text)
    TAMPER_IRQHandler                        0x08000213   Thumb Code     0  startup_stm32f10x_hd.o(.text)
    TIM1_BRK_IRQHandler                      0x08000213   Thumb Code     0  startup_stm32f10x_hd.o(.text)
    TIM1_CC_IRQHandler                       0x08000213   Thumb Code     0  startup_stm32f10x_hd.o(.text)
    TIM1_TRG_COM_IRQHandler                  0x08000213   Thumb Code     0  startup_stm32f10x_hd.o(.text)
    TIM1_UP_IRQHandler                       0x08000213   Thumb Code     0  startup_stm32f10x_hd.o(.text)
    TIM2_IRQHandler                          0x08000213   Thumb Code     0  startup_stm32f10x_hd.o(.text)
    TIM3_IRQHandler                          0x08000213   Thumb Code     0  startup_stm32f10x_hd.o(.text)
    TIM5_IRQHandler                          0x08000213   Thumb Code     0  startup_stm32f10x_hd.o(.text)
    TIM6_IRQHandler                          0x08000213   Thumb Code     0  startup_stm32f10x_hd.o(.text)
    TIM7_IRQHandler                          0x08000213   Thumb Code     0  startup_stm32f10x_hd.o(.text)
    TIM8_BRK_IRQHandler                      0x08000213   Thumb Code     0  startup_stm32f10x_hd.o(.text)
    TIM8_CC_IRQHandler                       0x08000213   Thumb Code     0  startup_stm32f10x_hd.o(.text)
    TIM8_TRG_COM_IRQHandler                  0x08000213   Thumb Code     0  startup_stm32f10x_hd.o(.text)
    TIM8_UP_IRQHandler                       0x08000213   Thumb Code     0  startup_stm32f10x_hd.o(.text)
    UART4_IRQHandler                         0x08000213   Thumb Code     0  startup_stm32f10x_hd.o(.text)
    UART5_IRQHandler                         0x08000213   Thumb Code     0  startup_stm32f10x_hd.o(.text)
    USBWakeUp_IRQHandler                     0x08000213   Thumb Code     0  startup_stm32f10x_hd.o(.text)
    USB_HP_CAN1_TX_IRQHandler                0x08000213   Thumb Code     0  startup_stm32f10x_hd.o(.text)
    USB_LP_CAN1_RX0_IRQHandler               0x08000213   Thumb Code     0  startup_stm32f10x_hd.o(.text)
    WWDG_IRQHandler                          0x08000213   Thumb Code     0  startup_stm32f10x_hd.o(.text)
    __user_initial_stackheap                 0x08000215   Thumb Code     0  startup_stm32f10x_hd.o(.text)
    NVIC_PriorityGroupConfig                 0x08000239   Thumb Code    10  misc.o(.text)
    NVIC_Init                                0x08000243   Thumb Code    94  misc.o(.text)
    NVIC_SetVectorTable                      0x080002a1   Thumb Code    14  misc.o(.text)
    NVIC_SystemLPConfig                      0x080002af   Thumb Code    20  misc.o(.text)
    SysTick_CLKSourceConfig                  0x080002c3   Thumb Code    24  misc.o(.text)
    ADC_DeInit                               0x080002e9   Thumb Code    56  stm32f10x_adc.o(.text)
    ADC_Init                                 0x08000321   Thumb Code    62  stm32f10x_adc.o(.text)
    ADC_StructInit                           0x0800035f   Thumb Code    18  stm32f10x_adc.o(.text)
    ADC_Cmd                                  0x08000371   Thumb Code    20  stm32f10x_adc.o(.text)
    ADC_DMACmd                               0x08000385   Thumb Code    20  stm32f10x_adc.o(.text)
    ADC_ITConfig                             0x08000399   Thumb Code    18  stm32f10x_adc.o(.text)
    ADC_ResetCalibration                     0x080003ab   Thumb Code    10  stm32f10x_adc.o(.text)
    ADC_GetResetCalibrationStatus            0x080003b5   Thumb Code    14  stm32f10x_adc.o(.text)
    ADC_StartCalibration                     0x080003c3   Thumb Code    10  stm32f10x_adc.o(.text)
    ADC_GetCalibrationStatus                 0x080003cd   Thumb Code    14  stm32f10x_adc.o(.text)
    ADC_SoftwareStartConvCmd                 0x080003db   Thumb Code    20  stm32f10x_adc.o(.text)
    ADC_GetSoftwareStartConvStatus           0x080003ef   Thumb Code    14  stm32f10x_adc.o(.text)
    ADC_DiscModeChannelCountConfig           0x080003fd   Thumb Code    16  stm32f10x_adc.o(.text)
    ADC_DiscModeCmd                          0x0800040d   Thumb Code    20  stm32f10x_adc.o(.text)
    ADC_RegularChannelConfig                 0x08000421   Thumb Code   116  stm32f10x_adc.o(.text)
    ADC_ExternalTrigConvCmd                  0x08000495   Thumb Code    20  stm32f10x_adc.o(.text)
    ADC_GetConversionValue                   0x080004a9   Thumb Code     6  stm32f10x_adc.o(.text)
    ADC_GetDualModeConversionValue           0x080004af   Thumb Code     8  stm32f10x_adc.o(.text)
    ADC_AutoInjectedConvCmd                  0x080004b7   Thumb Code    20  stm32f10x_adc.o(.text)
    ADC_InjectedDiscModeCmd                  0x080004cb   Thumb Code    20  stm32f10x_adc.o(.text)
    ADC_ExternalTrigInjectedConvConfig       0x080004df   Thumb Code    12  stm32f10x_adc.o(.text)
    ADC_ExternalTrigInjectedConvCmd          0x080004eb   Thumb Code    20  stm32f10x_adc.o(.text)
    ADC_SoftwareStartInjectedConvCmd         0x080004ff   Thumb Code    20  stm32f10x_adc.o(.text)
    ADC_GetSoftwareStartInjectedConvCmdStatus 0x08000513   Thumb Code    14  stm32f10x_adc.o(.text)
    ADC_InjectedChannelConfig                0x08000521   Thumb Code    74  stm32f10x_adc.o(.text)
    ADC_InjectedSequencerLengthConfig        0x0800056b   Thumb Code    16  stm32f10x_adc.o(.text)
    ADC_SetInjectedOffset                    0x0800057b   Thumb Code    10  stm32f10x_adc.o(.text)
    ADC_GetInjectedConversionValue           0x08000585   Thumb Code    14  stm32f10x_adc.o(.text)
    ADC_AnalogWatchdogCmd                    0x08000593   Thumb Code    12  stm32f10x_adc.o(.text)
    ADC_AnalogWatchdogThresholdsConfig       0x0800059f   Thumb Code     6  stm32f10x_adc.o(.text)
    ADC_AnalogWatchdogSingleChannelConfig    0x080005a5   Thumb Code    12  stm32f10x_adc.o(.text)
    ADC_TempSensorVrefintCmd                 0x080005b1   Thumb Code    24  stm32f10x_adc.o(.text)
    ADC_GetFlagStatus                        0x080005c9   Thumb Code    14  stm32f10x_adc.o(.text)
    ADC_ClearFlag                            0x080005d7   Thumb Code     6  stm32f10x_adc.o(.text)
    ADC_GetITStatus                          0x080005dd   Thumb Code    28  stm32f10x_adc.o(.text)
    ADC_ClearITPendingBit                    0x080005f9   Thumb Code     8  stm32f10x_adc.o(.text)
    DMA_DeInit                               0x08000619   Thumb Code   218  stm32f10x_dma.o(.text)
    DMA_Init                                 0x080006f3   Thumb Code    58  stm32f10x_dma.o(.text)
    DMA_StructInit                           0x0800072d   Thumb Code    26  stm32f10x_dma.o(.text)
    DMA_Cmd                                  0x08000747   Thumb Code    22  stm32f10x_dma.o(.text)
    DMA_ITConfig                             0x0800075d   Thumb Code    16  stm32f10x_dma.o(.text)
    DMA_SetCurrDataCounter                   0x0800076d   Thumb Code     4  stm32f10x_dma.o(.text)
    DMA_GetCurrDataCounter                   0x08000771   Thumb Code     6  stm32f10x_dma.o(.text)
    DMA_GetFlagStatus                        0x08000777   Thumb Code    28  stm32f10x_dma.o(.text)
    DMA_ClearFlag                            0x08000793   Thumb Code    20  stm32f10x_dma.o(.text)
    DMA_GetITStatus                          0x080007a7   Thumb Code    28  stm32f10x_dma.o(.text)
    DMA_ClearITPendingBit                    0x080007c3   Thumb Code    20  stm32f10x_dma.o(.text)
    FLASH_SetLatency                         0x080007e1   Thumb Code    14  stm32f10x_flash.o(.text)
    FLASH_HalfCycleAccessCmd                 0x080007ef   Thumb Code    18  stm32f10x_flash.o(.text)
    FLASH_PrefetchBufferCmd                  0x08000801   Thumb Code    18  stm32f10x_flash.o(.text)
    FLASH_Unlock                             0x08000813   Thumb Code    12  stm32f10x_flash.o(.text)
    FLASH_UnlockBank1                        0x0800081f   Thumb Code    12  stm32f10x_flash.o(.text)
    FLASH_Lock                               0x0800082b   Thumb Code    12  stm32f10x_flash.o(.text)
    FLASH_LockBank1                          0x08000837   Thumb Code    12  stm32f10x_flash.o(.text)
    FLASH_GetBank1Status                     0x08000843   Thumb Code    34  stm32f10x_flash.o(.text)
    FLASH_WaitForLastOperation               0x08000865   Thumb Code    34  stm32f10x_flash.o(.text)
    FLASH_ErasePage                          0x08000887   Thumb Code    56  stm32f10x_flash.o(.text)
    FLASH_EraseAllPages                      0x080008bf   Thumb Code    52  stm32f10x_flash.o(.text)
    FLASH_WaitForLastBank1Operation          0x080008f3   Thumb Code    34  stm32f10x_flash.o(.text)
    FLASH_EraseAllBank1Pages                 0x08000915   Thumb Code    52  stm32f10x_flash.o(.text)
    FLASH_GetReadOutProtectionStatus         0x08000949   Thumb Code    14  stm32f10x_flash.o(.text)
    FLASH_EraseOptionBytes                   0x08000957   Thumb Code   108  stm32f10x_flash.o(.text)
    FLASH_ProgramWord                        0x080009c3   Thumb Code    72  stm32f10x_flash.o(.text)
    FLASH_ProgramHalfWord                    0x08000a0b   Thumb Code    48  stm32f10x_flash.o(.text)
    FLASH_ProgramOptionByteData              0x08000a3b   Thumb Code    62  stm32f10x_flash.o(.text)
    FLASH_EnableWriteProtection              0x08000a79   Thumb Code   158  stm32f10x_flash.o(.text)
    FLASH_ReadOutProtection                  0x08000b17   Thumb Code   118  stm32f10x_flash.o(.text)
    FLASH_UserOptionByteConfig               0x08000b8d   Thumb Code    92  stm32f10x_flash.o(.text)
    FLASH_GetUserOptionByte                  0x08000be9   Thumb Code     8  stm32f10x_flash.o(.text)
    FLASH_GetWriteProtectionOptionByte       0x08000bf1   Thumb Code     6  stm32f10x_flash.o(.text)
    FLASH_GetPrefetchBufferStatus            0x08000bf7   Thumb Code    14  stm32f10x_flash.o(.text)
    FLASH_ITConfig                           0x08000c05   Thumb Code    18  stm32f10x_flash.o(.text)
    FLASH_GetFlagStatus                      0x08000c17   Thumb Code    28  stm32f10x_flash.o(.text)
    FLASH_ClearFlag                          0x08000c33   Thumb Code     6  stm32f10x_flash.o(.text)
    FLASH_GetStatus                          0x08000c39   Thumb Code    34  stm32f10x_flash.o(.text)
    GPIO_DeInit                              0x08000c61   Thumb Code   152  stm32f10x_gpio.o(.text)
    GPIO_AFIODeInit                          0x08000cf9   Thumb Code    22  stm32f10x_gpio.o(.text)
    GPIO_Init                                0x08000d0f   Thumb Code   156  stm32f10x_gpio.o(.text)
    GPIO_StructInit                          0x08000dab   Thumb Code    16  stm32f10x_gpio.o(.text)
    GPIO_ReadInputDataBit                    0x08000dbb   Thumb Code    14  stm32f10x_gpio.o(.text)
    GPIO_ReadInputData                       0x08000dc9   Thumb Code     6  stm32f10x_gpio.o(.text)
    GPIO_ReadOutputDataBit                   0x08000dcf   Thumb Code    14  stm32f10x_gpio.o(.text)
    GPIO_ReadOutputData                      0x08000ddd   Thumb Code     6  stm32f10x_gpio.o(.text)
    GPIO_SetBits                             0x08000de3   Thumb Code     4  stm32f10x_gpio.o(.text)
    GPIO_ResetBits                           0x08000de7   Thumb Code     4  stm32f10x_gpio.o(.text)
    GPIO_WriteBit                            0x08000deb   Thumb Code    10  stm32f10x_gpio.o(.text)
    GPIO_Write                               0x08000df5   Thumb Code     4  stm32f10x_gpio.o(.text)
    GPIO_PinLockConfig                       0x08000df9   Thumb Code    16  stm32f10x_gpio.o(.text)
    GPIO_EventOutputConfig                   0x08000e09   Thumb Code    22  stm32f10x_gpio.o(.text)
    GPIO_EventOutputCmd                      0x08000e1f   Thumb Code     6  stm32f10x_gpio.o(.text)
    GPIO_PinRemapConfig                      0x08000e25   Thumb Code    82  stm32f10x_gpio.o(.text)
    GPIO_EXTILineConfig                      0x08000e77   Thumb Code    34  stm32f10x_gpio.o(.text)
    GPIO_ETH_MediaInterfaceConfig            0x08000e99   Thumb Code     8  stm32f10x_gpio.o(.text)
    IWDG_WriteAccessCmd                      0x08000ec5   Thumb Code     6  stm32f10x_iwdg.o(.text)
    IWDG_SetPrescaler                        0x08000ecb   Thumb Code     6  stm32f10x_iwdg.o(.text)
    IWDG_SetReload                           0x08000ed1   Thumb Code     6  stm32f10x_iwdg.o(.text)
    IWDG_ReloadCounter                       0x08000ed7   Thumb Code    10  stm32f10x_iwdg.o(.text)
    IWDG_Enable                              0x08000ee1   Thumb Code    10  stm32f10x_iwdg.o(.text)
    IWDG_GetFlagStatus                       0x08000eeb   Thumb Code    16  stm32f10x_iwdg.o(.text)
    RCC_DeInit                               0x08000f01   Thumb Code    50  stm32f10x_rcc.o(.text)
    RCC_HSEConfig                            0x08000f33   Thumb Code    48  stm32f10x_rcc.o(.text)
    RCC_GetFlagStatus                        0x08000f63   Thumb Code    42  stm32f10x_rcc.o(.text)
    RCC_WaitForHSEStartUp                    0x08000f8d   Thumb Code    44  stm32f10x_rcc.o(.text)
    RCC_AdjustHSICalibrationValue            0x08000fb9   Thumb Code    16  stm32f10x_rcc.o(.text)
    RCC_HSICmd                               0x08000fc9   Thumb Code     6  stm32f10x_rcc.o(.text)
    RCC_PLLConfig                            0x08000fcf   Thumb Code    16  stm32f10x_rcc.o(.text)
    RCC_PLLCmd                               0x08000fdf   Thumb Code     6  stm32f10x_rcc.o(.text)
    RCC_SYSCLKConfig                         0x08000fe5   Thumb Code    14  stm32f10x_rcc.o(.text)
    RCC_GetSYSCLKSource                      0x08000ff3   Thumb Code    10  stm32f10x_rcc.o(.text)
    RCC_HCLKConfig                           0x08000ffd   Thumb Code    14  stm32f10x_rcc.o(.text)
    RCC_PCLK1Config                          0x0800100b   Thumb Code    14  stm32f10x_rcc.o(.text)
    RCC_PCLK2Config                          0x08001019   Thumb Code    16  stm32f10x_rcc.o(.text)
    RCC_ITConfig                             0x08001029   Thumb Code    18  stm32f10x_rcc.o(.text)
    RCC_USBCLKConfig                         0x0800103b   Thumb Code     8  stm32f10x_rcc.o(.text)
    RCC_ADCCLKConfig                         0x08001043   Thumb Code    14  stm32f10x_rcc.o(.text)
    RCC_LSEConfig                            0x08001051   Thumb Code    28  stm32f10x_rcc.o(.text)
    RCC_LSICmd                               0x0800106d   Thumb Code     6  stm32f10x_rcc.o(.text)
    RCC_RTCCLKConfig                         0x08001073   Thumb Code    10  stm32f10x_rcc.o(.text)
    RCC_RTCCLKCmd                            0x0800107d   Thumb Code     8  stm32f10x_rcc.o(.text)
    RCC_GetClocksFreq                        0x08001085   Thumb Code   132  stm32f10x_rcc.o(.text)
    RCC_AHBPeriphClockCmd                    0x08001109   Thumb Code    18  stm32f10x_rcc.o(.text)
    RCC_APB2PeriphClockCmd                   0x0800111b   Thumb Code    18  stm32f10x_rcc.o(.text)
    RCC_APB1PeriphClockCmd                   0x0800112d   Thumb Code    18  stm32f10x_rcc.o(.text)
    RCC_APB2PeriphResetCmd                   0x0800113f   Thumb Code    18  stm32f10x_rcc.o(.text)
    RCC_APB1PeriphResetCmd                   0x08001151   Thumb Code    18  stm32f10x_rcc.o(.text)
    RCC_BackupResetCmd                       0x08001163   Thumb Code     8  stm32f10x_rcc.o(.text)
    RCC_ClockSecuritySystemCmd               0x0800116b   Thumb Code     6  stm32f10x_rcc.o(.text)
    RCC_MCOConfig                            0x08001171   Thumb Code     6  stm32f10x_rcc.o(.text)
    RCC_ClearFlag                            0x08001177   Thumb Code    12  stm32f10x_rcc.o(.text)
    RCC_GetITStatus                          0x08001183   Thumb Code    16  stm32f10x_rcc.o(.text)
    RCC_ClearITPendingBit                    0x08001193   Thumb Code     6  stm32f10x_rcc.o(.text)
    SPI_I2S_DeInit                           0x080011b9   Thumb Code    72  stm32f10x_spi.o(.text)
    SPI_Init                                 0x08001201   Thumb Code    56  stm32f10x_spi.o(.text)
    I2S_Init                                 0x08001239   Thumb Code   150  stm32f10x_spi.o(.text)
    SPI_StructInit                           0x080012cf   Thumb Code    24  stm32f10x_spi.o(.text)
    I2S_StructInit                           0x080012e7   Thumb Code    18  stm32f10x_spi.o(.text)
    SPI_Cmd                                  0x080012f9   Thumb Code    20  stm32f10x_spi.o(.text)
    I2S_Cmd                                  0x0800130d   Thumb Code    20  stm32f10x_spi.o(.text)
    SPI_I2S_ITConfig                         0x08001321   Thumb Code    24  stm32f10x_spi.o(.text)
    SPI_I2S_DMACmd                           0x08001339   Thumb Code    16  stm32f10x_spi.o(.text)
    SPI_I2S_SendData                         0x08001349   Thumb Code     4  stm32f10x_spi.o(.text)
    SPI_I2S_ReceiveData                      0x0800134d   Thumb Code     4  stm32f10x_spi.o(.text)
    SPI_NSSInternalSoftwareConfig            0x08001351   Thumb Code    24  stm32f10x_spi.o(.text)
    SPI_SSOutputCmd                          0x08001369   Thumb Code    20  stm32f10x_spi.o(.text)
    SPI_DataSizeConfig                       0x0800137d   Thumb Code    16  stm32f10x_spi.o(.text)
    SPI_TransmitCRC                          0x0800138d   Thumb Code    10  stm32f10x_spi.o(.text)
    SPI_CalculateCRC                         0x08001397   Thumb Code    20  stm32f10x_spi.o(.text)
    SPI_GetCRC                               0x080013ab   Thumb Code    12  stm32f10x_spi.o(.text)
    SPI_GetCRCPolynomial                     0x080013b7   Thumb Code     4  stm32f10x_spi.o(.text)
    SPI_BiDirectionalLineConfig              0x080013bb   Thumb Code    22  stm32f10x_spi.o(.text)
    SPI_I2S_GetFlagStatus                    0x080013d1   Thumb Code    14  stm32f10x_spi.o(.text)
    SPI_I2S_ClearFlag                        0x080013df   Thumb Code     6  stm32f10x_spi.o(.text)
    SPI_I2S_GetITStatus                      0x080013e5   Thumb Code    44  stm32f10x_spi.o(.text)
    SPI_I2S_ClearITPendingBit                0x08001411   Thumb Code    14  stm32f10x_spi.o(.text)
    TIM_DeInit                               0x0800142d   Thumb Code   304  stm32f10x_tim.o(.text)
    TIM_TimeBaseInit                         0x0800155d   Thumb Code   114  stm32f10x_tim.o(.text)
    TIM_OC1Init                              0x080015cf   Thumb Code   106  stm32f10x_tim.o(.text)
    TIM_OC2Init                              0x08001639   Thumb Code   120  stm32f10x_tim.o(.text)
    TIM_OC3Init                              0x080016b1   Thumb Code   116  stm32f10x_tim.o(.text)
    TIM_OC4Init                              0x08001725   Thumb Code    90  stm32f10x_tim.o(.text)
    TIM_SetIC4Prescaler                      0x0800177f   Thumb Code    24  stm32f10x_tim.o(.text)
    TIM_SetIC3Prescaler                      0x08001797   Thumb Code    16  stm32f10x_tim.o(.text)
    TIM_SetIC2Prescaler                      0x080017a7   Thumb Code    24  stm32f10x_tim.o(.text)
    TIM_SetIC1Prescaler                      0x08001865   Thumb Code    16  stm32f10x_tim.o(.text)
    TIM_ICInit                               0x080018cd   Thumb Code   270  stm32f10x_tim.o(.text)
    TIM_PWMIConfig                           0x080019db   Thumb Code   104  stm32f10x_tim.o(.text)
    TIM_BDTRConfig                           0x08001a43   Thumb Code    34  stm32f10x_tim.o(.text)
    TIM_TimeBaseStructInit                   0x08001a65   Thumb Code    18  stm32f10x_tim.o(.text)
    TIM_OCStructInit                         0x08001a77   Thumb Code    20  stm32f10x_tim.o(.text)
    TIM_ICStructInit                         0x08001a8b   Thumb Code    16  stm32f10x_tim.o(.text)
    TIM_BDTRStructInit                       0x08001a9b   Thumb Code    18  stm32f10x_tim.o(.text)
    TIM_Cmd                                  0x08001aad   Thumb Code    20  stm32f10x_tim.o(.text)
    TIM_CtrlPWMOutputs                       0x08001ac1   Thumb Code    22  stm32f10x_tim.o(.text)
    TIM_ITConfig                             0x08001ad7   Thumb Code    16  stm32f10x_tim.o(.text)
    TIM_GenerateEvent                        0x08001ae7   Thumb Code     4  stm32f10x_tim.o(.text)
    TIM_DMAConfig                            0x08001aeb   Thumb Code     8  stm32f10x_tim.o(.text)
    TIM_DMACmd                               0x08001af3   Thumb Code    16  stm32f10x_tim.o(.text)
    TIM_InternalClockConfig                  0x08001b03   Thumb Code    10  stm32f10x_tim.o(.text)
    TIM_SelectInputTrigger                   0x08001b0d   Thumb Code    12  stm32f10x_tim.o(.text)
    TIM_ITRxExternalClockConfig              0x08001b19   Thumb Code    18  stm32f10x_tim.o(.text)
    TIM_TIxExternalClockConfig               0x08001b2b   Thumb Code    46  stm32f10x_tim.o(.text)
    TIM_ETRConfig                            0x08001b59   Thumb Code    24  stm32f10x_tim.o(.text)
    TIM_ETRClockMode1Config                  0x08001b71   Thumb Code    18  stm32f10x_tim.o(.text)
    TIM_ETRClockMode2Config                  0x08001b83   Thumb Code    18  stm32f10x_tim.o(.text)
    TIM_PrescalerConfig                      0x08001b95   Thumb Code     6  stm32f10x_tim.o(.text)
    TIM_CounterModeConfig                    0x08001b9b   Thumb Code    12  stm32f10x_tim.o(.text)
    TIM_EncoderInterfaceConfig               0x08001ba7   Thumb Code    50  stm32f10x_tim.o(.text)
    TIM_ForcedOC1Config                      0x08001bd9   Thumb Code    12  stm32f10x_tim.o(.text)
    TIM_ForcedOC2Config                      0x08001be5   Thumb Code    20  stm32f10x_tim.o(.text)
    TIM_ForcedOC3Config                      0x08001bf9   Thumb Code    12  stm32f10x_tim.o(.text)
    TIM_ForcedOC4Config                      0x08001c05   Thumb Code    20  stm32f10x_tim.o(.text)
    TIM_ARRPreloadConfig                     0x08001c19   Thumb Code    20  stm32f10x_tim.o(.text)
    TIM_SelectCOM                            0x08001c2d   Thumb Code    20  stm32f10x_tim.o(.text)
    TIM_SelectCCDMA                          0x08001c41   Thumb Code    20  stm32f10x_tim.o(.text)
    TIM_CCPreloadControl                     0x08001c55   Thumb Code    20  stm32f10x_tim.o(.text)
    TIM_OC1PreloadConfig                     0x08001c69   Thumb Code    32  stm32f10x_tim.o(.text)
    TIM_OC2PreloadConfig                     0x08001c89   Thumb Code    20  stm32f10x_tim.o(.text)
    TIM_OC3PreloadConfig                     0x08001c9d   Thumb Code    12  stm32f10x_tim.o(.text)
    TIM_OC4PreloadConfig                     0x08001ca9   Thumb Code    20  stm32f10x_tim.o(.text)
    TIM_OC1FastConfig                        0x08001cbd   Thumb Code    12  stm32f10x_tim.o(.text)
    TIM_OC2FastConfig                        0x08001cc9   Thumb Code    20  stm32f10x_tim.o(.text)
    TIM_OC3FastConfig                        0x08001cdd   Thumb Code    12  stm32f10x_tim.o(.text)
    TIM_OC4FastConfig                        0x08001ce9   Thumb Code    20  stm32f10x_tim.o(.text)
    TIM_ClearOC1Ref                          0x08001cfd   Thumb Code    12  stm32f10x_tim.o(.text)
    TIM_ClearOC2Ref                          0x08001d09   Thumb Code    20  stm32f10x_tim.o(.text)
    TIM_ClearOC3Ref                          0x08001d1d   Thumb Code    12  stm32f10x_tim.o(.text)
    TIM_ClearOC4Ref                          0x08001d29   Thumb Code    20  stm32f10x_tim.o(.text)
    TIM_OC1PolarityConfig                    0x08001d3d   Thumb Code    12  stm32f10x_tim.o(.text)
    TIM_OC1NPolarityConfig                   0x08001d49   Thumb Code    12  stm32f10x_tim.o(.text)
    TIM_OC2PolarityConfig                    0x08001d55   Thumb Code    20  stm32f10x_tim.o(.text)
    TIM_OC2NPolarityConfig                   0x08001d69   Thumb Code    20  stm32f10x_tim.o(.text)
    TIM_OC3PolarityConfig                    0x08001d7d   Thumb Code    20  stm32f10x_tim.o(.text)
    TIM_OC3NPolarityConfig                   0x08001d91   Thumb Code    20  stm32f10x_tim.o(.text)
    TIM_OC4PolarityConfig                    0x08001da5   Thumb Code    20  stm32f10x_tim.o(.text)
    TIM_CCxCmd                               0x08001db9   Thumb Code    22  stm32f10x_tim.o(.text)
    TIM_CCxNCmd                              0x08001dcf   Thumb Code    22  stm32f10x_tim.o(.text)
    TIM_SelectOCxM                           0x08001de5   Thumb Code    70  stm32f10x_tim.o(.text)
    TIM_UpdateDisableConfig                  0x08001e2b   Thumb Code    20  stm32f10x_tim.o(.text)
    TIM_UpdateRequestConfig                  0x08001e3f   Thumb Code    20  stm32f10x_tim.o(.text)
    TIM_SelectHallSensor                     0x08001e53   Thumb Code    20  stm32f10x_tim.o(.text)
    TIM_SelectOnePulseMode                   0x08001e67   Thumb Code    16  stm32f10x_tim.o(.text)
    TIM_SelectOutputTrigger                  0x08001e77   Thumb Code    16  stm32f10x_tim.o(.text)
    TIM_SelectSlaveMode                      0x08001e87   Thumb Code    16  stm32f10x_tim.o(.text)
    TIM_SelectMasterSlaveMode                0x08001e97   Thumb Code    16  stm32f10x_tim.o(.text)
    TIM_SetCounter                           0x08001ea7   Thumb Code     4  stm32f10x_tim.o(.text)
    TIM_SetAutoreload                        0x08001eab   Thumb Code     4  stm32f10x_tim.o(.text)
    TIM_SetCompare1                          0x08001eaf   Thumb Code     4  stm32f10x_tim.o(.text)
    TIM_SetCompare2                          0x08001eb3   Thumb Code     4  stm32f10x_tim.o(.text)
    TIM_SetCompare3                          0x08001eb7   Thumb Code     4  stm32f10x_tim.o(.text)
    TIM_SetCompare4                          0x08001ebb   Thumb Code     6  stm32f10x_tim.o(.text)
    TIM_SetClockDivision                     0x08001ec1   Thumb Code    16  stm32f10x_tim.o(.text)
    TIM_GetCapture1                          0x08001ed1   Thumb Code     4  stm32f10x_tim.o(.text)
    TIM_GetCapture2                          0x08001ed5   Thumb Code     4  stm32f10x_tim.o(.text)
    TIM_GetCapture3                          0x08001ed9   Thumb Code     4  stm32f10x_tim.o(.text)
    TIM_GetCapture4                          0x08001edd   Thumb Code     6  stm32f10x_tim.o(.text)
    TIM_GetCounter                           0x08001ee3   Thumb Code     4  stm32f10x_tim.o(.text)
    TIM_GetPrescaler                         0x08001ee7   Thumb Code     4  stm32f10x_tim.o(.text)
    TIM_GetFlagStatus                        0x08001eeb   Thumb Code    14  stm32f10x_tim.o(.text)
    TIM_ClearFlag                            0x08001ef9   Thumb Code     6  stm32f10x_tim.o(.text)
    TIM_GetITStatus                          0x08001eff   Thumb Code    24  stm32f10x_tim.o(.text)
    TIM_ClearITPendingBit                    0x08001f17   Thumb Code     6  stm32f10x_tim.o(.text)
    USART_DeInit                             0x08001f1d   Thumb Code    96  stm32f10x_usart.o(.text)
    USART_Init                               0x08001f7d   Thumb Code   166  stm32f10x_usart.o(.text)
    USART_StructInit                         0x08002023   Thumb Code    22  stm32f10x_usart.o(.text)
    USART_ClockInit                          0x08002039   Thumb Code    30  stm32f10x_usart.o(.text)
    USART_ClockStructInit                    0x08002057   Thumb Code    12  stm32f10x_usart.o(.text)
    USART_Cmd                                0x08002063   Thumb Code    20  stm32f10x_usart.o(.text)
    USART_ITConfig                           0x08002077   Thumb Code    48  stm32f10x_usart.o(.text)
    USART_DMACmd                             0x080020a7   Thumb Code    16  stm32f10x_usart.o(.text)
    USART_SetAddress                         0x080020b7   Thumb Code    16  stm32f10x_usart.o(.text)
    USART_WakeUpConfig                       0x080020c7   Thumb Code    16  stm32f10x_usart.o(.text)
    USART_ReceiverWakeUpCmd                  0x080020d7   Thumb Code    20  stm32f10x_usart.o(.text)
    USART_LINBreakDetectLengthConfig         0x080020eb   Thumb Code    16  stm32f10x_usart.o(.text)
    USART_LINCmd                             0x080020fb   Thumb Code    20  stm32f10x_usart.o(.text)
    USART_SendData                           0x0800210f   Thumb Code     8  stm32f10x_usart.o(.text)
    USART_ReceiveData                        0x08002117   Thumb Code     8  stm32f10x_usart.o(.text)
    USART_SendBreak                          0x0800211f   Thumb Code    10  stm32f10x_usart.o(.text)
    USART_SetGuardTime                       0x08002129   Thumb Code    16  stm32f10x_usart.o(.text)
    USART_SetPrescaler                       0x08002139   Thumb Code    16  stm32f10x_usart.o(.text)
    USART_SmartCardCmd                       0x08002149   Thumb Code    20  stm32f10x_usart.o(.text)
    USART_SmartCardNACKCmd                   0x0800215d   Thumb Code    20  stm32f10x_usart.o(.text)
    USART_HalfDuplexCmd                      0x08002171   Thumb Code    20  stm32f10x_usart.o(.text)
    USART_OverSampling8Cmd                   0x08002185   Thumb Code    20  stm32f10x_usart.o(.text)
    USART_OneBitMethodCmd                    0x08002199   Thumb Code    20  stm32f10x_usart.o(.text)
    USART_IrDAConfig                         0x080021ad   Thumb Code    16  stm32f10x_usart.o(.text)
    USART_IrDACmd                            0x080021bd   Thumb Code    20  stm32f10x_usart.o(.text)
    USART_GetFlagStatus                      0x080021d1   Thumb Code    14  stm32f10x_usart.o(.text)
    USART_ClearFlag                          0x080021df   Thumb Code     6  stm32f10x_usart.o(.text)
    USART_GetITStatus                        0x080021e5   Thumb Code    62  stm32f10x_usart.o(.text)
    USART_ClearITPendingBit                  0x08002223   Thumb Code    12  stm32f10x_usart.o(.text)
    main                                     0x08002245   Thumb Code   134  main.o(.text)
    NMI_Handler                              0x080022d9   Thumb Code     2  stm32f10x_it.o(.text)
    HardFault_Handler                        0x080022db   Thumb Code     2  stm32f10x_it.o(.text)
    MemManage_Handler                        0x080022dd   Thumb Code     2  stm32f10x_it.o(.text)
    BusFault_Handler                         0x080022df   Thumb Code     2  stm32f10x_it.o(.text)
    UsageFault_Handler                       0x080022e1   Thumb Code     2  stm32f10x_it.o(.text)
    SVC_Handler                              0x080022e3   Thumb Code     2  stm32f10x_it.o(.text)
    DebugMon_Handler                         0x080022e5   Thumb Code     2  stm32f10x_it.o(.text)
    SysTick_Handler                          0x080022e7   Thumb Code    44  stm32f10x_it.o(.text)
    USART1_IRQHandler                        0x08002313   Thumb Code   140  stm32f10x_it.o(.text)
    USART2_IRQHandler                        0x0800239f   Thumb Code    34  stm32f10x_it.o(.text)
    USART3_IRQHandler                        0x080023c1   Thumb Code    34  stm32f10x_it.o(.text)
    TIM4_IRQHandler                          0x080023e3   Thumb Code    32  stm32f10x_it.o(.text)
    DMA1_Channel1_IRQHandler                 0x08002403   Thumb Code    16  stm32f10x_it.o(.text)
    DMA1_Channel2_IRQHandler                 0x08002413   Thumb Code    20  stm32f10x_it.o(.text)
    SystemInit                               0x080024ed   Thumb Code    64  system_stm32f10x.o(.text)
    SystemCoreClockUpdate                    0x0800252d   Thumb Code    86  system_stm32f10x.o(.text)
    DAM1_ADC_NVIC                            0x080025a5   Thumb Code    32  adc.o(.text)
    ADC1_DMA_Init                            0x080025c5   Thumb Code   278  adc.o(.text)
    ADC_CH_Scan                              0x080026db   Thumb Code   196  adc.o(.text)
    ee_CheckOk                               0x080027b1   Thumb Code    22  at24c01.o(.text)
    ReadBytes                                0x080027c7   Thumb Code   128  at24c01.o(.text)
    WriteBytes                               0x08002847   Thumb Code   172  at24c01.o(.text)
    ee_Erase                                 0x080028f3   Thumb Code    42  at24c01.o(.text)
    EEPROM_WriteByte                         0x0800291d   Thumb Code   108  at24c01.o(.text)
    EEPROM_READ_Byte                         0x08002989   Thumb Code    76  at24c01.o(.text)
    SysTick_Init                             0x080029d9   Thumb Code    58  bsp_systick.o(.text)
    Delay_us                                 0x08002a13   Thumb Code    28  bsp_systick.o(.text)
    TimingDelay_Decrement                    0x08002a2f   Thumb Code    16  bsp_systick.o(.text)
    RCC_Configuration                        0x08002a4d   Thumb Code   102  clock.o(.text)
    AD5541_GPIOCoing                         0x08002ab9   Thumb Code    32  dac.o(.text)
    AD5541_Send                              0x08002ad9   Thumb Code   182  dac.o(.text)
    Flash_Write_all                          0x08002b95   Thumb Code  1642  flash.o(.text)
    Read_Runcont                             0x080031ff   Thumb Code  1564  flash.o(.text)
    EEPROM_READ_Coeff                        0x0800381b   Thumb Code  1638  flash.o(.text)
    Wite_Runcont                             0x08003e81   Thumb Code  2092  flash.o(.text)
    READ_TSET                                0x080046ad   Thumb Code    68  flash.o(.text)
    GPIO_Conf                                0x080046f5   Thumb Code   134  gpio.o(.text)
    i2c_Start                                0x08004791   Thumb Code    58  iic_24c01.o(.text)
    i2c_Stop                                 0x080047cb   Thumb Code    40  iic_24c01.o(.text)
    i2c_SendByte                             0x080047f3   Thumb Code   116  iic_24c01.o(.text)
    i2c_ReadByte                             0x08004867   Thumb Code    96  iic_24c01.o(.text)
    i2c_WaitAck                              0x080048c7   Thumb Code    68  iic_24c01.o(.text)
    i2c_Ack                                  0x0800490b   Thumb Code    58  iic_24c01.o(.text)
    i2c_NAck                                 0x08004945   Thumb Code    50  iic_24c01.o(.text)
    i2c_CfgGpio                              0x08004977   Thumb Code    68  iic_24c01.o(.text)
    i2c_CheckDevice                          0x080049bb   Thumb Code    38  iic_24c01.o(.text)
    IWDG_Inte                                0x08004a01   Thumb Code    34  iwdg.o(.text)
    Hardware_CRC                             0x08004a25   Thumb Code   120  modbus.o(.text)
    UART_Action                              0x08004a9d   Thumb Code  2460  modbus.o(.text)
    Transformation_ADC                       0x08005439   Thumb Code  1474  modbus.o(.text)
    TIM6_Config                              0x08005a01   Thumb Code   100  tim6.o(.text)
    USART_Configuration                      0x08005ac5   Thumb Code   154  usart.o(.text)
    USART2_Configuration                     0x08005b5f   Thumb Code   134  usart.o(.text)
    USART3_Configuration                     0x08005be5   Thumb Code   136  usart.o(.text)
    UART1_Send                               0x08005c6d   Thumb Code    76  usart.o(.text)
    Baud_SET                                 0x08005cb9   Thumb Code   176  usart.o(.text)
    Usart1_Sendstring                        0x08005d69   Thumb Code    72  usart.o(.text)
    _sys_exit                                0x08005db1   Thumb Code     2  usart.o(.text)
    fputc                                    0x08005db3   Thumb Code    18  usart.o(.text)
    Clear_Date                               0x08005dc5   Thumb Code    42  usart.o(.text)
    Temp_Comapre                             0x08005e1d   Thumb Code    88  fan_pro.o(.text)
    All_protect                              0x08005e75   Thumb Code   404  fan_pro.o(.text)
    Sence_SW_CONT                            0x08006025   Thumb Code    22  menu.o(.text)
    I_SW_COTNR                               0x0800603b   Thumb Code    56  menu.o(.text)
    V_SW_COTNR                               0x08006073   Thumb Code    62  menu.o(.text)
    Cont_coeff_LEDMODE                       0x080060b1   Thumb Code   152  menu.o(.text)
    worke_mode                               0x08006149   Thumb Code   528  menu.o(.text)
    MAXPAR_limit                             0x08006359   Thumb Code    92  menu.o(.text)
    Get_strNum                               0x080063dd   Thumb Code  1124  me_scpi.o(.text)
    Get_strNumV                              0x08006841   Thumb Code  1316  me_scpi.o(.text)
    CLS                                      0x08006d65   Thumb Code    34  me_scpi.o(.text)
    ESE                                      0x08006d87   Thumb Code    32  me_scpi.o(.text)
    QUESE                                    0x08006da7   Thumb Code    30  me_scpi.o(.text)
    IDN                                      0x08006dc5   Thumb Code    26  me_scpi.o(.text)
    OPC                                      0x08006ddf   Thumb Code    30  me_scpi.o(.text)
    RST                                      0x08006dfd   Thumb Code    20  me_scpi.o(.text)
    STB                                      0x08006e11   Thumb Code    30  me_scpi.o(.text)
    ERR                                      0x08006e2f   Thumb Code    26  me_scpi.o(.text)
    VERS                                     0x08006e49   Thumb Code    26  me_scpi.o(.text)
    SENS                                     0x08006e63   Thumb Code    84  me_scpi.o(.text)
    QSENS                                    0x08006eb7   Thumb Code    30  me_scpi.o(.text)
    LOCAL                                    0x08006ed5   Thumb Code    26  me_scpi.o(.text)
    REMT                                     0x08006eef   Thumb Code    24  me_scpi.o(.text)
    REML                                     0x08006f07   Thumb Code    26  me_scpi.o(.text)
    QUESTEVT                                 0x08006f21   Thumb Code    30  me_scpi.o(.text)
    QUESTST                                  0x08006f3f   Thumb Code    30  me_scpi.o(.text)
    OPERT                                    0x08006f5d   Thumb Code    30  me_scpi.o(.text)
    OPERTCP                                  0x08006f7b   Thumb Code    30  me_scpi.o(.text)
    OPERTsT                                  0x08006f99   Thumb Code    30  me_scpi.o(.text)
    REOPERTCP                                0x08006fb7   Thumb Code    52  me_scpi.o(.text)
    ONOFF                                    0x08006feb   Thumb Code    80  me_scpi.o(.text)
    QUONOFF                                  0x0800703b   Thumb Code    30  me_scpi.o(.text)
    ShortONOFF                               0x08007059   Thumb Code    92  me_scpi.o(.text)
    QUShortONOFF                             0x080070b5   Thumb Code   452  me_scpi.o(.text)
    SET_CURR_Level                           0x08007279   Thumb Code   194  me_scpi.o(.text)
    QU_CURR_Level                            0x0800733b   Thumb Code    36  me_scpi.o(.text)
    SET_VOLT_Level                           0x0800735f   Thumb Code   184  me_scpi.o(.text)
    QU_VOLT_Level                            0x08007417   Thumb Code    36  me_scpi.o(.text)
    SET_CURR_SLEW                            0x0800743b   Thumb Code   432  me_scpi.o(.text)
    SET_CURR_SLEW_RISE                       0x080075eb   Thumb Code   606  me_scpi.o(.text)
    SET_CURR_SLEW_FALL                       0x08007849   Thumb Code   398  me_scpi.o(.text)
    SET_VOLT_SLEW_FALL                       0x080079d7   Thumb Code   494  me_scpi.o(.text)
    SET_CURR_PROT                            0x08007bc5   Thumb Code   742  me_scpi.o(.text)
    SET_POW_PROT                             0x08007eab   Thumb Code   742  me_scpi.o(.text)
    SET_LoadST_VOLT                          0x08008191   Thumb Code   960  me_scpi.o(.text)
    SET_FreeLoad_VOLT                        0x08008551   Thumb Code   952  me_scpi.o(.text)
    SET_Load_MODE                            0x08008909   Thumb Code   210  me_scpi.o(.text)
    SET_CC_CURR                              0x080089db   Thumb Code   220  me_scpi.o(.text)
    SET_CV_VOLT                              0x08008ab7   Thumb Code   284  me_scpi.o(.text)
    SET_POW_VAL                              0x08008bd3   Thumb Code   212  me_scpi.o(.text)
    SET_RES_VAL                              0x08008ca7   Thumb Code  1720  me_scpi.o(.text)
    MEAS_CMD                                 0x0800935f   Thumb Code  1114  me_scpi.o(.text)
    DYN_SETHIG                               0x080097b9   Thumb Code   174  me_scpi.o(.text)
    DYN_SETLOW                               0x08009867   Thumb Code   174  me_scpi.o(.text)
    DYN_HIG_DELTime                          0x08009915   Thumb Code  1186  me_scpi.o(.text)
    DYN_LOW_DELTime                          0x08009db7   Thumb Code  1076  me_scpi.o(.text)
    DYN_SL_VI                                0x0800a1eb   Thumb Code   488  me_scpi.o(.text)
    DYN_SLEW                                 0x0800a3d3   Thumb Code   136  me_scpi.o(.text)
    DYN_SLEW_UP                              0x0800a45b   Thumb Code   114  me_scpi.o(.text)
    DYN_SLEW_DOWN                            0x0800a4cd   Thumb Code   114  me_scpi.o(.text)
    SET_DYN_MODE                             0x0800a53f   Thumb Code   142  me_scpi.o(.text)
    Me_SCPI_TASK                             0x0800a5cd   Thumb Code   286  me_scpi.o(.text)
    AD7689_Delay                             0x0800a789   Thumb Code    28  ad7689.o(.text)
    AD7689_InitializeSPI2                    0x0800a7a5   Thumb Code   188  ad7689.o(.text)
    AD7689_TransferByte                      0x0800a861   Thumb Code    56  ad7689.o(.text)
    SPI_AD7689_Read                          0x0800a899   Thumb Code    98  ad7689.o(.text)
    AD7689_Delay1                            0x0800a8fb   Thumb Code    28  ad7689.o(.text)
    AD7689_Scan_CH                           0x0800a917   Thumb Code    62  ad7689.o(.text)
    __use_no_semihosting                     0x0800a969   Thumb Code     2  use_no_semi_2.o(.text)
    __2printf                                0x0800a96d   Thumb Code    20  noretval__2printf.o(.text)
    _printf_int_dec                          0x0800a985   Thumb Code   104  _printf_dec.o(.text)
    __printf                                 0x0800a9fd   Thumb Code   270  __printf_wp.o(.text)
    atoi                                     0x0800ab0b   Thumb Code    26  atoi.o(.text)
    strncasecmp                              0x0800ab25   Thumb Code    50  strncasecmp.o(.text)
    strlen                                   0x0800ab57   Thumb Code    62  strlen.o(.text)
    __use_two_region_memory                  0x0800ab95   Thumb Code     2  heapauxi.o(.text)
    __rt_heap_escrow$2region                 0x0800ab97   Thumb Code     2  heapauxi.o(.text)
    __rt_heap_expand$2region                 0x0800ab99   Thumb Code     2  heapauxi.o(.text)
    __I$use$semihosting                      0x0800ab9b   Thumb Code     0  use_no_semi.o(.text)
    __use_no_semihosting_swi                 0x0800ab9b   Thumb Code     2  use_no_semi.o(.text)
    __aeabi_errno_addr                       0x0800ab9d   Thumb Code     8  rt_errno_addr_intlibspace.o(.text)
    __errno$intlibspace                      0x0800ab9d   Thumb Code     0  rt_errno_addr_intlibspace.o(.text)
    __rt_errno_addr$intlibspace              0x0800ab9d   Thumb Code     0  rt_errno_addr_intlibspace.o(.text)
    tolower                                  0x0800aba5   Thumb Code    26  tolower.o(.text)
    _printf_int_common                       0x0800abbf   Thumb Code   178  _printf_intcommon.o(.text)
    __lib_sel_fp_printf                      0x0800ac71   Thumb Code     2  _printf_fp_dec.o(.text)
    _printf_fp_dec_real                      0x0800ae23   Thumb Code   620  _printf_fp_dec.o(.text)
    _printf_char_file                        0x0800b091   Thumb Code    32  _printf_char_file.o(.text)
    strtol                                   0x0800b0b5   Thumb Code   112  strtol.o(.text)
    __user_libspace                          0x0800b125   Thumb Code     8  libspace.o(.text)
    __user_perproc_libspace                  0x0800b125   Thumb Code     0  libspace.o(.text)
    __user_perthread_libspace                0x0800b125   Thumb Code     0  libspace.o(.text)
    __rt_ctype_table                         0x0800b12d   Thumb Code    16  rt_ctype_table.o(.text)
    __rt_locale                              0x0800b13d   Thumb Code     8  rt_locale_intlibspace.o(.text)
    _ll_udiv10                               0x0800b145   Thumb Code   138  lludiv10.o(.text)
    _printf_char_common                      0x0800b1db   Thumb Code    32  _printf_char_common.o(.text)
    _printf_fp_infnan                        0x0800b201   Thumb Code   112  _printf_fp_infnan.o(.text)
    _strtoul                                 0x0800b281   Thumb Code   158  _strtoul.o(.text)
    _btod_etento                             0x0800b321   Thumb Code   224  bigflt0.o(.text)
    ferror                                   0x0800b405   Thumb Code     8  ferror.o(.text)
    __user_setup_stackheap                   0x0800b40d   Thumb Code    74  sys_stackheap_outer.o(.text)
    _chval                                   0x0800b457   Thumb Code    28  _chval.o(.text)
    exit                                     0x0800b473   Thumb Code    18  exit.o(.text)
    strcmp                                   0x0800b485   Thumb Code   128  strcmpv7m.o(.text)
    _btod_d2e                                0x0800b505   Thumb Code    62  btod.o(CL$$btod_d2e)
    _d2e_denorm_low                          0x0800b543   Thumb Code    70  btod.o(CL$$btod_d2e_denorm_low)
    _d2e_norm_op1                            0x0800b589   Thumb Code    96  btod.o(CL$$btod_d2e_norm_op1)
    __btod_div_common                        0x0800b5e9   Thumb Code   696  btod.o(CL$$btod_div_common)
    _e2e                                     0x0800b921   Thumb Code   220  btod.o(CL$$btod_e2e)
    _btod_ediv                               0x0800b9fd   Thumb Code    42  btod.o(CL$$btod_ediv)
    _btod_emul                               0x0800ba27   Thumb Code    42  btod.o(CL$$btod_emul)
    __btod_mult_common                       0x0800ba51   Thumb Code   580  btod.o(CL$$btod_mult_common)
    __ARM_fpclassify                         0x0800bc95   Thumb Code    40  fpclassify.o(i.__ARM_fpclassify)
    _is_digit                                0x0800bcbd   Thumb Code    14  __printf_wp.o(i._is_digit)
    _get_lc_numeric                          0x0800bccd   Thumb Code    44  lc_numeric_c.o(locale$$code)
    _get_lc_ctype                            0x0800bcf9   Thumb Code    44  lc_ctype_c.o(locale$$code)
    __fpl_dretinf                            0x0800bd25   Thumb Code    12  dretinf.o(x$fpl$dretinf)
    __aeabi_f2d                              0x0800bd31   Thumb Code     0  f2d.o(x$fpl$f2d)
    _f2d                                     0x0800bd31   Thumb Code    86  f2d.o(x$fpl$f2d)
    __aeabi_fdiv                             0x0800bd89   Thumb Code     0  fdiv.o(x$fpl$fdiv)
    _fdiv                                    0x0800bd89   Thumb Code   384  fdiv.o(x$fpl$fdiv)
    __aeabi_f2uiz                            0x0800bf0d   Thumb Code     0  ffixu.o(x$fpl$ffixu)
    _ffixu                                   0x0800bf0d   Thumb Code    62  ffixu.o(x$fpl$ffixu)
    __aeabi_i2f                              0x0800bf4d   Thumb Code     0  fflt_clz.o(x$fpl$fflt)
    _fflt                                    0x0800bf4d   Thumb Code    48  fflt_clz.o(x$fpl$fflt)
    __aeabi_ui2f                             0x0800bf7d   Thumb Code     0  fflt_clz.o(x$fpl$ffltu)
    _ffltu                                   0x0800bf7d   Thumb Code    38  fflt_clz.o(x$fpl$ffltu)
    __aeabi_fmul                             0x0800bfa5   Thumb Code     0  fmul.o(x$fpl$fmul)
    _fmul                                    0x0800bfa5   Thumb Code   258  fmul.o(x$fpl$fmul)
    __fpl_fnaninf                            0x0800c0a7   Thumb Code   140  fnaninf.o(x$fpl$fnaninf)
    __fpl_fretinf                            0x0800c133   Thumb Code    10  fretinf.o(x$fpl$fretinf)
    _printf_fp_dec                           0x0800c13d   Thumb Code     4  printf1.o(x$fpl$printf1)
    __I$use$fp                               0x0800c140   Number         0  usenofp.o(x$fpl$usenofp)
    Region$$Table$$Base                      0x0800c1d4   Number         0  anon$$obj.o(Region$$Table)
    Region$$Table$$Limit                     0x0800c1f4   Number         0  anon$$obj.o(Region$$Table)
    __ctype                                  0x0800c21d   Data           0  lc_ctype_c.o(locale$$data)
    flagA                                    0x20000014   Data           4  main.o(.data)
    flagB                                    0x20000018   Data           4  main.o(.data)
    flagC                                    0x2000001c   Data           4  main.o(.data)
    SystemCoreClock                          0x20000020   Data           4  system_stm32f10x.o(.data)
    AHBPrescTable                            0x20000024   Data          16  system_stm32f10x.o(.data)
    NTC_value                                0x20000036   Data           2  adc.o(.data)
    NTC1_value                               0x20000038   Data           2  adc.o(.data)
    Imon_value                               0x2000003a   Data           2  adc.o(.data)
    Vmon_value                               0x2000003c   Data           2  adc.o(.data)
    HSEStartUpStatus                         0x20000044   Data           1  clock.o(.data)
    REND_TSETING                             0x20000048   Data           4  flash.o(.data)
    DAC_Flag                                 0x2000004c   Data           1  modbus.o(.data)
    Contr_DACVlue                            0x2000004e   Data           2  modbus.o(.data)
    Modify_A_READ                            0x20000050   Data           4  modbus.o(.data)
    Modify_C_READ                            0x20000054   Data           4  modbus.o(.data)
    Modify_A_ACT                             0x20000058   Data           4  modbus.o(.data)
    Modify_B_READ                            0x2000005c   Data           4  modbus.o(.data)
    Modify_D_READ                            0x20000060   Data           4  modbus.o(.data)
    Modify_B_ACT                             0x20000064   Data           4  modbus.o(.data)
    coefficient                              0x20000068   Data           8  modbus.o(.data)
    UART_Buffer_Size                         0x20000070   Data           1  usart.o(.data)
    Transmit_BUFFERsize                      0x20000071   Data           1  usart.o(.data)
    t_USART                                  0x20000072   Data           1  usart.o(.data)
    __stdout                                 0x20000074   Data           4  usart.o(.data)
    VP_T                                     0x20000078   Data           2  fan_pro.o(.data)
    IP_T                                     0x2000007a   Data           2  fan_pro.o(.data)
    PR_T1                                    0x2000007c   Data           2  fan_pro.o(.data)
    PR_T2                                    0x2000007e   Data           2  fan_pro.o(.data)
    PR_T3                                    0x20000080   Data           2  fan_pro.o(.data)
    PR_T4                                    0x20000082   Data           2  fan_pro.o(.data)
    Von_CONT                                 0x20000084   Data           1  menu.o(.data)
    Setcontr_ADDR                            0x2000008c   Data           1  me_scpi.o(.data)
    ADC1_Buffer                              0x20000090   Data         200  adc.o(.bss)
    ADC_NTC_Filt                             0x20000158   Data         100  adc.o(.bss)
    ADC_NTC1_Filt                            0x200001bc   Data         100  adc.o(.bss)
    Correct_Parametet                        0x20000220   Data          48  modbus.o(.bss)
    Correct_Strong                           0x20000250   Data          48  modbus.o(.bss)
    Run_Control                              0x20000280   Data         200  modbus.o(.bss)
    Transition_Date                          0x20000348   Data          40  modbus.o(.bss)
    UART_Buffer_Rece                         0x20000370   Data         200  usart.o(.bss)
    UART_Buffer_Send                         0x20000438   Data          20  usart.o(.bss)
    Run_temp_contr                           0x2000044c   Data          20  me_scpi.o(.bss)
    AD7689_Buffer                            0x20000460   Data          16  ad7689.o(.bss)
    __libspace_start                         0x20000470   Data          96  libspace.o(.bss)
    __temporary_stack_top$libspace           0x200004d0   Data           0  libspace.o(.bss)



==============================================================================

Memory Map of the image

  Image Entry point : 0x08000131

  Load Region LR_IROM1 (Base: 0x08000000, Size: 0x0000c3b0, Max: 0x00010000, ABSOLUTE)

    Execution Region ER_IROM1 (Exec base: 0x08000000, Load base: 0x08000000, Size: 0x0000c320, Max: 0x00010000, ABSOLUTE)

    Exec Addr    Load Addr    Size         Type   Attr      Idx    E Section Name        Object

    0x08000000   0x08000000   0x00000130   Data   RO           19    RESET               startup_stm32f10x_hd.o
    0x08000130   0x08000130   0x00000008   Code   RO          940  * !!!main             c_w.l(__main.o)
    0x08000138   0x08000138   0x00000034   Code   RO         1198    !!!scatter          c_w.l(__scatter.o)
    0x0800016c   0x0800016c   0x0000001a   Code   RO         1200    !!handler_copy      c_w.l(__scatter_copy.o)
    0x08000186   0x08000186   0x00000002   PAD
    0x08000188   0x08000188   0x0000001c   Code   RO         1202    !!handler_zi        c_w.l(__scatter_zi.o)
    0x080001a4   0x080001a4   0x00000000   Code   RO          931    .ARM.Collect$$_printf_percent$$00000000  c_w.l(_printf_percent.o)
    0x080001a4   0x080001a4   0x00000006   Code   RO          930    .ARM.Collect$$_printf_percent$$00000003  c_w.l(_printf_f.o)
    0x080001aa   0x080001aa   0x00000006   Code   RO          929    .ARM.Collect$$_printf_percent$$00000009  c_w.l(_printf_d.o)
    0x080001b0   0x080001b0   0x00000004   Code   RO          978    .ARM.Collect$$_printf_percent$$00000017  c_w.l(_printf_percent_end.o)
    0x080001b4   0x080001b4   0x00000002   Code   RO         1075    .ARM.Collect$$libinit$$00000000  c_w.l(libinit.o)
    0x080001b6   0x080001b6   0x00000000   Code   RO         1077    .ARM.Collect$$libinit$$00000002  c_w.l(libinit2.o)
    0x080001b6   0x080001b6   0x00000000   Code   RO         1079    .ARM.Collect$$libinit$$00000004  c_w.l(libinit2.o)
    0x080001b6   0x080001b6   0x00000000   Code   RO         1082    .ARM.Collect$$libinit$$0000000A  c_w.l(libinit2.o)
    0x080001b6   0x080001b6   0x00000000   Code   RO         1084    .ARM.Collect$$libinit$$0000000C  c_w.l(libinit2.o)
    0x080001b6   0x080001b6   0x00000000   Code   RO         1086    .ARM.Collect$$libinit$$0000000E  c_w.l(libinit2.o)
    0x080001b6   0x080001b6   0x00000006   Code   RO         1087    .ARM.Collect$$libinit$$0000000F  c_w.l(libinit2.o)
    0x080001bc   0x080001bc   0x00000000   Code   RO         1089    .ARM.Collect$$libinit$$00000011  c_w.l(libinit2.o)
    0x080001bc   0x080001bc   0x0000000c   Code   RO         1090    .ARM.Collect$$libinit$$00000012  c_w.l(libinit2.o)
    0x080001c8   0x080001c8   0x00000000   Code   RO         1091    .ARM.Collect$$libinit$$00000013  c_w.l(libinit2.o)
    0x080001c8   0x080001c8   0x00000000   Code   RO         1093    .ARM.Collect$$libinit$$00000015  c_w.l(libinit2.o)
    0x080001c8   0x080001c8   0x0000000a   Code   RO         1094    .ARM.Collect$$libinit$$00000016  c_w.l(libinit2.o)
    0x080001d2   0x080001d2   0x00000000   Code   RO         1095    .ARM.Collect$$libinit$$00000017  c_w.l(libinit2.o)
    0x080001d2   0x080001d2   0x00000000   Code   RO         1097    .ARM.Collect$$libinit$$00000019  c_w.l(libinit2.o)
    0x080001d2   0x080001d2   0x00000000   Code   RO         1099    .ARM.Collect$$libinit$$0000001B  c_w.l(libinit2.o)
    0x080001d2   0x080001d2   0x00000000   Code   RO         1101    .ARM.Collect$$libinit$$0000001D  c_w.l(libinit2.o)
    0x080001d2   0x080001d2   0x00000000   Code   RO         1103    .ARM.Collect$$libinit$$0000001F  c_w.l(libinit2.o)
    0x080001d2   0x080001d2   0x00000000   Code   RO         1105    .ARM.Collect$$libinit$$00000021  c_w.l(libinit2.o)
    0x080001d2   0x080001d2   0x00000000   Code   RO         1107    .ARM.Collect$$libinit$$00000023  c_w.l(libinit2.o)
    0x080001d2   0x080001d2   0x00000000   Code   RO         1109    .ARM.Collect$$libinit$$00000025  c_w.l(libinit2.o)
    0x080001d2   0x080001d2   0x00000000   Code   RO         1113    .ARM.Collect$$libinit$$0000002C  c_w.l(libinit2.o)
    0x080001d2   0x080001d2   0x00000000   Code   RO         1115    .ARM.Collect$$libinit$$0000002E  c_w.l(libinit2.o)
    0x080001d2   0x080001d2   0x00000000   Code   RO         1117    .ARM.Collect$$libinit$$00000030  c_w.l(libinit2.o)
    0x080001d2   0x080001d2   0x00000000   Code   RO         1119    .ARM.Collect$$libinit$$00000032  c_w.l(libinit2.o)
    0x080001d2   0x080001d2   0x00000002   Code   RO         1120    .ARM.Collect$$libinit$$00000033  c_w.l(libinit2.o)
    0x080001d4   0x080001d4   0x00000002   Code   RO         1148    .ARM.Collect$$libshutdown$$00000000  c_w.l(libshutdown.o)
    0x080001d6   0x080001d6   0x00000000   Code   RO         1157    .ARM.Collect$$libshutdown$$00000002  c_w.l(libshutdown2.o)
    0x080001d6   0x080001d6   0x00000000   Code   RO         1159    .ARM.Collect$$libshutdown$$00000004  c_w.l(libshutdown2.o)
    0x080001d6   0x080001d6   0x00000000   Code   RO         1162    .ARM.Collect$$libshutdown$$00000007  c_w.l(libshutdown2.o)
    0x080001d6   0x080001d6   0x00000000   Code   RO         1165    .ARM.Collect$$libshutdown$$0000000A  c_w.l(libshutdown2.o)
    0x080001d6   0x080001d6   0x00000000   Code   RO         1167    .ARM.Collect$$libshutdown$$0000000C  c_w.l(libshutdown2.o)
    0x080001d6   0x080001d6   0x00000000   Code   RO         1170    .ARM.Collect$$libshutdown$$0000000F  c_w.l(libshutdown2.o)
    0x080001d6   0x080001d6   0x00000002   Code   RO         1171    .ARM.Collect$$libshutdown$$00000010  c_w.l(libshutdown2.o)
    0x080001d8   0x080001d8   0x00000000   Code   RO          964    .ARM.Collect$$rtentry$$00000000  c_w.l(__rtentry.o)
    0x080001d8   0x080001d8   0x00000000   Code   RO          992    .ARM.Collect$$rtentry$$00000002  c_w.l(__rtentry2.o)
    0x080001d8   0x080001d8   0x00000006   Code   RO         1004    .ARM.Collect$$rtentry$$00000004  c_w.l(__rtentry4.o)
    0x080001de   0x080001de   0x00000000   Code   RO          994    .ARM.Collect$$rtentry$$00000009  c_w.l(__rtentry2.o)
    0x080001de   0x080001de   0x00000004   Code   RO          995    .ARM.Collect$$rtentry$$0000000A  c_w.l(__rtentry2.o)
    0x080001e2   0x080001e2   0x00000000   Code   RO          997    .ARM.Collect$$rtentry$$0000000C  c_w.l(__rtentry2.o)
    0x080001e2   0x080001e2   0x00000008   Code   RO          998    .ARM.Collect$$rtentry$$0000000D  c_w.l(__rtentry2.o)
    0x080001ea   0x080001ea   0x00000002   Code   RO         1121    .ARM.Collect$$rtexit$$00000000  c_w.l(rtexit.o)
    0x080001ec   0x080001ec   0x00000000   Code   RO         1128    .ARM.Collect$$rtexit$$00000002  c_w.l(rtexit2.o)
    0x080001ec   0x080001ec   0x00000004   Code   RO         1129    .ARM.Collect$$rtexit$$00000003  c_w.l(rtexit2.o)
    0x080001f0   0x080001f0   0x00000006   Code   RO         1130    .ARM.Collect$$rtexit$$00000004  c_w.l(rtexit2.o)
    0x080001f6   0x080001f6   0x00000002   PAD
    0x080001f8   0x080001f8   0x00000040   Code   RO           20    .text               startup_stm32f10x_hd.o
    0x08000238   0x08000238   0x000000b0   Code   RO           24    .text               misc.o
    0x080002e8   0x080002e8   0x00000330   Code   RO          119    .text               stm32f10x_adc.o
    0x08000618   0x08000618   0x000001c8   Code   RO          203    .text               stm32f10x_dma.o
    0x080007e0   0x080007e0   0x00000480   Code   RO          227    .text               stm32f10x_flash.o
    0x08000c60   0x08000c60   0x00000264   Code   RO          252    .text               stm32f10x_gpio.o
    0x08000ec4   0x08000ec4   0x0000003c   Code   RO          276    .text               stm32f10x_iwdg.o
    0x08000f00   0x08000f00   0x000002b8   Code   RO          300    .text               stm32f10x_rcc.o
    0x080011b8   0x080011b8   0x00000274   Code   RO          339    .text               stm32f10x_spi.o
    0x0800142c   0x0800142c   0x00000af0   Code   RO          351    .text               stm32f10x_tim.o
    0x08001f1c   0x08001f1c   0x00000328   Code   RO          364    .text               stm32f10x_usart.o
    0x08002244   0x08002244   0x00000094   Code   RO          388    .text               main.o
    0x080022d8   0x080022d8   0x00000174   Code   RO          485    .text               stm32f10x_it.o
    0x0800244c   0x0800244c   0x00000158   Code   RO          509    .text               system_stm32f10x.o
    0x080025a4   0x080025a4   0x0000020c   Code   RO          527    .text               adc.o
    0x080027b0   0x080027b0   0x00000228   Code   RO          551    .text               at24c01.o
    0x080029d8   0x080029d8   0x00000074   Code   RO          600    .text               bsp_systick.o
    0x08002a4c   0x08002a4c   0x0000006c   Code   RO          622    .text               clock.o
    0x08002ab8   0x08002ab8   0x000000dc   Code   RO          641    .text               dac.o
    0x08002b94   0x08002b94   0x00001b60   Code   RO          653    .text               flash.o
    0x080046f4   0x080046f4   0x0000009c   Code   RO          672    .text               gpio.o
    0x08004790   0x08004790   0x00000270   Code   RO          684    .text               iic_24c01.o
    0x08004a00   0x08004a00   0x00000022   Code   RO          697    .text               iwdg.o
    0x08004a22   0x08004a22   0x00000002   PAD
    0x08004a24   0x08004a24   0x00000fdc   Code   RO          733    .text               modbus.o
    0x08005a00   0x08005a00   0x00000068   Code   RO          753    .text               tim6.o
    0x08005a68   0x08005a68   0x000003b4   Code   RO          765    .text               usart.o
    0x08005e1c   0x08005e1c   0x00000208   Code   RO          795    .text               fan_pro.o
    0x08006024   0x08006024   0x000003b8   Code   RO          815    .text               menu.o
    0x080063dc   0x080063dc   0x000043ac   Code   RO          835    .text               me_scpi.o
    0x0800a788   0x0800a788   0x000001e0   Code   RO          866    .text               ad7689.o
    0x0800a968   0x0800a968   0x00000002   Code   RO          899    .text               c_w.l(use_no_semi_2.o)
    0x0800a96a   0x0800a96a   0x00000002   PAD
    0x0800a96c   0x0800a96c   0x00000018   Code   RO          903    .text               c_w.l(noretval__2printf.o)
    0x0800a984   0x0800a984   0x00000078   Code   RO          907    .text               c_w.l(_printf_dec.o)
    0x0800a9fc   0x0800a9fc   0x0000010e   Code   RO          917    .text               c_w.l(__printf_wp.o)
    0x0800ab0a   0x0800ab0a   0x0000001a   Code   RO          932    .text               c_w.l(atoi.o)
    0x0800ab24   0x0800ab24   0x00000032   Code   RO          934    .text               c_w.l(strncasecmp.o)
    0x0800ab56   0x0800ab56   0x0000003e   Code   RO          936    .text               c_w.l(strlen.o)
    0x0800ab94   0x0800ab94   0x00000006   Code   RO          938    .text               c_w.l(heapauxi.o)
    0x0800ab9a   0x0800ab9a   0x00000002   Code   RO          962    .text               c_w.l(use_no_semi.o)
    0x0800ab9c   0x0800ab9c   0x00000008   Code   RO          968    .text               c_w.l(rt_errno_addr_intlibspace.o)
    0x0800aba4   0x0800aba4   0x0000001a   Code   RO          970    .text               c_w.l(tolower.o)
    0x0800abbe   0x0800abbe   0x000000b2   Code   RO          972    .text               c_w.l(_printf_intcommon.o)
    0x0800ac70   0x0800ac70   0x0000041e   Code   RO          974    .text               c_w.l(_printf_fp_dec.o)
    0x0800b08e   0x0800b08e   0x00000002   PAD
    0x0800b090   0x0800b090   0x00000024   Code   RO          976    .text               c_w.l(_printf_char_file.o)
    0x0800b0b4   0x0800b0b4   0x00000070   Code   RO          979    .text               c_w.l(strtol.o)
    0x0800b124   0x0800b124   0x00000008   Code   RO          988    .text               c_w.l(libspace.o)
    0x0800b12c   0x0800b12c   0x00000010   Code   RO         1006    .text               c_w.l(rt_ctype_table.o)
    0x0800b13c   0x0800b13c   0x00000008   Code   RO         1011    .text               c_w.l(rt_locale_intlibspace.o)
    0x0800b144   0x0800b144   0x0000008a   Code   RO         1013    .text               c_w.l(lludiv10.o)
    0x0800b1ce   0x0800b1ce   0x00000002   PAD
    0x0800b1d0   0x0800b1d0   0x00000030   Code   RO         1015    .text               c_w.l(_printf_char_common.o)
    0x0800b200   0x0800b200   0x00000080   Code   RO         1017    .text               c_w.l(_printf_fp_infnan.o)
    0x0800b280   0x0800b280   0x0000009e   Code   RO         1019    .text               c_w.l(_strtoul.o)
    0x0800b31e   0x0800b31e   0x00000002   PAD
    0x0800b320   0x0800b320   0x000000e4   Code   RO         1021    .text               c_w.l(bigflt0.o)
    0x0800b404   0x0800b404   0x00000008   Code   RO         1046    .text               c_w.l(ferror.o)
    0x0800b40c   0x0800b40c   0x0000004a   Code   RO         1057    .text               c_w.l(sys_stackheap_outer.o)
    0x0800b456   0x0800b456   0x0000001c   Code   RO         1061    .text               c_w.l(_chval.o)
    0x0800b472   0x0800b472   0x00000012   Code   RO         1066    .text               c_w.l(exit.o)
    0x0800b484   0x0800b484   0x00000080   Code   RO         1068    .text               c_w.l(strcmpv7m.o)
    0x0800b504   0x0800b504   0x0000003e   Code   RO         1024    CL$$btod_d2e        c_w.l(btod.o)
    0x0800b542   0x0800b542   0x00000046   Code   RO         1026    CL$$btod_d2e_denorm_low  c_w.l(btod.o)
    0x0800b588   0x0800b588   0x00000060   Code   RO         1025    CL$$btod_d2e_norm_op1  c_w.l(btod.o)
    0x0800b5e8   0x0800b5e8   0x00000338   Code   RO         1034    CL$$btod_div_common  c_w.l(btod.o)
    0x0800b920   0x0800b920   0x000000dc   Code   RO         1031    CL$$btod_e2e        c_w.l(btod.o)
    0x0800b9fc   0x0800b9fc   0x0000002a   Code   RO         1028    CL$$btod_ediv       c_w.l(btod.o)
    0x0800ba26   0x0800ba26   0x0000002a   Code   RO         1027    CL$$btod_emul       c_w.l(btod.o)
    0x0800ba50   0x0800ba50   0x00000244   Code   RO         1033    CL$$btod_mult_common  c_w.l(btod.o)
    0x0800bc94   0x0800bc94   0x00000028   Code   RO         1055    i.__ARM_fpclassify  m_ws.l(fpclassify.o)
    0x0800bcbc   0x0800bcbc   0x0000000e   Code   RO          919    i._is_digit         c_w.l(__printf_wp.o)
    0x0800bcca   0x0800bcca   0x00000002   PAD
    0x0800bccc   0x0800bccc   0x0000002c   Code   RO         1051    locale$$code        c_w.l(lc_numeric_c.o)
    0x0800bcf8   0x0800bcf8   0x0000002c   Code   RO         1064    locale$$code        c_w.l(lc_ctype_c.o)
    0x0800bd24   0x0800bd24   0x0000000c   Code   RO          981    x$fpl$dretinf       fz_ws.l(dretinf.o)
    0x0800bd30   0x0800bd30   0x00000056   Code   RO          942    x$fpl$f2d           fz_ws.l(f2d.o)
    0x0800bd86   0x0800bd86   0x00000002   PAD
    0x0800bd88   0x0800bd88   0x00000184   Code   RO          945    x$fpl$fdiv          fz_ws.l(fdiv.o)
    0x0800bf0c   0x0800bf0c   0x0000003e   Code   RO          948    x$fpl$ffixu         fz_ws.l(ffixu.o)
    0x0800bf4a   0x0800bf4a   0x00000002   PAD
    0x0800bf4c   0x0800bf4c   0x00000030   Code   RO          953    x$fpl$fflt          fz_ws.l(fflt_clz.o)
    0x0800bf7c   0x0800bf7c   0x00000026   Code   RO          952    x$fpl$ffltu         fz_ws.l(fflt_clz.o)
    0x0800bfa2   0x0800bfa2   0x00000002   PAD
    0x0800bfa4   0x0800bfa4   0x00000102   Code   RO          958    x$fpl$fmul          fz_ws.l(fmul.o)
    0x0800c0a6   0x0800c0a6   0x0000008c   Code   RO          983    x$fpl$fnaninf       fz_ws.l(fnaninf.o)
    0x0800c132   0x0800c132   0x0000000a   Code   RO          985    x$fpl$fretinf       fz_ws.l(fretinf.o)
    0x0800c13c   0x0800c13c   0x00000004   Code   RO          960    x$fpl$printf1       fz_ws.l(printf1.o)
    0x0800c140   0x0800c140   0x00000000   Code   RO          987    x$fpl$usenofp       fz_ws.l(usenofp.o)
    0x0800c140   0x0800c140   0x00000094   Data   RO         1022    .constdata          c_w.l(bigflt0.o)
    0x0800c1d4   0x0800c1d4   0x00000020   Data   RO         1196    Region$$Table       anon$$obj.o
    0x0800c1f4   0x0800c1f4   0x0000001c   Data   RO         1050    locale$$data        c_w.l(lc_numeric_c.o)
    0x0800c210   0x0800c210   0x00000110   Data   RO         1063    locale$$data        c_w.l(lc_ctype_c.o)


    Execution Region RW_IRAM1 (Exec base: 0x20000000, Load base: 0x0800c320, Size: 0x00000ed0, Max: 0x00005000, ABSOLUTE)

    Exec Addr    Load Addr    Size         Type   Attr      Idx    E Section Name        Object

    0x20000000   0x0800c320   0x00000014   Data   RW          301    .data               stm32f10x_rcc.o
    0x20000014   0x0800c334   0x00000004   Data   RW          389    .data               main.o
    0x20000018   0x0800c338   0x00000004   Data   RW          390    .data               main.o
    0x2000001c   0x0800c33c   0x00000004   Data   RW          391    .data               main.o
    0x20000020   0x0800c340   0x00000014   Data   RW          510    .data               system_stm32f10x.o
    0x20000034   0x0800c354   0x00000006   Data   RW          529    .data               adc.o
    0x2000003a   0x0800c35a   0x00000002   Data   RW          530    .data               adc.o
    0x2000003c   0x0800c35c   0x00000002   Data   RW          531    .data               adc.o
    0x2000003e   0x0800c35e   0x00000001   Data   RW          552    .data               at24c01.o
    0x2000003f   0x0800c35f   0x00000001   PAD
    0x20000040   0x0800c360   0x00000004   Data   RW          601    .data               bsp_systick.o
    0x20000044   0x0800c364   0x00000001   Data   RW          623    .data               clock.o
    0x20000045   0x0800c365   0x00000003   PAD
    0x20000048   0x0800c368   0x00000004   Data   RW          654    .data               flash.o
    0x2000004c   0x0800c36c   0x00000024   Data   RW          735    .data               modbus.o
    0x20000070   0x0800c390   0x00000001   Data   RW          767    .data               usart.o
    0x20000071   0x0800c391   0x00000001   Data   RW          768    .data               usart.o
    0x20000072   0x0800c392   0x00000001   Data   RW          769    .data               usart.o
    0x20000073   0x0800c393   0x00000001   PAD
    0x20000074   0x0800c394   0x00000004   Data   RW          770    .data               usart.o
    0x20000078   0x0800c398   0x0000000c   Data   RW          797    .data               fan_pro.o
    0x20000084   0x0800c3a4   0x00000008   Data   RW          816    .data               menu.o
    0x2000008c   0x0800c3ac   0x00000001   Data   RW          837    .data               me_scpi.o
    0x2000008d   0x0800c3ad   0x00000003   PAD
    0x20000090        -       0x00000190   Zero   RW          528    .bss                adc.o
    0x20000220        -       0x00000150   Zero   RW          734    .bss                modbus.o
    0x20000370        -       0x000000dc   Zero   RW          766    .bss                usart.o
    0x2000044c        -       0x00000014   Zero   RW          836    .bss                me_scpi.o
    0x20000460        -       0x00000010   Zero   RW          867    .bss                ad7689.o
    0x20000470        -       0x00000060   Zero   RW          989    .bss                c_w.l(libspace.o)
    0x200004d0        -       0x00000200   Zero   RW           18    HEAP                startup_stm32f10x_hd.o
    0x200006d0        -       0x00000800   Zero   RW           17    STACK               startup_stm32f10x_hd.o


==============================================================================

Image component sizes


      Code (inc. data)   RO Data    RW Data    ZI Data      Debug   Object Name

       480         20          0          0         16       2880   ad7689.o
       524         18          0         10        400       2231   adc.o
       552          4          0          1          0       2605   at24c01.o
       116         14          0          4          0      16245   bsp_systick.o
       108          6          0          1          0        735   clock.o
         0          0          0          0          0       4540   core_cm3.o
       220          6          0          0          0        787   dac.o
       520         28          0         12          0       1400   fan_pro.o
      7008         78          0          4          0       4611   flash.o
       156         22          0          0          0        524   gpio.o
       624          6          0          0          0       2998   iic_24c01.o
        34          0          0          0          0        452   iwdg.o
       148         14          0         12          0     215552   main.o
     17324       1906          0          1         20      21201   me_scpi.o
       952         40          0          8          0       2950   menu.o
       176         14          0          0          0     282417   misc.o
      4060         58          0         36        336       6162   modbus.o
        64         26        304          0       2560        816   startup_stm32f10x_hd.o
       816         24          0          0          0      11349   stm32f10x_adc.o
       456         10          0          0          0       4654   stm32f10x_dma.o
      1152         22          0          0          0       9252   stm32f10x_flash.o
       612         36          0          0          0       6025   stm32f10x_gpio.o
       372         38          0          0          0       2223   stm32f10x_it.o
        60          6          0          0          0       1309   stm32f10x_iwdg.o
       696         32          0         20          0       9004   stm32f10x_rcc.o
       628         14          0          0          0       7046   stm32f10x_spi.o
      2800         84          0          0          0      23962   stm32f10x_tim.o
       808         22          0          0          0       8892   stm32f10x_usart.o
       344         34          0         20          0       1867   system_stm32f10x.o
       104          4          0          0          0       1018   tim6.o
       948         46          0          7        220       5294   usart.o

    ----------------------------------------------------------------------
     42864       2632        336        144       3552     661001   Object Totals
         0          0         32          0          0          0   (incl. Generated)
         2          0          0          8          0          0   (incl. Padding)

    ----------------------------------------------------------------------

      Code (inc. data)   RO Data    RW Data    ZI Data      Debug   Library Member Name

         8          0          0          0          0         68   __main.o
       284          0          0          0          0        156   __printf_wp.o
         0          0          0          0          0          0   __rtentry.o
        12          0          0          0          0          0   __rtentry2.o
         6          0          0          0          0          0   __rtentry4.o
        52          8          0          0          0          0   __scatter.o
        26          0          0          0          0          0   __scatter_copy.o
        28          0          0          0          0          0   __scatter_zi.o
        28          0          0          0          0         68   _chval.o
        48          6          0          0          0         96   _printf_char_common.o
        36          4          0          0          0         80   _printf_char_file.o
         6          0          0          0          0          0   _printf_d.o
       120         16          0          0          0         92   _printf_dec.o
         6          0          0          0          0          0   _printf_f.o
      1054          0          0          0          0        216   _printf_fp_dec.o
       128         16          0          0          0         84   _printf_fp_infnan.o
       178          0          0          0          0         88   _printf_intcommon.o
         0          0          0          0          0          0   _printf_percent.o
         4          0          0          0          0          0   _printf_percent_end.o
       158          0          0          0          0         92   _strtoul.o
        26          0          0          0          0         80   atoi.o
       228          4        148          0          0         96   bigflt0.o
      1936        128          0          0          0        672   btod.o
        18          0          0          0          0         80   exit.o
         8          0          0          0          0         68   ferror.o
         6          0          0          0          0        152   heapauxi.o
        44         10        272          0          0         76   lc_ctype_c.o
        44         10         28          0          0         76   lc_numeric_c.o
         2          0          0          0          0          0   libinit.o
        30          0          0          0          0          0   libinit2.o
         2          0          0          0          0          0   libshutdown.o
         2          0          0          0          0          0   libshutdown2.o
         8          4          0          0         96         68   libspace.o
       138          0          0          0          0         80   lludiv10.o
        24          4          0          0          0         84   noretval__2printf.o
        16          4          0          0          0         76   rt_ctype_table.o
         8          4          0          0          0         68   rt_errno_addr_intlibspace.o
         8          4          0          0          0         68   rt_locale_intlibspace.o
         2          0          0          0          0          0   rtexit.o
        10          0          0          0          0          0   rtexit2.o
       128          0          0          0          0         68   strcmpv7m.o
        62          0          0          0          0         76   strlen.o
        50          0          0          0          0         84   strncasecmp.o
       112          0          0          0          0         88   strtol.o
        74          0          0          0          0         80   sys_stackheap_outer.o
        26          0          0          0          0         76   tolower.o
         2          0          0          0          0         68   use_no_semi.o
         2          0          0          0          0         68   use_no_semi_2.o
        12          0          0          0          0         68   dretinf.o
        86          4          0          0          0         84   f2d.o
       388         76          0          0          0         96   fdiv.o
        62          4          0          0          0         84   ffixu.o
        86          0          0          0          0        136   fflt_clz.o
       258          4          0          0          0         84   fmul.o
       140          4          0          0          0         84   fnaninf.o
        10          0          0          0          0         68   fretinf.o
         4          0          0          0          0         68   printf1.o
         0          0          0          0          0          0   usenofp.o
        40          0          0          0          0         68   fpclassify.o

    ----------------------------------------------------------------------
      6304        314        448          0         96       4232   Library Totals
        20          0          0          0          0          0   (incl. Padding)

    ----------------------------------------------------------------------

      Code (inc. data)   RO Data    RW Data    ZI Data      Debug   Library Name

      5198        222        448          0         96       3392   c_w.l
      1046         92          0          0          0        772   fz_ws.l
        40          0          0          0          0         68   m_ws.l

    ----------------------------------------------------------------------
      6304        314        448          0         96       4232   Library Totals

    ----------------------------------------------------------------------

==============================================================================


      Code (inc. data)   RO Data    RW Data    ZI Data      Debug   

     49168       2946        784        144       3648     659145   Grand Totals
     49168       2946        784        144       3648     659145   ELF Image Totals
     49168       2946        784        144          0          0   ROM Totals

==============================================================================

    Total RO  Size (Code + RO Data)                49952 (  48.78kB)
    Total RW  Size (RW Data + ZI Data)              3792 (   3.70kB)
    Total ROM Size (Code + RO Data + RW Data)      50096 (  48.92kB)

==============================================================================

