Component: ARM Compiler 5.06 update 6 (build 750) Tool: armlink [4d35ed]

==============================================================================

Section Cross References

    startup_stm32f10x_hd.o(RESET) refers to startup_stm32f10x_hd.o(STACK) for __initial_sp
    startup_stm32f10x_hd.o(RESET) refers to startup_stm32f10x_hd.o(.text) for Reset_Handler
    startup_stm32f10x_hd.o(RESET) refers to stm32f10x_it.o(i.NMI_Handler) for NMI_Handler
    startup_stm32f10x_hd.o(RESET) refers to stm32f10x_it.o(i.HardFault_Handler) for HardFault_Handler
    startup_stm32f10x_hd.o(RESET) refers to stm32f10x_it.o(i.MemManage_Handler) for MemManage_Handler
    startup_stm32f10x_hd.o(RESET) refers to stm32f10x_it.o(i.BusFault_Handler) for BusFault_Handler
    startup_stm32f10x_hd.o(RESET) refers to stm32f10x_it.o(i.UsageFault_Handler) for UsageFault_Handler
    startup_stm32f10x_hd.o(RESET) refers to stm32f10x_it.o(i.SVC_Handler) for SVC_Handler
    startup_stm32f10x_hd.o(RESET) refers to stm32f10x_it.o(i.DebugMon_Handler) for DebugMon_Handler
    startup_stm32f10x_hd.o(RESET) refers to stm32f10x_it.o(i.SysTick_Handler) for SysTick_Handler
    startup_stm32f10x_hd.o(RESET) refers to stm32f10x_it.o(i.DMA1_Channel1_IRQHandler) for DMA1_Channel1_IRQHandler
    startup_stm32f10x_hd.o(RESET) refers to stm32f10x_it.o(i.DMA1_Channel2_IRQHandler) for DMA1_Channel2_IRQHandler
    startup_stm32f10x_hd.o(RESET) refers to stm32f10x_it.o(i.TIM4_IRQHandler) for TIM4_IRQHandler
    startup_stm32f10x_hd.o(RESET) refers to stm32f10x_it.o(i.USART1_IRQHandler) for USART1_IRQHandler
    startup_stm32f10x_hd.o(RESET) refers to stm32f10x_it.o(i.USART2_IRQHandler) for USART2_IRQHandler
    startup_stm32f10x_hd.o(RESET) refers to stm32f10x_it.o(i.USART3_IRQHandler) for USART3_IRQHandler
    startup_stm32f10x_hd.o(.text) refers to system_stm32f10x.o(i.SystemInit) for SystemInit
    startup_stm32f10x_hd.o(.text) refers to entry.o(.ARM.Collect$$$$00000000) for __main
    stm32f10x_adc.o(i.ADC_DeInit) refers to stm32f10x_rcc.o(i.RCC_APB2PeriphResetCmd) for RCC_APB2PeriphResetCmd
    stm32f10x_bkp.o(i.BKP_DeInit) refers to stm32f10x_rcc.o(i.RCC_BackupResetCmd) for RCC_BackupResetCmd
    stm32f10x_can.o(i.CAN_DeInit) refers to stm32f10x_rcc.o(i.RCC_APB1PeriphResetCmd) for RCC_APB1PeriphResetCmd
    stm32f10x_can.o(i.CAN_GetITStatus) refers to stm32f10x_can.o(i.CheckITStatus) for CheckITStatus
    stm32f10x_cec.o(i.CEC_DeInit) refers to stm32f10x_rcc.o(i.RCC_APB1PeriphResetCmd) for RCC_APB1PeriphResetCmd
    stm32f10x_dac.o(i.DAC_DeInit) refers to stm32f10x_rcc.o(i.RCC_APB1PeriphResetCmd) for RCC_APB1PeriphResetCmd
    stm32f10x_flash.o(i.FLASH_EnableWriteProtection) refers to stm32f10x_flash.o(i.FLASH_WaitForLastOperation) for FLASH_WaitForLastOperation
    stm32f10x_flash.o(i.FLASH_EraseAllBank1Pages) refers to stm32f10x_flash.o(i.FLASH_WaitForLastBank1Operation) for FLASH_WaitForLastBank1Operation
    stm32f10x_flash.o(i.FLASH_EraseAllPages) refers to stm32f10x_flash.o(i.FLASH_WaitForLastOperation) for FLASH_WaitForLastOperation
    stm32f10x_flash.o(i.FLASH_EraseOptionBytes) refers to stm32f10x_flash.o(i.FLASH_GetReadOutProtectionStatus) for FLASH_GetReadOutProtectionStatus
    stm32f10x_flash.o(i.FLASH_EraseOptionBytes) refers to stm32f10x_flash.o(i.FLASH_WaitForLastOperation) for FLASH_WaitForLastOperation
    stm32f10x_flash.o(i.FLASH_ErasePage) refers to stm32f10x_flash.o(i.FLASH_WaitForLastOperation) for FLASH_WaitForLastOperation
    stm32f10x_flash.o(i.FLASH_ProgramHalfWord) refers to stm32f10x_flash.o(i.FLASH_WaitForLastOperation) for FLASH_WaitForLastOperation
    stm32f10x_flash.o(i.FLASH_ProgramOptionByteData) refers to stm32f10x_flash.o(i.FLASH_WaitForLastOperation) for FLASH_WaitForLastOperation
    stm32f10x_flash.o(i.FLASH_ProgramWord) refers to stm32f10x_flash.o(i.FLASH_WaitForLastOperation) for FLASH_WaitForLastOperation
    stm32f10x_flash.o(i.FLASH_ReadOutProtection) refers to stm32f10x_flash.o(i.FLASH_WaitForLastOperation) for FLASH_WaitForLastOperation
    stm32f10x_flash.o(i.FLASH_UserOptionByteConfig) refers to stm32f10x_flash.o(i.FLASH_WaitForLastOperation) for FLASH_WaitForLastOperation
    stm32f10x_flash.o(i.FLASH_WaitForLastBank1Operation) refers to stm32f10x_flash.o(i.FLASH_GetBank1Status) for FLASH_GetBank1Status
    stm32f10x_flash.o(i.FLASH_WaitForLastOperation) refers to stm32f10x_flash.o(i.FLASH_GetBank1Status) for FLASH_GetBank1Status
    stm32f10x_gpio.o(i.GPIO_AFIODeInit) refers to stm32f10x_rcc.o(i.RCC_APB2PeriphResetCmd) for RCC_APB2PeriphResetCmd
    stm32f10x_gpio.o(i.GPIO_DeInit) refers to stm32f10x_rcc.o(i.RCC_APB2PeriphResetCmd) for RCC_APB2PeriphResetCmd
    stm32f10x_i2c.o(i.I2C_DeInit) refers to stm32f10x_rcc.o(i.RCC_APB1PeriphResetCmd) for RCC_APB1PeriphResetCmd
    stm32f10x_i2c.o(i.I2C_Init) refers to stm32f10x_rcc.o(i.RCC_GetClocksFreq) for RCC_GetClocksFreq
    stm32f10x_pwr.o(i.PWR_DeInit) refers to stm32f10x_rcc.o(i.RCC_APB1PeriphResetCmd) for RCC_APB1PeriphResetCmd
[...]
    _scanf_really_real                       0x08000f21   Thumb Code   556  scanf_fp.o(.text)
    _sgetc                                   0x08001159   Thumb Code    30  _sgetc.o(.text)
    _sbackspace                              0x08001177   Thumb Code    34  _sgetc.o(.text)
    _strtoull                                0x08001199   Thumb Code   194  _strtoull.o(.text)
    __aeabi_d2f                              0x0800125b   Thumb Code    56  d2f.o(.text)
    __fp_status                              0x08001293   Thumb Code     4  fpstat.o(.text)
    __ieee_status                            0x08001293   Thumb Code     0  fpstat.o(.text)
    __decompress                             0x08001297   Thumb Code     0  __dczerorl2.o(.text)
    __decompress1                            0x08001297   Thumb Code    86  __dczerorl2.o(.text)
    AD5541_GPIOCoing                         0x080012ed   Thumb Code    32  dac.o(i.AD5541_GPIOCoing)
    AD5541_Send                              0x08001311   Thumb Code   180  dac.o(i.AD5541_Send)
    AD7689_Delay                             0x080013c9   Thumb Code    30  ad7689.o(i.AD7689_Delay)
    AD7689_InitializeSPI2                    0x080013e9   Thumb Code   188  ad7689.o(i.AD7689_InitializeSPI2)
    AD7689_Scan_CH                           0x080014ad   Thumb Code   286  ad7689.o(i.AD7689_Scan_CH)
    AD7689_TransferByte                      0x080015e1   Thumb Code    56  ad7689.o(i.AD7689_TransferByte)
    ADC1_DMA_Init                            0x0800161d   Thumb Code   276  adc.o(i.ADC1_DMA_Init)
    ADC_CH_Scan                              0x0800173d   Thumb Code   198  adc.o(i.ADC_CH_Scan)
    ADC_Cmd                                  0x0800180d   Thumb Code    20  stm32f10x_adc.o(i.ADC_Cmd)
    ADC_DMACmd                               0x08001821   Thumb Code    20  stm32f10x_adc.o(i.ADC_DMACmd)
    ADC_DeInit                               0x08001835   Thumb Code    56  stm32f10x_adc.o(i.ADC_DeInit)
    ADC_GetCalibrationStatus                 0x08001879   Thumb Code    14  stm32f10x_adc.o(i.ADC_GetCalibrationStatus)
    ADC_GetResetCalibrationStatus            0x08001887   Thumb Code    14  stm32f10x_adc.o(i.ADC_GetResetCalibrationStatus)
    ADC_Init                                 0x08001895   Thumb Code    62  stm32f10x_adc.o(i.ADC_Init)
    ADC_RegularChannelConfig                 0x080018dd   Thumb Code   116  stm32f10x_adc.o(i.ADC_RegularChannelConfig)
    ADC_ResetCalibration                     0x08001951   Thumb Code    10  stm32f10x_adc.o(i.ADC_ResetCalibration)
    ADC_SoftwareStartConvCmd                 0x0800195b   Thumb Code    20  stm32f10x_adc.o(i.ADC_SoftwareStartConvCmd)
    ADC_StartCalibration                     0x0800196f   Thumb Code    10  stm32f10x_adc.o(i.ADC_StartCalibration)
    All_protect                              0x08001979   Thumb Code   432  fan_pro.o(i.All_protect)
    BSD_strnlen                              0x08001b41   Thumb Code    22  utils.o(i.BSD_strnlen)
    Baud_SET                                 0x08001b59   Thumb Code    70  usart.o(i.Baud_SET)
    BusFault_Handler                         0x08001c95   Thumb Code     2  stm32f10x_it.o(i.BusFault_Handler)
    Cont_coeff_LEDMODE                       0x08001ed9   Thumb Code   146  menu.o(i.Cont_coeff_LEDMODE)
    DAM1_ADC_NVIC                            0x08001f75   Thumb Code    32  adc.o(i.DAM1_ADC_NVIC)
    DMA1_Channel1_IRQHandler                 0x08001f95   Thumb Code    16  stm32f10x_it.o(i.DMA1_Channel1_IRQHandler)
    DMA1_Channel2_IRQHandler                 0x08001fa9   Thumb Code    20  stm32f10x_it.o(i.DMA1_Channel2_IRQHandler)
    DMA_ClearITPendingBit                    0x08001fc1   Thumb Code    16  stm32f10x_dma.o(i.DMA_ClearITPendingBit)
    DMA_Cmd                                  0x08001fd9   Thumb Code    22  stm32f10x_dma.o(i.DMA_Cmd)
    DMA_DeInit                               0x08001ff1   Thumb Code   218  stm32f10x_dma.o(i.DMA_DeInit)
    DMA_ITConfig                             0x080020d5   Thumb Code    16  stm32f10x_dma.o(i.DMA_ITConfig)
    DMA_Init                                 0x080020e5   Thumb Code    58  stm32f10x_dma.o(i.DMA_Init)
    DebugMon_Handler                         0x080024d1   Thumb Code     2  stm32f10x_it.o(i.DebugMon_Handler)
    EEPROM_READ_Byte                         0x080024d5   Thumb Code    76  at24c01.o(i.EEPROM_READ_Byte)
    EEPROM_READ_Coeff                        0x08002525   Thumb Code  3434  flash.o(i.EEPROM_READ_Coeff)
    EEPROM_WriteByte                         0x0800328f   Thumb Code   108  at24c01.o(i.EEPROM_WriteByte)
    FLASH_PrefetchBufferCmd                  0x080032fd   Thumb Code    18  stm32f10x_flash.o(i.FLASH_PrefetchBufferCmd)
    FLASH_SetLatency                         0x08003315   Thumb Code    14  stm32f10x_flash.o(i.FLASH_SetLatency)
    Flash_Write_all                          0x08003329   Thumb Code  3550  flash.o(i.Flash_Write_all)
    GPIO_AFIODeInit                          0x08004107   Thumb Code    22  stm32f10x_gpio.o(i.GPIO_AFIODeInit)
    GPIO_Conf                                0x0800411d   Thumb Code   134  gpio.o(i.GPIO_Conf)
    GPIO_DeInit                              0x080041b9   Thumb Code   152  stm32f10x_gpio.o(i.GPIO_DeInit)
    GPIO_Init                                0x0800426d   Thumb Code   162  stm32f10x_gpio.o(i.GPIO_Init)
    GPIO_PinRemapConfig                      0x08004311   Thumb Code    82  stm32f10x_gpio.o(i.GPIO_PinRemapConfig)
    GPIO_ReadInputDataBit                    0x08004369   Thumb Code    14  stm32f10x_gpio.o(i.GPIO_ReadInputDataBit)
    GPIO_ResetBits                           0x08004377   Thumb Code     4  stm32f10x_gpio.o(i.GPIO_ResetBits)
    GPIO_SetBits                             0x0800437b   Thumb Code     4  stm32f10x_gpio.o(i.GPIO_SetBits)
    HardFault_Handler                        0x0800437f   Thumb Code     2  stm32f10x_it.o(i.HardFault_Handler)
    Hardware_CRC                             0x08004381   Thumb Code   124  modbus.o(i.Hardware_CRC)
    IWDG_Enable                              0x080045d1   Thumb Code    10  stm32f10x_iwdg.o(i.IWDG_Enable)
    IWDG_Inte                                0x080045e1   Thumb Code    34  iwdg.o(i.IWDG_Inte)
    IWDG_ReloadCounter                       0x08004605   Thumb Code    10  stm32f10x_iwdg.o(i.IWDG_ReloadCounter)
    IWDG_SetPrescaler                        0x08004615   Thumb Code     6  stm32f10x_iwdg.o(i.IWDG_SetPrescaler)
    IWDG_SetReload                           0x08004621   Thumb Code     6  stm32f10x_iwdg.o(i.IWDG_SetReload)
    IWDG_WriteAccessCmd                      0x0800462d   Thumb Code     6  stm32f10x_iwdg.o(i.IWDG_WriteAccessCmd)
    I_SW_COTNR                               0x08004639   Thumb Code   138  menu.o(i.I_SW_COTNR)
    MemManage_Handler                        0x08004739   Thumb Code     2  stm32f10x_it.o(i.MemManage_Handler)
    NMI_Handler                              0x08004747   Thumb Code     2  stm32f10x_it.o(i.NMI_Handler)
    NVIC_Init                                0x08004749   Thumb Code    94  misc.o(i.NVIC_Init)
    NVIC_PriorityGroupConfig                 0x080047ad   Thumb Code    10  misc.o(i.NVIC_PriorityGroupConfig)
    RCC_ADCCLKConfig                         0x08004955   Thumb Code    14  stm32f10x_rcc.o(i.RCC_ADCCLKConfig)
    RCC_AHBPeriphClockCmd                    0x08004969   Thumb Code    18  stm32f10x_rcc.o(i.RCC_AHBPeriphClockCmd)
    RCC_APB1PeriphClockCmd                   0x08004981   Thumb Code    18  stm32f10x_rcc.o(i.RCC_APB1PeriphClockCmd)
    RCC_APB2PeriphClockCmd                   0x08004999   Thumb Code    18  stm32f10x_rcc.o(i.RCC_APB2PeriphClockCmd)
    RCC_APB2PeriphResetCmd                   0x080049b1   Thumb Code    18  stm32f10x_rcc.o(i.RCC_APB2PeriphResetCmd)
    RCC_Configuration                        0x080049c9   Thumb Code   102  clock.o(i.RCC_Configuration)
    RCC_DeInit                               0x08004a35   Thumb Code    50  stm32f10x_rcc.o(i.RCC_DeInit)
    RCC_GetClocksFreq                        0x08004a75   Thumb Code   128  stm32f10x_rcc.o(i.RCC_GetClocksFreq)
    RCC_GetFlagStatus                        0x08004b05   Thumb Code    44  stm32f10x_rcc.o(i.RCC_GetFlagStatus)
    RCC_GetSYSCLKSource                      0x08004b35   Thumb Code    10  stm32f10x_rcc.o(i.RCC_GetSYSCLKSource)
    RCC_HCLKConfig                           0x08004b45   Thumb Code    14  stm32f10x_rcc.o(i.RCC_HCLKConfig)
    RCC_HSEConfig                            0x08004b59   Thumb Code    48  stm32f10x_rcc.o(i.RCC_HSEConfig)
    RCC_PCLK1Config                          0x08004b8d   Thumb Code    14  stm32f10x_rcc.o(i.RCC_PCLK1Config)
    RCC_PCLK2Config                          0x08004ba1   Thumb Code    16  stm32f10x_rcc.o(i.RCC_PCLK2Config)
    RCC_PLLCmd                               0x08004bb5   Thumb Code     6  stm32f10x_rcc.o(i.RCC_PLLCmd)
    RCC_PLLConfig                            0x08004bc1   Thumb Code    16  stm32f10x_rcc.o(i.RCC_PLLConfig)
    RCC_SYSCLKConfig                         0x08004bd5   Thumb Code    14  stm32f10x_rcc.o(i.RCC_SYSCLKConfig)
    RCC_WaitForHSEStartUp                    0x08004be9   Thumb Code    44  stm32f10x_rcc.o(i.RCC_WaitForHSEStartUp)
    SCPI_ChoiceToName                        0x08004c89   Thumb Code    42  parser.o(i.SCPI_ChoiceToName)
    SCPI_CommandNumbers                      0x08004cb3   Thumb Code    24  parser.o(i.SCPI_CommandNumbers)
    SCPI_CoreCls                             0x08004ccb   Thumb Code    38  ieee488.o(i.SCPI_CoreCls)
    SCPI_CoreEse                             0x08004cf1   Thumb Code    36  ieee488.o(i.SCPI_CoreEse)
    SCPI_CoreEseQ                            0x08004d15   Thumb Code    22  ieee488.o(i.SCPI_CoreEseQ)
    SCPI_CoreEsrQ                            0x08004d2b   Thumb Code    32  ieee488.o(i.SCPI_CoreEsrQ)
    SCPI_CoreIdnQ                            0x08004d4d   Thumb Code    50  ieee488.o(i.SCPI_CoreIdnQ)
    SCPI_CoreOpc                             0x08004d85   Thumb Code    14  ieee488.o(i.SCPI_CoreOpc)
    SCPI_CoreOpcQ                            0x08004d93   Thumb Code    12  ieee488.o(i.SCPI_CoreOpcQ)
    SCPI_CoreRst                             0x08004d9f   Thumb Code    16  ieee488.o(i.SCPI_CoreRst)
    SCPI_CoreSre                             0x08004daf   Thumb Code    36  ieee488.o(i.SCPI_CoreSre)
    SCPI_CoreSreQ                            0x08004dd3   Thumb Code    22  ieee488.o(i.SCPI_CoreSreQ)
    SCPI_CoreStbQ                            0x08004de9   Thumb Code    22  ieee488.o(i.SCPI_CoreStbQ)
    SCPI_CoreWai                             0x08004dff   Thumb Code     4  ieee488.o(i.SCPI_CoreWai)
    SCPI_DoubleToStr                         0x08004e05   Thumb Code    28  utils.o(i.SCPI_DoubleToStr)
    SCPI_ErrorClear                          0x08004e29   Thumb Code    20  error.o(i.SCPI_ErrorClear)
    SCPI_ErrorCount                          0x08004e3d   Thumb Code    22  error.o(i.SCPI_ErrorCount)
    SCPI_ErrorInit                           0x08004eb3   Thumb Code     6  error.o(i.SCPI_ErrorInit)
    SCPI_ErrorPop                            0x08004eb9   Thumb Code    34  error.o(i.SCPI_ErrorPop)
    SCPI_ErrorPush                           0x08004edb   Thumb Code     8  error.o(i.SCPI_ErrorPush)
    SCPI_ErrorPushEx                         0x08004ee5   Thumb Code   162  error.o(i.SCPI_ErrorPushEx)
    SCPI_ErrorTranslate                      0x08004f91   Thumb Code   168  error.o(i.SCPI_ErrorTranslate)
    SCPI_EventClear                          0x08005179   Thumb Code     8  ieee488.o(i.SCPI_EventClear)
    SCPI_ExprChannelListEntry                0x08005181   Thumb Code   210  expression.o(i.SCPI_ExprChannelListEntry)
    SCPI_FloatToStr                          0x08005259   Thumb Code    34  utils.o(i.SCPI_FloatToStr)
    SCPI_Init                                0x08005281   Thumb Code    78  parser.o(i.SCPI_Init)
    SCPI_Input                               0x080052cf   Thumb Code   174  parser.o(i.SCPI_Input)
    SCPI_NumberToStr                         0x0800537d   Thumb Code   196  units.o(i.SCPI_NumberToStr)
    SCPI_ParamArbitraryBlock                 0x08005449   Thumb Code    62  parser.o(i.SCPI_ParamArbitraryBlock)
    SCPI_ParamBool                           0x0800548d   Thumb Code    78  parser.o(i.SCPI_ParamBool)
    SCPI_ParamChoice                         0x080054e5   Thumb Code    48  parser.o(i.SCPI_ParamChoice)
    SCPI_ParamCopyText                       0x08005519   Thumb Code   120  parser.o(i.SCPI_ParamCopyText)
    SCPI_ParamDouble                         0x08005595   Thumb Code    82  parser.o(i.SCPI_ParamDouble)
    SCPI_ParamFloat                          0x080055ed   Thumb Code    82  parser.o(i.SCPI_ParamFloat)
    SCPI_ParamInt32                          0x08005645   Thumb Code     6  parser.o(i.SCPI_ParamInt32)
    SCPI_ParamIsNumber                       0x0800564b   Thumb Code    30  parser.o(i.SCPI_ParamIsNumber)
    SCPI_ParamNumber                         0x08005669   Thumb Code   230  units.o(i.SCPI_ParamNumber)
    SCPI_ParamToChoice                       0x08005755   Thumb Code   118  parser.o(i.SCPI_ParamToChoice)
    SCPI_ParamToDouble                       0x080057d1   Thumb Code    76  parser.o(i.SCPI_ParamToDouble)
    SCPI_ParamToFloat                        0x08005821   Thumb Code    72  parser.o(i.SCPI_ParamToFloat)
    SCPI_ParamToInt32                        0x0800586d   Thumb Code     6  parser.o(i.SCPI_ParamToInt32)
    SCPI_ParamToUInt32                       0x08005873   Thumb Code     6  parser.o(i.SCPI_ParamToUInt32)
    SCPI_ParamToUInt64                       0x08005879   Thumb Code     6  parser.o(i.SCPI_ParamToUInt64)
    SCPI_ParamUInt32                         0x0800587f   Thumb Code     6  parser.o(i.SCPI_ParamUInt32)
    SCPI_Parameter                           0x08005885   Thumb Code   150  parser.o(i.SCPI_Parameter)
    SCPI_Parse                               0x08005921   Thumb Code   272  parser.o(i.SCPI_Parse)
    SCPI_RegClearBits                        0x08005a39   Thumb Code    26  ieee488.o(i.SCPI_RegClearBits)
    SCPI_RegGet                              0x08005a53   Thumb Code    20  ieee488.o(i.SCPI_RegGet)
    SCPI_RegSet                              0x08005a67   Thumb Code   194  ieee488.o(i.SCPI_RegSet)
    SCPI_RegSetBits                          0x08005b29   Thumb Code    24  ieee488.o(i.SCPI_RegSetBits)
    SCPI_ResultArbitraryBlock                0x08005b41   Thumb Code    34  parser.o(i.SCPI_ResultArbitraryBlock)
    SCPI_ResultArbitraryBlockData            0x08005b65   Thumb Code    42  parser.o(i.SCPI_ResultArbitraryBlockData)
    SCPI_ResultArbitraryBlockHeader          0x08005b95   Thumb Code    56  parser.o(i.SCPI_ResultArbitraryBlockHeader)
    SCPI_ResultCharacters                    0x08005bcd   Thumb Code    38  parser.o(i.SCPI_ResultCharacters)
    SCPI_ResultDouble                        0x08005bf3   Thumb Code    52  parser.o(i.SCPI_ResultDouble)
    SCPI_ResultError                         0x08005c29   Thumb Code   236  parser.o(i.SCPI_ResultError)
    SCPI_ResultFloat                         0x08005d19   Thumb Code    50  parser.o(i.SCPI_ResultFloat)
    SCPI_ResultInt32                         0x08005d4b   Thumb Code     8  parser.o(i.SCPI_ResultInt32)
    SCPI_StatusPreset                        0x08005d53   Thumb Code    14  minimal.o(i.SCPI_StatusPreset)
    SCPI_StatusQuestionableEnable            0x08005d61   Thumb Code    30  minimal.o(i.SCPI_StatusQuestionableEnable)
    SCPI_StatusQuestionableEnableQ           0x08005d7f   Thumb Code    22  minimal.o(i.SCPI_StatusQuestionableEnableQ)
    SCPI_StatusQuestionableEventQ            0x08005d95   Thumb Code    32  minimal.o(i.SCPI_StatusQuestionableEventQ)
    SCPI_StubQ                               0x08005db5   Thumb Code    12  minimal.o(i.SCPI_StubQ)
    SCPI_SystemErrorCountQ                   0x08005dc1   Thumb Code    20  minimal.o(i.SCPI_SystemErrorCountQ)
    SCPI_SystemErrorNextQ                    0x08005dd5   Thumb Code    22  minimal.o(i.SCPI_SystemErrorNextQ)
    SCPI_SystemVersionQ                      0x08005ded   Thumb Code    14  minimal.o(i.SCPI_SystemVersionQ)
    SCPI_UInt32ToStrBase                     0x08005e05   Thumb Code    12  utils.o(i.SCPI_UInt32ToStrBase)
    SCPI_Write                               0x08005e11   Thumb Code    48  main.o(i.SCPI_Write)
    SPI_AD7689_Read                          0x08005e45   Thumb Code    98  ad7689.o(i.SPI_AD7689_Read)
    SPI_Cmd                                  0x08005ead   Thumb Code    20  stm32f10x_spi.o(i.SPI_Cmd)
    SPI_I2S_GetFlagStatus                    0x08005ec1   Thumb Code    14  stm32f10x_spi.o(i.SPI_I2S_GetFlagStatus)
    SPI_I2S_ReceiveData                      0x08005ecf   Thumb Code     4  stm32f10x_spi.o(i.SPI_I2S_ReceiveData)
    SPI_I2S_SendData                         0x08005ed3   Thumb Code     4  stm32f10x_spi.o(i.SPI_I2S_SendData)
    SPI_Init                                 0x08005ed7   Thumb Code    56  stm32f10x_spi.o(i.SPI_Init)
    SVC_Handler                              0x08005f0f   Thumb Code     2  stm32f10x_it.o(i.SVC_Handler)
    Sence_SW_CONT                            0x08005f11   Thumb Code    22  menu.o(i.Sence_SW_CONT)
    SysTick_Handler                          0x08005fd9   Thumb Code    44  stm32f10x_it.o(i.SysTick_Handler)
    SysTick_Init                             0x08006011   Thumb Code    58  bsp_systick.o(i.SysTick_Init)
    SystemInit                               0x08006055   Thumb Code    64  system_stm32f10x.o(i.SystemInit)
    TIM4_IRQHandler                          0x08006285   Thumb Code   124  stm32f10x_it.o(i.TIM4_IRQHandler)
    TIM6_Config                              0x08006311   Thumb Code    88  tim6.o(i.TIM6_Config)
    TIM_ClearITPendingBit                    0x0800636d   Thumb Code     6  stm32f10x_tim.o(i.TIM_ClearITPendingBit)
    TIM_Cmd                                  0x08006373   Thumb Code    20  stm32f10x_tim.o(i.TIM_Cmd)
    TIM_ITConfig                             0x08006387   Thumb Code    16  stm32f10x_tim.o(i.TIM_ITConfig)
    TIM_TimeBaseInit                         0x08006399   Thumb Code   114  stm32f10x_tim.o(i.TIM_TimeBaseInit)
    Temp_Comapre                             0x08006435   Thumb Code    64  fan_pro.o(i.Temp_Comapre)
    TimingDelay_Decrement                    0x08006481   Thumb Code    16  bsp_systick.o(i.TimingDelay_Decrement)
    Transformation_ADC                       0x08006495   Thumb Code  3890  modbus.o(i.Transformation_ADC)
    UART1_Action                             0x080073cd   Thumb Code   936  modbus.o(i.UART1_Action)
    UART1_Send                               0x08007799   Thumb Code    76  usart.o(i.UART1_Send)
    UART2_Send                               0x080077f5   Thumb Code    76  usart.o(i.UART2_Send)
    UART3_Action                             0x08007851   Thumb Code   936  modbus.o(i.UART3_Action)
    UART3_Send                               0x08007c1d   Thumb Code    76  usart.o(i.UART3_Send)
    UART_Action                              0x08007c79   Thumb Code  5486  modbus.o(i.UART_Action)
    UInt32ToStrBaseSign                      0x080091ed   Thumb Code   174  utils.o(i.UInt32ToStrBaseSign)
    USART1_IRQHandler                        0x080092b5   Thumb Code   346  stm32f10x_it.o(i.USART1_IRQHandler)
    USART2_Configuration                     0x0800948d   Thumb Code   134  usart.o(i.USART2_Configuration)
    USART2_IRQHandler                        0x08009521   Thumb Code   244  stm32f10x_it.o(i.USART2_IRQHandler)
    USART3_Configuration                     0x0800962d   Thumb Code   138  usart.o(i.USART3_Configuration)
    USART3_IRQHandler                        0x080096c5   Thumb Code   254  stm32f10x_it.o(i.USART3_IRQHandler)
    USART_ClearFlag                          0x080097e1   Thumb Code     6  stm32f10x_usart.o(i.USART_ClearFlag)
    USART_ClearITPendingBit                  0x080097e7   Thumb Code    12  stm32f10x_usart.o(i.USART_ClearITPendingBit)
    USART_Cmd                                0x080097f3   Thumb Code    20  stm32f10x_usart.o(i.USART_Cmd)
    USART_Configuration                      0x08009809   Thumb Code   154  usart.o(i.USART_Configuration)
    USART_GetFlagStatus                      0x080098b1   Thumb Code    14  stm32f10x_usart.o(i.USART_GetFlagStatus)
    USART_GetITStatus                        0x080098bf   Thumb Code    62  stm32f10x_usart.o(i.USART_GetITStatus)
    USART_ITConfig                           0x080098fd   Thumb Code    48  stm32f10x_usart.o(i.USART_ITConfig)
    USART_Init                               0x0800992d   Thumb Code   166  stm32f10x_usart.o(i.USART_Init)
    USART_ReceiveData                        0x080099d9   Thumb Code     8  stm32f10x_usart.o(i.USART_ReceiveData)
    USART_SendData                           0x080099e1   Thumb Code     8  stm32f10x_usart.o(i.USART_SendData)
    UsageFault_Handler                       0x080099e9   Thumb Code     2  stm32f10x_it.o(i.UsageFault_Handler)
    V_SW_COTNR                               0x08009ba9   Thumb Code    70  menu.o(i.V_SW_COTNR)
    Write_ADDR                               0x08009c01   Thumb Code    72  flash.o(i.Write_ADDR)
    __0snprintf                              0x08009c4d   Thumb Code    44  printfa.o(i.__0snprintf)
    __1snprintf                              0x08009c4d   Thumb Code     0  printfa.o(i.__0snprintf)
    __2snprintf                              0x08009c4d   Thumb Code     0  printfa.o(i.__0snprintf)
    __c89snprintf                            0x08009c4d   Thumb Code     0  printfa.o(i.__0snprintf)
    snprintf                                 0x08009c4d   Thumb Code     0  printfa.o(i.__0snprintf)
    __aeabi_errno_addr                       0x08009c7d   Thumb Code     4  errno.o(i.__aeabi_errno_addr)
    __rt_errno_addr                          0x08009c7d   Thumb Code     0  errno.o(i.__aeabi_errno_addr)
    __mathlib_narrow                         0x08009c85   Thumb Code    16  narrow.o(i.__mathlib_narrow)
    __mathlib_tofloat                        0x08009c95   Thumb Code   184  narrow.o(i.__mathlib_tofloat)
    __scatterload_copy                       0x08009d51   Thumb Code    14  handlers.o(i.__scatterload_copy)
    __scatterload_null                       0x08009d5f   Thumb Code     2  handlers.o(i.__scatterload_null)
    __scatterload_zeroinit                   0x08009d61   Thumb Code    14  handlers.o(i.__scatterload_zeroinit)
    __set_errno                              0x08009d71   Thumb Code     6  errno.o(i.__set_errno)
    _is_digit                                0x08009f01   Thumb Code    14  scanf_fp.o(i._is_digit)
    compareStr                               0x0800a70d   Thumb Code    26  utils.o(i.compareStr)
    compareStrAndNum                         0x0800a727   Thumb Code   100  utils.o(i.compareStrAndNum)
    composeCompoundCommand                   0x0800a78b   Thumb Code    76  utils.o(i.composeCompoundCommand)
    fifo_add                                 0x0800a7d7   Thumb Code    62  fifo.o(i.fifo_add)
    fifo_clear                               0x0800a815   Thumb Code    10  fifo.o(i.fifo_clear)
    fifo_count                               0x0800a81f   Thumb Code     8  fifo.o(i.fifo_count)
    fifo_init                                0x0800a827   Thumb Code    14  fifo.o(i.fifo_init)
    fifo_is_empty                            0x0800a835   Thumb Code    12  fifo.o(i.fifo_is_empty)
    fifo_is_full                             0x0800a841   Thumb Code    20  fifo.o(i.fifo_is_full)
    fifo_remove                              0x0800a855   Thumb Code    60  fifo.o(i.fifo_remove)
    fifo_remove_last                         0x0800a891   Thumb Code    60  fifo.o(i.fifo_remove_last)
    frexp                                    0x0800a8cd   Thumb Code    80  frexp.o(i.frexp)
    i2c_CfgGpio                              0x0800a94d   Thumb Code    68  iic_24c01.o(i.i2c_CfgGpio)
    i2c_NAck                                 0x0800a9b1   Thumb Code    50  iic_24c01.o(i.i2c_NAck)
    i2c_ReadByte                             0x0800a9e9   Thumb Code    96  iic_24c01.o(i.i2c_ReadByte)
    i2c_SendByte                             0x0800aa4d   Thumb Code   116  iic_24c01.o(i.i2c_SendByte)
    i2c_Start                                0x0800aac5   Thumb Code    58  iic_24c01.o(i.i2c_Start)
    i2c_Stop                                 0x0800ab05   Thumb Code    40  iic_24c01.o(i.i2c_Stop)
    i2c_WaitAck                              0x0800ab31   Thumb Code    68  iic_24c01.o(i.i2c_WaitAck)
    main                                     0x0800aba9   Thumb Code   172  main.o(i.main)
    matchCommand                             0x0800ac9d   Thumb Code   482  utils.o(i.matchCommand)
    matchPattern                             0x0800ae85   Thumb Code   116  utils.o(i.matchPattern)
    scpiLex_ArbitraryBlockProgramData        0x0800b055   Thumb Code   206  lexer.o(i.scpiLex_ArbitraryBlockProgramData)
    scpiLex_CharacterProgramData             0x0800b123   Thumb Code   104  lexer.o(i.scpiLex_CharacterProgramData)
    scpiLex_Colon                            0x0800b18b   Thumb Code    36  lexer.o(i.scpiLex_Colon)
    scpiLex_Comma                            0x0800b1af   Thumb Code    36  lexer.o(i.scpiLex_Comma)
    scpiLex_DecimalNumericProgramData        0x0800b1d3   Thumb Code   126  lexer.o(i.scpiLex_DecimalNumericProgramData)
    scpiLex_IsEos                            0x0800b251   Thumb Code     4  lexer.o(i.scpiLex_IsEos)
    scpiLex_NewLine                          0x0800b255   Thumb Code    58  lexer.o(i.scpiLex_NewLine)
    scpiLex_NondecimalNumericData            0x0800b28f   Thumb Code   250  lexer.o(i.scpiLex_NondecimalNumericData)
    scpiLex_ProgramExpression                0x0800b389   Thumb Code   142  lexer.o(i.scpiLex_ProgramExpression)
    scpiLex_ProgramHeader                    0x0800b417   Thumb Code   192  lexer.o(i.scpiLex_ProgramHeader)
    scpiLex_Semicolon                        0x0800b4d7   Thumb Code    34  lexer.o(i.scpiLex_Semicolon)
    scpiLex_SpecificCharacter                0x0800b4f9   Thumb Code    36  lexer.o(i.scpiLex_SpecificCharacter)
    scpiLex_StringProgramData                0x0800b51d   Thumb Code   136  lexer.o(i.scpiLex_StringProgramData)
    scpiLex_SuffixProgramData                0x0800b5a5   Thumb Code   120  lexer.o(i.scpiLex_SuffixProgramData)
    scpiLex_WhiteSpace                       0x0800b61d   Thumb Code    38  lexer.o(i.scpiLex_WhiteSpace)
    scpiParser_detectProgramMessageUnit      0x0800b645   Thumb Code   182  parser.o(i.scpiParser_detectProgramMessageUnit)
    scpiParser_parseAllProgramData           0x0800b6fb   Thumb Code   114  parser.o(i.scpiParser_parseAllProgramData)
    scpiParser_parseProgramData              0x0800b76d   Thumb Code   140  parser.o(i.scpiParser_parseProgramData)
    skipWhitespace                           0x0800b991   Thumb Code    40  utils.o(i.skipWhitespace)
    strBaseToInt32                           0x0800b9df   Thumb Code    20  utils.o(i.strBaseToInt32)
    strBaseToInt64                           0x0800b9f3   Thumb Code    22  utils.o(i.strBaseToInt64)
    strBaseToUInt32                          0x0800ba09   Thumb Code    20  utils.o(i.strBaseToUInt32)
    strBaseToUInt64                          0x0800ba1d   Thumb Code    22  utils.o(i.strBaseToUInt64)
    strToDouble                              0x0800ba33   Thumb Code    22  utils.o(i.strToDouble)
    strToFloat                               0x0800ba49   Thumb Code    20  utils.o(i.strToFloat)
    strnpbrk                                 0x0800ba5d   Thumb Code    42  utils.o(i.strnpbrk)
    strtod                                   0x0800ba87   Thumb Code    28  strtod.o(i.strtod)
    strtof                                   0x0800baa3   Thumb Code    20  strtof.o(i.strtof)
    worke_mode                               0x0800bb35   Thumb Code   884  menu.o(i.worke_mode)
    scpi_commands                            0x0800bf18   Data        1164  scpi-def.o(.constdata)
    scpi_bool_def                            0x0800c3dc   Data          24  parser.o(.constdata)
    scpi_units_def                           0x0800c400   Data         432  units.o(.constdata)
    scpi_special_numbers_def                 0x0800c5b0   Data          80  units.o(.constdata)
    __ctype_table                            0x0800c600   Data         129  ctype_o.o(.constdata)
    Region$$Table$$Base                      0x0800cd2c   Number         0  anon$$obj.o(Region$$Table)
    Region$$Table$$Limit                     0x0800cd4c   Number         0  anon$$obj.o(Region$$Table)
    flagA                                    0x20000014   Data           4  main.o(.data)
    flagB                                    0x20000018   Data           4  main.o(.data)
    flagC                                    0x2000001c   Data           4  main.o(.data)
    UART1_Buffer_Rece_flag                   0x20000020   Data           1  stm32f10x_it.o(.data)
    dynaflagA                                0x20000021   Data           1  stm32f10x_it.o(.data)
    dynaflagB                                0x20000022   Data           1  stm32f10x_it.o(.data)
    timecount                                0x20000024   Data           4  stm32f10x_it.o(.data)
    testcount                                0x20000028   Data           4  stm32f10x_it.o(.data)
    SystemCoreClock                          0x2000002c   Data           4  system_stm32f10x.o(.data)
    AHBPrescTable                            0x20000030   Data          16  system_stm32f10x.o(.data)
    NTC_value                                0x20000042   Data           2  adc.o(.data)
    NTC1_value                               0x20000044   Data           2  adc.o(.data)
    Imon_value                               0x20000046   Data           2  adc.o(.data)
    Vmon_value                               0x20000048   Data           2  adc.o(.data)
    HSEStartUpStatus                         0x20000051   Data           1  clock.o(.data)
    testflag                                 0x20000054   Data           1  modbus.o(.data)
    dynaonflag                               0x20000055   Data           1  modbus.o(.data)
    DAC_Flag                                 0x20000056   Data           1  modbus.o(.data)
    Contr_DACVlue                            0x20000058   Data           2  modbus.o(.data)
    Modify_A_READ                            0x2000005c   Data           4  modbus.o(.data)
    Modify_C_READ                            0x20000060   Data           4  modbus.o(.data)
    Modify_A_ACT                             0x20000064   Data           4  modbus.o(.data)
    Modify_B_READ                            0x20000068   Data           4  modbus.o(.data)
    Modify_D_READ                            0x2000006c   Data           4  modbus.o(.data)
    Modify_B_ACT                             0x20000070   Data           4  modbus.o(.data)
    var16                                    0x20000074   Data           4  modbus.o(.data)
    var32a                                   0x20000078   Data           4  modbus.o(.data)
    var32b                                   0x2000007c   Data           4  modbus.o(.data)
    var16a                                   0x20000080   Data           4  modbus.o(.data)
    var32c                                   0x20000084   Data           4  modbus.o(.data)
    var32d                                   0x20000088   Data           4  modbus.o(.data)
    Transmit_BUFFERsize                      0x2000008c   Data           1  usart.o(.data)
    Baud                                     0x20000090   Data           4  usart.o(.data)
    UART_Buffer_Size                         0x20000094   Data           1  usart.o(.data)
    t_USART                                  0x20000095   Data           1  usart.o(.data)
    VP_T                                     0x20000096   Data           2  fan_pro.o(.data)
    IP_T                                     0x20000098   Data           2  fan_pro.o(.data)
    PR_T1                                    0x2000009a   Data           2  fan_pro.o(.data)
    PR_T2                                    0x2000009c   Data           2  fan_pro.o(.data)
    PR_T3                                    0x2000009e   Data           2  fan_pro.o(.data)
    PR_T4                                    0x200000a0   Data           2  fan_pro.o(.data)
    Von_CONT                                 0x200000a4   Data           1  menu.o(.data)
    oldmode                                  0x200000a5   Data           1  menu.o(.data)
    SWDelay                                  0x200000a6   Data           2  menu.o(.data)
    trigger_source                           0x200000b0   Data          32  scpi-def.o(.data)
    mode_source                              0x200000d0   Data          64  scpi-def.o(.data)
    dynmode_source                           0x20000110   Data          32  scpi-def.o(.data)
    scpi_interface                           0x20000130   Data          20  scpi-def.o(.data)
    ADC1_Buffer                              0x20000148   Data         200  adc.o(.bss)
    ADC_NTC_Filt                             0x20000210   Data         100  adc.o(.bss)
    ADC_NTC1_Filt                            0x20000274   Data         100  adc.o(.bss)
    Correct_Parametet                        0x200002d8   Data         104  modbus.o(.bss)
    Correct_Strong                           0x20000340   Data         104  modbus.o(.bss)
    coefficient                              0x200003a8   Data          13  modbus.o(.bss)
    Run_Control                              0x200003b8   Data         200  modbus.o(.bss)
    Transition_Date                          0x20000480   Data          40  modbus.o(.bss)
    UART_Buffer_Rece                         0x200004a8   Data         200  usart.o(.bss)
    UART_Buffer_Send                         0x20000570   Data         200  usart.o(.bss)
    UART_Buffer_Send1                        0x20000638   Data         200  usart.o(.bss)
    UART_Buffer_Rece1                        0x20000700   Data         200  usart.o(.bss)
    AD7689_Buffer                            0x200007c8   Data          16  ad7689.o(.bss)
    Ad7689_Fit_Imon                          0x200007d8   Data         200  ad7689.o(.bss)
    Ad7689_Fit_Vmon                          0x200008a0   Data         200  ad7689.o(.bss)
    END_Fit_Imon                             0x20000968   Data          40  ad7689.o(.bss)
    scpi_input_buffer                        0x20000990   Data         256  scpi-def.o(.bss)
    scpi_error_queue_data                    0x20000a90   Data          34  scpi-def.o(.bss)
    scpi_context                             0x20000ab4   Data         152  scpi-def.o(.bss)
    __initial_sp                             0x20001350   Data           0  startup_stm32f10x_hd.o(STACK)



==============================================================================

Memory Map of the image

  Image Entry point : 0x08000131

  Load Region LR_IROM1 (Base: 0x08000000, Size: 0x0000ce94, Max: 0x00020000, ABSOLUTE, COMPRESSED[0x0000cdb0])

    Execution Region ER_IROM1 (Exec base: 0x08000000, Load base: 0x08000000, Size: 0x0000cd4c, Max: 0x00020000, ABSOLUTE)

    Exec Addr    Load Addr    Size         Type   Attr      Idx    E Section Name        Object

    0x08000000   0x08000000   0x00000130   Data   RO           19    RESET               startup_stm32f10x_hd.o
    0x08000130   0x08000130   0x00000000   Code   RO         5655  * .ARM.Collect$$$$00000000  mc_w.l(entry.o)
    0x08000130   0x08000130   0x00000004   Code   RO         6005    .ARM.Collect$$$$00000001  mc_w.l(entry2.o)
    0x08000134   0x08000134   0x00000004   Code   RO         6008    .ARM.Collect$$$$00000004  mc_w.l(entry5.o)
    0x08000138   0x08000138   0x00000000   Code   RO         6010    .ARM.Collect$$$$00000008  mc_w.l(entry7b.o)
    0x08000138   0x08000138   0x00000000   Code   RO         6012    .ARM.Collect$$$$0000000A  mc_w.l(entry8b.o)
    0x08000138   0x08000138   0x00000008   Code   RO         6013    .ARM.Collect$$$$0000000B  mc_w.l(entry9a.o)
    0x08000140   0x08000140   0x00000000   Code   RO         6015    .ARM.Collect$$$$0000000D  mc_w.l(entry10a.o)
    0x08000140   0x08000140   0x00000000   Code   RO         6017    .ARM.Collect$$$$0000000F  mc_w.l(entry11a.o)
    0x08000140   0x08000140   0x00000004   Code   RO         6006    .ARM.Collect$$$$00002712  mc_w.l(entry2.o)
    0x08000144   0x08000144   0x00000024   Code   RO           20    .text               startup_stm32f10x_hd.o
    0x08000168   0x08000168   0x00000062   Code   RO         5658    .text               mc_w.l(uldiv.o)
    0x080001ca   0x080001ca   0x00000002   PAD
    0x080001cc   0x080001cc   0x00000008   Code   RO         5660    .text               mc_w.l(ctype_o.o)
    0x080001d4   0x080001d4   0x00000012   Code   RO         5682    .text               mc_w.l(isspace_o.o)
    0x080001e6   0x080001e6   0x00000040   Code   RO         5690    .text               mc_w.l(memmovea.o)
    0x08000226   0x08000226   0x00000024   Code   RO         5692    .text               mc_w.l(memseta.o)
    0x0800024a   0x0800024a   0x00000018   Code   RO         5694    .text               mc_w.l(strncpy.o)
    0x08000262   0x08000262   0x0000000e   Code   RO         5696    .text               mc_w.l(strlen.o)
    0x08000270   0x08000270   0x00000028   Code   RO         5698    .text               mc_w.l(strncat.o)
    0x08000298   0x08000298   0x00000032   Code   RO         5706    .text               mc_w.l(strncasecmp.o)
    0x080002ca   0x080002ca   0x00000070   Code   RO         5969    .text               mc_w.l(strtol.o)
    0x0800033a   0x0800033a   0x00000072   Code   RO         5971    .text               mc_w.l(strtoul.o)
    0x080003ac   0x080003ac   0x00000004   Code   RO         5973    .text               mc_w.l(strtoll.o)
    0x080003b0   0x080003b0   0x00000004   Code   RO         5975    .text               mc_w.l(strtoull.o)
    0x080003b4   0x080003b4   0x000000b0   Code   RO         5977    .text               mf_w.l(fadd.o)
    0x08000464   0x08000464   0x00000064   Code   RO         5979    .text               mf_w.l(fmul.o)
    0x080004c8   0x080004c8   0x0000007c   Code   RO         5981    .text               mf_w.l(fdiv.o)
    0x08000544   0x08000544   0x0000014e   Code   RO         5983    .text               mf_w.l(dadd.o)
    0x08000692   0x08000692   0x000000e4   Code   RO         5985    .text               mf_w.l(dmul.o)
    0x08000776   0x08000776   0x000000de   Code   RO         5987    .text               mf_w.l(ddiv.o)
    0x08000854   0x08000854   0x0000000a   Code   RO         5989    .text               mf_w.l(ffltui.o)
    0x0800085e   0x0800085e   0x00000018   Code   RO         5991    .text               mf_w.l(dfltul.o)
    0x08000876   0x08000876   0x00000028   Code   RO         5993    .text               mf_w.l(ffixui.o)
    0x0800089e   0x0800089e   0x00000026   Code   RO         5997    .text               mf_w.l(f2d.o)
    0x080008c4   0x080008c4   0x00000030   Code   RO         5999    .text               mf_w.l(cdcmple.o)
    0x080008f4   0x080008f4   0x00000030   Code   RO         6001    .text               mf_w.l(cdrcmple.o)
    0x08000924   0x08000924   0x00000014   Code   RO         6003    .text               mf_w.l(cfrcmple.o)
    0x08000938   0x08000938   0x0000002c   Code   RO         6019    .text               mc_w.l(uidiv.o)
    0x08000964   0x08000964   0x0000001e   Code   RO         6021    .text               mc_w.l(llshl.o)
    0x08000982   0x08000982   0x00000020   Code   RO         6023    .text               mc_w.l(llushr.o)
    0x080009a2   0x080009a2   0x00000024   Code   RO         6025    .text               mc_w.l(llsshr.o)
    0x080009c6   0x080009c6   0x0000000c   Code   RO         6027    .text               mc_w.l(tolower.o)
    0x080009d2   0x080009d2   0x0000009e   Code   RO         6036    .text               mc_w.l(_strtoul.o)
    0x08000a70   0x08000a70   0x0000009c   Code   RO         6038    .text               mc_w.l(strtod.o)
    0x08000b0c   0x08000b0c   0x0000001a   Code   RO         6040    .text               mc_w.l(strtof.o)
    0x08000b26   0x08000b26   0x00000090   Code   RO         6042    .text               mc_w.l(__strtoll.o)
    0x08000bb6   0x08000bb6   0x0000007c   Code   RO         6044    .text               mc_w.l(__strtoull.o)
    0x08000c32   0x08000c32   0x00000000   Code   RO         6046    .text               mc_w.l(iusefp.o)
    0x08000c32   0x08000c32   0x0000006e   Code   RO         6047    .text               mf_w.l(fepilogue.o)
    0x08000ca0   0x08000ca0   0x000000ba   Code   RO         6049    .text               mf_w.l(depilogue.o)
    0x08000d5a   0x08000d5a   0x0000002e   Code   RO         6051    .text               mf_w.l(dscalb.o)
    0x08000d88   0x08000d88   0x00000030   Code   RO         6053    .text               mf_w.l(dfixul.o)
    0x08000db8   0x08000db8   0x00000024   Code   RO         6061    .text               mc_w.l(init.o)
    0x08000ddc   0x08000ddc   0x0000001c   Code   RO         6065    .text               mc_w.l(_chval.o)
    0x08000df8   0x08000df8   0x00000360   Code   RO         6067    .text               mc_w.l(scanf_fp.o)
    0x08001158   0x08001158   0x00000040   Code   RO         6071    .text               mc_w.l(_sgetc.o)
    0x08001198   0x08001198   0x000000c2   Code   RO         6073    .text               mc_w.l(_strtoull.o)
    0x0800125a   0x0800125a   0x00000038   Code   RO         6078    .text               mf_w.l(d2f.o)
    0x08001292   0x08001292   0x00000004   Code   RO         6080    .text               mf_w.l(fpstat.o)
    0x08001296   0x08001296   0x00000056   Code   RO         6090    .text               mc_w.l(__dczerorl2.o)
    0x080012ec   0x080012ec   0x00000024   Code   RO         3550    i.AD5541_GPIOCoing  dac.o
    0x08001310   0x08001310   0x000000b8   Code   RO         3551    i.AD5541_Send       dac.o
    0x080013c8   0x080013c8   0x0000001e   Code   RO         3985    i.AD7689_Delay      ad7689.o
    0x080013e6   0x080013e6   0x00000002   PAD
    0x080013e8   0x080013e8   0x000000c4   Code   RO         3987    i.AD7689_InitializeSPI2  ad7689.o
    0x080014ac   0x080014ac   0x00000134   Code   RO         3988    i.AD7689_Scan_CH    ad7689.o
    0x080015e0   0x080015e0   0x0000003c   Code   RO         3989    i.AD7689_TransferByte  ad7689.o
    0x0800161c   0x0800161c   0x00000120   Code   RO         3377    i.ADC1_DMA_Init     adc.o
    0x0800173c   0x0800173c   0x000000d0   Code   RO         3378    i.ADC_CH_Scan       adc.o
    0x0800180c   0x0800180c   0x00000014   Code   RO          149    i.ADC_Cmd           stm32f10x_adc.o
    0x08001820   0x08001820   0x00000014   Code   RO          150    i.ADC_DMACmd        stm32f10x_adc.o
    0x08001834   0x08001834   0x00000044   Code   RO          151    i.ADC_DeInit        stm32f10x_adc.o
    0x08001878   0x08001878   0x0000000e   Code   RO          157    i.ADC_GetCalibrationStatus  stm32f10x_adc.o
    0x08001886   0x08001886   0x0000000e   Code   RO          163    i.ADC_GetResetCalibrationStatus  stm32f10x_adc.o
    0x08001894   0x08001894   0x00000048   Code   RO          167    i.ADC_Init          stm32f10x_adc.o
    0x080018dc   0x080018dc   0x00000074   Code   RO          171    i.ADC_RegularChannelConfig  stm32f10x_adc.o
    0x08001950   0x08001950   0x0000000a   Code   RO          172    i.ADC_ResetCalibration  stm32f10x_adc.o
    0x0800195a   0x0800195a   0x00000014   Code   RO          174    i.ADC_SoftwareStartConvCmd  stm32f10x_adc.o
    0x0800196e   0x0800196e   0x0000000a   Code   RO          176    i.ADC_StartCalibration  stm32f10x_adc.o
    0x08001978   0x08001978   0x000001c8   Code   RO         3910    i.All_protect       fan_pro.o
    0x08001b40   0x08001b40   0x00000016   Code   RO         5443    i.BSD_strnlen       utils.o
    0x08001b56   0x08001b56   0x00000002   PAD
    0x08001b58   0x08001b58   0x00000050   Code   RO         3816    i.Baud_SET          usart.o
    0x08001ba8   0x08001ba8   0x000000a8   Code   RO         3731    i.Bias_Correction   modbus.o
    0x08001c50   0x08001c50   0x00000044   Code   RO         3732    i.Bias_Para         modbus.o
    0x08001c94   0x08001c94   0x00000002   Code   RO         3241    i.BusFault_Handler  stm32f10x_it.o
    0x08001c96   0x08001c96   0x00000002   PAD
    0x08001c98   0x08001c98   0x00000028   Code   RO         4045    i.CCQ               scpi-def.o
    0x08001cc0   0x08001cc0   0x00000040   Code   RO         4046    i.CCSET             scpi-def.o
    0x08001d00   0x08001d00   0x00000028   Code   RO         4047    i.CPQ               scpi-def.o
    0x08001d28   0x08001d28   0x00000028   Code   RO         4048    i.CPROTECTQ         scpi-def.o
    0x08001d50   0x08001d50   0x00000040   Code   RO         4049    i.CPROTECTSET       scpi-def.o
    0x08001d90   0x08001d90   0x00000040   Code   RO         4050    i.CPSET             scpi-def.o
    0x08001dd0   0x08001dd0   0x00000028   Code   RO         4051    i.CRQ               scpi-def.o
    0x08001df8   0x08001df8   0x00000040   Code   RO         4052    i.CRSET             scpi-def.o
    0x08001e38   0x08001e38   0x00000038   Code   RO         4053    i.CURRENTQ          scpi-def.o
    0x08001e70   0x08001e70   0x00000028   Code   RO         4054    i.CVQ               scpi-def.o
    0x08001e98   0x08001e98   0x00000040   Code   RO         4055    i.CVSET             scpi-def.o
    0x08001ed8   0x08001ed8   0x0000009c   Code   RO         3936    i.Cont_coeff_LEDMODE  menu.o
    0x08001f74   0x08001f74   0x00000020   Code   RO         3379    i.DAM1_ADC_NVIC     adc.o
    0x08001f94   0x08001f94   0x00000014   Code   RO         3242    i.DMA1_Channel1_IRQHandler  stm32f10x_it.o
    0x08001fa8   0x08001fa8   0x00000018   Code   RO         3243    i.DMA1_Channel2_IRQHandler  stm32f10x_it.o
    0x08001fc0   0x08001fc0   0x00000018   Code   RO          833    i.DMA_ClearITPendingBit  stm32f10x_dma.o
    0x08001fd8   0x08001fd8   0x00000016   Code   RO          834    i.DMA_Cmd           stm32f10x_dma.o
    0x08001fee   0x08001fee   0x00000002   PAD
    0x08001ff0   0x08001ff0   0x000000e4   Code   RO          835    i.DMA_DeInit        stm32f10x_dma.o
    0x080020d4   0x080020d4   0x00000010   Code   RO          839    i.DMA_ITConfig      stm32f10x_dma.o
    0x080020e4   0x080020e4   0x0000003a   Code   RO          840    i.DMA_Init          stm32f10x_dma.o
    0x0800211e   0x0800211e   0x00000024   Code   RO         4056    i.DMM_ConfigureVoltageDc  scpi-def.o
    0x08002142   0x08002142   0x00000002   PAD
    0x08002144   0x08002144   0x00000050   Code   RO         4057    i.DMM_MeasureVoltageAcQ  scpi-def.o
    0x08002194   0x08002194   0x00000028   Code   RO         4058    i.DYNHDQ            scpi-def.o
    0x080021bc   0x080021bc   0x00000040   Code   RO         4059    i.DYNHDSET          scpi-def.o
    0x080021fc   0x080021fc   0x00000028   Code   RO         4060    i.DYNHQ             scpi-def.o
    0x08002224   0x08002224   0x00000040   Code   RO         4061    i.DYNHSET           scpi-def.o
    0x08002264   0x08002264   0x00000028   Code   RO         4062    i.DYNLDQ            scpi-def.o
    0x0800228c   0x0800228c   0x00000040   Code   RO         4063    i.DYNLDSET          scpi-def.o
    0x080022cc   0x080022cc   0x00000028   Code   RO         4064    i.DYNLQ             scpi-def.o
    0x080022f4   0x080022f4   0x00000040   Code   RO         4065    i.DYNLSET           scpi-def.o
    0x08002334   0x08002334   0x00000028   Code   RO         4066    i.DYNMODEQ          scpi-def.o
    0x0800235c   0x0800235c   0x00000038   Code   RO         4067    i.DYNMODESET        scpi-def.o
    0x08002394   0x08002394   0x00000028   Code   RO         4068    i.DYNSLEWFQ         scpi-def.o
    0x080023bc   0x080023bc   0x00000040   Code   RO         4069    i.DYNSLEWFSET       scpi-def.o
    0x080023fc   0x080023fc   0x00000028   Code   RO         4070    i.DYNSLEWQ          scpi-def.o
    0x08002424   0x08002424   0x00000028   Code   RO         4071    i.DYNSLEWRQ         scpi-def.o
    0x0800244c   0x0800244c   0x00000040   Code   RO         4072    i.DYNSLEWRSET       scpi-def.o
    0x0800248c   0x0800248c   0x00000044   Code   RO         4073    i.DYNSLEWSET        scpi-def.o
    0x080024d0   0x080024d0   0x00000002   Code   RO         3244    i.DebugMon_Handler  stm32f10x_it.o
    0x080024d2   0x080024d2   0x00000002   PAD
    0x080024d4   0x080024d4   0x00000050   Code   RO         3481    i.EEPROM_READ_Byte  at24c01.o
    0x08002524   0x08002524   0x00000d6a   Code   RO         3568    i.EEPROM_READ_Coeff  flash.o
    0x0800328e   0x0800328e   0x0000006c   Code   RO         3482    i.EEPROM_WriteByte  at24c01.o
    0x080032fa   0x080032fa   0x00000002   PAD
    0x080032fc   0x080032fc   0x00000018   Code   RO          975    i.FLASH_PrefetchBufferCmd  stm32f10x_flash.o
    0x08003314   0x08003314   0x00000014   Code   RO          980    i.FLASH_SetLatency  stm32f10x_flash.o
    0x08003328   0x08003328   0x00000dde   Code   RO         3569    i.Flash_Write_all   flash.o
    0x08004106   0x08004106   0x00000016   Code   RO         1250    i.GPIO_AFIODeInit   stm32f10x_gpio.o
    0x0800411c   0x0800411c   0x0000009c   Code   RO         3618    i.GPIO_Conf         gpio.o
    0x080041b8   0x080041b8   0x000000b4   Code   RO         1251    i.GPIO_DeInit       stm32f10x_gpio.o
    0x0800426c   0x0800426c   0x000000a2   Code   RO         1256    i.GPIO_Init         stm32f10x_gpio.o
    0x0800430e   0x0800430e   0x00000002   PAD
    0x08004310   0x08004310   0x00000058   Code   RO         1258    i.GPIO_PinRemapConfig  stm32f10x_gpio.o
    0x08004368   0x08004368   0x0000000e   Code   RO         1260    i.GPIO_ReadInputDataBit  stm32f10x_gpio.o
    0x08004376   0x08004376   0x00000004   Code   RO         1263    i.GPIO_ResetBits    stm32f10x_gpio.o
    0x0800437a   0x0800437a   0x00000004   Code   RO         1264    i.GPIO_SetBits      stm32f10x_gpio.o
    0x0800437e   0x0800437e   0x00000002   Code   RO         3245    i.HardFault_Handler  stm32f10x_it.o
    0x08004380   0x08004380   0x0000007c   Code   RO         3733    i.Hardware_CRC      modbus.o
    0x080043fc   0x080043fc   0x0000001c   Code   RO         4074    i.INPUTQ            scpi-def.o
    0x08004418   0x08004418   0x00000030   Code   RO         4075    i.INPUTSET          scpi-def.o
    0x08004448   0x08004448   0x0000001c   Code   RO         4076    i.IRANGEQ           scpi-def.o
    0x08004464   0x08004464   0x00000030   Code   RO         4077    i.IRANGESET         scpi-def.o
    0x08004494   0x08004494   0x00000028   Code   RO         4078    i.ISLEWFQ           scpi-def.o
    0x080044bc   0x080044bc   0x00000040   Code   RO         4079    i.ISLEWFSET         scpi-def.o
    0x080044fc   0x080044fc   0x00000028   Code   RO         4080    i.ISLEWQ            scpi-def.o
    0x08004524   0x08004524   0x00000028   Code   RO         4081    i.ISLEWRQ           scpi-def.o
    0x0800454c   0x0800454c   0x00000040   Code   RO         4082    i.ISLEWRSET         scpi-def.o
    0x0800458c   0x0800458c   0x00000044   Code   RO         4083    i.ISLEWSET          scpi-def.o
    0x080045d0   0x080045d0   0x00000010   Code   RO         1568    i.IWDG_Enable       stm32f10x_iwdg.o
    0x080045e0   0x080045e0   0x00000022   Code   RO         3695    i.IWDG_Inte         iwdg.o
    0x08004602   0x08004602   0x00000002   PAD
    0x08004604   0x08004604   0x00000010   Code   RO         1570    i.IWDG_ReloadCounter  stm32f10x_iwdg.o
    0x08004614   0x08004614   0x0000000c   Code   RO         1571    i.IWDG_SetPrescaler  stm32f10x_iwdg.o
    0x08004620   0x08004620   0x0000000c   Code   RO         1572    i.IWDG_SetReload    stm32f10x_iwdg.o
    0x0800462c   0x0800462c   0x0000000c   Code   RO         1573    i.IWDG_WriteAccessCmd  stm32f10x_iwdg.o
    0x08004638   0x08004638   0x000000a0   Code   RO         3937    i.I_SW_COTNR        menu.o
    0x080046d8   0x080046d8   0x00000028   Code   RO         4084    i.MODEQ             scpi-def.o
    0x08004700   0x08004700   0x00000038   Code   RO         4085    i.MODESET           scpi-def.o
    0x08004738   0x08004738   0x00000002   Code   RO         3246    i.MemManage_Handler  stm32f10x_it.o
    0x0800473a   0x0800473a   0x0000000c   Code   RO         4086    i.My_CoreTstQ       scpi-def.o
    0x08004746   0x08004746   0x00000002   Code   RO         3247    i.NMI_Handler       stm32f10x_it.o
    0x08004748   0x08004748   0x00000064   Code   RO           24    i.NVIC_Init         misc.o
    0x080047ac   0x080047ac   0x00000014   Code   RO           25    i.NVIC_PriorityGroupConfig  misc.o
    0x080047c0   0x080047c0   0x00000028   Code   RO         4087    i.POWERQ            scpi-def.o
    0x080047e8   0x080047e8   0x00000028   Code   RO         4088    i.PPROTECTQ         scpi-def.o
    0x08004810   0x08004810   0x00000040   Code   RO         4089    i.PPROTECTSET       scpi-def.o
    0x08004850   0x08004850   0x00000058   Code   RO         4964    i.ParamSignToUInt32  parser.o
    0x080048a8   0x080048a8   0x00000058   Code   RO         4965    i.ParamSignToUInt64  parser.o
    0x08004900   0x08004900   0x00000054   Code   RO         4966    i.ParamSignUInt32   parser.o
    0x08004954   0x08004954   0x00000014   Code   RO         1670    i.RCC_ADCCLKConfig  stm32f10x_rcc.o
    0x08004968   0x08004968   0x00000018   Code   RO         1671    i.RCC_AHBPeriphClockCmd  stm32f10x_rcc.o
    0x08004980   0x08004980   0x00000018   Code   RO         1672    i.RCC_APB1PeriphClockCmd  stm32f10x_rcc.o
    0x08004998   0x08004998   0x00000018   Code   RO         1674    i.RCC_APB2PeriphClockCmd  stm32f10x_rcc.o
    0x080049b0   0x080049b0   0x00000018   Code   RO         1675    i.RCC_APB2PeriphResetCmd  stm32f10x_rcc.o
    0x080049c8   0x080049c8   0x0000006c   Code   RO         3531    i.RCC_Configuration  clock.o
    0x08004a34   0x08004a34   0x00000040   Code   RO         1681    i.RCC_DeInit        stm32f10x_rcc.o
    0x08004a74   0x08004a74   0x00000090   Code   RO         1682    i.RCC_GetClocksFreq  stm32f10x_rcc.o
    0x08004b04   0x08004b04   0x00000030   Code   RO         1683    i.RCC_GetFlagStatus  stm32f10x_rcc.o
    0x08004b34   0x08004b34   0x00000010   Code   RO         1685    i.RCC_GetSYSCLKSource  stm32f10x_rcc.o
    0x08004b44   0x08004b44   0x00000014   Code   RO         1686    i.RCC_HCLKConfig    stm32f10x_rcc.o
    0x08004b58   0x08004b58   0x00000034   Code   RO         1687    i.RCC_HSEConfig     stm32f10x_rcc.o
    0x08004b8c   0x08004b8c   0x00000014   Code   RO         1693    i.RCC_PCLK1Config   stm32f10x_rcc.o
    0x08004ba0   0x08004ba0   0x00000014   Code   RO         1694    i.RCC_PCLK2Config   stm32f10x_rcc.o
    0x08004bb4   0x08004bb4   0x0000000c   Code   RO         1695    i.RCC_PLLCmd        stm32f10x_rcc.o
    0x08004bc0   0x08004bc0   0x00000014   Code   RO         1696    i.RCC_PLLConfig     stm32f10x_rcc.o
    0x08004bd4   0x08004bd4   0x00000014   Code   RO         1699    i.RCC_SYSCLKConfig  stm32f10x_rcc.o
    0x08004be8   0x08004be8   0x0000002c   Code   RO         1701    i.RCC_WaitForHSEStartUp  stm32f10x_rcc.o
    0x08004c14   0x08004c14   0x0000001c   Code   RO         4090    i.REMOTEQ           scpi-def.o
    0x08004c30   0x08004c30   0x00000030   Code   RO         4091    i.REMOTESET         scpi-def.o
    0x08004c60   0x08004c60   0x00000028   Code   RO         4092    i.RESQ              scpi-def.o
    0x08004c88   0x08004c88   0x0000002a   Code   RO         4968    i.SCPI_ChoiceToName  parser.o
    0x08004cb2   0x08004cb2   0x00000018   Code   RO         4970    i.SCPI_CommandNumbers  parser.o
    0x08004cca   0x08004cca   0x00000026   Code   RO         4587    i.SCPI_CoreCls      ieee488.o
    0x08004cf0   0x08004cf0   0x00000024   Code   RO         4588    i.SCPI_CoreEse      ieee488.o
    0x08004d14   0x08004d14   0x00000016   Code   RO         4589    i.SCPI_CoreEseQ     ieee488.o
    0x08004d2a   0x08004d2a   0x00000020   Code   RO         4590    i.SCPI_CoreEsrQ     ieee488.o
    0x08004d4a   0x08004d4a   0x00000002   PAD
    0x08004d4c   0x08004d4c   0x00000038   Code   RO         4591    i.SCPI_CoreIdnQ     ieee488.o
    0x08004d84   0x08004d84   0x0000000e   Code   RO         4592    i.SCPI_CoreOpc      ieee488.o
    0x08004d92   0x08004d92   0x0000000c   Code   RO         4593    i.SCPI_CoreOpcQ     ieee488.o
    0x08004d9e   0x08004d9e   0x00000010   Code   RO         4594    i.SCPI_CoreRst      ieee488.o
    0x08004dae   0x08004dae   0x00000024   Code   RO         4595    i.SCPI_CoreSre      ieee488.o
    0x08004dd2   0x08004dd2   0x00000016   Code   RO         4596    i.SCPI_CoreSreQ     ieee488.o
    0x08004de8   0x08004de8   0x00000016   Code   RO         4597    i.SCPI_CoreStbQ     ieee488.o
    0x08004dfe   0x08004dfe   0x00000004   Code   RO         4599    i.SCPI_CoreWai      ieee488.o
    0x08004e02   0x08004e02   0x00000002   PAD
    0x08004e04   0x08004e04   0x00000024   Code   RO         5444    i.SCPI_DoubleToStr  utils.o
    0x08004e28   0x08004e28   0x00000014   Code   RO         4406    i.SCPI_ErrorClear   error.o
    0x08004e3c   0x08004e3c   0x00000016   Code   RO         4407    i.SCPI_ErrorCount   error.o
    0x08004e52   0x08004e52   0x00000026   Code   RO         4408    i.SCPI_ErrorEmit    error.o
    0x08004e78   0x08004e78   0x0000003a   Code   RO         4409    i.SCPI_ErrorEmitEmpty  error.o
    0x08004eb2   0x08004eb2   0x00000006   Code   RO         4410    i.SCPI_ErrorInit    error.o
    0x08004eb8   0x08004eb8   0x00000022   Code   RO         4411    i.SCPI_ErrorPop     error.o
    0x08004eda   0x08004eda   0x00000008   Code   RO         4412    i.SCPI_ErrorPush    error.o
    0x08004ee2   0x08004ee2   0x00000002   PAD
    0x08004ee4   0x08004ee4   0x000000ac   Code   RO         4413    i.SCPI_ErrorPushEx  error.o
    0x08004f90   0x08004f90   0x000001e8   Code   RO         4414    i.SCPI_ErrorTranslate  error.o
    0x08005178   0x08005178   0x00000008   Code   RO         4600    i.SCPI_EventClear   ieee488.o
    0x08005180   0x08005180   0x000000d8   Code   RO         4472    i.SCPI_ExprChannelListEntry  expression.o
    0x08005258   0x08005258   0x00000028   Code   RO         5445    i.SCPI_FloatToStr   utils.o
    0x08005280   0x08005280   0x0000004e   Code   RO         4971    i.SCPI_Init         parser.o
    0x080052ce   0x080052ce   0x000000ae   Code   RO         4972    i.SCPI_Input        parser.o
    0x0800537c   0x0800537c   0x000000cc   Code   RO         5411    i.SCPI_NumberToStr  units.o
    0x08005448   0x08005448   0x00000044   Code   RO         4975    i.SCPI_ParamArbitraryBlock  parser.o
    0x0800548c   0x0800548c   0x00000058   Code   RO         4982    i.SCPI_ParamBool    parser.o
    0x080054e4   0x080054e4   0x00000034   Code   RO         4984    i.SCPI_ParamChoice  parser.o
    0x08005518   0x08005518   0x0000007c   Code   RO         4985    i.SCPI_ParamCopyText  parser.o
    0x08005594   0x08005594   0x00000058   Code   RO         4986    i.SCPI_ParamDouble  parser.o
    0x080055ec   0x080055ec   0x00000058   Code   RO         4988    i.SCPI_ParamFloat   parser.o
    0x08005644   0x08005644   0x00000006   Code   RO         4989    i.SCPI_ParamInt32   parser.o
    0x0800564a   0x0800564a   0x0000001e   Code   RO         4991    i.SCPI_ParamIsNumber  parser.o
    0x08005668   0x08005668   0x000000ec   Code   RO         5412    i.SCPI_ParamNumber  units.o
    0x08005754   0x08005754   0x0000007c   Code   RO         4993    i.SCPI_ParamToChoice  parser.o
    0x080057d0   0x080057d0   0x00000050   Code   RO         4994    i.SCPI_ParamToDouble  parser.o
    0x08005820   0x08005820   0x0000004c   Code   RO         4995    i.SCPI_ParamToFloat  parser.o
    0x0800586c   0x0800586c   0x00000006   Code   RO         4996    i.SCPI_ParamToInt32  parser.o
    0x08005872   0x08005872   0x00000006   Code   RO         4998    i.SCPI_ParamToUInt32  parser.o
    0x08005878   0x08005878   0x00000006   Code   RO         4999    i.SCPI_ParamToUInt64  parser.o
    0x0800587e   0x0800587e   0x00000006   Code   RO         5000    i.SCPI_ParamUInt32  parser.o
    0x08005884   0x08005884   0x0000009c   Code   RO         5002    i.SCPI_Parameter    parser.o
    0x08005920   0x08005920   0x00000118   Code   RO         5003    i.SCPI_Parse        parser.o
    0x08005a38   0x08005a38   0x0000001a   Code   RO         4601    i.SCPI_RegClearBits  ieee488.o
    0x08005a52   0x08005a52   0x00000014   Code   RO         4602    i.SCPI_RegGet       ieee488.o
    0x08005a66   0x08005a66   0x000000c2   Code   RO         4603    i.SCPI_RegSet       ieee488.o
    0x08005b28   0x08005b28   0x00000018   Code   RO         4604    i.SCPI_RegSetBits   ieee488.o
    0x08005b40   0x08005b40   0x00000022   Code   RO         5004    i.SCPI_ResultArbitraryBlock  parser.o
    0x08005b62   0x08005b62   0x00000002   PAD
    0x08005b64   0x08005b64   0x00000030   Code   RO         5005    i.SCPI_ResultArbitraryBlockData  parser.o
    0x08005b94   0x08005b94   0x00000038   Code   RO         5006    i.SCPI_ResultArbitraryBlockHeader  parser.o
    0x08005bcc   0x08005bcc   0x00000026   Code   RO         5018    i.SCPI_ResultCharacters  parser.o
    0x08005bf2   0x08005bf2   0x00000034   Code   RO         5019    i.SCPI_ResultDouble  parser.o
    0x08005c26   0x08005c26   0x00000002   PAD
    0x08005c28   0x08005c28   0x000000f0   Code   RO         5020    i.SCPI_ResultError  parser.o
    0x08005d18   0x08005d18   0x00000032   Code   RO         5021    i.SCPI_ResultFloat  parser.o
    0x08005d4a   0x08005d4a   0x00000008   Code   RO         5022    i.SCPI_ResultInt32  parser.o
    0x08005d52   0x08005d52   0x0000000e   Code   RO         4878    i.SCPI_StatusPreset  minimal.o
    0x08005d60   0x08005d60   0x0000001e   Code   RO         4880    i.SCPI_StatusQuestionableEnable  minimal.o
    0x08005d7e   0x08005d7e   0x00000016   Code   RO         4881    i.SCPI_StatusQuestionableEnableQ  minimal.o
    0x08005d94   0x08005d94   0x00000020   Code   RO         4882    i.SCPI_StatusQuestionableEventQ  minimal.o
    0x08005db4   0x08005db4   0x0000000c   Code   RO         4884    i.SCPI_StubQ        minimal.o
    0x08005dc0   0x08005dc0   0x00000014   Code   RO         4885    i.SCPI_SystemErrorCountQ  minimal.o
    0x08005dd4   0x08005dd4   0x00000016   Code   RO         4886    i.SCPI_SystemErrorNextQ  minimal.o
    0x08005dea   0x08005dea   0x00000002   PAD
    0x08005dec   0x08005dec   0x00000018   Code   RO         4887    i.SCPI_SystemVersionQ  minimal.o
    0x08005e04   0x08005e04   0x0000000c   Code   RO         5452    i.SCPI_UInt32ToStrBase  utils.o
    0x08005e10   0x08005e10   0x00000034   Code   RO         3061    i.SCPI_Write        main.o
    0x08005e44   0x08005e44   0x00000068   Code   RO         3990    i.SPI_AD7689_Read   ad7689.o
    0x08005eac   0x08005eac   0x00000014   Code   RO         2150    i.SPI_Cmd           stm32f10x_spi.o
    0x08005ec0   0x08005ec0   0x0000000e   Code   RO         2158    i.SPI_I2S_GetFlagStatus  stm32f10x_spi.o
    0x08005ece   0x08005ece   0x00000004   Code   RO         2161    i.SPI_I2S_ReceiveData  stm32f10x_spi.o
    0x08005ed2   0x08005ed2   0x00000004   Code   RO         2162    i.SPI_I2S_SendData  stm32f10x_spi.o
    0x08005ed6   0x08005ed6   0x00000038   Code   RO         2163    i.SPI_Init          stm32f10x_spi.o
    0x08005f0e   0x08005f0e   0x00000002   Code   RO         3248    i.SVC_Handler       stm32f10x_it.o
    0x08005f10   0x08005f10   0x00000020   Code   RO         3939    i.Sence_SW_CONT     menu.o
    0x08005f30   0x08005f30   0x000000a8   Code   RO         3348    i.SetSysClockTo72   system_stm32f10x.o
    0x08005fd8   0x08005fd8   0x00000038   Code   RO         3249    i.SysTick_Handler   stm32f10x_it.o
    0x08006010   0x08006010   0x00000044   Code   RO         3448    i.SysTick_Init      bsp_systick.o
    0x08006054   0x08006054   0x00000050   Code   RO         3350    i.SystemInit        system_stm32f10x.o
    0x080060a4   0x080060a4   0x0000001e   Code   RO         4093    i.TEST_ArbQ         scpi-def.o
    0x080060c2   0x080060c2   0x00000016   Code   RO         4094    i.TEST_Bool         scpi-def.o
    0x080060d8   0x080060d8   0x0000014a   Code   RO         4095    i.TEST_Chanlst      scpi-def.o
    0x08006222   0x08006222   0x00000002   PAD
    0x08006224   0x08006224   0x00000030   Code   RO         4096    i.TEST_ChoiceQ      scpi-def.o
    0x08006254   0x08006254   0x00000010   Code   RO         4097    i.TEST_Numbers      scpi-def.o
    0x08006264   0x08006264   0x0000001e   Code   RO         4098    i.TEST_Text         scpi-def.o
    0x08006282   0x08006282   0x00000002   PAD
    0x08006284   0x08006284   0x0000008c   Code   RO         3250    i.TIM4_IRQHandler   stm32f10x_it.o
    0x08006310   0x08006310   0x0000005c   Code   RO         3804    i.TIM6_Config       tim6.o
    0x0800636c   0x0800636c   0x00000006   Code   RO         2298    i.TIM_ClearITPendingBit  stm32f10x_tim.o
    0x08006372   0x08006372   0x00000014   Code   RO         2303    i.TIM_Cmd           stm32f10x_tim.o
    0x08006386   0x08006386   0x00000010   Code   RO         2328    i.TIM_ITConfig      stm32f10x_tim.o
    0x08006396   0x08006396   0x00000002   PAD
    0x08006398   0x08006398   0x0000009c   Code   RO         2374    i.TIM_TimeBaseInit  stm32f10x_tim.o
    0x08006434   0x08006434   0x0000004c   Code   RO         3911    i.Temp_Comapre      fan_pro.o
    0x08006480   0x08006480   0x00000014   Code   RO         3449    i.TimingDelay_Decrement  bsp_systick.o
    0x08006494   0x08006494   0x00000f38   Code   RO         3735    i.Transformation_ADC  modbus.o
    0x080073cc   0x080073cc   0x000003cc   Code   RO         3736    i.UART1_Action      modbus.o
    0x08007798   0x08007798   0x0000005c   Code   RO         3818    i.UART1_Send        usart.o
    0x080077f4   0x080077f4   0x0000005c   Code   RO         3819    i.UART2_Send        usart.o
    0x08007850   0x08007850   0x000003cc   Code   RO         3737    i.UART3_Action      modbus.o
    0x08007c1c   0x08007c1c   0x0000005c   Code   RO         3820    i.UART3_Send        usart.o
    0x08007c78   0x08007c78   0x00001574   Code   RO         3738    i.UART_Action       modbus.o
    0x080091ec   0x080091ec   0x000000c8   Code   RO         5455    i.UInt32ToStrBaseSign  utils.o
    0x080092b4   0x080092b4   0x0000017c   Code   RO         3251    i.USART1_IRQHandler  stm32f10x_it.o
    0x08009430   0x08009430   0x0000005c   Code   RO         3821    i.USART1_NVIC_Config  usart.o
    0x0800948c   0x0800948c   0x00000094   Code   RO         3822    i.USART2_Configuration  usart.o
    0x08009520   0x08009520   0x0000010c   Code   RO         3252    i.USART2_IRQHandler  stm32f10x_it.o
    0x0800962c   0x0800962c   0x00000098   Code   RO         3823    i.USART3_Configuration  usart.o
    0x080096c4   0x080096c4   0x0000011c   Code   RO         3253    i.USART3_IRQHandler  stm32f10x_it.o
    0x080097e0   0x080097e0   0x00000006   Code   RO         2822    i.USART_ClearFlag   stm32f10x_usart.o
    0x080097e6   0x080097e6   0x0000000c   Code   RO         2823    i.USART_ClearITPendingBit  stm32f10x_usart.o
    0x080097f2   0x080097f2   0x00000014   Code   RO         2826    i.USART_Cmd         stm32f10x_usart.o
    0x08009806   0x08009806   0x00000002   PAD
    0x08009808   0x08009808   0x000000a8   Code   RO         3824    i.USART_Configuration  usart.o
    0x080098b0   0x080098b0   0x0000000e   Code   RO         2829    i.USART_GetFlagStatus  stm32f10x_usart.o
    0x080098be   0x080098be   0x0000003e   Code   RO         2830    i.USART_GetITStatus  stm32f10x_usart.o
    0x080098fc   0x080098fc   0x00000030   Code   RO         2832    i.USART_ITConfig    stm32f10x_usart.o
    0x0800992c   0x0800992c   0x000000ac   Code   RO         2833    i.USART_Init        stm32f10x_usart.o
    0x080099d8   0x080099d8   0x00000008   Code   RO         2840    i.USART_ReceiveData  stm32f10x_usart.o
    0x080099e0   0x080099e0   0x00000008   Code   RO         2843    i.USART_SendData    stm32f10x_usart.o
    0x080099e8   0x080099e8   0x00000002   Code   RO         3254    i.UsageFault_Handler  stm32f10x_it.o
    0x080099ea   0x080099ea   0x00000002   PAD
    0x080099ec   0x080099ec   0x00000028   Code   RO         4099    i.VOFFQ             scpi-def.o
    0x08009a14   0x08009a14   0x00000040   Code   RO         4100    i.VOFFSET           scpi-def.o
    0x08009a54   0x08009a54   0x00000038   Code   RO         4101    i.VOLTAGEQ          scpi-def.o
    0x08009a8c   0x08009a8c   0x00000028   Code   RO         4102    i.VONQ              scpi-def.o
    0x08009ab4   0x08009ab4   0x00000040   Code   RO         4103    i.VONSET            scpi-def.o
    0x08009af4   0x08009af4   0x00000028   Code   RO         4104    i.VPROTECTQ         scpi-def.o
    0x08009b1c   0x08009b1c   0x00000040   Code   RO         4105    i.VPROTECTSET       scpi-def.o
    0x08009b5c   0x08009b5c   0x0000001c   Code   RO         4106    i.VRANGEQ           scpi-def.o
    0x08009b78   0x08009b78   0x00000030   Code   RO         4107    i.VRANGESET         scpi-def.o
    0x08009ba8   0x08009ba8   0x00000058   Code   RO         3940    i.V_SW_COTNR        menu.o
    0x08009c00   0x08009c00   0x0000004c   Code   RO         3573    i.Write_ADDR        flash.o
    0x08009c4c   0x08009c4c   0x00000030   Code   RO         5942    i.__0snprintf       mc_w.l(printfa.o)
    0x08009c7c   0x08009c7c   0x00000008   Code   RO         6029    i.__aeabi_errno_addr  mc_w.l(errno.o)
    0x08009c84   0x08009c84   0x00000010   Code   RO         6055    i.__mathlib_narrow  m_ws.l(narrow.o)
    0x08009c94   0x08009c94   0x000000bc   Code   RO         6056    i.__mathlib_tofloat  m_ws.l(narrow.o)
    0x08009d50   0x08009d50   0x0000000e   Code   RO         6084    i.__scatterload_copy  mc_w.l(handlers.o)
    0x08009d5e   0x08009d5e   0x00000002   Code   RO         6085    i.__scatterload_null  mc_w.l(handlers.o)
    0x08009d60   0x08009d60   0x0000000e   Code   RO         6086    i.__scatterload_zeroinit  mc_w.l(handlers.o)
    0x08009d6e   0x08009d6e   0x00000002   PAD
    0x08009d70   0x08009d70   0x0000000c   Code   RO         6031    i.__set_errno       mc_w.l(errno.o)
    0x08009d7c   0x08009d7c   0x00000184   Code   RO         5948    i._fp_digits        mc_w.l(printfa.o)
    0x08009f00   0x08009f00   0x0000000e   Code   RO         6069    i._is_digit         mc_w.l(scanf_fp.o)
    0x08009f0e   0x08009f0e   0x00000002   PAD
    0x08009f10   0x08009f10   0x000006dc   Code   RO         5949    i._printf_core      mc_w.l(printfa.o)
    0x0800a5ec   0x0800a5ec   0x00000024   Code   RO         5950    i._printf_post_padding  mc_w.l(printfa.o)
    0x0800a610   0x0800a610   0x0000002e   Code   RO         5951    i._printf_pre_padding  mc_w.l(printfa.o)
    0x0800a63e   0x0800a63e   0x00000016   Code   RO         5952    i._snputc           mc_w.l(printfa.o)
    0x0800a654   0x0800a654   0x0000006c   Code   RO         4476    i.channelRange      expression.o
    0x0800a6c0   0x0800a6c0   0x0000004c   Code   RO         4477    i.channelSpec       expression.o
    0x0800a70c   0x0800a70c   0x0000001a   Code   RO         5458    i.compareStr        utils.o
    0x0800a726   0x0800a726   0x00000064   Code   RO         5459    i.compareStrAndNum  utils.o
    0x0800a78a   0x0800a78a   0x0000004c   Code   RO         5460    i.composeCompoundCommand  utils.o
    0x0800a7d6   0x0800a7d6   0x0000003e   Code   RO         4531    i.fifo_add          fifo.o
    0x0800a814   0x0800a814   0x0000000a   Code   RO         4532    i.fifo_clear        fifo.o
    0x0800a81e   0x0800a81e   0x00000008   Code   RO         4533    i.fifo_count        fifo.o
    0x0800a826   0x0800a826   0x0000000e   Code   RO         4534    i.fifo_init         fifo.o
    0x0800a834   0x0800a834   0x0000000c   Code   RO         4535    i.fifo_is_empty     fifo.o
    0x0800a840   0x0800a840   0x00000014   Code   RO         4536    i.fifo_is_full      fifo.o
    0x0800a854   0x0800a854   0x0000003c   Code   RO         4537    i.fifo_remove       fifo.o
    0x0800a890   0x0800a890   0x0000003c   Code   RO         4538    i.fifo_remove_last  fifo.o
    0x0800a8cc   0x0800a8cc   0x00000058   Code   RO         5640    i.frexp             m_ws.l(frexp.o)
    0x0800a924   0x0800a924   0x00000028   Code   RO         5027    i.getBasePrefix     parser.o
    0x0800a94c   0x0800a94c   0x00000048   Code   RO         3631    i.i2c_CfgGpio       iic_24c01.o
    0x0800a994   0x0800a994   0x0000001a   Code   RO         3633    i.i2c_Delay         iic_24c01.o
    0x0800a9ae   0x0800a9ae   0x00000002   PAD
    0x0800a9b0   0x0800a9b0   0x00000038   Code   RO         3634    i.i2c_NAck          iic_24c01.o
    0x0800a9e8   0x0800a9e8   0x00000064   Code   RO         3635    i.i2c_ReadByte      iic_24c01.o
    0x0800aa4c   0x0800aa4c   0x00000078   Code   RO         3636    i.i2c_SendByte      iic_24c01.o
    0x0800aac4   0x0800aac4   0x00000040   Code   RO         3637    i.i2c_Start         iic_24c01.o
    0x0800ab04   0x0800ab04   0x0000002c   Code   RO         3638    i.i2c_Stop          iic_24c01.o
    0x0800ab30   0x0800ab30   0x00000048   Code   RO         3639    i.i2c_WaitAck       iic_24c01.o
    0x0800ab78   0x0800ab78   0x0000000c   Code   RO         5028    i.invalidateToken   parser.o
    0x0800ab84   0x0800ab84   0x00000010   Code   RO         4717    i.ischr             lexer.o
    0x0800ab94   0x0800ab94   0x00000014   Code   RO         4718    i.iseos             lexer.o
    0x0800aba8   0x0800aba8   0x000000f4   Code   RO         3062    i.main              main.o
    0x0800ac9c   0x0800ac9c   0x000001e8   Code   RO         5461    i.matchCommand      utils.o
    0x0800ae84   0x0800ae84   0x00000074   Code   RO         5462    i.matchPattern      utils.o
    0x0800aef8   0x0800aef8   0x00000020   Code   RO         5463    i.patternSeparatorPos  utils.o
    0x0800af18   0x0800af18   0x0000002a   Code   RO         5464    i.patternSeparatorShortPos  utils.o
    0x0800af42   0x0800af42   0x00000066   Code   RO         5029    i.processCommand    parser.o
    0x0800afa8   0x0800afa8   0x00000018   Code   RO         4605    i.regUpdate         ieee488.o
    0x0800afc0   0x0800afc0   0x0000001c   Code   RO         4606    i.regUpdateEvent    ieee488.o
    0x0800afdc   0x0800afdc   0x0000002a   Code   RO         4607    i.regUpdateSTB      ieee488.o
    0x0800b006   0x0800b006   0x0000004e   Code   RO         5031    i.resultUInt32BaseSign  parser.o
    0x0800b054   0x0800b054   0x000000ce   Code   RO         4719    i.scpiLex_ArbitraryBlockProgramData  lexer.o
    0x0800b122   0x0800b122   0x00000068   Code   RO         4720    i.scpiLex_CharacterProgramData  lexer.o
    0x0800b18a   0x0800b18a   0x00000024   Code   RO         4721    i.scpiLex_Colon     lexer.o
    0x0800b1ae   0x0800b1ae   0x00000024   Code   RO         4722    i.scpiLex_Comma     lexer.o
    0x0800b1d2   0x0800b1d2   0x0000007e   Code   RO         4723    i.scpiLex_DecimalNumericProgramData  lexer.o
    0x0800b250   0x0800b250   0x00000004   Code   RO         4724    i.scpiLex_IsEos     lexer.o
    0x0800b254   0x0800b254   0x0000003a   Code   RO         4725    i.scpiLex_NewLine   lexer.o
    0x0800b28e   0x0800b28e   0x000000fa   Code   RO         4726    i.scpiLex_NondecimalNumericData  lexer.o
    0x0800b388   0x0800b388   0x0000008e   Code   RO         4727    i.scpiLex_ProgramExpression  lexer.o
    0x0800b416   0x0800b416   0x000000c0   Code   RO         4728    i.scpiLex_ProgramHeader  lexer.o
    0x0800b4d6   0x0800b4d6   0x00000022   Code   RO         4729    i.scpiLex_Semicolon  lexer.o
    0x0800b4f8   0x0800b4f8   0x00000024   Code   RO         4730    i.scpiLex_SpecificCharacter  lexer.o
    0x0800b51c   0x0800b51c   0x00000088   Code   RO         4731    i.scpiLex_StringProgramData  lexer.o
    0x0800b5a4   0x0800b5a4   0x00000078   Code   RO         4732    i.scpiLex_SuffixProgramData  lexer.o
    0x0800b61c   0x0800b61c   0x00000026   Code   RO         4733    i.scpiLex_WhiteSpace  lexer.o
    0x0800b642   0x0800b642   0x00000002   PAD
    0x0800b644   0x0800b644   0x000000b6   Code   RO         5033    i.scpiParser_detectProgramMessageUnit  parser.o
    0x0800b6fa   0x0800b6fa   0x00000072   Code   RO         5034    i.scpiParser_parseAllProgramData  parser.o
    0x0800b76c   0x0800b76c   0x0000008c   Code   RO         5035    i.scpiParser_parseProgramData  parser.o
    0x0800b7f8   0x0800b7f8   0x0000002c   Code   RO         4734    i.skipAlpha         lexer.o
    0x0800b824   0x0800b824   0x00000024   Code   RO         4735    i.skipChr           lexer.o
    0x0800b848   0x0800b848   0x00000022   Code   RO         4736    i.skipColon         lexer.o
    0x0800b86a   0x0800b86a   0x00000026   Code   RO         4737    i.skipDigit         lexer.o
    0x0800b890   0x0800b890   0x0000002a   Code   RO         4738    i.skipNumbers       lexer.o
    0x0800b8ba   0x0800b8ba   0x00000022   Code   RO         4739    i.skipPlusmn        lexer.o
    0x0800b8dc   0x0800b8dc   0x00000060   Code   RO         4740    i.skipProgramMnemonic  lexer.o
    0x0800b93c   0x0800b93c   0x00000052   Code   RO         4741    i.skipQuoteProgramData  lexer.o
    0x0800b98e   0x0800b98e   0x00000002   PAD
    0x0800b990   0x0800b990   0x00000028   Code   RO         5466    i.skipWhitespace    utils.o
    0x0800b9b8   0x0800b9b8   0x00000026   Code   RO         4742    i.skipWs            lexer.o
    0x0800b9de   0x0800b9de   0x00000014   Code   RO         5467    i.strBaseToInt32    utils.o
    0x0800b9f2   0x0800b9f2   0x00000016   Code   RO         5468    i.strBaseToInt64    utils.o
    0x0800ba08   0x0800ba08   0x00000014   Code   RO         5469    i.strBaseToUInt32   utils.o
    0x0800ba1c   0x0800ba1c   0x00000016   Code   RO         5470    i.strBaseToUInt64   utils.o
    0x0800ba32   0x0800ba32   0x00000016   Code   RO         5471    i.strToDouble       utils.o
    0x0800ba48   0x0800ba48   0x00000014   Code   RO         5472    i.strToFloat        utils.o
    0x0800ba5c   0x0800ba5c   0x0000002a   Code   RO         5473    i.strnpbrk          utils.o
    0x0800ba86   0x0800ba86   0x0000001c   Code   RO         5648    i.strtod            m_ws.l(strtod.o)
    0x0800baa2   0x0800baa2   0x00000014   Code   RO         5652    i.strtof            m_ws.l(strtof.o)
    0x0800bab6   0x0800bab6   0x0000007c   Code   RO         5413    i.transformNumber   units.o
    0x0800bb32   0x0800bb32   0x00000002   PAD
    0x0800bb34   0x0800bb34   0x000003a0   Code   RO         3941    i.worke_mode        menu.o
    0x0800bed4   0x0800bed4   0x0000000c   Code   RO         5036    i.writeData         parser.o
    0x0800bee0   0x0800bee0   0x00000018   Code   RO         5037    i.writeDelimiter    parser.o
    0x0800bef8   0x0800bef8   0x00000018   Code   RO         5038    i.writeSemicolon    parser.o
    0x0800bf10   0x0800bf10   0x00000005   Data   RO         4112    .constdata          scpi-def.o
    0x0800bf15   0x0800bf15   0x00000003   PAD
    0x0800bf18   0x0800bf18   0x0000048c   Data   RO         4113    .constdata          scpi-def.o
    0x0800c3a4   0x0800c3a4   0x00000036   Data   RO         4415    .constdata          error.o
    0x0800c3da   0x0800c3da   0x00000002   PAD
    0x0800c3dc   0x0800c3dc   0x00000024   Data   RO         5039    .constdata          parser.o
    0x0800c400   0x0800c400   0x000001b0   Data   RO         5414    .constdata          units.o
    0x0800c5b0   0x0800c5b0   0x00000050   Data   RO         5415    .constdata          units.o
    0x0800c600   0x0800c600   0x00000081   Data   RO         5661    .constdata          mc_w.l(ctype_o.o)
    0x0800c681   0x0800c681   0x00000003   PAD
    0x0800c684   0x0800c684   0x00000004   Data   RO         5662    .constdata          mc_w.l(ctype_o.o)
    0x0800c688   0x0800c688   0x00000070   Data   RO         4114    .conststring        scpi-def.o
    0x0800c6f8   0x0800c6f8   0x0000057a   Data   RO         4115    .conststring        scpi-def.o
    0x0800cc72   0x0800cc72   0x00000002   PAD
    0x0800cc74   0x0800cc74   0x00000073   Data   RO         5416    .conststring        units.o
    0x0800cce7   0x0800cce7   0x00000001   PAD
    0x0800cce8   0x0800cce8   0x00000041   Data   RO         5417    .conststring        units.o
    0x0800cd29   0x0800cd29   0x00000003   PAD
    0x0800cd2c   0x0800cd2c   0x00000020   Data   RO         6082    Region$$Table       anon$$obj.o


    Execution Region RW_IRAM1 (Exec base: 0x20000000, Load base: 0x0800cd4c, Size: 0x00001350, Max: 0x00005000, ABSOLUTE, COMPRESSED[0x00000064])

    Exec Addr    Load Addr    Size         Type   Attr      Idx    E Section Name        Object

    0x20000000   COMPRESSED   0x00000014   Data   RW         1702    .data               stm32f10x_rcc.o
    0x20000014   COMPRESSED   0x00000004   Data   RW         3064    .data               main.o
    0x20000018   COMPRESSED   0x00000004   Data   RW         3065    .data               main.o
    0x2000001c   COMPRESSED   0x00000004   Data   RW         3066    .data               main.o
    0x20000020   COMPRESSED   0x0000000c   Data   RW         3255    .data               stm32f10x_it.o
    0x2000002c   COMPRESSED   0x00000014   Data   RW         3351    .data               system_stm32f10x.o
    0x20000040   COMPRESSED   0x00000006   Data   RW         3381    .data               adc.o
    0x20000046   COMPRESSED   0x00000002   Data   RW         3382    .data               adc.o
    0x20000048   COMPRESSED   0x00000002   Data   RW         3383    .data               adc.o
    0x2000004a   COMPRESSED   0x00000002   PAD
    0x2000004c   COMPRESSED   0x00000004   Data   RW         3450    .data               bsp_systick.o
    0x20000050   COMPRESSED   0x00000001   Data   RW         3487    .data               at24c01.o
    0x20000051   COMPRESSED   0x00000001   Data   RW         3532    .data               clock.o
    0x20000052   COMPRESSED   0x00000002   PAD
    0x20000054   COMPRESSED   0x00000038   Data   RW         3741    .data               modbus.o
    0x2000008c   COMPRESSED   0x00000008   Data   RW         3831    .data               usart.o
    0x20000094   COMPRESSED   0x00000001   Data   RW         3832    .data               usart.o
    0x20000095   COMPRESSED   0x00000001   Data   RW         3833    .data               usart.o
    0x20000096   COMPRESSED   0x0000000c   Data   RW         3913    .data               fan_pro.o
    0x200000a2   COMPRESSED   0x00000002   PAD
    0x200000a4   COMPRESSED   0x00000008   Data   RW         3942    .data               menu.o
    0x200000ac   COMPRESSED   0x00000003   Data   RW         3993    .data               ad7689.o
    0x200000af   COMPRESSED   0x00000001   PAD
    0x200000b0   COMPRESSED   0x00000080   Data   RW         4116    .data               scpi-def.o
    0x20000130   COMPRESSED   0x00000014   Data   RW         4117    .data               scpi-def.o
    0x20000144   COMPRESSED   0x00000004   Data   RW         6032    .data               mc_w.l(errno.o)
    0x20000148        -       0x00000190   Zero   RW         3380    .bss                adc.o
    0x200002d8        -       0x000001d0   Zero   RW         3740    .bss                modbus.o
    0x200004a8        -       0x000000c8   Zero   RW         3828    .bss                usart.o
    0x20000570        -       0x00000190   Zero   RW         3829    .bss                usart.o
    0x20000700        -       0x000000c8   Zero   RW         3830    .bss                usart.o
    0x200007c8        -       0x000001c8   Zero   RW         3991    .bss                ad7689.o
    0x20000990        -       0x00000100   Zero   RW         4109    .bss                scpi-def.o
    0x20000a90        -       0x00000022   Zero   RW         4110    .bss                scpi-def.o
    0x20000ab2   COMPRESSED   0x00000002   PAD
    0x20000ab4        -       0x00000098   Zero   RW         4111    .bss                scpi-def.o
    0x20000b4c   COMPRESSED   0x00000004   PAD
    0x20000b50        -       0x00000800   Zero   RW           17    STACK               startup_stm32f10x_hd.o


==============================================================================

Image component sizes


      Code (inc. data)   RO Data    RW Data    ZI Data      Debug   Object Name

       698         40          0          3        456       3970   ad7689.o
       528         22          0         10        400       2597   adc.o
       188          4          0          1          0       1170   at24c01.o
        88         14          0          4          0      16182   bsp_systick.o
       108          6          0          1          0        663   clock.o
         0          0          0          0          0       4588   core_cm3.o
       220          8          0          0          0       1025   dac.o
       846        330         54          0          0       6371   error.o
       400          6          0          0          0      10548   expression.o
       532         36          0         12          0       1618   fan_pro.o
       246          0          0          0          0      10211   fifo.o
      7060         32          0          0          0       4503   flash.o
       156         22          0          0          0        488   gpio.o
       676         16          0          0          0      11252   ieee488.o
       554         32          0          0          0       4484   iic_24c01.o
        34          0          0          0          0        420   iwdg.o
      1998          0          0          0          0      20286   lexer.o
       296         76          0         12          0     222789   main.o
      1364        104          0          8          0       4099   menu.o
       176         10          0          0          0       4089   minimal.o
       120         16          0          0          0     275283   misc.o
     11692        228          0         56        464      21270   modbus.o
      3116        158         36          0          0      37588   parser.o
      3276        572       2683        148        442      40036   scpi-def.o
        36          8        304          0       2048        784   startup_stm32f10x_hd.o
       364         22          0          0          0       7574   stm32f10x_adc.o
       348         18          0          0          0       4465   stm32f10x_dma.o
        44         12          0          0          0        989   stm32f10x_flash.o
       474         34          0          0          0       5250   stm32f10x_gpio.o
      1186        124          0         12          0       7170   stm32f10x_it.o
        68         30          0          0          0       2262   stm32f10x_iwdg.o
       596        106          0         20          0      11382   stm32f10x_rcc.o
        98          0          0          0          0       3598   stm32f10x_spi.o
       198         42          0          0          0       3555   stm32f10x_tim.o
       350          6          0          0          0       6937   stm32f10x_usart.o
       248         24          0         20          0       1665   system_stm32f10x.o
        92          4          0          0          0        942   tim6.o
       564         26        692          0          0       4136   units.o
       916        100          0         10        800       6516   usart.o
      1398         56          0          0          0      21194   utils.o

    ----------------------------------------------------------------------
     41400       2344       3812        324       4616     793949   Object Totals
         0          0         32          0          0          0   (incl. Generated)
        48          0         11          7          6          0   (incl. Padding)

    ----------------------------------------------------------------------

      Code (inc. data)   RO Data    RW Data    ZI Data      Debug   Library Member Name

        88          8          0          0          0         76   frexp.o
       204          4          0          0          0        168   narrow.o
        28          0          0          0          0         80   strtod.o
        20          0          0          0          0         76   strtof.o
        86          0          0          0          0          0   __dczerorl2.o
       144          0          0          0          0         88   __strtoll.o
       124          0          0          0          0         92   __strtoull.o
        28          0          0          0          0         68   _chval.o
        64          0          0          0          0         84   _sgetc.o
       158          0          0          0          0         92   _strtoul.o
       194          0          0          0          0         96   _strtoull.o
         8          4        133          0          0         68   ctype_o.o
         0          0          0          0          0          0   entry.o
         0          0          0          0          0          0   entry10a.o
         0          0          0          0          0          0   entry11a.o
         8          4          0          0          0          0   entry2.o
         4          0          0          0          0          0   entry5.o
         0          0          0          0          0          0   entry7b.o
         0          0          0          0          0          0   entry8b.o
         8          4          0          0          0          0   entry9a.o
        20         10          0          4          0        136   errno.o
        30          0          0          0          0          0   handlers.o
        36          8          0          0          0         68   init.o
        18          0          0          0          0         76   isspace_o.o
         0          0          0          0          0          0   iusefp.o
        30          0          0          0          0         68   llshl.o
        36          0          0          0          0         68   llsshr.o
        32          0          0          0          0         68   llushr.o
        64          0          0          0          0         76   memmovea.o
        36          0          0          0          0        108   memseta.o
      2296         84          0          0          0        520   printfa.o
       878         12          0          0          0        216   scanf_fp.o
        14          0          0          0          0         68   strlen.o
        50          0          0          0          0         84   strncasecmp.o
        40          0          0          0          0         76   strncat.o
        24          0          0          0          0         76   strncpy.o
       156         12          0          0          0        120   strtod.o
        26          0          0          0          0         80   strtof.o
       112          0          0          0          0         88   strtol.o
         4          0          0          0          0         68   strtoll.o
       114          0          0          0          0         92   strtoul.o
         4          0          0          0          0         68   strtoull.o
        12          0          0          0          0         68   tolower.o
        44          0          0          0          0         80   uidiv.o
        98          0          0          0          0         92   uldiv.o
        48          0          0          0          0         68   cdcmple.o
        48          0          0          0          0         68   cdrcmple.o
        20          0          0          0          0         68   cfrcmple.o
        56          0          0          0          0         88   d2f.o
       334          0          0          0          0        148   dadd.o
       222          0          0          0          0        100   ddiv.o
       186          0          0          0          0        176   depilogue.o
        48          0          0          0          0         68   dfixul.o
        24          0          0          0          0         76   dfltul.o
       228          0          0          0          0         96   dmul.o
        46          0          0          0          0         80   dscalb.o
        38          0          0          0          0         68   f2d.o
       176          0          0          0          0        140   fadd.o
       124          0          0          0          0         88   fdiv.o
       110          0          0          0          0        168   fepilogue.o
        40          0          0          0          0         68   ffixui.o
        10          0          0          0          0         68   ffltui.o
       100          0          0          0          0         76   fmul.o
         4          0          0          0          0         68   fpstat.o

    ----------------------------------------------------------------------
      7208        150        136          4          0       5232   Library Totals
         6          0          3          0          0          0   (incl. Padding)

    ----------------------------------------------------------------------

      Code (inc. data)   RO Data    RW Data    ZI Data      Debug   Library Name

       340         12          0          0          0        400   m_ws.l
      5000        138        133          4          0       3052   mc_w.l
      1862          0          0          0          0       1780   mf_w.l

    ----------------------------------------------------------------------
      7208        150        136          4          0       5232   Library Totals

    ----------------------------------------------------------------------

==============================================================================


      Code (inc. data)   RO Data    RW Data    ZI Data      Debug   

     48608       2494       3948        328       4616     779029   Grand Totals
     48608       2494       3948        100       4616     779029   ELF Image Totals (compressed)
     48608       2494       3948        100          0          0   ROM Totals

==============================================================================

    Total RO  Size (Code + RO Data)                52556 (  51.32kB)
    Total RW  Size (RW Data + ZI Data)              4944 (   4.83kB)
    Total ROM Size (Code + RO Data + RW Data)      52656 (  51.42kB)

==============================================================================

