Component: ARM Compiler 5.06 update 6 (build 750) Tool: armlink [4d35ed]

==============================================================================

Section Cross References

    startup_stm32f10x_hd.o(STACK) refers (Special) to heapauxi.o(.text) for __use_two_region_memory
    startup_stm32f10x_hd.o(HEAP) refers (Special) to heapauxi.o(.text) for __use_two_region_memory
    startup_stm32f10x_hd.o(RESET) refers (Special) to heapauxi.o(.text) for __use_two_region_memory
    startup_stm32f10x_hd.o(RESET) refers to startup_stm32f10x_hd.o(STACK) for __initial_sp
    startup_stm32f10x_hd.o(RESET) refers to startup_stm32f10x_hd.o(.text) for Reset_Handler
    startup_stm32f10x_hd.o(RESET) refers to stm32f10x_it.o(i.NMI_Handler) for NMI_Handler
    startup_stm32f10x_hd.o(RESET) refers to stm32f10x_it.o(i.HardFault_Handler) for HardFault_Handler
    startup_stm32f10x_hd.o(RESET) refers to stm32f10x_it.o(i.MemManage_Handler) for MemManage_Handler
    startup_stm32f10x_hd.o(RESET) refers to stm32f10x_it.o(i.BusFault_Handler) for BusFault_Handler
    startup_stm32f10x_hd.o(RESET) refers to stm32f10x_it.o(i.UsageFault_Handler) for UsageFault_Handler
    startup_stm32f10x_hd.o(RESET) refers to stm32f10x_it.o(i.SVC_Handler) for SVC_Handler
    startup_stm32f10x_hd.o(RESET) refers to stm32f10x_it.o(i.DebugMon_Handler) for DebugMon_Handler
    startup_stm32f10x_hd.o(RESET) refers to stm32f10x_it.o(i.SysTick_Handler) for SysTick_Handler
    startup_stm32f10x_hd.o(RESET) refers to stm32f10x_it.o(i.DMA1_Channel1_IRQHandler) for DMA1_Channel1_IRQHandler
    startup_stm32f10x_hd.o(RESET) refers to stm32f10x_it.o(i.DMA1_Channel2_IRQHandler) for DMA1_Channel2_IRQHandler
    startup_stm32f10x_hd.o(RESET) refers to stm32f10x_it.o(i.TIM4_IRQHandler) for TIM4_IRQHandler
    startup_stm32f10x_hd.o(RESET) refers to stm32f10x_it.o(i.USART1_IRQHandler) for USART1_IRQHandler
    startup_stm32f10x_hd.o(RESET) refers to stm32f10x_it.o(i.USART2_IRQHandler) for USART2_IRQHandler
    startup_stm32f10x_hd.o(RESET) refers to stm32f10x_it.o(i.USART3_IRQHandler) for USART3_IRQHandler
    startup_stm32f10x_hd.o(.text) refers (Special) to heapauxi.o(.text) for __use_two_region_memory
    startup_stm32f10x_hd.o(.text) refers to system_stm32f10x.o(i.SystemInit) for SystemInit
    startup_stm32f10x_hd.o(.text) refers to __main.o(!!!main) for __main
    startup_stm32f10x_hd.o(.text) refers to startup_stm32f10x_hd.o(HEAP) for Heap_Mem
    startup_stm32f10x_hd.o(.text) refers to startup_stm32f10x_hd.o(STACK) for Stack_Mem
    stm32f10x_adc.o(i.ADC_DeInit) refers to stm32f10x_rcc.o(i.RCC_APB2PeriphResetCmd) for RCC_APB2PeriphResetCmd
    stm32f10x_bkp.o(i.BKP_DeInit) refers to stm32f10x_rcc.o(i.RCC_BackupResetCmd) for RCC_BackupResetCmd
    stm32f10x_can.o(i.CAN_DeInit) refers to stm32f10x_rcc.o(i.RCC_APB1PeriphResetCmd) for RCC_APB1PeriphResetCmd
    stm32f10x_can.o(i.CAN_GetITStatus) refers to stm32f10x_can.o(i.CheckITStatus) for CheckITStatus
    stm32f10x_cec.o(i.CEC_DeInit) refers to stm32f10x_rcc.o(i.RCC_APB1PeriphResetCmd) for RCC_APB1PeriphResetCmd
    stm32f10x_dac.o(i.DAC_DeInit) refers to stm32f10x_rcc.o(i.RCC_APB1PeriphResetCmd) for RCC_APB1PeriphResetCmd
    stm32f10x_flash.o(i.FLASH_EnableWriteProtection) refers to stm32f10x_flash.o(i.FLASH_WaitForLastOperation) for FLASH_WaitForLastOperation
    stm32f10x_flash.o(i.FLASH_EraseAllBank1Pages) refers to stm32f10x_flash.o(i.FLASH_WaitForLastBank1Operation) for FLASH_WaitForLastBank1Operation
    stm32f10x_flash.o(i.FLASH_EraseAllPages) refers to stm32f10x_flash.o(i.FLASH_WaitForLastOperation) for FLASH_WaitForLastOperation
    stm32f10x_flash.o(i.FLASH_EraseOptionBytes) refers to stm32f10x_flash.o(i.FLASH_GetReadOutProtectionStatus) for FLASH_GetReadOutProtectionStatus
    stm32f10x_flash.o(i.FLASH_EraseOptionBytes) refers to stm32f10x_flash.o(i.FLASH_WaitForLastOperation) for FLASH_WaitForLastOperation
    stm32f10x_flash.o(i.FLASH_ErasePage) refers to stm32f10x_flash.o(i.FLASH_WaitForLastOperation) for FLASH_WaitForLastOperation
    stm32f10x_flash.o(i.FLASH_ProgramHalfWord) refers to stm32f10x_flash.o(i.FLASH_WaitForLastOperation) for FLASH_WaitForLastOperation
    stm32f10x_flash.o(i.FLASH_ProgramOptionByteData) refers to stm32f10x_flash.o(i.FLASH_WaitForLastOperation) for FLASH_WaitForLastOperation
    stm32f10x_flash.o(i.FLASH_ProgramWord) refers to stm32f10x_flash.o(i.FLASH_WaitForLastOperation) for FLASH_WaitForLastOperation
    stm32f10x_flash.o(i.FLASH_ReadOutProtection) refers to stm32f10x_flash.o(i.FLASH_WaitForLastOperation) for FLASH_WaitForLastOperation
    stm32f10x_flash.o(i.FLASH_UserOptionByteConfig) refers to stm32f10x_flash.o(i.FLASH_WaitForLastOperation) for FLASH_WaitForLastOperation
    stm32f10x_flash.o(i.FLASH_WaitForLastBank1Operation) refers to stm32f10x_flash.o(i.FLASH_GetBank1Status) for FLASH_GetBank1Status
    stm32f10x_flash.o(i.FLASH_WaitForLastOperation) refers to stm32f10x_flash.o(i.FLASH_GetBank1Status) for FLASH_GetBank1Status
[...]
    .ARM.Collect$$libinit$$00000015          0x080001a6   Section        0  libinit2.o(.ARM.Collect$$libinit$$00000015)
    .ARM.Collect$$libinit$$00000017          0x080001a6   Section        0  libinit2.o(.ARM.Collect$$libinit$$00000017)
    .ARM.Collect$$libinit$$00000019          0x080001a6   Section        0  libinit2.o(.ARM.Collect$$libinit$$00000019)
    .ARM.Collect$$libinit$$0000001B          0x080001a6   Section        0  libinit2.o(.ARM.Collect$$libinit$$0000001B)
    .ARM.Collect$$libinit$$0000001D          0x080001a6   Section        0  libinit2.o(.ARM.Collect$$libinit$$0000001D)
    .ARM.Collect$$libinit$$0000001F          0x080001a6   Section        0  libinit2.o(.ARM.Collect$$libinit$$0000001F)
    .ARM.Collect$$libinit$$00000021          0x080001a6   Section        0  libinit2.o(.ARM.Collect$$libinit$$00000021)
    .ARM.Collect$$libinit$$00000023          0x080001a6   Section        0  libinit2.o(.ARM.Collect$$libinit$$00000023)
    .ARM.Collect$$libinit$$00000025          0x080001a6   Section        0  libinit2.o(.ARM.Collect$$libinit$$00000025)
    .ARM.Collect$$libinit$$0000002C          0x080001a6   Section        0  libinit2.o(.ARM.Collect$$libinit$$0000002C)
    .ARM.Collect$$libinit$$0000002E          0x080001a6   Section        0  libinit2.o(.ARM.Collect$$libinit$$0000002E)
    .ARM.Collect$$libinit$$00000030          0x080001a6   Section        0  libinit2.o(.ARM.Collect$$libinit$$00000030)
    .ARM.Collect$$libinit$$00000032          0x080001a6   Section        0  libinit2.o(.ARM.Collect$$libinit$$00000032)
    .ARM.Collect$$libinit$$00000033          0x080001a6   Section        2  libinit2.o(.ARM.Collect$$libinit$$00000033)
    .ARM.Collect$$libshutdown$$00000000      0x080001a8   Section        2  libshutdown.o(.ARM.Collect$$libshutdown$$00000000)
    .ARM.Collect$$libshutdown$$00000002      0x080001aa   Section        0  libshutdown2.o(.ARM.Collect$$libshutdown$$00000002)
    .ARM.Collect$$libshutdown$$00000004      0x080001aa   Section        0  libshutdown2.o(.ARM.Collect$$libshutdown$$00000004)
    .ARM.Collect$$libshutdown$$00000007      0x080001aa   Section        0  libshutdown2.o(.ARM.Collect$$libshutdown$$00000007)
    .ARM.Collect$$libshutdown$$0000000A      0x080001aa   Section        0  libshutdown2.o(.ARM.Collect$$libshutdown$$0000000A)
    .ARM.Collect$$libshutdown$$0000000C      0x080001aa   Section        0  libshutdown2.o(.ARM.Collect$$libshutdown$$0000000C)
    .ARM.Collect$$libshutdown$$0000000F      0x080001aa   Section        0  libshutdown2.o(.ARM.Collect$$libshutdown$$0000000F)
    .ARM.Collect$$libshutdown$$00000010      0x080001aa   Section        2  libshutdown2.o(.ARM.Collect$$libshutdown$$00000010)
    .ARM.Collect$$rtentry$$00000000          0x080001ac   Section        0  __rtentry.o(.ARM.Collect$$rtentry$$00000000)
    .ARM.Collect$$rtentry$$00000002          0x080001ac   Section        0  __rtentry2.o(.ARM.Collect$$rtentry$$00000002)
    .ARM.Collect$$rtentry$$00000004          0x080001ac   Section        6  __rtentry4.o(.ARM.Collect$$rtentry$$00000004)
    .ARM.Collect$$rtentry$$00000009          0x080001b2   Section        0  __rtentry2.o(.ARM.Collect$$rtentry$$00000009)
    .ARM.Collect$$rtentry$$0000000A          0x080001b2   Section        4  __rtentry2.o(.ARM.Collect$$rtentry$$0000000A)
    .ARM.Collect$$rtentry$$0000000C          0x080001b6   Section        0  __rtentry2.o(.ARM.Collect$$rtentry$$0000000C)
    .ARM.Collect$$rtentry$$0000000D          0x080001b6   Section        8  __rtentry2.o(.ARM.Collect$$rtentry$$0000000D)
    .ARM.Collect$$rtexit$$00000000           0x080001be   Section        2  rtexit.o(.ARM.Collect$$rtexit$$00000000)
    .ARM.Collect$$rtexit$$00000002           0x080001c0   Section        0  rtexit2.o(.ARM.Collect$$rtexit$$00000002)
    .ARM.Collect$$rtexit$$00000003           0x080001c0   Section        4  rtexit2.o(.ARM.Collect$$rtexit$$00000003)
    .ARM.Collect$$rtexit$$00000004           0x080001c4   Section        6  rtexit2.o(.ARM.Collect$$rtexit$$00000004)
    .text                                    0x080001cc   Section       64  startup_stm32f10x_hd.o(.text)
    .text                                    0x0800020c   Section        2  use_no_semi_2.o(.text)
    .text                                    0x0800020e   Section       68  rt_memclr.o(.text)
    .text                                    0x08000252   Section        0  heapauxi.o(.text)
    .text                                    0x08000258   Section        2  use_no_semi.o(.text)
    .text                                    0x0800025a   Section       78  rt_memclr_w.o(.text)
    .text                                    0x080002a8   Section        8  libspace.o(.text)
    .text                                    0x080002b0   Section       74  sys_stackheap_outer.o(.text)
    .text                                    0x080002fa   Section        0  exit.o(.text)
    i.AD5541_GPIOCoing                       0x0800030c   Section        0  dac.o(i.AD5541_GPIOCoing)
    i.AD5541_Send                            0x08000330   Section        0  dac.o(i.AD5541_Send)
    i.AD7689_Delay                           0x080003e8   Section        0  ad7689.o(i.AD7689_Delay)
    i.AD7689_InitializeSPI2                  0x08000404   Section        0  ad7689.o(i.AD7689_InitializeSPI2)
    i.AD7689_Scan_CH                         0x080004c8   Section        0  ad7689.o(i.AD7689_Scan_CH)
    i.AD7689_TransferByte                    0x080005e8   Section        0  ad7689.o(i.AD7689_TransferByte)
    i.ADC1_DMA_Init                          0x08000624   Section        0  adc.o(i.ADC1_DMA_Init)
    i.ADC_CH_Scan                            0x08000748   Section        0  adc.o(i.ADC_CH_Scan)
    i.ADC_Cmd                                0x0800080c   Section        0  stm32f10x_adc.o(i.ADC_Cmd)
    i.ADC_DMACmd                             0x08000824   Section        0  stm32f10x_adc.o(i.ADC_DMACmd)
    i.ADC_DeInit                             0x0800083c   Section        0  stm32f10x_adc.o(i.ADC_DeInit)
    i.ADC_GetCalibrationStatus               0x080008a0   Section        0  stm32f10x_adc.o(i.ADC_GetCalibrationStatus)
    i.ADC_GetResetCalibrationStatus          0x080008ae   Section        0  stm32f10x_adc.o(i.ADC_GetResetCalibrationStatus)
    i.ADC_Init                               0x080008bc   Section        0  stm32f10x_adc.o(i.ADC_Init)
    i.ADC_RegularChannelConfig               0x08000904   Section        0  stm32f10x_adc.o(i.ADC_RegularChannelConfig)
    i.ADC_ResetCalibration                   0x08000978   Section        0  stm32f10x_adc.o(i.ADC_ResetCalibration)
    i.ADC_SoftwareStartConvCmd               0x08000982   Section        0  stm32f10x_adc.o(i.ADC_SoftwareStartConvCmd)
    i.ADC_StartCalibration                   0x0800099a   Section        0  stm32f10x_adc.o(i.ADC_StartCalibration)
    i.All_protect                            0x080009a4   Section        0  fan_pro.o(i.All_protect)
    i.Baud_SET                               0x08000b9c   Section        0  usart.o(i.Baud_SET)
    i.BusFault_Handler                       0x08000bf4   Section        0  stm32f10x_it.o(i.BusFault_Handler)
    i.Cont_coeff_LEDMODE                     0x08000bf8   Section        0  menu.o(i.Cont_coeff_LEDMODE)
    i.DAM1_ADC_NVIC                          0x08000cc8   Section        0  adc.o(i.DAM1_ADC_NVIC)
    i.DMA1_Channel1_IRQHandler               0x08000ce8   Section        0  stm32f10x_it.o(i.DMA1_Channel1_IRQHandler)
    i.DMA1_Channel2_IRQHandler               0x08000cfc   Section        0  stm32f10x_it.o(i.DMA1_Channel2_IRQHandler)
    i.DMA_ClearITPendingBit                  0x08000d14   Section        0  stm32f10x_dma.o(i.DMA_ClearITPendingBit)
    i.DMA_Cmd                                0x08000d2c   Section        0  stm32f10x_dma.o(i.DMA_Cmd)
    i.DMA_DeInit                             0x08000d48   Section        0  stm32f10x_dma.o(i.DMA_DeInit)
    i.DMA_ITConfig                           0x08000e40   Section        0  stm32f10x_dma.o(i.DMA_ITConfig)
    i.DMA_Init                               0x08000e54   Section        0  stm32f10x_dma.o(i.DMA_Init)
    i.DebugMon_Handler                       0x08000e8e   Section        0  stm32f10x_it.o(i.DebugMon_Handler)
    i.EEPROM_READ_Byte                       0x08000e90   Section        0  at24c01.o(i.EEPROM_READ_Byte)
    i.EEPROM_READ_Coeff                      0x08000ee0   Section        0  flash.o(i.EEPROM_READ_Coeff)
    i.EEPROM_WriteByte                       0x08001c4a   Section        0  at24c01.o(i.EEPROM_WriteByte)
    i.FLASH_PrefetchBufferCmd                0x08001cb4   Section        0  stm32f10x_flash.o(i.FLASH_PrefetchBufferCmd)
    i.FLASH_SetLatency                       0x08001ccc   Section        0  stm32f10x_flash.o(i.FLASH_SetLatency)
    i.Flash_Write_all                        0x08001ce0   Section        0  flash.o(i.Flash_Write_all)
    i.GPIO_AFIODeInit                        0x08002988   Section        0  stm32f10x_gpio.o(i.GPIO_AFIODeInit)
    i.GPIO_Conf                              0x080029a0   Section        0  gpio.o(i.GPIO_Conf)
    i.GPIO_DeInit                            0x08002a3c   Section        0  stm32f10x_gpio.o(i.GPIO_DeInit)
    i.GPIO_Init                              0x08002b14   Section        0  stm32f10x_gpio.o(i.GPIO_Init)
    i.GPIO_PinRemapConfig                    0x08002bbc   Section        0  stm32f10x_gpio.o(i.GPIO_PinRemapConfig)
    i.GPIO_ReadInputDataBit                  0x08002c18   Section        0  stm32f10x_gpio.o(i.GPIO_ReadInputDataBit)
    i.GPIO_ResetBits                         0x08002c26   Section        0  stm32f10x_gpio.o(i.GPIO_ResetBits)
    i.GPIO_SetBits                           0x08002c2a   Section        0  stm32f10x_gpio.o(i.GPIO_SetBits)
    i.HardFault_Handler                      0x08002c2e   Section        0  stm32f10x_it.o(i.HardFault_Handler)
    i.Hardware_CRC                           0x08002c30   Section        0  modbus.o(i.Hardware_CRC)
    i.IWDG_Enable                            0x08002ca4   Section        0  stm32f10x_iwdg.o(i.IWDG_Enable)
    i.IWDG_Inte                              0x08002cb4   Section        0  iwdg.o(i.IWDG_Inte)
    i.IWDG_ReloadCounter                     0x08002cd8   Section        0  stm32f10x_iwdg.o(i.IWDG_ReloadCounter)
    i.IWDG_SetPrescaler                      0x08002ce8   Section        0  stm32f10x_iwdg.o(i.IWDG_SetPrescaler)
    i.IWDG_SetReload                         0x08002cf4   Section        0  stm32f10x_iwdg.o(i.IWDG_SetReload)
    i.IWDG_WriteAccessCmd                    0x08002d00   Section        0  stm32f10x_iwdg.o(i.IWDG_WriteAccessCmd)
    i.I_SW_COTNR                             0x08002d0c   Section        0  menu.o(i.I_SW_COTNR)
    i.MemManage_Handler                      0x08002dd8   Section        0  stm32f10x_it.o(i.MemManage_Handler)
    i.NMI_Handler                            0x08002dda   Section        0  stm32f10x_it.o(i.NMI_Handler)
    i.NVIC_Init                              0x08002ddc   Section        0  misc.o(i.NVIC_Init)
    i.NVIC_PriorityGroupConfig               0x08002e40   Section        0  misc.o(i.NVIC_PriorityGroupConfig)
    i.RCC_ADCCLKConfig                       0x08002e54   Section        0  stm32f10x_rcc.o(i.RCC_ADCCLKConfig)
    i.RCC_AHBPeriphClockCmd                  0x08002e68   Section        0  stm32f10x_rcc.o(i.RCC_AHBPeriphClockCmd)
    i.RCC_APB1PeriphClockCmd                 0x08002e84   Section        0  stm32f10x_rcc.o(i.RCC_APB1PeriphClockCmd)
    i.RCC_APB2PeriphClockCmd                 0x08002ea0   Section        0  stm32f10x_rcc.o(i.RCC_APB2PeriphClockCmd)
    i.RCC_APB2PeriphResetCmd                 0x08002ebc   Section        0  stm32f10x_rcc.o(i.RCC_APB2PeriphResetCmd)
    i.RCC_Configuration                      0x08002ed8   Section        0  clock.o(i.RCC_Configuration)
    i.RCC_DeInit                             0x08002f44   Section        0  stm32f10x_rcc.o(i.RCC_DeInit)
    i.RCC_GetClocksFreq                      0x08002f84   Section        0  stm32f10x_rcc.o(i.RCC_GetClocksFreq)
    i.RCC_GetFlagStatus                      0x08003030   Section        0  stm32f10x_rcc.o(i.RCC_GetFlagStatus)
    i.RCC_GetSYSCLKSource                    0x08003060   Section        0  stm32f10x_rcc.o(i.RCC_GetSYSCLKSource)
    i.RCC_HCLKConfig                         0x08003070   Section        0  stm32f10x_rcc.o(i.RCC_HCLKConfig)
    i.RCC_HSEConfig                          0x08003084   Section        0  stm32f10x_rcc.o(i.RCC_HSEConfig)
    i.RCC_PCLK1Config                        0x080030bc   Section        0  stm32f10x_rcc.o(i.RCC_PCLK1Config)
    i.RCC_PCLK2Config                        0x080030d0   Section        0  stm32f10x_rcc.o(i.RCC_PCLK2Config)
    i.RCC_PLLCmd                             0x080030e4   Section        0  stm32f10x_rcc.o(i.RCC_PLLCmd)
    i.RCC_PLLConfig                          0x080030f0   Section        0  stm32f10x_rcc.o(i.RCC_PLLConfig)
    i.RCC_SYSCLKConfig                       0x08003104   Section        0  stm32f10x_rcc.o(i.RCC_SYSCLKConfig)
    i.RCC_WaitForHSEStartUp                  0x08003118   Section        0  stm32f10x_rcc.o(i.RCC_WaitForHSEStartUp)
    i.SPI_AD7689_Read                        0x08003148   Section        0  ad7689.o(i.SPI_AD7689_Read)
    i.SPI_Cmd                                0x080031a8   Section        0  stm32f10x_spi.o(i.SPI_Cmd)
    i.SPI_I2S_GetFlagStatus                  0x080031c0   Section        0  stm32f10x_spi.o(i.SPI_I2S_GetFlagStatus)
    i.SPI_I2S_ReceiveData                    0x080031ce   Section        0  stm32f10x_spi.o(i.SPI_I2S_ReceiveData)
    i.SPI_I2S_SendData                       0x080031d2   Section        0  stm32f10x_spi.o(i.SPI_I2S_SendData)
    i.SPI_Init                               0x080031d6   Section        0  stm32f10x_spi.o(i.SPI_Init)
    i.SVC_Handler                            0x0800320e   Section        0  stm32f10x_it.o(i.SVC_Handler)
    i.Sence_SW_CONT                          0x08003210   Section        0  menu.o(i.Sence_SW_CONT)
    i.SetSysClock                            0x08003230   Section        0  system_stm32f10x.o(i.SetSysClock)
    SetSysClock                              0x08003231   Thumb Code     4  system_stm32f10x.o(i.SetSysClock)
    i.SetSysClockTo72                        0x08003234   Section        0  system_stm32f10x.o(i.SetSysClockTo72)
    SetSysClockTo72                          0x08003235   Thumb Code   166  system_stm32f10x.o(i.SetSysClockTo72)
    i.SysTick_Handler                        0x080032e4   Section        0  stm32f10x_it.o(i.SysTick_Handler)
    i.SysTick_Init                           0x0800331c   Section        0  bsp_systick.o(i.SysTick_Init)
    i.SystemInit                             0x08003364   Section        0  system_stm32f10x.o(i.SystemInit)
    i.TIM4_IRQHandler                        0x080033b4   Section        0  stm32f10x_it.o(i.TIM4_IRQHandler)
    i.TIM6_Config                            0x0800346c   Section        0  tim6.o(i.TIM6_Config)
    i.TIM6_NVIC_Config                       0x080034b4   Section        0  tim6.o(i.TIM6_NVIC_Config)
    TIM6_NVIC_Config                         0x080034b5   Thumb Code    30  tim6.o(i.TIM6_NVIC_Config)
    i.TIM_ClearITPendingBit                  0x080034d2   Section        0  stm32f10x_tim.o(i.TIM_ClearITPendingBit)
    i.TIM_Cmd                                0x080034d8   Section        0  stm32f10x_tim.o(i.TIM_Cmd)
    i.TIM_ITConfig                           0x080034f0   Section        0  stm32f10x_tim.o(i.TIM_ITConfig)
    i.TIM_TimeBaseInit                       0x08003504   Section        0  stm32f10x_tim.o(i.TIM_TimeBaseInit)
    i.Temp_Comapre                           0x080035a0   Section        0  fan_pro.o(i.Temp_Comapre)
    i.TimingDelay_Decrement                  0x080035f0   Section        0  bsp_systick.o(i.TimingDelay_Decrement)
    i.Transformation_ADC                     0x08003604   Section        0  modbus.o(i.Transformation_ADC)
    i.UART1_Action                           0x080050c8   Section        0  modbus.o(i.UART1_Action)
    i.UART1_Send                             0x080054b8   Section        0  usart.o(i.UART1_Send)
    i.UART2_Send                             0x08005510   Section        0  usart.o(i.UART2_Send)
    i.UART3_Action                           0x08005568   Section        0  modbus.o(i.UART3_Action)
    i.UART3_Send                             0x08005958   Section        0  usart.o(i.UART3_Send)
    i.UART_Action                            0x080059b0   Section        0  modbus.o(i.UART_Action)
    i.USART1_IRQHandler                      0x08006fc8   Section        0  stm32f10x_it.o(i.USART1_IRQHandler)
    i.USART1_NVIC_Config                     0x08007160   Section        0  usart.o(i.USART1_NVIC_Config)
    USART1_NVIC_Config                       0x08007161   Thumb Code    92  usart.o(i.USART1_NVIC_Config)
    i.USART2_Configuration                   0x080071bc   Section        0  usart.o(i.USART2_Configuration)
    i.USART2_IRQHandler                      0x08007250   Section        0  stm32f10x_it.o(i.USART2_IRQHandler)
    i.USART3_Configuration                   0x080073d8   Section        0  usart.o(i.USART3_Configuration)
    i.USART3_IRQHandler                      0x08007470   Section        0  stm32f10x_it.o(i.USART3_IRQHandler)
    i.USART_ClearFlag                        0x080075ec   Section        0  stm32f10x_usart.o(i.USART_ClearFlag)
    i.USART_ClearITPendingBit                0x080075f4   Section        0  stm32f10x_usart.o(i.USART_ClearITPendingBit)
    i.USART_Cmd                              0x08007604   Section        0  stm32f10x_usart.o(i.USART_Cmd)
    i.USART_Configuration                    0x0800761c   Section        0  usart.o(i.USART_Configuration)
    i.USART_GetFlagStatus                    0x080076c4   Section        0  stm32f10x_usart.o(i.USART_GetFlagStatus)
    i.USART_GetITStatus                      0x080076d2   Section        0  stm32f10x_usart.o(i.USART_GetITStatus)
    i.USART_ITConfig                         0x08007712   Section        0  stm32f10x_usart.o(i.USART_ITConfig)
    i.USART_Init                             0x08007748   Section        0  stm32f10x_usart.o(i.USART_Init)
    i.USART_ReceiveData                      0x08007804   Section        0  stm32f10x_usart.o(i.USART_ReceiveData)
    i.USART_SendData                         0x0800780c   Section        0  stm32f10x_usart.o(i.USART_SendData)
    i.UsageFault_Handler                     0x08007814   Section        0  stm32f10x_it.o(i.UsageFault_Handler)
    i.V_SW_COTNR                             0x08007818   Section        0  menu.o(i.V_SW_COTNR)
    i.Write_ADDR                             0x08007874   Section        0  flash.o(i.Write_ADDR)
    i._sys_exit                              0x080078bc   Section        0  usart.o(i._sys_exit)
    i.i2c_CfgGpio                            0x080078c0   Section        0  iic_24c01.o(i.i2c_CfgGpio)
    i.i2c_Delay                              0x08007908   Section        0  iic_24c01.o(i.i2c_Delay)
    i2c_Delay                                0x08007909   Thumb Code    26  iic_24c01.o(i.i2c_Delay)
    i.i2c_NAck                               0x08007924   Section        0  iic_24c01.o(i.i2c_NAck)
    i.i2c_ReadByte                           0x0800795c   Section        0  iic_24c01.o(i.i2c_ReadByte)
    i.i2c_SendByte                           0x080079bc   Section        0  iic_24c01.o(i.i2c_SendByte)
    i.i2c_Start                              0x08007a34   Section        0  iic_24c01.o(i.i2c_Start)
    i.i2c_Stop                               0x08007a74   Section        0  iic_24c01.o(i.i2c_Stop)
    i.i2c_WaitAck                            0x08007aa0   Section        0  iic_24c01.o(i.i2c_WaitAck)
    i.main                                   0x08007aec   Section        0  main.o(i.main)
    i.worke_mode                             0x08007b7c   Section        0  menu.o(i.worke_mode)
    x$fpl$fdiv                               0x0800804c   Section      388  fdiv.o(x$fpl$fdiv)
    _fdiv1                                   0x0800804d   Thumb Code     0  fdiv.o(x$fpl$fdiv)
    x$fpl$ffixu                              0x080081d0   Section       62  ffixu.o(x$fpl$ffixu)
    x$fpl$ffltu                              0x08008210   Section       38  fflt_clz.o(x$fpl$ffltu)
    x$fpl$fmul                               0x08008238   Section      258  fmul.o(x$fpl$fmul)
    x$fpl$fnaninf                            0x0800833a   Section      140  fnaninf.o(x$fpl$fnaninf)
    x$fpl$fretinf                            0x080083c6   Section       10  fretinf.o(x$fpl$fretinf)
    x$fpl$usenofp                            0x080083d0   Section        0  usenofp.o(x$fpl$usenofp)
    .data                                    0x20000000   Section       20  stm32f10x_rcc.o(.data)
    ADCPrescTable                            0x20000000   Data           4  stm32f10x_rcc.o(.data)
    APBAHBPrescTable                         0x20000004   Data          16  stm32f10x_rcc.o(.data)
    .data                                    0x20000014   Section        4  main.o(.data)
    .data                                    0x20000018   Section        4  main.o(.data)
    .data                                    0x2000001c   Section        4  main.o(.data)
    .data                                    0x20000020   Section        8  stm32f10x_it.o(.data)
    .data                                    0x20000028   Section       20  system_stm32f10x.o(.data)
    .data                                    0x2000003c   Section        6  adc.o(.data)
    a                                        0x2000003c   Data           1  adc.o(.data)
    b                                        0x2000003d   Data           1  adc.o(.data)
    .data                                    0x20000042   Section        2  adc.o(.data)
    .data                                    0x20000044   Section        2  adc.o(.data)
    .data                                    0x20000048   Section        4  bsp_systick.o(.data)
    TimingDelay                              0x20000048   Data           4  bsp_systick.o(.data)
    .data                                    0x2000004c   Section        1  at24c01.o(.data)
    date                                     0x2000004c   Data           1  at24c01.o(.data)
    .data                                    0x2000004d   Section        1  clock.o(.data)
    .data                                    0x20000050   Section       56  modbus.o(.data)
    .data                                    0x20000088   Section        8  usart.o(.data)
    .data                                    0x20000090   Section        1  usart.o(.data)
    .data                                    0x20000091   Section        1  usart.o(.data)
    .data                                    0x20000092   Section       12  fan_pro.o(.data)
    .data                                    0x200000a0   Section        8  menu.o(.data)
    LED_ON_V                                 0x200000a4   Data           4  menu.o(.data)
    .data                                    0x200000a8   Section        3  ad7689.o(.data)
    var_chI                                  0x200000a8   Data           1  ad7689.o(.data)
    I_cont                                   0x200000a9   Data           1  ad7689.o(.data)
    V_cont                                   0x200000aa   Data           1  ad7689.o(.data)
    .bss                                     0x200000ac   Section      400  adc.o(.bss)
    .bss                                     0x2000023c   Section      464  modbus.o(.bss)
    .bss                                     0x2000040c   Section      200  usart.o(.bss)
    .bss                                     0x200004d4   Section      400  usart.o(.bss)
    .bss                                     0x20000664   Section      200  usart.o(.bss)
    .bss                                     0x2000072c   Section      456  ad7689.o(.bss)
    .bss                                     0x200008f4   Section       96  libspace.o(.bss)
    HEAP                                     0x20000958   Section      512  startup_stm32f10x_hd.o(HEAP)
    Heap_Mem                                 0x20000958   Data         512  startup_stm32f10x_hd.o(HEAP)
    STACK                                    0x20000b58   Section     2048  startup_stm32f10x_hd.o(STACK)
    Stack_Mem                                0x20000b58   Data        2048  startup_stm32f10x_hd.o(STACK)
    __initial_sp                             0x20001358   Data           0  startup_stm32f10x_hd.o(STACK)

    Global Symbols

    Symbol Name                              Value     Ov Type        Size  Object(Section)

    BuildAttributes$$THM_ISAv4$P$D$K$B$S$PE$A:L22UL41UL21$X:L11$S22US41US21$IEEE1$IW$USESV6$~STKCKD$USESV7$~SHL$OTIME$ROPI$IEEEJ$EBA8$UX$STANDARDLIB$REQ8$PRES8$EABIv2 0x00000000   Number         0  anon$$obj.o ABSOLUTE
    __ARM_use_no_argv                        0x00000000   Number         0  main.o ABSOLUTE
    _printf_flags                            0x00000000   Number         0  printf_stubs.o ABSOLUTE
    _printf_return_value                     0x00000000   Number         0  printf_stubs.o ABSOLUTE
    _printf_sizespec                         0x00000000   Number         0  printf_stubs.o ABSOLUTE
    _printf_widthprec                        0x00000000   Number         0  printf_stubs.o ABSOLUTE
    __ARM_exceptions_init                     - Undefined Weak Reference
    __alloca_initialize                       - Undefined Weak Reference
    __arm_preinit_                            - Undefined Weak Reference
    __cpp_initialize__aeabi_                  - Undefined Weak Reference
    __cxa_finalize                            - Undefined Weak Reference
    __sigvec_lookup                           - Undefined Weak Reference
    _atexit_init                              - Undefined Weak Reference
    _call_atexit_fns                          - Undefined Weak Reference
    _clock_init                               - Undefined Weak Reference
    _fp_trap_init                             - Undefined Weak Reference
    _fp_trap_shutdown                         - Undefined Weak Reference
    _get_lc_collate                           - Undefined Weak Reference
    _get_lc_monetary                          - Undefined Weak Reference
    _get_lc_time                              - Undefined Weak Reference
    _getenv_init                              - Undefined Weak Reference
    _handle_redirection                       - Undefined Weak Reference
    _init_alloc                               - Undefined Weak Reference
    _init_user_alloc                          - Undefined Weak Reference
    _initio                                   - Undefined Weak Reference
    _mutex_acquire                            - Undefined Weak Reference
    _mutex_release                            - Undefined Weak Reference
    _printf_post_padding                      - Undefined Weak Reference
    _printf_pre_padding                       - Undefined Weak Reference
    _printf_truncate_signed                   - Undefined Weak Reference
    _printf_truncate_unsigned                 - Undefined Weak Reference
    _rand_init                                - Undefined Weak Reference
    _signal_finish                            - Undefined Weak Reference
    _signal_init                              - Undefined Weak Reference
    _terminate_alloc                          - Undefined Weak Reference
    _terminate_user_alloc                     - Undefined Weak Reference
    _terminateio                              - Undefined Weak Reference
    __Vectors_Size                           0x00000130   Number         0  startup_stm32f10x_hd.o ABSOLUTE
    __Vectors                                0x08000000   Data           4  startup_stm32f10x_hd.o(RESET)
    __Vectors_End                            0x08000130   Data           0  startup_stm32f10x_hd.o(RESET)
    __main                                   0x08000131   Thumb Code     8  __main.o(!!!main)
    __scatterload                            0x08000139   Thumb Code     0  __scatter.o(!!!scatter)
    __scatterload_rt2                        0x08000139   Thumb Code    44  __scatter.o(!!!scatter)
    __scatterload_rt2_thumb_only             0x08000139   Thumb Code     0  __scatter.o(!!!scatter)
    __scatterload_null                       0x08000147   Thumb Code     0  __scatter.o(!!!scatter)
    __scatterload_copy                       0x0800016d   Thumb Code    26  __scatter_copy.o(!!handler_copy)
    __scatterload_zeroinit                   0x08000189   Thumb Code    28  __scatter_zi.o(!!handler_zi)
    __rt_lib_init                            0x080001a5   Thumb Code     0  libinit.o(.ARM.Collect$$libinit$$00000000)
    __rt_lib_init_alloca_1                   0x080001a7   Thumb Code     0  libinit2.o(.ARM.Collect$$libinit$$0000002E)
    __rt_lib_init_argv_1                     0x080001a7   Thumb Code     0  libinit2.o(.ARM.Collect$$libinit$$0000002C)
    __rt_lib_init_atexit_1                   0x080001a7   Thumb Code     0  libinit2.o(.ARM.Collect$$libinit$$0000001B)
    __rt_lib_init_clock_1                    0x080001a7   Thumb Code     0  libinit2.o(.ARM.Collect$$libinit$$00000021)
    __rt_lib_init_cpp_1                      0x080001a7   Thumb Code     0  libinit2.o(.ARM.Collect$$libinit$$00000032)
    __rt_lib_init_exceptions_1               0x080001a7   Thumb Code     0  libinit2.o(.ARM.Collect$$libinit$$00000030)
    __rt_lib_init_fp_1                       0x080001a7   Thumb Code     0  libinit2.o(.ARM.Collect$$libinit$$00000002)
    __rt_lib_init_fp_trap_1                  0x080001a7   Thumb Code     0  libinit2.o(.ARM.Collect$$libinit$$0000001F)
    __rt_lib_init_getenv_1                   0x080001a7   Thumb Code     0  libinit2.o(.ARM.Collect$$libinit$$00000023)
    __rt_lib_init_heap_1                     0x080001a7   Thumb Code     0  libinit2.o(.ARM.Collect$$libinit$$0000000A)
    __rt_lib_init_lc_collate_1               0x080001a7   Thumb Code     0  libinit2.o(.ARM.Collect$$libinit$$00000011)
    __rt_lib_init_lc_ctype_1                 0x080001a7   Thumb Code     0  libinit2.o(.ARM.Collect$$libinit$$00000013)
    __rt_lib_init_lc_monetary_1              0x080001a7   Thumb Code     0  libinit2.o(.ARM.Collect$$libinit$$00000015)
    __rt_lib_init_lc_numeric_1               0x080001a7   Thumb Code     0  libinit2.o(.ARM.Collect$$libinit$$00000017)
    __rt_lib_init_lc_time_1                  0x080001a7   Thumb Code     0  libinit2.o(.ARM.Collect$$libinit$$00000019)
    __rt_lib_init_preinit_1                  0x080001a7   Thumb Code     0  libinit2.o(.ARM.Collect$$libinit$$00000004)
    __rt_lib_init_rand_1                     0x080001a7   Thumb Code     0  libinit2.o(.ARM.Collect$$libinit$$0000000E)
    __rt_lib_init_return                     0x080001a7   Thumb Code     0  libinit2.o(.ARM.Collect$$libinit$$00000033)
    __rt_lib_init_signal_1                   0x080001a7   Thumb Code     0  libinit2.o(.ARM.Collect$$libinit$$0000001D)
    __rt_lib_init_stdio_1                    0x080001a7   Thumb Code     0  libinit2.o(.ARM.Collect$$libinit$$00000025)
    __rt_lib_init_user_alloc_1               0x080001a7   Thumb Code     0  libinit2.o(.ARM.Collect$$libinit$$0000000C)
    __rt_lib_shutdown                        0x080001a9   Thumb Code     0  libshutdown.o(.ARM.Collect$$libshutdown$$00000000)
    __rt_lib_shutdown_cpp_1                  0x080001ab   Thumb Code     0  libshutdown2.o(.ARM.Collect$$libshutdown$$00000002)
    __rt_lib_shutdown_fp_trap_1              0x080001ab   Thumb Code     0  libshutdown2.o(.ARM.Collect$$libshutdown$$00000007)
    __rt_lib_shutdown_heap_1                 0x080001ab   Thumb Code     0  libshutdown2.o(.ARM.Collect$$libshutdown$$0000000F)
    __rt_lib_shutdown_return                 0x080001ab   Thumb Code     0  libshutdown2.o(.ARM.Collect$$libshutdown$$00000010)
    __rt_lib_shutdown_signal_1               0x080001ab   Thumb Code     0  libshutdown2.o(.ARM.Collect$$libshutdown$$0000000A)
    __rt_lib_shutdown_stdio_1                0x080001ab   Thumb Code     0  libshutdown2.o(.ARM.Collect$$libshutdown$$00000004)
    __rt_lib_shutdown_user_alloc_1           0x080001ab   Thumb Code     0  libshutdown2.o(.ARM.Collect$$libshutdown$$0000000C)
    __rt_entry                               0x080001ad   Thumb Code     0  __rtentry.o(.ARM.Collect$$rtentry$$00000000)
    __rt_entry_presh_1                       0x080001ad   Thumb Code     0  __rtentry2.o(.ARM.Collect$$rtentry$$00000002)
    __rt_entry_sh                            0x080001ad   Thumb Code     0  __rtentry4.o(.ARM.Collect$$rtentry$$00000004)
    __rt_entry_li                            0x080001b3   Thumb Code     0  __rtentry2.o(.ARM.Collect$$rtentry$$0000000A)
    __rt_entry_postsh_1                      0x080001b3   Thumb Code     0  __rtentry2.o(.ARM.Collect$$rtentry$$00000009)
    __rt_entry_main                          0x080001b7   Thumb Code     0  __rtentry2.o(.ARM.Collect$$rtentry$$0000000D)
    __rt_entry_postli_1                      0x080001b7   Thumb Code     0  __rtentry2.o(.ARM.Collect$$rtentry$$0000000C)
    __rt_exit                                0x080001bf   Thumb Code     0  rtexit.o(.ARM.Collect$$rtexit$$00000000)
    __rt_exit_ls                             0x080001c1   Thumb Code     0  rtexit2.o(.ARM.Collect$$rtexit$$00000003)
    __rt_exit_prels_1                        0x080001c1   Thumb Code     0  rtexit2.o(.ARM.Collect$$rtexit$$00000002)
    __rt_exit_exit                           0x080001c5   Thumb Code     0  rtexit2.o(.ARM.Collect$$rtexit$$00000004)
    Reset_Handler                            0x080001cd   Thumb Code     8  startup_stm32f10x_hd.o(.text)
    PendSV_Handler                           0x080001e3   Thumb Code     2  startup_stm32f10x_hd.o(.text)
    ADC1_2_IRQHandler                        0x080001e7   Thumb Code     0  startup_stm32f10x_hd.o(.text)
    ADC3_IRQHandler                          0x080001e7   Thumb Code     0  startup_stm32f10x_hd.o(.text)
    CAN1_RX1_IRQHandler                      0x080001e7   Thumb Code     0  startup_stm32f10x_hd.o(.text)
    CAN1_SCE_IRQHandler                      0x080001e7   Thumb Code     0  startup_stm32f10x_hd.o(.text)
    DMA1_Channel3_IRQHandler                 0x080001e7   Thumb Code     0  startup_stm32f10x_hd.o(.text)
    DMA1_Channel4_IRQHandler                 0x080001e7   Thumb Code     0  startup_stm32f10x_hd.o(.text)
    DMA1_Channel5_IRQHandler                 0x080001e7   Thumb Code     0  startup_stm32f10x_hd.o(.text)
    DMA1_Channel6_IRQHandler                 0x080001e7   Thumb Code     0  startup_stm32f10x_hd.o(.text)
    DMA1_Channel7_IRQHandler                 0x080001e7   Thumb Code     0  startup_stm32f10x_hd.o(.text)
    DMA2_Channel1_IRQHandler                 0x080001e7   Thumb Code     0  startup_stm32f10x_hd.o(.text)
    DMA2_Channel2_IRQHandler                 0x080001e7   Thumb Code     0  startup_stm32f10x_hd.o(.text)
    DMA2_Channel3_IRQHandler                 0x080001e7   Thumb Code     0  startup_stm32f10x_hd.o(.text)
    DMA2_Channel4_5_IRQHandler               0x080001e7   Thumb Code     0  startup_stm32f10x_hd.o(.text)
    EXTI0_IRQHandler                         0x080001e7   Thumb Code     0  startup_stm32f10x_hd.o(.text)
    EXTI15_10_IRQHandler                     0x080001e7   Thumb Code     0  startup_stm32f10x_hd.o(.text)
    EXTI1_IRQHandler                         0x080001e7   Thumb Code     0  startup_stm32f10x_hd.o(.text)
    EXTI2_IRQHandler                         0x080001e7   Thumb Code     0  startup_stm32f10x_hd.o(.text)
    EXTI3_IRQHandler                         0x080001e7   Thumb Code     0  startup_stm32f10x_hd.o(.text)
    EXTI4_IRQHandler                         0x080001e7   Thumb Code     0  startup_stm32f10x_hd.o(.text)
    EXTI9_5_IRQHandler                       0x080001e7   Thumb Code     0  startup_stm32f10x_hd.o(.text)
    FLASH_IRQHandler                         0x080001e7   Thumb Code     0  startup_stm32f10x_hd.o(.text)
    FSMC_IRQHandler                          0x080001e7   Thumb Code     0  startup_stm32f10x_hd.o(.text)
    I2C1_ER_IRQHandler                       0x080001e7   Thumb Code     0  startup_stm32f10x_hd.o(.text)
    I2C1_EV_IRQHandler                       0x080001e7   Thumb Code     0  startup_stm32f10x_hd.o(.text)
    I2C2_ER_IRQHandler                       0x080001e7   Thumb Code     0  startup_stm32f10x_hd.o(.text)
    I2C2_EV_IRQHandler                       0x080001e7   Thumb Code     0  startup_stm32f10x_hd.o(.text)
    PVD_IRQHandler                           0x080001e7   Thumb Code     0  startup_stm32f10x_hd.o(.text)
    RCC_IRQHandler                           0x080001e7   Thumb Code     0  startup_stm32f10x_hd.o(.text)
    RTCAlarm_IRQHandler                      0x080001e7   Thumb Code     0  startup_stm32f10x_hd.o(.text)
    RTC_IRQHandler                           0x080001e7   Thumb Code     0  startup_stm32f10x_hd.o(.text)
    SDIO_IRQHandler                          0x080001e7   Thumb Code     0  startup_stm32f10x_hd.o(.text)
    SPI1_IRQHandler                          0x080001e7   Thumb Code     0  startup_stm32f10x_hd.o(.text)
    SPI2_IRQHandler                          0x080001e7   Thumb Code     0  startup_stm32f10x_hd.o(.text)
    SPI3_IRQHandler                          0x080001e7   Thumb Code     0  startup_stm32f10x_hd.o(.text)
    TAMPER_IRQHandler                        0x080001e7   Thumb Code     0  startup_stm32f10x_hd.o(.text)
    TIM1_BRK_IRQHandler                      0x080001e7   Thumb Code     0  startup_stm32f10x_hd.o(.text)
    TIM1_CC_IRQHandler                       0x080001e7   Thumb Code     0  startup_stm32f10x_hd.o(.text)
    TIM1_TRG_COM_IRQHandler                  0x080001e7   Thumb Code     0  startup_stm32f10x_hd.o(.text)
    TIM1_UP_IRQHandler                       0x080001e7   Thumb Code     0  startup_stm32f10x_hd.o(.text)
    TIM2_IRQHandler                          0x080001e7   Thumb Code     0  startup_stm32f10x_hd.o(.text)
    TIM3_IRQHandler                          0x080001e7   Thumb Code     0  startup_stm32f10x_hd.o(.text)
    TIM5_IRQHandler                          0x080001e7   Thumb Code     0  startup_stm32f10x_hd.o(.text)
    TIM6_IRQHandler                          0x080001e7   Thumb Code     0  startup_stm32f10x_hd.o(.text)
    TIM7_IRQHandler                          0x080001e7   Thumb Code     0  startup_stm32f10x_hd.o(.text)
    TIM8_BRK_IRQHandler                      0x080001e7   Thumb Code     0  startup_stm32f10x_hd.o(.text)
    TIM8_CC_IRQHandler                       0x080001e7   Thumb Code     0  startup_stm32f10x_hd.o(.text)
    TIM8_TRG_COM_IRQHandler                  0x080001e7   Thumb Code     0  startup_stm32f10x_hd.o(.text)
    TIM8_UP_IRQHandler                       0x080001e7   Thumb Code     0  startup_stm32f10x_hd.o(.text)
    UART4_IRQHandler                         0x080001e7   Thumb Code     0  startup_stm32f10x_hd.o(.text)
    UART5_IRQHandler                         0x080001e7   Thumb Code     0  startup_stm32f10x_hd.o(.text)
    USBWakeUp_IRQHandler                     0x080001e7   Thumb Code     0  startup_stm32f10x_hd.o(.text)
    USB_HP_CAN1_TX_IRQHandler                0x080001e7   Thumb Code     0  startup_stm32f10x_hd.o(.text)
    USB_LP_CAN1_RX0_IRQHandler               0x080001e7   Thumb Code     0  startup_stm32f10x_hd.o(.text)
    WWDG_IRQHandler                          0x080001e7   Thumb Code     0  startup_stm32f10x_hd.o(.text)
    __user_initial_stackheap                 0x080001e9   Thumb Code     0  startup_stm32f10x_hd.o(.text)
    __use_no_semihosting                     0x0800020d   Thumb Code     2  use_no_semi_2.o(.text)
    __aeabi_memclr                           0x0800020f   Thumb Code     0  rt_memclr.o(.text)
    __rt_memclr                              0x0800020f   Thumb Code    68  rt_memclr.o(.text)
    _memset                                  0x08000213   Thumb Code     0  rt_memclr.o(.text)
    __use_two_region_memory                  0x08000253   Thumb Code     2  heapauxi.o(.text)
    __rt_heap_escrow$2region                 0x08000255   Thumb Code     2  heapauxi.o(.text)
    __rt_heap_expand$2region                 0x08000257   Thumb Code     2  heapauxi.o(.text)
    __I$use$semihosting                      0x08000259   Thumb Code     0  use_no_semi.o(.text)
    __use_no_semihosting_swi                 0x08000259   Thumb Code     2  use_no_semi.o(.text)
    __aeabi_memclr4                          0x0800025b   Thumb Code     0  rt_memclr_w.o(.text)
    __aeabi_memclr8                          0x0800025b   Thumb Code     0  rt_memclr_w.o(.text)
    __rt_memclr_w                            0x0800025b   Thumb Code    78  rt_memclr_w.o(.text)
    _memset_w                                0x0800025f   Thumb Code     0  rt_memclr_w.o(.text)
    __user_libspace                          0x080002a9   Thumb Code     8  libspace.o(.text)
    __user_perproc_libspace                  0x080002a9   Thumb Code     0  libspace.o(.text)
    __user_perthread_libspace                0x080002a9   Thumb Code     0  libspace.o(.text)
    __user_setup_stackheap                   0x080002b1   Thumb Code    74  sys_stackheap_outer.o(.text)
    exit                                     0x080002fb   Thumb Code    18  exit.o(.text)
    AD5541_GPIOCoing                         0x0800030d   Thumb Code    32  dac.o(i.AD5541_GPIOCoing)
    AD5541_Send                              0x08000331   Thumb Code   178  dac.o(i.AD5541_Send)
    AD7689_Delay                             0x080003e9   Thumb Code    28  ad7689.o(i.AD7689_Delay)
    AD7689_InitializeSPI2                    0x08000405   Thumb Code   188  ad7689.o(i.AD7689_InitializeSPI2)
    AD7689_Scan_CH                           0x080004c9   Thumb Code   266  ad7689.o(i.AD7689_Scan_CH)
    AD7689_TransferByte                      0x080005e9   Thumb Code    54  ad7689.o(i.AD7689_TransferByte)
    ADC1_DMA_Init                            0x08000625   Thumb Code   278  adc.o(i.ADC1_DMA_Init)
    ADC_CH_Scan                              0x08000749   Thumb Code   186  adc.o(i.ADC_CH_Scan)
    ADC_Cmd                                  0x0800080d   Thumb Code    24  stm32f10x_adc.o(i.ADC_Cmd)
    ADC_DMACmd                               0x08000825   Thumb Code    24  stm32f10x_adc.o(i.ADC_DMACmd)
    ADC_DeInit                               0x0800083d   Thumb Code    88  stm32f10x_adc.o(i.ADC_DeInit)
    ADC_GetCalibrationStatus                 0x080008a1   Thumb Code    14  stm32f10x_adc.o(i.ADC_GetCalibrationStatus)
    ADC_GetResetCalibrationStatus            0x080008af   Thumb Code    14  stm32f10x_adc.o(i.ADC_GetResetCalibrationStatus)
    ADC_Init                                 0x080008bd   Thumb Code    62  stm32f10x_adc.o(i.ADC_Init)
    ADC_RegularChannelConfig                 0x08000905   Thumb Code   116  stm32f10x_adc.o(i.ADC_RegularChannelConfig)
    ADC_ResetCalibration                     0x08000979   Thumb Code    10  stm32f10x_adc.o(i.ADC_ResetCalibration)
    ADC_SoftwareStartConvCmd                 0x08000983   Thumb Code    24  stm32f10x_adc.o(i.ADC_SoftwareStartConvCmd)
    ADC_StartCalibration                     0x0800099b   Thumb Code    10  stm32f10x_adc.o(i.ADC_StartCalibration)
    All_protect                              0x080009a5   Thumb Code   478  fan_pro.o(i.All_protect)
    Baud_SET                                 0x08000b9d   Thumb Code    80  usart.o(i.Baud_SET)
    BusFault_Handler                         0x08000bf5   Thumb Code     2  stm32f10x_it.o(i.BusFault_Handler)
    Cont_coeff_LEDMODE                       0x08000bf9   Thumb Code   198  menu.o(i.Cont_coeff_LEDMODE)
    DAM1_ADC_NVIC                            0x08000cc9   Thumb Code    32  adc.o(i.DAM1_ADC_NVIC)
    DMA1_Channel1_IRQHandler                 0x08000ce9   Thumb Code    16  stm32f10x_it.o(i.DMA1_Channel1_IRQHandler)
    DMA1_Channel2_IRQHandler                 0x08000cfd   Thumb Code    20  stm32f10x_it.o(i.DMA1_Channel2_IRQHandler)
    DMA_ClearITPendingBit                    0x08000d15   Thumb Code    16  stm32f10x_dma.o(i.DMA_ClearITPendingBit)
    DMA_Cmd                                  0x08000d2d   Thumb Code    26  stm32f10x_dma.o(i.DMA_Cmd)
    DMA_DeInit                               0x08000d49   Thumb Code   238  stm32f10x_dma.o(i.DMA_DeInit)
    DMA_ITConfig                             0x08000e41   Thumb Code    20  stm32f10x_dma.o(i.DMA_ITConfig)
    DMA_Init                                 0x08000e55   Thumb Code    58  stm32f10x_dma.o(i.DMA_Init)
    DebugMon_Handler                         0x08000e8f   Thumb Code     2  stm32f10x_it.o(i.DebugMon_Handler)
    EEPROM_READ_Byte                         0x08000e91   Thumb Code    76  at24c01.o(i.EEPROM_READ_Byte)
    EEPROM_READ_Coeff                        0x08000ee1   Thumb Code  3434  flash.o(i.EEPROM_READ_Coeff)
    EEPROM_WriteByte                         0x08001c4b   Thumb Code   106  at24c01.o(i.EEPROM_WriteByte)
    FLASH_PrefetchBufferCmd                  0x08001cb5   Thumb Code    18  stm32f10x_flash.o(i.FLASH_PrefetchBufferCmd)
    FLASH_SetLatency                         0x08001ccd   Thumb Code    14  stm32f10x_flash.o(i.FLASH_SetLatency)
    Flash_Write_all                          0x08001ce1   Thumb Code  3240  flash.o(i.Flash_Write_all)
    GPIO_AFIODeInit                          0x08002989   Thumb Code    22  stm32f10x_gpio.o(i.GPIO_AFIODeInit)
    GPIO_Conf                                0x080029a1   Thumb Code   134  gpio.o(i.GPIO_Conf)
    GPIO_DeInit                              0x08002a3d   Thumb Code   188  stm32f10x_gpio.o(i.GPIO_DeInit)
    GPIO_Init                                0x08002b15   Thumb Code   166  stm32f10x_gpio.o(i.GPIO_Init)
    GPIO_PinRemapConfig                      0x08002bbd   Thumb Code    86  stm32f10x_gpio.o(i.GPIO_PinRemapConfig)
    GPIO_ReadInputDataBit                    0x08002c19   Thumb Code    14  stm32f10x_gpio.o(i.GPIO_ReadInputDataBit)
    GPIO_ResetBits                           0x08002c27   Thumb Code     4  stm32f10x_gpio.o(i.GPIO_ResetBits)
    GPIO_SetBits                             0x08002c2b   Thumb Code     4  stm32f10x_gpio.o(i.GPIO_SetBits)
    HardFault_Handler                        0x08002c2f   Thumb Code     2  stm32f10x_it.o(i.HardFault_Handler)
    Hardware_CRC                             0x08002c31   Thumb Code   114  modbus.o(i.Hardware_CRC)
    IWDG_Enable                              0x08002ca5   Thumb Code    10  stm32f10x_iwdg.o(i.IWDG_Enable)
    IWDG_Inte                                0x08002cb5   Thumb Code    34  iwdg.o(i.IWDG_Inte)
    IWDG_ReloadCounter                       0x08002cd9   Thumb Code    10  stm32f10x_iwdg.o(i.IWDG_ReloadCounter)
    IWDG_SetPrescaler                        0x08002ce9   Thumb Code     6  stm32f10x_iwdg.o(i.IWDG_SetPrescaler)
    IWDG_SetReload                           0x08002cf5   Thumb Code     6  stm32f10x_iwdg.o(i.IWDG_SetReload)
    IWDG_WriteAccessCmd                      0x08002d01   Thumb Code     6  stm32f10x_iwdg.o(i.IWDG_WriteAccessCmd)
    I_SW_COTNR                               0x08002d0d   Thumb Code   182  menu.o(i.I_SW_COTNR)
    MemManage_Handler                        0x08002dd9   Thumb Code     2  stm32f10x_it.o(i.MemManage_Handler)
    NMI_Handler                              0x08002ddb   Thumb Code     2  stm32f10x_it.o(i.NMI_Handler)
    NVIC_Init                                0x08002ddd   Thumb Code    96  misc.o(i.NVIC_Init)
    NVIC_PriorityGroupConfig                 0x08002e41   Thumb Code    10  misc.o(i.NVIC_PriorityGroupConfig)
    RCC_ADCCLKConfig                         0x08002e55   Thumb Code    14  stm32f10x_rcc.o(i.RCC_ADCCLKConfig)
    RCC_AHBPeriphClockCmd                    0x08002e69   Thumb Code    22  stm32f10x_rcc.o(i.RCC_AHBPeriphClockCmd)
    RCC_APB1PeriphClockCmd                   0x08002e85   Thumb Code    22  stm32f10x_rcc.o(i.RCC_APB1PeriphClockCmd)
    RCC_APB2PeriphClockCmd                   0x08002ea1   Thumb Code    22  stm32f10x_rcc.o(i.RCC_APB2PeriphClockCmd)
    RCC_APB2PeriphResetCmd                   0x08002ebd   Thumb Code    22  stm32f10x_rcc.o(i.RCC_APB2PeriphResetCmd)
    RCC_Configuration                        0x08002ed9   Thumb Code   102  clock.o(i.RCC_Configuration)
    RCC_DeInit                               0x08002f45   Thumb Code    50  stm32f10x_rcc.o(i.RCC_DeInit)
    RCC_GetClocksFreq                        0x08002f85   Thumb Code   154  stm32f10x_rcc.o(i.RCC_GetClocksFreq)
    RCC_GetFlagStatus                        0x08003031   Thumb Code    42  stm32f10x_rcc.o(i.RCC_GetFlagStatus)
    RCC_GetSYSCLKSource                      0x08003061   Thumb Code    10  stm32f10x_rcc.o(i.RCC_GetSYSCLKSource)
    RCC_HCLKConfig                           0x08003071   Thumb Code    14  stm32f10x_rcc.o(i.RCC_HCLKConfig)
    RCC_HSEConfig                            0x08003085   Thumb Code    50  stm32f10x_rcc.o(i.RCC_HSEConfig)
    RCC_PCLK1Config                          0x080030bd   Thumb Code    14  stm32f10x_rcc.o(i.RCC_PCLK1Config)
    RCC_PCLK2Config                          0x080030d1   Thumb Code    16  stm32f10x_rcc.o(i.RCC_PCLK2Config)
    RCC_PLLCmd                               0x080030e5   Thumb Code     6  stm32f10x_rcc.o(i.RCC_PLLCmd)
    RCC_PLLConfig                            0x080030f1   Thumb Code    16  stm32f10x_rcc.o(i.RCC_PLLConfig)
    RCC_SYSCLKConfig                         0x08003105   Thumb Code    14  stm32f10x_rcc.o(i.RCC_SYSCLKConfig)
    RCC_WaitForHSEStartUp                    0x08003119   Thumb Code    48  stm32f10x_rcc.o(i.RCC_WaitForHSEStartUp)
    SPI_AD7689_Read                          0x08003149   Thumb Code    92  ad7689.o(i.SPI_AD7689_Read)
    SPI_Cmd                                  0x080031a9   Thumb Code    24  stm32f10x_spi.o(i.SPI_Cmd)
    SPI_I2S_GetFlagStatus                    0x080031c1   Thumb Code    14  stm32f10x_spi.o(i.SPI_I2S_GetFlagStatus)
    SPI_I2S_ReceiveData                      0x080031cf   Thumb Code     4  stm32f10x_spi.o(i.SPI_I2S_ReceiveData)
    SPI_I2S_SendData                         0x080031d3   Thumb Code     4  stm32f10x_spi.o(i.SPI_I2S_SendData)
    SPI_Init                                 0x080031d7   Thumb Code    56  stm32f10x_spi.o(i.SPI_Init)
    SVC_Handler                              0x0800320f   Thumb Code     2  stm32f10x_it.o(i.SVC_Handler)
    Sence_SW_CONT                            0x08003211   Thumb Code    22  menu.o(i.Sence_SW_CONT)
    SysTick_Handler                          0x080032e5   Thumb Code    44  stm32f10x_it.o(i.SysTick_Handler)
    SysTick_Init                             0x0800331d   Thumb Code    64  bsp_systick.o(i.SysTick_Init)
    SystemInit                               0x08003365   Thumb Code    64  system_stm32f10x.o(i.SystemInit)
    TIM4_IRQHandler                          0x080033b5   Thumb Code   166  stm32f10x_it.o(i.TIM4_IRQHandler)
    TIM6_Config                              0x0800346d   Thumb Code    68  tim6.o(i.TIM6_Config)
    TIM_ClearITPendingBit                    0x080034d3   Thumb Code     6  stm32f10x_tim.o(i.TIM_ClearITPendingBit)
    TIM_Cmd                                  0x080034d9   Thumb Code    24  stm32f10x_tim.o(i.TIM_Cmd)
    TIM_ITConfig                             0x080034f1   Thumb Code    20  stm32f10x_tim.o(i.TIM_ITConfig)
    TIM_TimeBaseInit                         0x08003505   Thumb Code   114  stm32f10x_tim.o(i.TIM_TimeBaseInit)
    Temp_Comapre                             0x080035a1   Thumb Code    66  fan_pro.o(i.Temp_Comapre)
    TimingDelay_Decrement                    0x080035f1   Thumb Code    16  bsp_systick.o(i.TimingDelay_Decrement)
    Transformation_ADC                       0x08003605   Thumb Code  6842  modbus.o(i.Transformation_ADC)
    UART1_Action                             0x080050c9   Thumb Code   970  modbus.o(i.UART1_Action)
    UART1_Send                               0x080054b9   Thumb Code    70  usart.o(i.UART1_Send)
    UART2_Send                               0x08005511   Thumb Code    70  usart.o(i.UART2_Send)
    UART3_Action                             0x08005569   Thumb Code   970  modbus.o(i.UART3_Action)
    UART3_Send                               0x08005959   Thumb Code    70  usart.o(i.UART3_Send)
    UART_Action                              0x080059b1   Thumb Code  5650  modbus.o(i.UART_Action)
    USART1_IRQHandler                        0x08006fc9   Thumb Code   380  stm32f10x_it.o(i.USART1_IRQHandler)
    USART2_Configuration                     0x080071bd   Thumb Code   134  usart.o(i.USART2_Configuration)
    USART2_IRQHandler                        0x08007251   Thumb Code   366  stm32f10x_it.o(i.USART2_IRQHandler)
    USART3_Configuration                     0x080073d9   Thumb Code   138  usart.o(i.USART3_Configuration)
    USART3_IRQHandler                        0x08007471   Thumb Code   350  stm32f10x_it.o(i.USART3_IRQHandler)
    USART_ClearFlag                          0x080075ed   Thumb Code     8  stm32f10x_usart.o(i.USART_ClearFlag)
    USART_ClearITPendingBit                  0x080075f5   Thumb Code    16  stm32f10x_usart.o(i.USART_ClearITPendingBit)
    USART_Cmd                                0x08007605   Thumb Code    24  stm32f10x_usart.o(i.USART_Cmd)
    USART_Configuration                      0x0800761d   Thumb Code   154  usart.o(i.USART_Configuration)
    USART_GetFlagStatus                      0x080076c5   Thumb Code    14  stm32f10x_usart.o(i.USART_GetFlagStatus)
    USART_GetITStatus                        0x080076d3   Thumb Code    64  stm32f10x_usart.o(i.USART_GetITStatus)
    USART_ITConfig                           0x08007713   Thumb Code    54  stm32f10x_usart.o(i.USART_ITConfig)
    USART_Init                               0x08007749   Thumb Code   182  stm32f10x_usart.o(i.USART_Init)
    USART_ReceiveData                        0x08007805   Thumb Code     8  stm32f10x_usart.o(i.USART_ReceiveData)
    USART_SendData                           0x0800780d   Thumb Code     8  stm32f10x_usart.o(i.USART_SendData)
    UsageFault_Handler                       0x08007815   Thumb Code     2  stm32f10x_it.o(i.UsageFault_Handler)
    V_SW_COTNR                               0x08007819   Thumb Code    74  menu.o(i.V_SW_COTNR)
    Write_ADDR                               0x08007875   Thumb Code    66  flash.o(i.Write_ADDR)
    _sys_exit                                0x080078bd   Thumb Code     2  usart.o(i._sys_exit)
    i2c_CfgGpio                              0x080078c1   Thumb Code    68  iic_24c01.o(i.i2c_CfgGpio)
    i2c_NAck                                 0x08007925   Thumb Code    50  iic_24c01.o(i.i2c_NAck)
    i2c_ReadByte                             0x0800795d   Thumb Code    90  iic_24c01.o(i.i2c_ReadByte)
    i2c_SendByte                             0x080079bd   Thumb Code   114  iic_24c01.o(i.i2c_SendByte)
    i2c_Start                                0x08007a35   Thumb Code    58  iic_24c01.o(i.i2c_Start)
    i2c_Stop                                 0x08007a75   Thumb Code    40  iic_24c01.o(i.i2c_Stop)
    i2c_WaitAck                              0x08007aa1   Thumb Code    72  iic_24c01.o(i.i2c_WaitAck)
    main                                     0x08007aed   Thumb Code   128  main.o(i.main)
    worke_mode                               0x08007b7d   Thumb Code  1228  menu.o(i.worke_mode)
    __aeabi_fdiv                             0x0800804d   Thumb Code     0  fdiv.o(x$fpl$fdiv)
    _fdiv                                    0x0800804d   Thumb Code   384  fdiv.o(x$fpl$fdiv)
    __aeabi_f2uiz                            0x080081d1   Thumb Code     0  ffixu.o(x$fpl$ffixu)
    _ffixu                                   0x080081d1   Thumb Code    62  ffixu.o(x$fpl$ffixu)
    __aeabi_ui2f                             0x08008211   Thumb Code     0  fflt_clz.o(x$fpl$ffltu)
    _ffltu                                   0x08008211   Thumb Code    38  fflt_clz.o(x$fpl$ffltu)
    __aeabi_fmul                             0x08008239   Thumb Code     0  fmul.o(x$fpl$fmul)
    _fmul                                    0x08008239   Thumb Code   258  fmul.o(x$fpl$fmul)
    __fpl_fnaninf                            0x0800833b   Thumb Code   140  fnaninf.o(x$fpl$fnaninf)
    __fpl_fretinf                            0x080083c7   Thumb Code    10  fretinf.o(x$fpl$fretinf)
    Region$$Table$$Base                      0x080083d0   Number         0  anon$$obj.o(Region$$Table)
    __I$use$fp                               0x080083d0   Number         0  usenofp.o(x$fpl$usenofp)
    Region$$Table$$Limit                     0x080083f0   Number         0  anon$$obj.o(Region$$Table)
    flagA                                    0x20000014   Data           4  main.o(.data)
    flagB                                    0x20000018   Data           4  main.o(.data)
    flagC                                    0x2000001c   Data           4  main.o(.data)
    UART1_Buffer_Rece_flag                   0x20000020   Data           1  stm32f10x_it.o(.data)
    dynaflagA                                0x20000021   Data           1  stm32f10x_it.o(.data)
    dynaflagB                                0x20000022   Data           1  stm32f10x_it.o(.data)
    timecount                                0x20000024   Data           4  stm32f10x_it.o(.data)
    SystemCoreClock                          0x20000028   Data           4  system_stm32f10x.o(.data)
    AHBPrescTable                            0x2000002c   Data          16  system_stm32f10x.o(.data)
    NTC_value                                0x2000003e   Data           2  adc.o(.data)
    NTC1_value                               0x20000040   Data           2  adc.o(.data)
    Imon_value                               0x20000042   Data           2  adc.o(.data)
    Vmon_value                               0x20000044   Data           2  adc.o(.data)
    HSEStartUpStatus                         0x2000004d   Data           1  clock.o(.data)
    testflag                                 0x20000050   Data           1  modbus.o(.data)
    dynaonflag                               0x20000051   Data           1  modbus.o(.data)
    DAC_Flag                                 0x20000052   Data           1  modbus.o(.data)
    Contr_DACVlue                            0x20000054   Data           2  modbus.o(.data)
    Modify_A_READ                            0x20000058   Data           4  modbus.o(.data)
    Modify_C_READ                            0x2000005c   Data           4  modbus.o(.data)
    Modify_A_ACT                             0x20000060   Data           4  modbus.o(.data)
    Modify_B_READ                            0x20000064   Data           4  modbus.o(.data)
    Modify_D_READ                            0x20000068   Data           4  modbus.o(.data)
    Modify_B_ACT                             0x2000006c   Data           4  modbus.o(.data)
    var16                                    0x20000070   Data           4  modbus.o(.data)
    var32a                                   0x20000074   Data           4  modbus.o(.data)
    var32b                                   0x20000078   Data           4  modbus.o(.data)
    var16a                                   0x2000007c   Data           4  modbus.o(.data)
    var32c                                   0x20000080   Data           4  modbus.o(.data)
    var32d                                   0x20000084   Data           4  modbus.o(.data)
    Transmit_BUFFERsize                      0x20000088   Data           1  usart.o(.data)
    Baud                                     0x2000008c   Data           4  usart.o(.data)
    UART_Buffer_Size                         0x20000090   Data           1  usart.o(.data)
    t_USART                                  0x20000091   Data           1  usart.o(.data)
    VP_T                                     0x20000092   Data           2  fan_pro.o(.data)
    IP_T                                     0x20000094   Data           2  fan_pro.o(.data)
    PR_T1                                    0x20000096   Data           2  fan_pro.o(.data)
    PR_T2                                    0x20000098   Data           2  fan_pro.o(.data)
    PR_T3                                    0x2000009a   Data           2  fan_pro.o(.data)
    PR_T4                                    0x2000009c   Data           2  fan_pro.o(.data)
    Von_CONT                                 0x200000a0   Data           1  menu.o(.data)
    oldmode                                  0x200000a1   Data           1  menu.o(.data)
    SWDelay                                  0x200000a2   Data           2  menu.o(.data)
    ADC1_Buffer                              0x200000ac   Data         200  adc.o(.bss)
    ADC_NTC_Filt                             0x20000174   Data         100  adc.o(.bss)
    ADC_NTC1_Filt                            0x200001d8   Data         100  adc.o(.bss)
    Correct_Parametet                        0x2000023c   Data         104  modbus.o(.bss)
    Correct_Strong                           0x200002a4   Data         104  modbus.o(.bss)
    coefficient                              0x2000030c   Data          13  modbus.o(.bss)
    Run_Control                              0x2000031c   Data         200  modbus.o(.bss)
    Transition_Date                          0x200003e4   Data          40  modbus.o(.bss)
    UART_Buffer_Rece                         0x2000040c   Data         200  usart.o(.bss)
    UART_Buffer_Send                         0x200004d4   Data         200  usart.o(.bss)
    UART_Buffer_Send1                        0x2000059c   Data         200  usart.o(.bss)
    UART_Buffer_Rece1                        0x20000664   Data         200  usart.o(.bss)
    AD7689_Buffer                            0x2000072c   Data          16  ad7689.o(.bss)
    Ad7689_Fit_Imon                          0x2000073c   Data         200  ad7689.o(.bss)
    Ad7689_Fit_Vmon                          0x20000804   Data         200  ad7689.o(.bss)
    END_Fit_Imon                             0x200008cc   Data          40  ad7689.o(.bss)
    __libspace_start                         0x200008f4   Data          96  libspace.o(.bss)
    __temporary_stack_top$libspace           0x20000954   Data           0  libspace.o(.bss)



==============================================================================

Memory Map of the image

  Image Entry point : 0x08000131

  Load Region LR_IROM1 (Base: 0x08000000, Size: 0x0000849c, Max: 0x00010000, ABSOLUTE)

    Execution Region ER_IROM1 (Exec base: 0x08000000, Load base: 0x08000000, Size: 0x000083f0, Max: 0x00010000, ABSOLUTE)

    Exec Addr    Load Addr    Size         Type   Attr      Idx    E Section Name        Object

    0x08000000   0x08000000   0x00000130   Data   RO           19    RESET               startup_stm32f10x_hd.o
    0x08000130   0x08000130   0x00000008   Code   RO         4373  * !!!main             c_w.l(__main.o)
    0x08000138   0x08000138   0x00000034   Code   RO         4641    !!!scatter          c_w.l(__scatter.o)
    0x0800016c   0x0800016c   0x0000001a   Code   RO         4643    !!handler_copy      c_w.l(__scatter_copy.o)
    0x08000186   0x08000186   0x00000002   PAD
    0x08000188   0x08000188   0x0000001c   Code   RO         4645    !!handler_zi        c_w.l(__scatter_zi.o)
    0x080001a4   0x080001a4   0x00000002   Code   RO         4518    .ARM.Collect$$libinit$$00000000  c_w.l(libinit.o)
    0x080001a6   0x080001a6   0x00000000   Code   RO         4520    .ARM.Collect$$libinit$$00000002  c_w.l(libinit2.o)
    0x080001a6   0x080001a6   0x00000000   Code   RO         4522    .ARM.Collect$$libinit$$00000004  c_w.l(libinit2.o)
    0x080001a6   0x080001a6   0x00000000   Code   RO         4525    .ARM.Collect$$libinit$$0000000A  c_w.l(libinit2.o)
    0x080001a6   0x080001a6   0x00000000   Code   RO         4527    .ARM.Collect$$libinit$$0000000C  c_w.l(libinit2.o)
    0x080001a6   0x080001a6   0x00000000   Code   RO         4529    .ARM.Collect$$libinit$$0000000E  c_w.l(libinit2.o)
    0x080001a6   0x080001a6   0x00000000   Code   RO         4532    .ARM.Collect$$libinit$$00000011  c_w.l(libinit2.o)
    0x080001a6   0x080001a6   0x00000000   Code   RO         4534    .ARM.Collect$$libinit$$00000013  c_w.l(libinit2.o)
    0x080001a6   0x080001a6   0x00000000   Code   RO         4536    .ARM.Collect$$libinit$$00000015  c_w.l(libinit2.o)
    0x080001a6   0x080001a6   0x00000000   Code   RO         4538    .ARM.Collect$$libinit$$00000017  c_w.l(libinit2.o)
    0x080001a6   0x080001a6   0x00000000   Code   RO         4540    .ARM.Collect$$libinit$$00000019  c_w.l(libinit2.o)
    0x080001a6   0x080001a6   0x00000000   Code   RO         4542    .ARM.Collect$$libinit$$0000001B  c_w.l(libinit2.o)
    0x080001a6   0x080001a6   0x00000000   Code   RO         4544    .ARM.Collect$$libinit$$0000001D  c_w.l(libinit2.o)
    0x080001a6   0x080001a6   0x00000000   Code   RO         4546    .ARM.Collect$$libinit$$0000001F  c_w.l(libinit2.o)
    0x080001a6   0x080001a6   0x00000000   Code   RO         4548    .ARM.Collect$$libinit$$00000021  c_w.l(libinit2.o)
    0x080001a6   0x080001a6   0x00000000   Code   RO         4550    .ARM.Collect$$libinit$$00000023  c_w.l(libinit2.o)
    0x080001a6   0x080001a6   0x00000000   Code   RO         4552    .ARM.Collect$$libinit$$00000025  c_w.l(libinit2.o)
    0x080001a6   0x080001a6   0x00000000   Code   RO         4556    .ARM.Collect$$libinit$$0000002C  c_w.l(libinit2.o)
    0x080001a6   0x080001a6   0x00000000   Code   RO         4558    .ARM.Collect$$libinit$$0000002E  c_w.l(libinit2.o)
    0x080001a6   0x080001a6   0x00000000   Code   RO         4560    .ARM.Collect$$libinit$$00000030  c_w.l(libinit2.o)
    0x080001a6   0x080001a6   0x00000000   Code   RO         4562    .ARM.Collect$$libinit$$00000032  c_w.l(libinit2.o)
    0x080001a6   0x080001a6   0x00000002   Code   RO         4563    .ARM.Collect$$libinit$$00000033  c_w.l(libinit2.o)
    0x080001a8   0x080001a8   0x00000002   Code   RO         4591    .ARM.Collect$$libshutdown$$00000000  c_w.l(libshutdown.o)
    0x080001aa   0x080001aa   0x00000000   Code   RO         4600    .ARM.Collect$$libshutdown$$00000002  c_w.l(libshutdown2.o)
    0x080001aa   0x080001aa   0x00000000   Code   RO         4602    .ARM.Collect$$libshutdown$$00000004  c_w.l(libshutdown2.o)
    0x080001aa   0x080001aa   0x00000000   Code   RO         4605    .ARM.Collect$$libshutdown$$00000007  c_w.l(libshutdown2.o)
    0x080001aa   0x080001aa   0x00000000   Code   RO         4608    .ARM.Collect$$libshutdown$$0000000A  c_w.l(libshutdown2.o)
    0x080001aa   0x080001aa   0x00000000   Code   RO         4610    .ARM.Collect$$libshutdown$$0000000C  c_w.l(libshutdown2.o)
    0x080001aa   0x080001aa   0x00000000   Code   RO         4613    .ARM.Collect$$libshutdown$$0000000F  c_w.l(libshutdown2.o)
    0x080001aa   0x080001aa   0x00000002   Code   RO         4614    .ARM.Collect$$libshutdown$$00000010  c_w.l(libshutdown2.o)
    0x080001ac   0x080001ac   0x00000000   Code   RO         4403    .ARM.Collect$$rtentry$$00000000  c_w.l(__rtentry.o)
    0x080001ac   0x080001ac   0x00000000   Code   RO         4435    .ARM.Collect$$rtentry$$00000002  c_w.l(__rtentry2.o)
    0x080001ac   0x080001ac   0x00000006   Code   RO         4447    .ARM.Collect$$rtentry$$00000004  c_w.l(__rtentry4.o)
    0x080001b2   0x080001b2   0x00000000   Code   RO         4437    .ARM.Collect$$rtentry$$00000009  c_w.l(__rtentry2.o)
    0x080001b2   0x080001b2   0x00000004   Code   RO         4438    .ARM.Collect$$rtentry$$0000000A  c_w.l(__rtentry2.o)
    0x080001b6   0x080001b6   0x00000000   Code   RO         4440    .ARM.Collect$$rtentry$$0000000C  c_w.l(__rtentry2.o)
    0x080001b6   0x080001b6   0x00000008   Code   RO         4441    .ARM.Collect$$rtentry$$0000000D  c_w.l(__rtentry2.o)
    0x080001be   0x080001be   0x00000002   Code   RO         4564    .ARM.Collect$$rtexit$$00000000  c_w.l(rtexit.o)
    0x080001c0   0x080001c0   0x00000000   Code   RO         4571    .ARM.Collect$$rtexit$$00000002  c_w.l(rtexit2.o)
    0x080001c0   0x080001c0   0x00000004   Code   RO         4572    .ARM.Collect$$rtexit$$00000003  c_w.l(rtexit2.o)
    0x080001c4   0x080001c4   0x00000006   Code   RO         4573    .ARM.Collect$$rtexit$$00000004  c_w.l(rtexit2.o)
    0x080001ca   0x080001ca   0x00000002   PAD
    0x080001cc   0x080001cc   0x00000040   Code   RO           20    .text               startup_stm32f10x_hd.o
    0x0800020c   0x0800020c   0x00000002   Code   RO         4330    .text               c_w.l(use_no_semi_2.o)
    0x0800020e   0x0800020e   0x00000044   Code   RO         4369    .text               c_w.l(rt_memclr.o)
    0x08000252   0x08000252   0x00000006   Code   RO         4371    .text               c_w.l(heapauxi.o)
    0x08000258   0x08000258   0x00000002   Code   RO         4401    .text               c_w.l(use_no_semi.o)
    0x0800025a   0x0800025a   0x0000004e   Code   RO         4420    .text               c_w.l(rt_memclr_w.o)
    0x080002a8   0x080002a8   0x00000008   Code   RO         4431    .text               c_w.l(libspace.o)
    0x080002b0   0x080002b0   0x0000004a   Code   RO         4500    .text               c_w.l(sys_stackheap_outer.o)
    0x080002fa   0x080002fa   0x00000012   Code   RO         4509    .text               c_w.l(exit.o)
    0x0800030c   0x0800030c   0x00000024   Code   RO         3490    i.AD5541_GPIOCoing  dac.o
    0x08000330   0x08000330   0x000000b8   Code   RO         3491    i.AD5541_Send       dac.o
    0x080003e8   0x080003e8   0x0000001c   Code   RO         4268    i.AD7689_Delay      ad7689.o
    0x08000404   0x08000404   0x000000c4   Code   RO         4270    i.AD7689_InitializeSPI2  ad7689.o
    0x080004c8   0x080004c8   0x00000120   Code   RO         4271    i.AD7689_Scan_CH    ad7689.o
    0x080005e8   0x080005e8   0x0000003c   Code   RO         4272    i.AD7689_TransferByte  ad7689.o
    0x08000624   0x08000624   0x00000124   Code   RO         3317    i.ADC1_DMA_Init     adc.o
    0x08000748   0x08000748   0x000000c4   Code   RO         3318    i.ADC_CH_Scan       adc.o
    0x0800080c   0x0800080c   0x00000018   Code   RO          149    i.ADC_Cmd           stm32f10x_adc.o
    0x08000824   0x08000824   0x00000018   Code   RO          150    i.ADC_DMACmd        stm32f10x_adc.o
    0x0800083c   0x0800083c   0x00000064   Code   RO          151    i.ADC_DeInit        stm32f10x_adc.o
    0x080008a0   0x080008a0   0x0000000e   Code   RO          157    i.ADC_GetCalibrationStatus  stm32f10x_adc.o
    0x080008ae   0x080008ae   0x0000000e   Code   RO          163    i.ADC_GetResetCalibrationStatus  stm32f10x_adc.o
    0x080008bc   0x080008bc   0x00000048   Code   RO          167    i.ADC_Init          stm32f10x_adc.o
    0x08000904   0x08000904   0x00000074   Code   RO          171    i.ADC_RegularChannelConfig  stm32f10x_adc.o
    0x08000978   0x08000978   0x0000000a   Code   RO          172    i.ADC_ResetCalibration  stm32f10x_adc.o
    0x08000982   0x08000982   0x00000018   Code   RO          174    i.ADC_SoftwareStartConvCmd  stm32f10x_adc.o
    0x0800099a   0x0800099a   0x0000000a   Code   RO          176    i.ADC_StartCalibration  stm32f10x_adc.o
    0x080009a4   0x080009a4   0x000001f8   Code   RO         3845    i.All_protect       fan_pro.o
    0x08000b9c   0x08000b9c   0x00000058   Code   RO         3751    i.Baud_SET          usart.o
    0x08000bf4   0x08000bf4   0x00000002   Code   RO         3172    i.BusFault_Handler  stm32f10x_it.o
    0x08000bf6   0x08000bf6   0x00000002   PAD
    0x08000bf8   0x08000bf8   0x000000d0   Code   RO         3871    i.Cont_coeff_LEDMODE  menu.o
    0x08000cc8   0x08000cc8   0x00000020   Code   RO         3319    i.DAM1_ADC_NVIC     adc.o
    0x08000ce8   0x08000ce8   0x00000014   Code   RO         3173    i.DMA1_Channel1_IRQHandler  stm32f10x_it.o
    0x08000cfc   0x08000cfc   0x00000018   Code   RO         3174    i.DMA1_Channel2_IRQHandler  stm32f10x_it.o
    0x08000d14   0x08000d14   0x00000018   Code   RO          833    i.DMA_ClearITPendingBit  stm32f10x_dma.o
    0x08000d2c   0x08000d2c   0x0000001a   Code   RO          834    i.DMA_Cmd           stm32f10x_dma.o
    0x08000d46   0x08000d46   0x00000002   PAD
    0x08000d48   0x08000d48   0x000000f8   Code   RO          835    i.DMA_DeInit        stm32f10x_dma.o
    0x08000e40   0x08000e40   0x00000014   Code   RO          839    i.DMA_ITConfig      stm32f10x_dma.o
    0x08000e54   0x08000e54   0x0000003a   Code   RO          840    i.DMA_Init          stm32f10x_dma.o
    0x08000e8e   0x08000e8e   0x00000002   Code   RO         3175    i.DebugMon_Handler  stm32f10x_it.o
    0x08000e90   0x08000e90   0x00000050   Code   RO         3421    i.EEPROM_READ_Byte  at24c01.o
    0x08000ee0   0x08000ee0   0x00000d6a   Code   RO         3508    i.EEPROM_READ_Coeff  flash.o
    0x08001c4a   0x08001c4a   0x0000006a   Code   RO         3422    i.EEPROM_WriteByte  at24c01.o
    0x08001cb4   0x08001cb4   0x00000018   Code   RO          975    i.FLASH_PrefetchBufferCmd  stm32f10x_flash.o
    0x08001ccc   0x08001ccc   0x00000014   Code   RO          980    i.FLASH_SetLatency  stm32f10x_flash.o
    0x08001ce0   0x08001ce0   0x00000ca8   Code   RO         3509    i.Flash_Write_all   flash.o
    0x08002988   0x08002988   0x00000016   Code   RO         1252    i.GPIO_AFIODeInit   stm32f10x_gpio.o
    0x0800299e   0x0800299e   0x00000002   PAD
    0x080029a0   0x080029a0   0x0000009c   Code   RO         3558    i.GPIO_Conf         gpio.o
    0x08002a3c   0x08002a3c   0x000000d8   Code   RO         1253    i.GPIO_DeInit       stm32f10x_gpio.o
    0x08002b14   0x08002b14   0x000000a6   Code   RO         1258    i.GPIO_Init         stm32f10x_gpio.o
    0x08002bba   0x08002bba   0x00000002   PAD
    0x08002bbc   0x08002bbc   0x0000005c   Code   RO         1260    i.GPIO_PinRemapConfig  stm32f10x_gpio.o
    0x08002c18   0x08002c18   0x0000000e   Code   RO         1262    i.GPIO_ReadInputDataBit  stm32f10x_gpio.o
    0x08002c26   0x08002c26   0x00000004   Code   RO         1265    i.GPIO_ResetBits    stm32f10x_gpio.o
    0x08002c2a   0x08002c2a   0x00000004   Code   RO         1266    i.GPIO_SetBits      stm32f10x_gpio.o
    0x08002c2e   0x08002c2e   0x00000002   Code   RO         3176    i.HardFault_Handler  stm32f10x_it.o
    0x08002c30   0x08002c30   0x00000072   Code   RO         3671    i.Hardware_CRC      modbus.o
    0x08002ca2   0x08002ca2   0x00000002   PAD
    0x08002ca4   0x08002ca4   0x00000010   Code   RO         1570    i.IWDG_Enable       stm32f10x_iwdg.o
    0x08002cb4   0x08002cb4   0x00000022   Code   RO         3635    i.IWDG_Inte         iwdg.o
    0x08002cd6   0x08002cd6   0x00000002   PAD
    0x08002cd8   0x08002cd8   0x00000010   Code   RO         1572    i.IWDG_ReloadCounter  stm32f10x_iwdg.o
    0x08002ce8   0x08002ce8   0x0000000c   Code   RO         1573    i.IWDG_SetPrescaler  stm32f10x_iwdg.o
    0x08002cf4   0x08002cf4   0x0000000c   Code   RO         1574    i.IWDG_SetReload    stm32f10x_iwdg.o
    0x08002d00   0x08002d00   0x0000000c   Code   RO         1575    i.IWDG_WriteAccessCmd  stm32f10x_iwdg.o
    0x08002d0c   0x08002d0c   0x000000cc   Code   RO         3872    i.I_SW_COTNR        menu.o
    0x08002dd8   0x08002dd8   0x00000002   Code   RO         3177    i.MemManage_Handler  stm32f10x_it.o
    0x08002dda   0x08002dda   0x00000002   Code   RO         3178    i.NMI_Handler       stm32f10x_it.o
    0x08002ddc   0x08002ddc   0x00000064   Code   RO           24    i.NVIC_Init         misc.o
    0x08002e40   0x08002e40   0x00000014   Code   RO           25    i.NVIC_PriorityGroupConfig  misc.o
    0x08002e54   0x08002e54   0x00000014   Code   RO         1672    i.RCC_ADCCLKConfig  stm32f10x_rcc.o
    0x08002e68   0x08002e68   0x0000001c   Code   RO         1673    i.RCC_AHBPeriphClockCmd  stm32f10x_rcc.o
    0x08002e84   0x08002e84   0x0000001c   Code   RO         1674    i.RCC_APB1PeriphClockCmd  stm32f10x_rcc.o
    0x08002ea0   0x08002ea0   0x0000001c   Code   RO         1676    i.RCC_APB2PeriphClockCmd  stm32f10x_rcc.o
    0x08002ebc   0x08002ebc   0x0000001c   Code   RO         1677    i.RCC_APB2PeriphResetCmd  stm32f10x_rcc.o
    0x08002ed8   0x08002ed8   0x0000006c   Code   RO         3471    i.RCC_Configuration  clock.o
    0x08002f44   0x08002f44   0x00000040   Code   RO         1683    i.RCC_DeInit        stm32f10x_rcc.o
    0x08002f84   0x08002f84   0x000000ac   Code   RO         1684    i.RCC_GetClocksFreq  stm32f10x_rcc.o
    0x08003030   0x08003030   0x00000030   Code   RO         1685    i.RCC_GetFlagStatus  stm32f10x_rcc.o
    0x08003060   0x08003060   0x00000010   Code   RO         1687    i.RCC_GetSYSCLKSource  stm32f10x_rcc.o
    0x08003070   0x08003070   0x00000014   Code   RO         1688    i.RCC_HCLKConfig    stm32f10x_rcc.o
    0x08003084   0x08003084   0x00000038   Code   RO         1689    i.RCC_HSEConfig     stm32f10x_rcc.o
    0x080030bc   0x080030bc   0x00000014   Code   RO         1695    i.RCC_PCLK1Config   stm32f10x_rcc.o
    0x080030d0   0x080030d0   0x00000014   Code   RO         1696    i.RCC_PCLK2Config   stm32f10x_rcc.o
    0x080030e4   0x080030e4   0x0000000c   Code   RO         1697    i.RCC_PLLCmd        stm32f10x_rcc.o
    0x080030f0   0x080030f0   0x00000014   Code   RO         1698    i.RCC_PLLConfig     stm32f10x_rcc.o
    0x08003104   0x08003104   0x00000014   Code   RO         1701    i.RCC_SYSCLKConfig  stm32f10x_rcc.o
    0x08003118   0x08003118   0x00000030   Code   RO         1703    i.RCC_WaitForHSEStartUp  stm32f10x_rcc.o
    0x08003148   0x08003148   0x00000060   Code   RO         4273    i.SPI_AD7689_Read   ad7689.o
    0x080031a8   0x080031a8   0x00000018   Code   RO         2153    i.SPI_Cmd           stm32f10x_spi.o
    0x080031c0   0x080031c0   0x0000000e   Code   RO         2161    i.SPI_I2S_GetFlagStatus  stm32f10x_spi.o
    0x080031ce   0x080031ce   0x00000004   Code   RO         2164    i.SPI_I2S_ReceiveData  stm32f10x_spi.o
    0x080031d2   0x080031d2   0x00000004   Code   RO         2165    i.SPI_I2S_SendData  stm32f10x_spi.o
    0x080031d6   0x080031d6   0x00000038   Code   RO         2166    i.SPI_Init          stm32f10x_spi.o
    0x0800320e   0x0800320e   0x00000002   Code   RO         3179    i.SVC_Handler       stm32f10x_it.o
    0x08003210   0x08003210   0x00000020   Code   RO         3874    i.Sence_SW_CONT     menu.o
    0x08003230   0x08003230   0x00000004   Code   RO         3283    i.SetSysClock       system_stm32f10x.o
    0x08003234   0x08003234   0x000000b0   Code   RO         3284    i.SetSysClockTo72   system_stm32f10x.o
    0x080032e4   0x080032e4   0x00000038   Code   RO         3180    i.SysTick_Handler   stm32f10x_it.o
    0x0800331c   0x0800331c   0x00000048   Code   RO         3388    i.SysTick_Init      bsp_systick.o
    0x08003364   0x08003364   0x00000050   Code   RO         3286    i.SystemInit        system_stm32f10x.o
    0x080033b4   0x080033b4   0x000000b8   Code   RO         3181    i.TIM4_IRQHandler   stm32f10x_it.o
    0x0800346c   0x0800346c   0x00000048   Code   RO         3734    i.TIM6_Config       tim6.o
    0x080034b4   0x080034b4   0x0000001e   Code   RO         3735    i.TIM6_NVIC_Config  tim6.o
    0x080034d2   0x080034d2   0x00000006   Code   RO         2303    i.TIM_ClearITPendingBit  stm32f10x_tim.o
    0x080034d8   0x080034d8   0x00000018   Code   RO         2308    i.TIM_Cmd           stm32f10x_tim.o
    0x080034f0   0x080034f0   0x00000014   Code   RO         2333    i.TIM_ITConfig      stm32f10x_tim.o
    0x08003504   0x08003504   0x0000009c   Code   RO         2379    i.TIM_TimeBaseInit  stm32f10x_tim.o
    0x080035a0   0x080035a0   0x00000050   Code   RO         3846    i.Temp_Comapre      fan_pro.o
    0x080035f0   0x080035f0   0x00000014   Code   RO         3389    i.TimingDelay_Decrement  bsp_systick.o
    0x08003604   0x08003604   0x00001ac4   Code   RO         3673    i.Transformation_ADC  modbus.o
    0x080050c8   0x080050c8   0x000003f0   Code   RO         3674    i.UART1_Action      modbus.o
    0x080054b8   0x080054b8   0x00000058   Code   RO         3753    i.UART1_Send        usart.o
    0x08005510   0x08005510   0x00000058   Code   RO         3754    i.UART2_Send        usart.o
    0x08005568   0x08005568   0x000003f0   Code   RO         3675    i.UART3_Action      modbus.o
    0x08005958   0x08005958   0x00000058   Code   RO         3755    i.UART3_Send        usart.o
    0x080059b0   0x080059b0   0x00001618   Code   RO         3676    i.UART_Action       modbus.o
    0x08006fc8   0x08006fc8   0x00000198   Code   RO         3182    i.USART1_IRQHandler  stm32f10x_it.o
    0x08007160   0x08007160   0x0000005c   Code   RO         3756    i.USART1_NVIC_Config  usart.o
    0x080071bc   0x080071bc   0x00000094   Code   RO         3757    i.USART2_Configuration  usart.o
    0x08007250   0x08007250   0x00000188   Code   RO         3183    i.USART2_IRQHandler  stm32f10x_it.o
    0x080073d8   0x080073d8   0x00000098   Code   RO         3758    i.USART3_Configuration  usart.o
    0x08007470   0x08007470   0x0000017c   Code   RO         3184    i.USART3_IRQHandler  stm32f10x_it.o
    0x080075ec   0x080075ec   0x00000008   Code   RO         2840    i.USART_ClearFlag   stm32f10x_usart.o
    0x080075f4   0x080075f4   0x00000010   Code   RO         2841    i.USART_ClearITPendingBit  stm32f10x_usart.o
    0x08007604   0x08007604   0x00000018   Code   RO         2844    i.USART_Cmd         stm32f10x_usart.o
    0x0800761c   0x0800761c   0x000000a8   Code   RO         3759    i.USART_Configuration  usart.o
    0x080076c4   0x080076c4   0x0000000e   Code   RO         2847    i.USART_GetFlagStatus  stm32f10x_usart.o
    0x080076d2   0x080076d2   0x00000040   Code   RO         2848    i.USART_GetITStatus  stm32f10x_usart.o
    0x08007712   0x08007712   0x00000036   Code   RO         2850    i.USART_ITConfig    stm32f10x_usart.o
    0x08007748   0x08007748   0x000000bc   Code   RO         2851    i.USART_Init        stm32f10x_usart.o
    0x08007804   0x08007804   0x00000008   Code   RO         2858    i.USART_ReceiveData  stm32f10x_usart.o
    0x0800780c   0x0800780c   0x00000008   Code   RO         2861    i.USART_SendData    stm32f10x_usart.o
    0x08007814   0x08007814   0x00000002   Code   RO         3185    i.UsageFault_Handler  stm32f10x_it.o
    0x08007816   0x08007816   0x00000002   PAD
    0x08007818   0x08007818   0x0000005c   Code   RO         3875    i.V_SW_COTNR        menu.o
    0x08007874   0x08007874   0x00000048   Code   RO         3513    i.Write_ADDR        flash.o
    0x080078bc   0x080078bc   0x00000002   Code   RO         3761    i._sys_exit         usart.o
    0x080078be   0x080078be   0x00000002   PAD
    0x080078c0   0x080078c0   0x00000048   Code   RO         3571    i.i2c_CfgGpio       iic_24c01.o
    0x08007908   0x08007908   0x0000001a   Code   RO         3573    i.i2c_Delay         iic_24c01.o
    0x08007922   0x08007922   0x00000002   PAD
    0x08007924   0x08007924   0x00000038   Code   RO         3574    i.i2c_NAck          iic_24c01.o
    0x0800795c   0x0800795c   0x00000060   Code   RO         3575    i.i2c_ReadByte      iic_24c01.o
    0x080079bc   0x080079bc   0x00000078   Code   RO         3576    i.i2c_SendByte      iic_24c01.o
    0x08007a34   0x08007a34   0x00000040   Code   RO         3577    i.i2c_Start         iic_24c01.o
    0x08007a74   0x08007a74   0x0000002c   Code   RO         3578    i.i2c_Stop          iic_24c01.o
    0x08007aa0   0x08007aa0   0x0000004c   Code   RO         3579    i.i2c_WaitAck       iic_24c01.o
    0x08007aec   0x08007aec   0x00000090   Code   RO         3074    i.main              main.o
    0x08007b7c   0x08007b7c   0x000004d0   Code   RO         3876    i.worke_mode        menu.o
    0x0800804c   0x0800804c   0x00000184   Code   RO         4384    x$fpl$fdiv          fz_ws.l(fdiv.o)
    0x080081d0   0x080081d0   0x0000003e   Code   RO         4387    x$fpl$ffixu         fz_ws.l(ffixu.o)
    0x0800820e   0x0800820e   0x00000002   PAD
    0x08008210   0x08008210   0x00000026   Code   RO         4391    x$fpl$ffltu         fz_ws.l(fflt_clz.o)
    0x08008236   0x08008236   0x00000002   PAD
    0x08008238   0x08008238   0x00000102   Code   RO         4397    x$fpl$fmul          fz_ws.l(fmul.o)
    0x0800833a   0x0800833a   0x0000008c   Code   RO         4426    x$fpl$fnaninf       fz_ws.l(fnaninf.o)
    0x080083c6   0x080083c6   0x0000000a   Code   RO         4428    x$fpl$fretinf       fz_ws.l(fretinf.o)
    0x080083d0   0x080083d0   0x00000000   Code   RO         4430    x$fpl$usenofp       fz_ws.l(usenofp.o)
    0x080083d0   0x080083d0   0x00000020   Data   RO         4639    Region$$Table       anon$$obj.o


    Execution Region RW_IRAM1 (Exec base: 0x20000000, Load base: 0x080083f0, Size: 0x00001358, Max: 0x00005000, ABSOLUTE)

    Exec Addr    Load Addr    Size         Type   Attr      Idx    E Section Name        Object

    0x20000000   0x080083f0   0x00000014   Data   RW         1704    .data               stm32f10x_rcc.o
    0x20000014   0x08008404   0x00000004   Data   RW         3076    .data               main.o
    0x20000018   0x08008408   0x00000004   Data   RW         3077    .data               main.o
    0x2000001c   0x0800840c   0x00000004   Data   RW         3078    .data               main.o
    0x20000020   0x08008410   0x00000008   Data   RW         3186    .data               stm32f10x_it.o
    0x20000028   0x08008418   0x00000014   Data   RW         3287    .data               system_stm32f10x.o
    0x2000003c   0x0800842c   0x00000006   Data   RW         3321    .data               adc.o
    0x20000042   0x08008432   0x00000002   Data   RW         3322    .data               adc.o
    0x20000044   0x08008434   0x00000002   Data   RW         3323    .data               adc.o
    0x20000046   0x08008436   0x00000002   PAD
    0x20000048   0x08008438   0x00000004   Data   RW         3390    .data               bsp_systick.o
    0x2000004c   0x0800843c   0x00000001   Data   RW         3427    .data               at24c01.o
    0x2000004d   0x0800843d   0x00000001   Data   RW         3472    .data               clock.o
    0x2000004e   0x0800843e   0x00000002   PAD
    0x20000050   0x08008440   0x00000038   Data   RW         3679    .data               modbus.o
    0x20000088   0x08008478   0x00000008   Data   RW         3766    .data               usart.o
    0x20000090   0x08008480   0x00000001   Data   RW         3767    .data               usart.o
    0x20000091   0x08008481   0x00000001   Data   RW         3768    .data               usart.o
    0x20000092   0x08008482   0x0000000c   Data   RW         3848    .data               fan_pro.o
    0x2000009e   0x0800848e   0x00000002   PAD
    0x200000a0   0x08008490   0x00000008   Data   RW         3877    .data               menu.o
    0x200000a8   0x08008498   0x00000003   Data   RW         4276    .data               ad7689.o
    0x200000ab   0x0800849b   0x00000001   PAD
    0x200000ac        -       0x00000190   Zero   RW         3320    .bss                adc.o
    0x2000023c        -       0x000001d0   Zero   RW         3678    .bss                modbus.o
    0x2000040c        -       0x000000c8   Zero   RW         3763    .bss                usart.o
    0x200004d4        -       0x00000190   Zero   RW         3764    .bss                usart.o
    0x20000664        -       0x000000c8   Zero   RW         3765    .bss                usart.o
    0x2000072c        -       0x000001c8   Zero   RW         4274    .bss                ad7689.o
    0x200008f4        -       0x00000060   Zero   RW         4432    .bss                c_w.l(libspace.o)
    0x20000954   0x0800849b   0x00000004   PAD
    0x20000958        -       0x00000200   Zero   RW           18    HEAP                startup_stm32f10x_hd.o
    0x20000b58        -       0x00000800   Zero   RW           17    STACK               startup_stm32f10x_hd.o


==============================================================================

Image component sizes


      Code (inc. data)   RO Data    RW Data    ZI Data      Debug   Object Name

       668         40          0          3        456       3954   ad7689.o
       520         24          0         10        400       2565   adc.o
       186          4          0          1          0       1178   at24c01.o
        92         12          0          4          0      16198   bsp_systick.o
       108          6          0          1          0        659   clock.o
         0          0          0          0          0       4588   core_cm3.o
       220         10          0          0          0        997   dac.o
       584         40          0         12          0       1618   fan_pro.o
      6746         36          0          0          0       4503   flash.o
       156         22          0          0          0        488   gpio.o
       554         36          0          0          0       3724   iic_24c01.o
        34          0          0          0          0        420   iwdg.o
       144         16          0         12          0     215440   main.o
      1768        108          0          8          0       3775   menu.o
       120         14          0          0          0     275367   misc.o
     14638        222          0         56        464      20990   modbus.o
        64         26        304          0       2560        788   startup_stm32f10x_hd.o
       408         22          0          0          0       7934   stm32f10x_adc.o
       376         18          0          0          0       4577   stm32f10x_dma.o
        44         12          0          0          0        989   stm32f10x_flash.o
       518         34          0          0          0       5682   stm32f10x_gpio.o
      1478        122          0          8          0       7654   stm32f10x_it.o
        68         30          0          0          0       2262   stm32f10x_iwdg.o
       648        112          0         20          0      11710   stm32f10x_rcc.o
       102          0          0          0          0       3642   stm32f10x_spi.o
       206         42          0          0          0       2788   stm32f10x_tim.o
       384          6          0          0          0       7253   stm32f10x_usart.o
       260         26          0         20          0       1937   system_stm32f10x.o
       102          4          0          0          0        866   tim6.o
       914        104          0         10        800       6916   usart.o

    ----------------------------------------------------------------------
     32128       1148        336        172       4680     621462   Object Totals
         0          0         32          0          0          0   (incl. Generated)
        18          0          0          7          0          0   (incl. Padding)

    ----------------------------------------------------------------------

      Code (inc. data)   RO Data    RW Data    ZI Data      Debug   Library Member Name

         8          0          0          0          0         68   __main.o
         0          0          0          0          0          0   __rtentry.o
        12          0          0          0          0          0   __rtentry2.o
         6          0          0          0          0          0   __rtentry4.o
        52          8          0          0          0          0   __scatter.o
        26          0          0          0          0          0   __scatter_copy.o
        28          0          0          0          0          0   __scatter_zi.o
        18          0          0          0          0         80   exit.o
         6          0          0          0          0        152   heapauxi.o
         2          0          0          0          0          0   libinit.o
         2          0          0          0          0          0   libinit2.o
         2          0          0          0          0          0   libshutdown.o
         2          0          0          0          0          0   libshutdown2.o
         8          4          0          0         96         68   libspace.o
        68          0          0          0          0         68   rt_memclr.o
        78          0          0          0          0         80   rt_memclr_w.o
         2          0          0          0          0          0   rtexit.o
        10          0          0          0          0          0   rtexit2.o
        74          0          0          0          0         80   sys_stackheap_outer.o
         2          0          0          0          0         68   use_no_semi.o
         2          0          0          0          0         68   use_no_semi_2.o
       388         76          0          0          0         96   fdiv.o
        62          4          0          0          0         84   ffixu.o
        38          0          0          0          0         68   fflt_clz.o
       258          4          0          0          0         84   fmul.o
       140          4          0          0          0         84   fnaninf.o
        10          0          0          0          0         68   fretinf.o
         0          0          0          0          0          0   usenofp.o

    ----------------------------------------------------------------------
      1312        100          0          0        100       1216   Library Totals
         8          0          0          0          4          0   (incl. Padding)

    ----------------------------------------------------------------------

      Code (inc. data)   RO Data    RW Data    ZI Data      Debug   Library Name

       408         12          0          0         96        732   c_w.l
       896         88          0          0          0        484   fz_ws.l

    ----------------------------------------------------------------------
      1312        100          0          0        100       1216   Library Totals

    ----------------------------------------------------------------------

==============================================================================


      Code (inc. data)   RO Data    RW Data    ZI Data      Debug   

     33440       1248        336        172       4780     615394   Grand Totals
     33440       1248        336        172       4780     615394   ELF Image Totals
     33440       1248        336        172          0          0   ROM Totals

==============================================================================

    Total RO  Size (Code + RO Data)                33776 (  32.98kB)
    Total RW  Size (RW Data + ZI Data)              4952 (   4.84kB)
    Total ROM Size (Code + RO Data + RW Data)      33948 (  33.15kB)

==============================================================================

