Component: ARM Compiler 5.06 update 6 (build 750) Tool: armlink [4d35ed]

==============================================================================

Section Cross References

    startup_stm32f10x_hd.o(STACK) refers (Special) to heapauxi.o(.text) for __use_two_region_memory
    startup_stm32f10x_hd.o(HEAP) refers (Special) to heapauxi.o(.text) for __use_two_region_memory
    startup_stm32f10x_hd.o(RESET) refers (Special) to heapauxi.o(.text) for __use_two_region_memory
    startup_stm32f10x_hd.o(RESET) refers to startup_stm32f10x_hd.o(STACK) for __initial_sp
    startup_stm32f10x_hd.o(RESET) refers to startup_stm32f10x_hd.o(.text) for Reset_Handler
    startup_stm32f10x_hd.o(RESET) refers to stm32f10x_it.o(i.NMI_Handler) for NMI_Handler
    startup_stm32f10x_hd.o(RESET) refers to stm32f10x_it.o(i.HardFault_Handler) for HardFault_Handler
    startup_stm32f10x_hd.o(RESET) refers to stm32f10x_it.o(i.MemManage_Handler) for MemManage_Handler
    startup_stm32f10x_hd.o(RESET) refers to stm32f10x_it.o(i.BusFault_Handler) for BusFault_Handler
    startup_stm32f10x_hd.o(RESET) refers to stm32f10x_it.o(i.UsageFault_Handler) for UsageFault_Handler
    startup_stm32f10x_hd.o(RESET) refers to stm32f10x_it.o(i.SVC_Handler) for SVC_Handler
    startup_stm32f10x_hd.o(RESET) refers to stm32f10x_it.o(i.DebugMon_Handler) for DebugMon_Handler
    startup_stm32f10x_hd.o(RESET) refers to stm32f10x_it.o(i.SysTick_Handler) for SysTick_Handler
    startup_stm32f10x_hd.o(RESET) refers to stm32f10x_it.o(i.DMA1_Channel1_IRQHandler) for DMA1_Channel1_IRQHandler
    startup_stm32f10x_hd.o(RESET) refers to stm32f10x_it.o(i.DMA1_Channel2_IRQHandler) for DMA1_Channel2_IRQHandler
    startup_stm32f10x_hd.o(RESET) refers to stm32f10x_it.o(i.TIM4_IRQHandler) for TIM4_IRQHandler
    startup_stm32f10x_hd.o(RESET) refers to stm32f10x_it.o(i.USART1_IRQHandler) for USART1_IRQHandler
    startup_stm32f10x_hd.o(RESET) refers to stm32f10x_it.o(i.USART2_IRQHandler) for USART2_IRQHandler
    startup_stm32f10x_hd.o(RESET) refers to stm32f10x_it.o(i.USART3_IRQHandler) for USART3_IRQHandler
    startup_stm32f10x_hd.o(.text) refers (Special) to heapauxi.o(.text) for __use_two_region_memory
    startup_stm32f10x_hd.o(.text) refers to system_stm32f10x.o(i.SystemInit) for SystemInit
    startup_stm32f10x_hd.o(.text) refers to __main.o(!!!main) for __main
    startup_stm32f10x_hd.o(.text) refers to startup_stm32f10x_hd.o(HEAP) for Heap_Mem
    startup_stm32f10x_hd.o(.text) refers to startup_stm32f10x_hd.o(STACK) for Stack_Mem
    stm32f10x_adc.o(i.ADC_DeInit) refers to stm32f10x_rcc.o(i.RCC_APB2PeriphResetCmd) for RCC_APB2PeriphResetCmd
    stm32f10x_bkp.o(i.BKP_DeInit) refers to stm32f10x_rcc.o(i.RCC_BackupResetCmd) for RCC_BackupResetCmd
    stm32f10x_can.o(i.CAN_DeInit) refers to stm32f10x_rcc.o(i.RCC_APB1PeriphResetCmd) for RCC_APB1PeriphResetCmd
    stm32f10x_can.o(i.CAN_GetITStatus) refers to stm32f10x_can.o(i.CheckITStatus) for CheckITStatus
    stm32f10x_cec.o(i.CEC_DeInit) refers to stm32f10x_rcc.o(i.RCC_APB1PeriphResetCmd) for RCC_APB1PeriphResetCmd
    stm32f10x_dac.o(i.DAC_DeInit) refers to stm32f10x_rcc.o(i.RCC_APB1PeriphResetCmd) for RCC_APB1PeriphResetCmd
    stm32f10x_flash.o(i.FLASH_EnableWriteProtection) refers to stm32f10x_flash.o(i.FLASH_WaitForLastOperation) for FLASH_WaitForLastOperation
    stm32f10x_flash.o(i.FLASH_EraseAllBank1Pages) refers to stm32f10x_flash.o(i.FLASH_WaitForLastBank1Operation) for FLASH_WaitForLastBank1Operation
    stm32f10x_flash.o(i.FLASH_EraseAllPages) refers to stm32f10x_flash.o(i.FLASH_WaitForLastOperation) for FLASH_WaitForLastOperation
    stm32f10x_flash.o(i.FLASH_EraseOptionBytes) refers to stm32f10x_flash.o(i.FLASH_GetReadOutProtectionStatus) for FLASH_GetReadOutProtectionStatus
    stm32f10x_flash.o(i.FLASH_EraseOptionBytes) refers to stm32f10x_flash.o(i.FLASH_WaitForLastOperation) for FLASH_WaitForLastOperation
    stm32f10x_flash.o(i.FLASH_ErasePage) refers to stm32f10x_flash.o(i.FLASH_WaitForLastOperation) for FLASH_WaitForLastOperation
    stm32f10x_flash.o(i.FLASH_ProgramHalfWord) refers to stm32f10x_flash.o(i.FLASH_WaitForLastOperation) for FLASH_WaitForLastOperation
    stm32f10x_flash.o(i.FLASH_ProgramOptionByteData) refers to stm32f10x_flash.o(i.FLASH_WaitForLastOperation) for FLASH_WaitForLastOperation
    stm32f10x_flash.o(i.FLASH_ProgramWord) refers to stm32f10x_flash.o(i.FLASH_WaitForLastOperation) for FLASH_WaitForLastOperation
    stm32f10x_flash.o(i.FLASH_ReadOutProtection) refers to stm32f10x_flash.o(i.FLASH_WaitForLastOperation) for FLASH_WaitForLastOperation
    stm32f10x_flash.o(i.FLASH_UserOptionByteConfig) refers to stm32f10x_flash.o(i.FLASH_WaitForLastOperation) for FLASH_WaitForLastOperation
    stm32f10x_flash.o(i.FLASH_WaitForLastBank1Operation) refers to stm32f10x_flash.o(i.FLASH_GetBank1Status) for FLASH_GetBank1Status
    stm32f10x_flash.o(i.FLASH_WaitForLastOperation) refers to stm32f10x_flash.o(i.FLASH_GetBank1Status) for FLASH_GetBank1Status
[...]
    ..\Libraries\FWlib\src\stm32f10x_gpio.c  0x00000000   Number         0  stm32f10x_gpio.o ABSOLUTE
    ..\Libraries\FWlib\src\stm32f10x_i2c.c   0x00000000   Number         0  stm32f10x_i2c.o ABSOLUTE
    ..\Libraries\FWlib\src\stm32f10x_iwdg.c  0x00000000   Number         0  stm32f10x_iwdg.o ABSOLUTE
    ..\Libraries\FWlib\src\stm32f10x_pwr.c   0x00000000   Number         0  stm32f10x_pwr.o ABSOLUTE
    ..\Libraries\FWlib\src\stm32f10x_rcc.c   0x00000000   Number         0  stm32f10x_rcc.o ABSOLUTE
    ..\Libraries\FWlib\src\stm32f10x_rtc.c   0x00000000   Number         0  stm32f10x_rtc.o ABSOLUTE
    ..\Libraries\FWlib\src\stm32f10x_sdio.c  0x00000000   Number         0  stm32f10x_sdio.o ABSOLUTE
    ..\Libraries\FWlib\src\stm32f10x_spi.c   0x00000000   Number         0  stm32f10x_spi.o ABSOLUTE
    ..\Libraries\FWlib\src\stm32f10x_tim.c   0x00000000   Number         0  stm32f10x_tim.o ABSOLUTE
    ..\Libraries\FWlib\src\stm32f10x_usart.c 0x00000000   Number         0  stm32f10x_usart.o ABSOLUTE
    ..\Libraries\FWlib\src\stm32f10x_wwdg.c  0x00000000   Number         0  stm32f10x_wwdg.o ABSOLUTE
    ..\User\main.c                           0x00000000   Number         0  main.o ABSOLUTE
    ..\User\stm32f10x_it.c                   0x00000000   Number         0  stm32f10x_it.o ABSOLUTE
    ..\User\system_stm32f10x.c               0x00000000   Number         0  system_stm32f10x.o ABSOLUTE
    ..\\Libraries\\CMSIS\\src\\core_cm3.c    0x00000000   Number         0  core_cm3.o ABSOLUTE
    ..\drive\AD7689.c                        0x00000000   Number         0  ad7689.o ABSOLUTE
    ..\drive\AT24C01.c                       0x00000000   Number         0  at24c01.o ABSOLUTE
    ..\drive\BEEP.c                          0x00000000   Number         0  beep.o ABSOLUTE
    ..\drive\DAC.c                           0x00000000   Number         0  dac.o ABSOLUTE
    ..\drive\FAN_PRO.c                       0x00000000   Number         0  fan_pro.o ABSOLUTE
    ..\drive\GPIO.c                          0x00000000   Number         0  gpio.o ABSOLUTE
    ..\drive\IIC_24C01.c                     0x00000000   Number         0  iic_24c01.o ABSOLUTE
    ..\drive\Menu.c                          0x00000000   Number         0  menu.o ABSOLUTE
    ..\drive\Slave_Usart.c                   0x00000000   Number         0  slave_usart.o ABSOLUTE
    ..\drive\TIM6.c                          0x00000000   Number         0  tim6.o ABSOLUTE
    ..\drive\adc.c                           0x00000000   Number         0  adc.o ABSOLUTE
    ..\drive\bsp_SysTick.c                   0x00000000   Number         0  bsp_systick.o ABSOLUTE
    ..\drive\clock.c                         0x00000000   Number         0  clock.o ABSOLUTE
    ..\drive\flash.c                         0x00000000   Number         0  flash.o ABSOLUTE
    ..\drive\iwdg.c                          0x00000000   Number         0  iwdg.o ABSOLUTE
    ..\drive\key.c                           0x00000000   Number         0  key.o ABSOLUTE
    ..\drive\me_scpi.c                       0x00000000   Number         0  me_scpi.o ABSOLUTE
    ..\drive\modbus.c                        0x00000000   Number         0  modbus.o ABSOLUTE
    ..\drive\usart.c                         0x00000000   Number         0  usart.o ABSOLUTE
    dc.s                                     0x00000000   Number         0  dc.o ABSOLUTE
    RESET                                    0x08000000   Section      304  startup_stm32f10x_hd.o(RESET)
    !!!main                                  0x08000130   Section        8  __main.o(!!!main)
    !!!scatter                               0x08000138   Section       52  __scatter.o(!!!scatter)
    !!handler_copy                           0x0800016c   Section       26  __scatter_copy.o(!!handler_copy)
    !!handler_zi                             0x08000188   Section       28  __scatter_zi.o(!!handler_zi)
    .ARM.Collect$$libinit$$00000000          0x080001a4   Section        2  libinit.o(.ARM.Collect$$libinit$$00000000)
    .ARM.Collect$$libinit$$00000002          0x080001a6   Section        0  libinit2.o(.ARM.Collect$$libinit$$00000002)
    .ARM.Collect$$libinit$$00000004          0x080001a6   Section        0  libinit2.o(.ARM.Collect$$libinit$$00000004)
    .ARM.Collect$$libinit$$0000000A          0x080001a6   Section        0  libinit2.o(.ARM.Collect$$libinit$$0000000A)
    .ARM.Collect$$libinit$$0000000C          0x080001a6   Section        0  libinit2.o(.ARM.Collect$$libinit$$0000000C)
    .ARM.Collect$$libinit$$0000000E          0x080001a6   Section        0  libinit2.o(.ARM.Collect$$libinit$$0000000E)
    .ARM.Collect$$libinit$$00000011          0x080001a6   Section        0  libinit2.o(.ARM.Collect$$libinit$$00000011)
    .ARM.Collect$$libinit$$00000013          0x080001a6   Section        0  libinit2.o(.ARM.Collect$$libinit$$00000013)
    .ARM.Collect$$libinit$$00000015          0x080001a6   Section        0  libinit2.o(.ARM.Collect$$libinit$$00000015)
    .ARM.Collect$$libinit$$00000017          0x080001a6   Section        0  libinit2.o(.ARM.Collect$$libinit$$00000017)
    .ARM.Collect$$libinit$$00000019          0x080001a6   Section        0  libinit2.o(.ARM.Collect$$libinit$$00000019)
    .ARM.Collect$$libinit$$0000001B          0x080001a6   Section        0  libinit2.o(.ARM.Collect$$libinit$$0000001B)
    .ARM.Collect$$libinit$$0000001D          0x080001a6   Section        0  libinit2.o(.ARM.Collect$$libinit$$0000001D)
    .ARM.Collect$$libinit$$0000001F          0x080001a6   Section        0  libinit2.o(.ARM.Collect$$libinit$$0000001F)
    .ARM.Collect$$libinit$$00000021          0x080001a6   Section        0  libinit2.o(.ARM.Collect$$libinit$$00000021)
    .ARM.Collect$$libinit$$00000023          0x080001a6   Section        0  libinit2.o(.ARM.Collect$$libinit$$00000023)
    .ARM.Collect$$libinit$$00000025          0x080001a6   Section        0  libinit2.o(.ARM.Collect$$libinit$$00000025)
    .ARM.Collect$$libinit$$0000002C          0x080001a6   Section        0  libinit2.o(.ARM.Collect$$libinit$$0000002C)
    .ARM.Collect$$libinit$$0000002E          0x080001a6   Section        0  libinit2.o(.ARM.Collect$$libinit$$0000002E)
    .ARM.Collect$$libinit$$00000030          0x080001a6   Section        0  libinit2.o(.ARM.Collect$$libinit$$00000030)
    .ARM.Collect$$libinit$$00000032          0x080001a6   Section        0  libinit2.o(.ARM.Collect$$libinit$$00000032)
    .ARM.Collect$$libinit$$00000033          0x080001a6   Section        2  libinit2.o(.ARM.Collect$$libinit$$00000033)
    .ARM.Collect$$libshutdown$$00000000      0x080001a8   Section        2  libshutdown.o(.ARM.Collect$$libshutdown$$00000000)
    .ARM.Collect$$libshutdown$$00000002      0x080001aa   Section        0  libshutdown2.o(.ARM.Collect$$libshutdown$$00000002)
    .ARM.Collect$$libshutdown$$00000004      0x080001aa   Section        0  libshutdown2.o(.ARM.Collect$$libshutdown$$00000004)
    .ARM.Collect$$libshutdown$$00000007      0x080001aa   Section        0  libshutdown2.o(.ARM.Collect$$libshutdown$$00000007)
    .ARM.Collect$$libshutdown$$0000000A      0x080001aa   Section        0  libshutdown2.o(.ARM.Collect$$libshutdown$$0000000A)
    .ARM.Collect$$libshutdown$$0000000C      0x080001aa   Section        0  libshutdown2.o(.ARM.Collect$$libshutdown$$0000000C)
    .ARM.Collect$$libshutdown$$0000000F      0x080001aa   Section        0  libshutdown2.o(.ARM.Collect$$libshutdown$$0000000F)
    .ARM.Collect$$libshutdown$$00000010      0x080001aa   Section        2  libshutdown2.o(.ARM.Collect$$libshutdown$$00000010)
    .ARM.Collect$$rtentry$$00000000          0x080001ac   Section        0  __rtentry.o(.ARM.Collect$$rtentry$$00000000)
    .ARM.Collect$$rtentry$$00000002          0x080001ac   Section        0  __rtentry2.o(.ARM.Collect$$rtentry$$00000002)
    .ARM.Collect$$rtentry$$00000004          0x080001ac   Section        6  __rtentry4.o(.ARM.Collect$$rtentry$$00000004)
    .ARM.Collect$$rtentry$$00000009          0x080001b2   Section        0  __rtentry2.o(.ARM.Collect$$rtentry$$00000009)
    .ARM.Collect$$rtentry$$0000000A          0x080001b2   Section        4  __rtentry2.o(.ARM.Collect$$rtentry$$0000000A)
    .ARM.Collect$$rtentry$$0000000C          0x080001b6   Section        0  __rtentry2.o(.ARM.Collect$$rtentry$$0000000C)
    .ARM.Collect$$rtentry$$0000000D          0x080001b6   Section        8  __rtentry2.o(.ARM.Collect$$rtentry$$0000000D)
    .ARM.Collect$$rtexit$$00000000           0x080001be   Section        2  rtexit.o(.ARM.Collect$$rtexit$$00000000)
    .ARM.Collect$$rtexit$$00000002           0x080001c0   Section        0  rtexit2.o(.ARM.Collect$$rtexit$$00000002)
    .ARM.Collect$$rtexit$$00000003           0x080001c0   Section        4  rtexit2.o(.ARM.Collect$$rtexit$$00000003)
    .ARM.Collect$$rtexit$$00000004           0x080001c4   Section        6  rtexit2.o(.ARM.Collect$$rtexit$$00000004)
    .text                                    0x080001cc   Section       64  startup_stm32f10x_hd.o(.text)
    .text                                    0x0800020c   Section        2  use_no_semi_2.o(.text)
    .text                                    0x0800020e   Section       68  rt_memclr.o(.text)
    .text                                    0x08000252   Section        0  heapauxi.o(.text)
    .text                                    0x08000258   Section        2  use_no_semi.o(.text)
    .text                                    0x0800025a   Section       78  rt_memclr_w.o(.text)
    .text                                    0x080002a8   Section        8  libspace.o(.text)
    .text                                    0x080002b0   Section       74  sys_stackheap_outer.o(.text)
    .text                                    0x080002fa   Section        0  exit.o(.text)
    i.AD5541_GPIOCoing                       0x0800030c   Section        0  dac.o(i.AD5541_GPIOCoing)
    i.AD5541_Send                            0x08000330   Section        0  dac.o(i.AD5541_Send)
    i.AD7689_Delay                           0x080003ec   Section        0  ad7689.o(i.AD7689_Delay)
    i.AD7689_InitializeSPI2                  0x08000408   Section        0  ad7689.o(i.AD7689_InitializeSPI2)
    i.AD7689_Scan_CH                         0x080004cc   Section        0  ad7689.o(i.AD7689_Scan_CH)
    i.AD7689_TransferByte                    0x080005fc   Section        0  ad7689.o(i.AD7689_TransferByte)
    i.ADC1_DMA_Init                          0x08000638   Section        0  adc.o(i.ADC1_DMA_Init)
    i.ADC_CH_Scan                            0x0800075c   Section        0  adc.o(i.ADC_CH_Scan)
    i.ADC_Cmd                                0x08000828   Section        0  stm32f10x_adc.o(i.ADC_Cmd)
    i.ADC_DMACmd                             0x0800083c   Section        0  stm32f10x_adc.o(i.ADC_DMACmd)
    i.ADC_DeInit                             0x08000850   Section        0  stm32f10x_adc.o(i.ADC_DeInit)
    i.ADC_GetCalibrationStatus               0x08000894   Section        0  stm32f10x_adc.o(i.ADC_GetCalibrationStatus)
    i.ADC_GetResetCalibrationStatus          0x080008a2   Section        0  stm32f10x_adc.o(i.ADC_GetResetCalibrationStatus)
    i.ADC_Init                               0x080008b0   Section        0  stm32f10x_adc.o(i.ADC_Init)
    i.ADC_RegularChannelConfig               0x080008f8   Section        0  stm32f10x_adc.o(i.ADC_RegularChannelConfig)
    i.ADC_ResetCalibration                   0x0800096c   Section        0  stm32f10x_adc.o(i.ADC_ResetCalibration)
    i.ADC_SoftwareStartConvCmd               0x08000976   Section        0  stm32f10x_adc.o(i.ADC_SoftwareStartConvCmd)
    i.ADC_StartCalibration                   0x0800098a   Section        0  stm32f10x_adc.o(i.ADC_StartCalibration)
    i.All_protect                            0x08000994   Section        0  fan_pro.o(i.All_protect)
    i.Baud_SET                               0x08000b24   Section        0  usart.o(i.Baud_SET)
    i.BusFault_Handler                       0x08000b70   Section        0  stm32f10x_it.o(i.BusFault_Handler)
    i.Cont_coeff_LEDMODE                     0x08000b74   Section        0  menu.o(i.Cont_coeff_LEDMODE)
    i.DAM1_ADC_NVIC                          0x08000c14   Section        0  adc.o(i.DAM1_ADC_NVIC)
    i.DMA1_Channel1_IRQHandler               0x08000c34   Section        0  stm32f10x_it.o(i.DMA1_Channel1_IRQHandler)
    i.DMA1_Channel2_IRQHandler               0x08000c48   Section        0  stm32f10x_it.o(i.DMA1_Channel2_IRQHandler)
    i.DMA_ClearITPendingBit                  0x08000c60   Section        0  stm32f10x_dma.o(i.DMA_ClearITPendingBit)
    i.DMA_Cmd                                0x08000c78   Section        0  stm32f10x_dma.o(i.DMA_Cmd)
    i.DMA_DeInit                             0x08000c90   Section        0  stm32f10x_dma.o(i.DMA_DeInit)
    i.DMA_ITConfig                           0x08000d74   Section        0  stm32f10x_dma.o(i.DMA_ITConfig)
    i.DMA_Init                               0x08000d84   Section        0  stm32f10x_dma.o(i.DMA_Init)
    i.DebugMon_Handler                       0x08000dbe   Section        0  stm32f10x_it.o(i.DebugMon_Handler)
    i.EEPROM_READ_Byte                       0x08000dc0   Section        0  at24c01.o(i.EEPROM_READ_Byte)
    i.EEPROM_READ_Coeff                      0x08000e10   Section        0  flash.o(i.EEPROM_READ_Coeff)
    i.EEPROM_WriteByte                       0x0800187a   Section        0  at24c01.o(i.EEPROM_WriteByte)
    i.FLASH_PrefetchBufferCmd                0x080018e8   Section        0  stm32f10x_flash.o(i.FLASH_PrefetchBufferCmd)
    i.FLASH_SetLatency                       0x08001900   Section        0  stm32f10x_flash.o(i.FLASH_SetLatency)
    i.Flash_Write_all                        0x08001914   Section        0  flash.o(i.Flash_Write_all)
    i.GPIO_AFIODeInit                        0x080023be   Section        0  stm32f10x_gpio.o(i.GPIO_AFIODeInit)
    i.GPIO_Conf                              0x080023d4   Section        0  gpio.o(i.GPIO_Conf)
    i.GPIO_DeInit                            0x08002470   Section        0  stm32f10x_gpio.o(i.GPIO_DeInit)
    i.GPIO_Init                              0x08002524   Section        0  stm32f10x_gpio.o(i.GPIO_Init)
    i.GPIO_PinRemapConfig                    0x080025c0   Section        0  stm32f10x_gpio.o(i.GPIO_PinRemapConfig)
    i.GPIO_ReadInputDataBit                  0x08002618   Section        0  stm32f10x_gpio.o(i.GPIO_ReadInputDataBit)
    i.GPIO_ResetBits                         0x08002626   Section        0  stm32f10x_gpio.o(i.GPIO_ResetBits)
    i.GPIO_SetBits                           0x0800262a   Section        0  stm32f10x_gpio.o(i.GPIO_SetBits)
    i.HardFault_Handler                      0x0800262e   Section        0  stm32f10x_it.o(i.HardFault_Handler)
    i.Hardware_CRC                           0x08002630   Section        0  modbus.o(i.Hardware_CRC)
    i.Hardware_CRC_Re                        0x080026a8   Section        0  modbus.o(i.Hardware_CRC_Re)
    i.IWDG_Enable                            0x08002744   Section        0  stm32f10x_iwdg.o(i.IWDG_Enable)
    i.IWDG_Inte                              0x08002754   Section        0  iwdg.o(i.IWDG_Inte)
    i.IWDG_ReloadCounter                     0x08002778   Section        0  stm32f10x_iwdg.o(i.IWDG_ReloadCounter)
    i.IWDG_SetPrescaler                      0x08002788   Section        0  stm32f10x_iwdg.o(i.IWDG_SetPrescaler)
    i.IWDG_SetReload                         0x08002794   Section        0  stm32f10x_iwdg.o(i.IWDG_SetReload)
    i.IWDG_WriteAccessCmd                    0x080027a0   Section        0  stm32f10x_iwdg.o(i.IWDG_WriteAccessCmd)
    i.I_SW_COTNR                             0x080027ac   Section        0  menu.o(i.I_SW_COTNR)
    i.MemManage_Handler                      0x080027fc   Section        0  stm32f10x_it.o(i.MemManage_Handler)
    i.NMI_Handler                            0x080027fe   Section        0  stm32f10x_it.o(i.NMI_Handler)
    i.NVIC_Init                              0x08002800   Section        0  misc.o(i.NVIC_Init)
    i.NVIC_PriorityGroupConfig               0x08002864   Section        0  misc.o(i.NVIC_PriorityGroupConfig)
    i.RCC_ADCCLKConfig                       0x08002878   Section        0  stm32f10x_rcc.o(i.RCC_ADCCLKConfig)
    i.RCC_AHBPeriphClockCmd                  0x0800288c   Section        0  stm32f10x_rcc.o(i.RCC_AHBPeriphClockCmd)
    i.RCC_APB1PeriphClockCmd                 0x080028a4   Section        0  stm32f10x_rcc.o(i.RCC_APB1PeriphClockCmd)
    i.RCC_APB2PeriphClockCmd                 0x080028bc   Section        0  stm32f10x_rcc.o(i.RCC_APB2PeriphClockCmd)
    i.RCC_APB2PeriphResetCmd                 0x080028d4   Section        0  stm32f10x_rcc.o(i.RCC_APB2PeriphResetCmd)
    i.RCC_Configuration                      0x080028ec   Section        0  clock.o(i.RCC_Configuration)
    i.RCC_DeInit                             0x08002958   Section        0  stm32f10x_rcc.o(i.RCC_DeInit)
    i.RCC_GetClocksFreq                      0x08002998   Section        0  stm32f10x_rcc.o(i.RCC_GetClocksFreq)
    i.RCC_GetFlagStatus                      0x08002a2c   Section        0  stm32f10x_rcc.o(i.RCC_GetFlagStatus)
    i.RCC_GetSYSCLKSource                    0x08002a5c   Section        0  stm32f10x_rcc.o(i.RCC_GetSYSCLKSource)
    i.RCC_HCLKConfig                         0x08002a6c   Section        0  stm32f10x_rcc.o(i.RCC_HCLKConfig)
    i.RCC_HSEConfig                          0x08002a80   Section        0  stm32f10x_rcc.o(i.RCC_HSEConfig)
    i.RCC_PCLK1Config                        0x08002ab4   Section        0  stm32f10x_rcc.o(i.RCC_PCLK1Config)
    i.RCC_PCLK2Config                        0x08002ac8   Section        0  stm32f10x_rcc.o(i.RCC_PCLK2Config)
    i.RCC_PLLCmd                             0x08002adc   Section        0  stm32f10x_rcc.o(i.RCC_PLLCmd)
    i.RCC_PLLConfig                          0x08002ae8   Section        0  stm32f10x_rcc.o(i.RCC_PLLConfig)
    i.RCC_SYSCLKConfig                       0x08002afc   Section        0  stm32f10x_rcc.o(i.RCC_SYSCLKConfig)
    i.RCC_WaitForHSEStartUp                  0x08002b10   Section        0  stm32f10x_rcc.o(i.RCC_WaitForHSEStartUp)
    i.SPI_AD7689_Read                        0x08002b3c   Section        0  ad7689.o(i.SPI_AD7689_Read)
    i.SPI_Cmd                                0x08002ba4   Section        0  stm32f10x_spi.o(i.SPI_Cmd)
    i.SPI_I2S_GetFlagStatus                  0x08002bb8   Section        0  stm32f10x_spi.o(i.SPI_I2S_GetFlagStatus)
    i.SPI_I2S_ReceiveData                    0x08002bc6   Section        0  stm32f10x_spi.o(i.SPI_I2S_ReceiveData)
    i.SPI_I2S_SendData                       0x08002bca   Section        0  stm32f10x_spi.o(i.SPI_I2S_SendData)
    i.SPI_Init                               0x08002bce   Section        0  stm32f10x_spi.o(i.SPI_Init)
    i.SVC_Handler                            0x08002c06   Section        0  stm32f10x_it.o(i.SVC_Handler)
    i.Sence_SW_CONT                          0x08002c08   Section        0  menu.o(i.Sence_SW_CONT)
    i.SetSysClockTo72                        0x08002c28   Section        0  system_stm32f10x.o(i.SetSysClockTo72)
    SetSysClockTo72                          0x08002c29   Thumb Code   160  system_stm32f10x.o(i.SetSysClockTo72)
    i.SysTick_Handler                        0x08002cd0   Section        0  stm32f10x_it.o(i.SysTick_Handler)
    i.SysTick_Init                           0x08002d08   Section        0  bsp_systick.o(i.SysTick_Init)
    i.SystemInit                             0x08002d4c   Section        0  system_stm32f10x.o(i.SystemInit)
    i.TIM4_IRQHandler                        0x08002d9c   Section        0  stm32f10x_it.o(i.TIM4_IRQHandler)
    i.TIM6_Config                            0x08002e24   Section        0  tim6.o(i.TIM6_Config)
    i.TIM_ClearITPendingBit                  0x08002e80   Section        0  stm32f10x_tim.o(i.TIM_ClearITPendingBit)
    i.TIM_Cmd                                0x08002e86   Section        0  stm32f10x_tim.o(i.TIM_Cmd)
    i.TIM_ITConfig                           0x08002e9a   Section        0  stm32f10x_tim.o(i.TIM_ITConfig)
    i.TIM_TimeBaseInit                       0x08002eac   Section        0  stm32f10x_tim.o(i.TIM_TimeBaseInit)
    i.Temp_Comapre                           0x08002f48   Section        0  fan_pro.o(i.Temp_Comapre)
    i.TimingDelay_Decrement                  0x08002fa4   Section        0  bsp_systick.o(i.TimingDelay_Decrement)
    i.Transformation_ADC                     0x08002fb8   Section        0  modbus.o(i.Transformation_ADC)
    i.UART1_Action                           0x08003cbc   Section        0  modbus.o(i.UART1_Action)
    i.UART1_Send                             0x08004014   Section        0  usart.o(i.UART1_Send)
    i.UART2_Send                             0x08004070   Section        0  usart.o(i.UART2_Send)
    i.UART_Action                            0x080040cc   Section        0  modbus.o(i.UART_Action)
    i.USART1_IRQHandler                      0x08004efc   Section        0  stm32f10x_it.o(i.USART1_IRQHandler)
    i.USART1_NVIC_Config                     0x08005008   Section        0  usart.o(i.USART1_NVIC_Config)
    USART1_NVIC_Config                       0x08005009   Thumb Code    92  usart.o(i.USART1_NVIC_Config)
    i.USART2_Configuration                   0x08005064   Section        0  usart.o(i.USART2_Configuration)
    i.USART2_IRQHandler                      0x080050f8   Section        0  stm32f10x_it.o(i.USART2_IRQHandler)
    i.USART3_IRQHandler                      0x08005204   Section        0  stm32f10x_it.o(i.USART3_IRQHandler)
    i.USART_ClearFlag                        0x0800522c   Section        0  stm32f10x_usart.o(i.USART_ClearFlag)
    i.USART_ClearITPendingBit                0x08005232   Section        0  stm32f10x_usart.o(i.USART_ClearITPendingBit)
    i.USART_Cmd                              0x0800523e   Section        0  stm32f10x_usart.o(i.USART_Cmd)
    i.USART_Configuration                    0x08005254   Section        0  usart.o(i.USART_Configuration)
    i.USART_GetFlagStatus                    0x080052fc   Section        0  stm32f10x_usart.o(i.USART_GetFlagStatus)
    i.USART_GetITStatus                      0x0800530a   Section        0  stm32f10x_usart.o(i.USART_GetITStatus)
    i.USART_ITConfig                         0x08005348   Section        0  stm32f10x_usart.o(i.USART_ITConfig)
    i.USART_Init                             0x08005378   Section        0  stm32f10x_usart.o(i.USART_Init)
    i.USART_ReceiveData                      0x08005424   Section        0  stm32f10x_usart.o(i.USART_ReceiveData)
    i.USART_SendData                         0x0800542c   Section        0  stm32f10x_usart.o(i.USART_SendData)
    i.UsageFault_Handler                     0x08005434   Section        0  stm32f10x_it.o(i.UsageFault_Handler)
    i.V_SW_COTNR                             0x08005438   Section        0  menu.o(i.V_SW_COTNR)
    i.Write_ADDR                             0x08005490   Section        0  flash.o(i.Write_ADDR)
    i._sys_exit                              0x080054dc   Section        0  usart.o(i._sys_exit)
    i.i2c_CfgGpio                            0x080054e0   Section        0  iic_24c01.o(i.i2c_CfgGpio)
    i.i2c_Delay                              0x08005528   Section        0  iic_24c01.o(i.i2c_Delay)
    i2c_Delay                                0x08005529   Thumb Code    26  iic_24c01.o(i.i2c_Delay)
    i.i2c_NAck                               0x08005544   Section        0  iic_24c01.o(i.i2c_NAck)
    i.i2c_ReadByte                           0x0800557c   Section        0  iic_24c01.o(i.i2c_ReadByte)
    i.i2c_SendByte                           0x080055e0   Section        0  iic_24c01.o(i.i2c_SendByte)
    i.i2c_Start                              0x08005658   Section        0  iic_24c01.o(i.i2c_Start)
    i.i2c_Stop                               0x08005698   Section        0  iic_24c01.o(i.i2c_Stop)
    i.i2c_WaitAck                            0x080056c4   Section        0  iic_24c01.o(i.i2c_WaitAck)
    i.main                                   0x0800570c   Section        0  main.o(i.main)
    i.worke_mode                             0x080057b8   Section        0  menu.o(i.worke_mode)
    .data                                    0x20000000   Section       20  stm32f10x_rcc.o(.data)
    ADCPrescTable                            0x20000000   Data           4  stm32f10x_rcc.o(.data)
    APBAHBPrescTable                         0x20000004   Data          16  stm32f10x_rcc.o(.data)
    .data                                    0x20000014   Section        4  main.o(.data)
    .data                                    0x20000018   Section        4  main.o(.data)
    .data                                    0x2000001c   Section        4  main.o(.data)
    .data                                    0x20000020   Section        8  stm32f10x_it.o(.data)
    .data                                    0x20000028   Section       20  system_stm32f10x.o(.data)
    .data                                    0x2000003c   Section        6  adc.o(.data)
    a                                        0x2000003c   Data           1  adc.o(.data)
    b                                        0x2000003d   Data           1  adc.o(.data)
    .data                                    0x20000042   Section        2  adc.o(.data)
    .data                                    0x20000044   Section        2  adc.o(.data)
    .data                                    0x20000048   Section        4  bsp_systick.o(.data)
    TimingDelay                              0x20000048   Data           4  bsp_systick.o(.data)
    .data                                    0x2000004c   Section        1  at24c01.o(.data)
    date                                     0x2000004c   Data           1  at24c01.o(.data)
    .data                                    0x2000004d   Section        1  clock.o(.data)
    .data                                    0x20000050   Section       48  modbus.o(.data)
    .data                                    0x20000080   Section        8  usart.o(.data)
    .data                                    0x20000088   Section        1  usart.o(.data)
    .data                                    0x20000089   Section        1  usart.o(.data)
    .data                                    0x2000008a   Section       12  fan_pro.o(.data)
    .data                                    0x20000098   Section        8  menu.o(.data)
    LED_ON_V                                 0x2000009c   Data           4  menu.o(.data)
    .data                                    0x200000a0   Section        3  ad7689.o(.data)
    var_chI                                  0x200000a0   Data           1  ad7689.o(.data)
    I_cont                                   0x200000a1   Data           1  ad7689.o(.data)
    V_cont                                   0x200000a2   Data           1  ad7689.o(.data)
    .bss                                     0x200000a4   Section      400  adc.o(.bss)
    .bss                                     0x20000234   Section      412  modbus.o(.bss)
    .bss                                     0x200003d0   Section      200  usart.o(.bss)
    .bss                                     0x20000498   Section      400  usart.o(.bss)
    .bss                                     0x20000628   Section      200  usart.o(.bss)
    .bss                                     0x200006f0   Section      456  ad7689.o(.bss)
    .bss                                     0x200008b8   Section       96  libspace.o(.bss)
    HEAP                                     0x20000918   Section      512  startup_stm32f10x_hd.o(HEAP)
    Heap_Mem                                 0x20000918   Data         512  startup_stm32f10x_hd.o(HEAP)
    STACK                                    0x20000b18   Section     2048  startup_stm32f10x_hd.o(STACK)
    Stack_Mem                                0x20000b18   Data        2048  startup_stm32f10x_hd.o(STACK)
    __initial_sp                             0x20001318   Data           0  startup_stm32f10x_hd.o(STACK)

    Global Symbols

    Symbol Name                              Value     Ov Type        Size  Object(Section)

    BuildAttributes$$THM_ISAv4$P$D$K$B$S$PE$A:L22UL41UL21$X:L11$S22US41US21$IEEE1$IW$USESV6$~STKCKD$USESV7$~SHL$OTIME$ROPI$IEEEJ$EBA8$UX$STANDARDLIB$REQ8$PRES8$EABIv2 0x00000000   Number         0  anon$$obj.o ABSOLUTE
    __ARM_use_no_argv                        0x00000000   Number         0  main.o ABSOLUTE
    _printf_flags                            0x00000000   Number         0  printf_stubs.o ABSOLUTE
    _printf_return_value                     0x00000000   Number         0  printf_stubs.o ABSOLUTE
    _printf_sizespec                         0x00000000   Number         0  printf_stubs.o ABSOLUTE
    _printf_widthprec                        0x00000000   Number         0  printf_stubs.o ABSOLUTE
    __ARM_exceptions_init                     - Undefined Weak Reference
    __alloca_initialize                       - Undefined Weak Reference
    __arm_preinit_                            - Undefined Weak Reference
    __cpp_initialize__aeabi_                  - Undefined Weak Reference
    __cxa_finalize                            - Undefined Weak Reference
    __sigvec_lookup                           - Undefined Weak Reference
    _atexit_init                              - Undefined Weak Reference
    _call_atexit_fns                          - Undefined Weak Reference
    _clock_init                               - Undefined Weak Reference
    _fp_trap_init                             - Undefined Weak Reference
    _fp_trap_shutdown                         - Undefined Weak Reference
    _get_lc_collate                           - Undefined Weak Reference
    _get_lc_monetary                          - Undefined Weak Reference
    _get_lc_time                              - Undefined Weak Reference
    _getenv_init                              - Undefined Weak Reference
    _handle_redirection                       - Undefined Weak Reference
    _init_alloc                               - Undefined Weak Reference
    _init_user_alloc                          - Undefined Weak Reference
    _initio                                   - Undefined Weak Reference
    _mutex_acquire                            - Undefined Weak Reference
    _mutex_release                            - Undefined Weak Reference
    _printf_post_padding                      - Undefined Weak Reference
    _printf_pre_padding                       - Undefined Weak Reference
    _printf_truncate_signed                   - Undefined Weak Reference
    _printf_truncate_unsigned                 - Undefined Weak Reference
    _rand_init                                - Undefined Weak Reference
    _signal_finish                            - Undefined Weak Reference
    _signal_init                              - Undefined Weak Reference
    _terminate_alloc                          - Undefined Weak Reference
    _terminate_user_alloc                     - Undefined Weak Reference
    _terminateio                              - Undefined Weak Reference
    __Vectors_Size                           0x00000130   Number         0  startup_stm32f10x_hd.o ABSOLUTE
    __Vectors                                0x08000000   Data           4  startup_stm32f10x_hd.o(RESET)
    __Vectors_End                            0x08000130   Data           0  startup_stm32f10x_hd.o(RESET)
    __main                                   0x08000131   Thumb Code     8  __main.o(!!!main)
    __scatterload                            0x08000139   Thumb Code     0  __scatter.o(!!!scatter)
    __scatterload_rt2                        0x08000139   Thumb Code    44  __scatter.o(!!!scatter)
    __scatterload_rt2_thumb_only             0x08000139   Thumb Code     0  __scatter.o(!!!scatter)
    __scatterload_null                       0x08000147   Thumb Code     0  __scatter.o(!!!scatter)
    __scatterload_copy                       0x0800016d   Thumb Code    26  __scatter_copy.o(!!handler_copy)
    __scatterload_zeroinit                   0x08000189   Thumb Code    28  __scatter_zi.o(!!handler_zi)
    __rt_lib_init                            0x080001a5   Thumb Code     0  libinit.o(.ARM.Collect$$libinit$$00000000)
    __rt_lib_init_alloca_1                   0x080001a7   Thumb Code     0  libinit2.o(.ARM.Collect$$libinit$$0000002E)
    __rt_lib_init_argv_1                     0x080001a7   Thumb Code     0  libinit2.o(.ARM.Collect$$libinit$$0000002C)
    __rt_lib_init_atexit_1                   0x080001a7   Thumb Code     0  libinit2.o(.ARM.Collect$$libinit$$0000001B)
    __rt_lib_init_clock_1                    0x080001a7   Thumb Code     0  libinit2.o(.ARM.Collect$$libinit$$00000021)
    __rt_lib_init_cpp_1                      0x080001a7   Thumb Code     0  libinit2.o(.ARM.Collect$$libinit$$00000032)
    __rt_lib_init_exceptions_1               0x080001a7   Thumb Code     0  libinit2.o(.ARM.Collect$$libinit$$00000030)
    __rt_lib_init_fp_1                       0x080001a7   Thumb Code     0  libinit2.o(.ARM.Collect$$libinit$$00000002)
    __rt_lib_init_fp_trap_1                  0x080001a7   Thumb Code     0  libinit2.o(.ARM.Collect$$libinit$$0000001F)
    __rt_lib_init_getenv_1                   0x080001a7   Thumb Code     0  libinit2.o(.ARM.Collect$$libinit$$00000023)
    __rt_lib_init_heap_1                     0x080001a7   Thumb Code     0  libinit2.o(.ARM.Collect$$libinit$$0000000A)
    __rt_lib_init_lc_collate_1               0x080001a7   Thumb Code     0  libinit2.o(.ARM.Collect$$libinit$$00000011)
    __rt_lib_init_lc_ctype_1                 0x080001a7   Thumb Code     0  libinit2.o(.ARM.Collect$$libinit$$00000013)
    __rt_lib_init_lc_monetary_1              0x080001a7   Thumb Code     0  libinit2.o(.ARM.Collect$$libinit$$00000015)
    __rt_lib_init_lc_numeric_1               0x080001a7   Thumb Code     0  libinit2.o(.ARM.Collect$$libinit$$00000017)
    __rt_lib_init_lc_time_1                  0x080001a7   Thumb Code     0  libinit2.o(.ARM.Collect$$libinit$$00000019)
    __rt_lib_init_preinit_1                  0x080001a7   Thumb Code     0  libinit2.o(.ARM.Collect$$libinit$$00000004)
    __rt_lib_init_rand_1                     0x080001a7   Thumb Code     0  libinit2.o(.ARM.Collect$$libinit$$0000000E)
    __rt_lib_init_return                     0x080001a7   Thumb Code     0  libinit2.o(.ARM.Collect$$libinit$$00000033)
    __rt_lib_init_signal_1                   0x080001a7   Thumb Code     0  libinit2.o(.ARM.Collect$$libinit$$0000001D)
    __rt_lib_init_stdio_1                    0x080001a7   Thumb Code     0  libinit2.o(.ARM.Collect$$libinit$$00000025)
    __rt_lib_init_user_alloc_1               0x080001a7   Thumb Code     0  libinit2.o(.ARM.Collect$$libinit$$0000000C)
    __rt_lib_shutdown                        0x080001a9   Thumb Code     0  libshutdown.o(.ARM.Collect$$libshutdown$$00000000)
    __rt_lib_shutdown_cpp_1                  0x080001ab   Thumb Code     0  libshutdown2.o(.ARM.Collect$$libshutdown$$00000002)
    __rt_lib_shutdown_fp_trap_1              0x080001ab   Thumb Code     0  libshutdown2.o(.ARM.Collect$$libshutdown$$00000007)
    __rt_lib_shutdown_heap_1                 0x080001ab   Thumb Code     0  libshutdown2.o(.ARM.Collect$$libshutdown$$0000000F)
    __rt_lib_shutdown_return                 0x080001ab   Thumb Code     0  libshutdown2.o(.ARM.Collect$$libshutdown$$00000010)
    __rt_lib_shutdown_signal_1               0x080001ab   Thumb Code     0  libshutdown2.o(.ARM.Collect$$libshutdown$$0000000A)
    __rt_lib_shutdown_stdio_1                0x080001ab   Thumb Code     0  libshutdown2.o(.ARM.Collect$$libshutdown$$00000004)
    __rt_lib_shutdown_user_alloc_1           0x080001ab   Thumb Code     0  libshutdown2.o(.ARM.Collect$$libshutdown$$0000000C)
    __rt_entry                               0x080001ad   Thumb Code     0  __rtentry.o(.ARM.Collect$$rtentry$$00000000)
    __rt_entry_presh_1                       0x080001ad   Thumb Code     0  __rtentry2.o(.ARM.Collect$$rtentry$$00000002)
    __rt_entry_sh                            0x080001ad   Thumb Code     0  __rtentry4.o(.ARM.Collect$$rtentry$$00000004)
    __rt_entry_li                            0x080001b3   Thumb Code     0  __rtentry2.o(.ARM.Collect$$rtentry$$0000000A)
    __rt_entry_postsh_1                      0x080001b3   Thumb Code     0  __rtentry2.o(.ARM.Collect$$rtentry$$00000009)
    __rt_entry_main                          0x080001b7   Thumb Code     0  __rtentry2.o(.ARM.Collect$$rtentry$$0000000D)
    __rt_entry_postli_1                      0x080001b7   Thumb Code     0  __rtentry2.o(.ARM.Collect$$rtentry$$0000000C)
    __rt_exit                                0x080001bf   Thumb Code     0  rtexit.o(.ARM.Collect$$rtexit$$00000000)
    __rt_exit_ls                             0x080001c1   Thumb Code     0  rtexit2.o(.ARM.Collect$$rtexit$$00000003)
    __rt_exit_prels_1                        0x080001c1   Thumb Code     0  rtexit2.o(.ARM.Collect$$rtexit$$00000002)
    __rt_exit_exit                           0x080001c5   Thumb Code     0  rtexit2.o(.ARM.Collect$$rtexit$$00000004)
    Reset_Handler                            0x080001cd   Thumb Code     8  startup_stm32f10x_hd.o(.text)
    PendSV_Handler                           0x080001e3   Thumb Code     2  startup_stm32f10x_hd.o(.text)
    ADC1_2_IRQHandler                        0x080001e7   Thumb Code     0  startup_stm32f10x_hd.o(.text)
    ADC3_IRQHandler                          0x080001e7   Thumb Code     0  startup_stm32f10x_hd.o(.text)
    CAN1_RX1_IRQHandler                      0x080001e7   Thumb Code     0  startup_stm32f10x_hd.o(.text)
    CAN1_SCE_IRQHandler                      0x080001e7   Thumb Code     0  startup_stm32f10x_hd.o(.text)
    DMA1_Channel3_IRQHandler                 0x080001e7   Thumb Code     0  startup_stm32f10x_hd.o(.text)
    DMA1_Channel4_IRQHandler                 0x080001e7   Thumb Code     0  startup_stm32f10x_hd.o(.text)
    DMA1_Channel5_IRQHandler                 0x080001e7   Thumb Code     0  startup_stm32f10x_hd.o(.text)
    DMA1_Channel6_IRQHandler                 0x080001e7   Thumb Code     0  startup_stm32f10x_hd.o(.text)
    DMA1_Channel7_IRQHandler                 0x080001e7   Thumb Code     0  startup_stm32f10x_hd.o(.text)
    DMA2_Channel1_IRQHandler                 0x080001e7   Thumb Code     0  startup_stm32f10x_hd.o(.text)
    DMA2_Channel2_IRQHandler                 0x080001e7   Thumb Code     0  startup_stm32f10x_hd.o(.text)
    DMA2_Channel3_IRQHandler                 0x080001e7   Thumb Code     0  startup_stm32f10x_hd.o(.text)
    DMA2_Channel4_5_IRQHandler               0x080001e7   Thumb Code     0  startup_stm32f10x_hd.o(.text)
    EXTI0_IRQHandler                         0x080001e7   Thumb Code     0  startup_stm32f10x_hd.o(.text)
    EXTI15_10_IRQHandler                     0x080001e7   Thumb Code     0  startup_stm32f10x_hd.o(.text)
    EXTI1_IRQHandler                         0x080001e7   Thumb Code     0  startup_stm32f10x_hd.o(.text)
    EXTI2_IRQHandler                         0x080001e7   Thumb Code     0  startup_stm32f10x_hd.o(.text)
    EXTI3_IRQHandler                         0x080001e7   Thumb Code     0  startup_stm32f10x_hd.o(.text)
    EXTI4_IRQHandler                         0x080001e7   Thumb Code     0  startup_stm32f10x_hd.o(.text)
    EXTI9_5_IRQHandler                       0x080001e7   Thumb Code     0  startup_stm32f10x_hd.o(.text)
    FLASH_IRQHandler                         0x080001e7   Thumb Code     0  startup_stm32f10x_hd.o(.text)
    FSMC_IRQHandler                          0x080001e7   Thumb Code     0  startup_stm32f10x_hd.o(.text)
    I2C1_ER_IRQHandler                       0x080001e7   Thumb Code     0  startup_stm32f10x_hd.o(.text)
    I2C1_EV_IRQHandler                       0x080001e7   Thumb Code     0  startup_stm32f10x_hd.o(.text)
    I2C2_ER_IRQHandler                       0x080001e7   Thumb Code     0  startup_stm32f10x_hd.o(.text)
    I2C2_EV_IRQHandler                       0x080001e7   Thumb Code     0  startup_stm32f10x_hd.o(.text)
    PVD_IRQHandler                           0x080001e7   Thumb Code     0  startup_stm32f10x_hd.o(.text)
    RCC_IRQHandler                           0x080001e7   Thumb Code     0  startup_stm32f10x_hd.o(.text)
    RTCAlarm_IRQHandler                      0x080001e7   Thumb Code     0  startup_stm32f10x_hd.o(.text)
    RTC_IRQHandler                           0x080001e7   Thumb Code     0  startup_stm32f10x_hd.o(.text)
    SDIO_IRQHandler                          0x080001e7   Thumb Code     0  startup_stm32f10x_hd.o(.text)
    SPI1_IRQHandler                          0x080001e7   Thumb Code     0  startup_stm32f10x_hd.o(.text)
    SPI2_IRQHandler                          0x080001e7   Thumb Code     0  startup_stm32f10x_hd.o(.text)
    SPI3_IRQHandler                          0x080001e7   Thumb Code     0  startup_stm32f10x_hd.o(.text)
    TAMPER_IRQHandler                        0x080001e7   Thumb Code     0  startup_stm32f10x_hd.o(.text)
    TIM1_BRK_IRQHandler                      0x080001e7   Thumb Code     0  startup_stm32f10x_hd.o(.text)
    TIM1_CC_IRQHandler                       0x080001e7   Thumb Code     0  startup_stm32f10x_hd.o(.text)
    TIM1_TRG_COM_IRQHandler                  0x080001e7   Thumb Code     0  startup_stm32f10x_hd.o(.text)
    TIM1_UP_IRQHandler                       0x080001e7   Thumb Code     0  startup_stm32f10x_hd.o(.text)
    TIM2_IRQHandler                          0x080001e7   Thumb Code     0  startup_stm32f10x_hd.o(.text)
    TIM3_IRQHandler                          0x080001e7   Thumb Code     0  startup_stm32f10x_hd.o(.text)
    TIM5_IRQHandler                          0x080001e7   Thumb Code     0  startup_stm32f10x_hd.o(.text)
    TIM6_IRQHandler                          0x080001e7   Thumb Code     0  startup_stm32f10x_hd.o(.text)
    TIM7_IRQHandler                          0x080001e7   Thumb Code     0  startup_stm32f10x_hd.o(.text)
    TIM8_BRK_IRQHandler                      0x080001e7   Thumb Code     0  startup_stm32f10x_hd.o(.text)
    TIM8_CC_IRQHandler                       0x080001e7   Thumb Code     0  startup_stm32f10x_hd.o(.text)
    TIM8_TRG_COM_IRQHandler                  0x080001e7   Thumb Code     0  startup_stm32f10x_hd.o(.text)
    TIM8_UP_IRQHandler                       0x080001e7   Thumb Code     0  startup_stm32f10x_hd.o(.text)
    UART4_IRQHandler                         0x080001e7   Thumb Code     0  startup_stm32f10x_hd.o(.text)
    UART5_IRQHandler                         0x080001e7   Thumb Code     0  startup_stm32f10x_hd.o(.text)
    USBWakeUp_IRQHandler                     0x080001e7   Thumb Code     0  startup_stm32f10x_hd.o(.text)
    USB_HP_CAN1_TX_IRQHandler                0x080001e7   Thumb Code     0  startup_stm32f10x_hd.o(.text)
    USB_LP_CAN1_RX0_IRQHandler               0x080001e7   Thumb Code     0  startup_stm32f10x_hd.o(.text)
    WWDG_IRQHandler                          0x080001e7   Thumb Code     0  startup_stm32f10x_hd.o(.text)
    __user_initial_stackheap                 0x080001e9   Thumb Code     0  startup_stm32f10x_hd.o(.text)
    __use_no_semihosting                     0x0800020d   Thumb Code     2  use_no_semi_2.o(.text)
    __aeabi_memclr                           0x0800020f   Thumb Code     0  rt_memclr.o(.text)
    __rt_memclr                              0x0800020f   Thumb Code    68  rt_memclr.o(.text)
    _memset                                  0x08000213   Thumb Code     0  rt_memclr.o(.text)
    __use_two_region_memory                  0x08000253   Thumb Code     2  heapauxi.o(.text)
    __rt_heap_escrow$2region                 0x08000255   Thumb Code     2  heapauxi.o(.text)
    __rt_heap_expand$2region                 0x08000257   Thumb Code     2  heapauxi.o(.text)
    __I$use$semihosting                      0x08000259   Thumb Code     0  use_no_semi.o(.text)
    __use_no_semihosting_swi                 0x08000259   Thumb Code     2  use_no_semi.o(.text)
    __aeabi_memclr4                          0x0800025b   Thumb Code     0  rt_memclr_w.o(.text)
    __aeabi_memclr8                          0x0800025b   Thumb Code     0  rt_memclr_w.o(.text)
    __rt_memclr_w                            0x0800025b   Thumb Code    78  rt_memclr_w.o(.text)
    _memset_w                                0x0800025f   Thumb Code     0  rt_memclr_w.o(.text)
    __user_libspace                          0x080002a9   Thumb Code     8  libspace.o(.text)
    __user_perproc_libspace                  0x080002a9   Thumb Code     0  libspace.o(.text)
    __user_perthread_libspace                0x080002a9   Thumb Code     0  libspace.o(.text)
    __user_setup_stackheap                   0x080002b1   Thumb Code    74  sys_stackheap_outer.o(.text)
    exit                                     0x080002fb   Thumb Code    18  exit.o(.text)
    AD5541_GPIOCoing                         0x0800030d   Thumb Code    32  dac.o(i.AD5541_GPIOCoing)
    AD5541_Send                              0x08000331   Thumb Code   182  dac.o(i.AD5541_Send)
    AD7689_Delay                             0x080003ed   Thumb Code    28  ad7689.o(i.AD7689_Delay)
    AD7689_InitializeSPI2                    0x08000409   Thumb Code   188  ad7689.o(i.AD7689_InitializeSPI2)
    AD7689_Scan_CH                           0x080004cd   Thumb Code   284  ad7689.o(i.AD7689_Scan_CH)
    AD7689_TransferByte                      0x080005fd   Thumb Code    56  ad7689.o(i.AD7689_TransferByte)
    ADC1_DMA_Init                            0x08000639   Thumb Code   278  adc.o(i.ADC1_DMA_Init)
    ADC_CH_Scan                              0x0800075d   Thumb Code   196  adc.o(i.ADC_CH_Scan)
    ADC_Cmd                                  0x08000829   Thumb Code    20  stm32f10x_adc.o(i.ADC_Cmd)
    ADC_DMACmd                               0x0800083d   Thumb Code    20  stm32f10x_adc.o(i.ADC_DMACmd)
    ADC_DeInit                               0x08000851   Thumb Code    56  stm32f10x_adc.o(i.ADC_DeInit)
    ADC_GetCalibrationStatus                 0x08000895   Thumb Code    14  stm32f10x_adc.o(i.ADC_GetCalibrationStatus)
    ADC_GetResetCalibrationStatus            0x080008a3   Thumb Code    14  stm32f10x_adc.o(i.ADC_GetResetCalibrationStatus)
    ADC_Init                                 0x080008b1   Thumb Code    62  stm32f10x_adc.o(i.ADC_Init)
    ADC_RegularChannelConfig                 0x080008f9   Thumb Code   116  stm32f10x_adc.o(i.ADC_RegularChannelConfig)
    ADC_ResetCalibration                     0x0800096d   Thumb Code    10  stm32f10x_adc.o(i.ADC_ResetCalibration)
    ADC_SoftwareStartConvCmd                 0x08000977   Thumb Code    20  stm32f10x_adc.o(i.ADC_SoftwareStartConvCmd)
    ADC_StartCalibration                     0x0800098b   Thumb Code    10  stm32f10x_adc.o(i.ADC_StartCalibration)
    All_protect                              0x08000995   Thumb Code   378  fan_pro.o(i.All_protect)
    Baud_SET                                 0x08000b25   Thumb Code    68  usart.o(i.Baud_SET)
    BusFault_Handler                         0x08000b71   Thumb Code     2  stm32f10x_it.o(i.BusFault_Handler)
    Cont_coeff_LEDMODE                       0x08000b75   Thumb Code   152  menu.o(i.Cont_coeff_LEDMODE)
    DAM1_ADC_NVIC                            0x08000c15   Thumb Code    32  adc.o(i.DAM1_ADC_NVIC)
    DMA1_Channel1_IRQHandler                 0x08000c35   Thumb Code    16  stm32f10x_it.o(i.DMA1_Channel1_IRQHandler)
    DMA1_Channel2_IRQHandler                 0x08000c49   Thumb Code    20  stm32f10x_it.o(i.DMA1_Channel2_IRQHandler)
    DMA_ClearITPendingBit                    0x08000c61   Thumb Code    16  stm32f10x_dma.o(i.DMA_ClearITPendingBit)
    DMA_Cmd                                  0x08000c79   Thumb Code    22  stm32f10x_dma.o(i.DMA_Cmd)
    DMA_DeInit                               0x08000c91   Thumb Code   218  stm32f10x_dma.o(i.DMA_DeInit)
    DMA_ITConfig                             0x08000d75   Thumb Code    16  stm32f10x_dma.o(i.DMA_ITConfig)
    DMA_Init                                 0x08000d85   Thumb Code    58  stm32f10x_dma.o(i.DMA_Init)
    DebugMon_Handler                         0x08000dbf   Thumb Code     2  stm32f10x_it.o(i.DebugMon_Handler)
    EEPROM_READ_Byte                         0x08000dc1   Thumb Code    76  at24c01.o(i.EEPROM_READ_Byte)
    EEPROM_READ_Coeff                        0x08000e11   Thumb Code  2666  flash.o(i.EEPROM_READ_Coeff)
    EEPROM_WriteByte                         0x0800187b   Thumb Code   108  at24c01.o(i.EEPROM_WriteByte)
    FLASH_PrefetchBufferCmd                  0x080018e9   Thumb Code    18  stm32f10x_flash.o(i.FLASH_PrefetchBufferCmd)
    FLASH_SetLatency                         0x08001901   Thumb Code    14  stm32f10x_flash.o(i.FLASH_SetLatency)
    Flash_Write_all                          0x08001915   Thumb Code  2730  flash.o(i.Flash_Write_all)
    GPIO_AFIODeInit                          0x080023bf   Thumb Code    22  stm32f10x_gpio.o(i.GPIO_AFIODeInit)
    GPIO_Conf                                0x080023d5   Thumb Code   134  gpio.o(i.GPIO_Conf)
    GPIO_DeInit                              0x08002471   Thumb Code   152  stm32f10x_gpio.o(i.GPIO_DeInit)
    GPIO_Init                                0x08002525   Thumb Code   156  stm32f10x_gpio.o(i.GPIO_Init)
    GPIO_PinRemapConfig                      0x080025c1   Thumb Code    82  stm32f10x_gpio.o(i.GPIO_PinRemapConfig)
    GPIO_ReadInputDataBit                    0x08002619   Thumb Code    14  stm32f10x_gpio.o(i.GPIO_ReadInputDataBit)
    GPIO_ResetBits                           0x08002627   Thumb Code     4  stm32f10x_gpio.o(i.GPIO_ResetBits)
    GPIO_SetBits                             0x0800262b   Thumb Code     4  stm32f10x_gpio.o(i.GPIO_SetBits)
    HardFault_Handler                        0x0800262f   Thumb Code     2  stm32f10x_it.o(i.HardFault_Handler)
    Hardware_CRC                             0x08002631   Thumb Code   120  modbus.o(i.Hardware_CRC)
    Hardware_CRC_Re                          0x080026a9   Thumb Code   156  modbus.o(i.Hardware_CRC_Re)
    IWDG_Enable                              0x08002745   Thumb Code    10  stm32f10x_iwdg.o(i.IWDG_Enable)
    IWDG_Inte                                0x08002755   Thumb Code    34  iwdg.o(i.IWDG_Inte)
    IWDG_ReloadCounter                       0x08002779   Thumb Code    10  stm32f10x_iwdg.o(i.IWDG_ReloadCounter)
    IWDG_SetPrescaler                        0x08002789   Thumb Code     6  stm32f10x_iwdg.o(i.IWDG_SetPrescaler)
    IWDG_SetReload                           0x08002795   Thumb Code     6  stm32f10x_iwdg.o(i.IWDG_SetReload)
    IWDG_WriteAccessCmd                      0x080027a1   Thumb Code     6  stm32f10x_iwdg.o(i.IWDG_WriteAccessCmd)
    I_SW_COTNR                               0x080027ad   Thumb Code    64  menu.o(i.I_SW_COTNR)
    MemManage_Handler                        0x080027fd   Thumb Code     2  stm32f10x_it.o(i.MemManage_Handler)
    NMI_Handler                              0x080027ff   Thumb Code     2  stm32f10x_it.o(i.NMI_Handler)
    NVIC_Init                                0x08002801   Thumb Code    94  misc.o(i.NVIC_Init)
    NVIC_PriorityGroupConfig                 0x08002865   Thumb Code    10  misc.o(i.NVIC_PriorityGroupConfig)
    RCC_ADCCLKConfig                         0x08002879   Thumb Code    14  stm32f10x_rcc.o(i.RCC_ADCCLKConfig)
    RCC_AHBPeriphClockCmd                    0x0800288d   Thumb Code    18  stm32f10x_rcc.o(i.RCC_AHBPeriphClockCmd)
    RCC_APB1PeriphClockCmd                   0x080028a5   Thumb Code    18  stm32f10x_rcc.o(i.RCC_APB1PeriphClockCmd)
    RCC_APB2PeriphClockCmd                   0x080028bd   Thumb Code    18  stm32f10x_rcc.o(i.RCC_APB2PeriphClockCmd)
    RCC_APB2PeriphResetCmd                   0x080028d5   Thumb Code    18  stm32f10x_rcc.o(i.RCC_APB2PeriphResetCmd)
    RCC_Configuration                        0x080028ed   Thumb Code   102  clock.o(i.RCC_Configuration)
    RCC_DeInit                               0x08002959   Thumb Code    50  stm32f10x_rcc.o(i.RCC_DeInit)
    RCC_GetClocksFreq                        0x08002999   Thumb Code   132  stm32f10x_rcc.o(i.RCC_GetClocksFreq)
    RCC_GetFlagStatus                        0x08002a2d   Thumb Code    42  stm32f10x_rcc.o(i.RCC_GetFlagStatus)
    RCC_GetSYSCLKSource                      0x08002a5d   Thumb Code    10  stm32f10x_rcc.o(i.RCC_GetSYSCLKSource)
    RCC_HCLKConfig                           0x08002a6d   Thumb Code    14  stm32f10x_rcc.o(i.RCC_HCLKConfig)
    RCC_HSEConfig                            0x08002a81   Thumb Code    48  stm32f10x_rcc.o(i.RCC_HSEConfig)
    RCC_PCLK1Config                          0x08002ab5   Thumb Code    14  stm32f10x_rcc.o(i.RCC_PCLK1Config)
    RCC_PCLK2Config                          0x08002ac9   Thumb Code    16  stm32f10x_rcc.o(i.RCC_PCLK2Config)
    RCC_PLLCmd                               0x08002add   Thumb Code     6  stm32f10x_rcc.o(i.RCC_PLLCmd)
    RCC_PLLConfig                            0x08002ae9   Thumb Code    16  stm32f10x_rcc.o(i.RCC_PLLConfig)
    RCC_SYSCLKConfig                         0x08002afd   Thumb Code    14  stm32f10x_rcc.o(i.RCC_SYSCLKConfig)
    RCC_WaitForHSEStartUp                    0x08002b11   Thumb Code    44  stm32f10x_rcc.o(i.RCC_WaitForHSEStartUp)
    SPI_AD7689_Read                          0x08002b3d   Thumb Code    98  ad7689.o(i.SPI_AD7689_Read)
    SPI_Cmd                                  0x08002ba5   Thumb Code    20  stm32f10x_spi.o(i.SPI_Cmd)
    SPI_I2S_GetFlagStatus                    0x08002bb9   Thumb Code    14  stm32f10x_spi.o(i.SPI_I2S_GetFlagStatus)
    SPI_I2S_ReceiveData                      0x08002bc7   Thumb Code     4  stm32f10x_spi.o(i.SPI_I2S_ReceiveData)
    SPI_I2S_SendData                         0x08002bcb   Thumb Code     4  stm32f10x_spi.o(i.SPI_I2S_SendData)
    SPI_Init                                 0x08002bcf   Thumb Code    56  stm32f10x_spi.o(i.SPI_Init)
    SVC_Handler                              0x08002c07   Thumb Code     2  stm32f10x_it.o(i.SVC_Handler)
    Sence_SW_CONT                            0x08002c09   Thumb Code    22  menu.o(i.Sence_SW_CONT)
    SysTick_Handler                          0x08002cd1   Thumb Code    44  stm32f10x_it.o(i.SysTick_Handler)
    SysTick_Init                             0x08002d09   Thumb Code    58  bsp_systick.o(i.SysTick_Init)
    SystemInit                               0x08002d4d   Thumb Code    64  system_stm32f10x.o(i.SystemInit)
    TIM4_IRQHandler                          0x08002d9d   Thumb Code   118  stm32f10x_it.o(i.TIM4_IRQHandler)
    TIM6_Config                              0x08002e25   Thumb Code    88  tim6.o(i.TIM6_Config)
    TIM_ClearITPendingBit                    0x08002e81   Thumb Code     6  stm32f10x_tim.o(i.TIM_ClearITPendingBit)
    TIM_Cmd                                  0x08002e87   Thumb Code    20  stm32f10x_tim.o(i.TIM_Cmd)
    TIM_ITConfig                             0x08002e9b   Thumb Code    16  stm32f10x_tim.o(i.TIM_ITConfig)
    TIM_TimeBaseInit                         0x08002ead   Thumb Code   114  stm32f10x_tim.o(i.TIM_TimeBaseInit)
    Temp_Comapre                             0x08002f49   Thumb Code    76  fan_pro.o(i.Temp_Comapre)
    TimingDelay_Decrement                    0x08002fa5   Thumb Code    16  bsp_systick.o(i.TimingDelay_Decrement)
    Transformation_ADC                       0x08002fb9   Thumb Code  3322  modbus.o(i.Transformation_ADC)
    UART1_Action                             0x08003cbd   Thumb Code   826  modbus.o(i.UART1_Action)
    UART1_Send                               0x08004015   Thumb Code    76  usart.o(i.UART1_Send)
    UART2_Send                               0x08004071   Thumb Code    76  usart.o(i.UART2_Send)
    UART_Action                              0x080040cd   Thumb Code  3626  modbus.o(i.UART_Action)
    USART1_IRQHandler                        0x08004efd   Thumb Code   238  stm32f10x_it.o(i.USART1_IRQHandler)
    USART2_Configuration                     0x08005065   Thumb Code   134  usart.o(i.USART2_Configuration)
    USART2_IRQHandler                        0x080050f9   Thumb Code   244  stm32f10x_it.o(i.USART2_IRQHandler)
    USART3_IRQHandler                        0x08005205   Thumb Code    34  stm32f10x_it.o(i.USART3_IRQHandler)
    USART_ClearFlag                          0x0800522d   Thumb Code     6  stm32f10x_usart.o(i.USART_ClearFlag)
    USART_ClearITPendingBit                  0x08005233   Thumb Code    12  stm32f10x_usart.o(i.USART_ClearITPendingBit)
    USART_Cmd                                0x0800523f   Thumb Code    20  stm32f10x_usart.o(i.USART_Cmd)
    USART_Configuration                      0x08005255   Thumb Code   154  usart.o(i.USART_Configuration)
    USART_GetFlagStatus                      0x080052fd   Thumb Code    14  stm32f10x_usart.o(i.USART_GetFlagStatus)
    USART_GetITStatus                        0x0800530b   Thumb Code    62  stm32f10x_usart.o(i.USART_GetITStatus)
    USART_ITConfig                           0x08005349   Thumb Code    48  stm32f10x_usart.o(i.USART_ITConfig)
    USART_Init                               0x08005379   Thumb Code   166  stm32f10x_usart.o(i.USART_Init)
    USART_ReceiveData                        0x08005425   Thumb Code     8  stm32f10x_usart.o(i.USART_ReceiveData)
    USART_SendData                           0x0800542d   Thumb Code     8  stm32f10x_usart.o(i.USART_SendData)
    UsageFault_Handler                       0x08005435   Thumb Code     2  stm32f10x_it.o(i.UsageFault_Handler)
    V_SW_COTNR                               0x08005439   Thumb Code    70  menu.o(i.V_SW_COTNR)
    Write_ADDR                               0x08005491   Thumb Code    72  flash.o(i.Write_ADDR)
    _sys_exit                                0x080054dd   Thumb Code     2  usart.o(i._sys_exit)
    i2c_CfgGpio                              0x080054e1   Thumb Code    68  iic_24c01.o(i.i2c_CfgGpio)
    i2c_NAck                                 0x08005545   Thumb Code    50  iic_24c01.o(i.i2c_NAck)
    i2c_ReadByte                             0x0800557d   Thumb Code    96  iic_24c01.o(i.i2c_ReadByte)
    i2c_SendByte                             0x080055e1   Thumb Code   116  iic_24c01.o(i.i2c_SendByte)
    i2c_Start                                0x08005659   Thumb Code    58  iic_24c01.o(i.i2c_Start)
    i2c_Stop                                 0x08005699   Thumb Code    40  iic_24c01.o(i.i2c_Stop)
    i2c_WaitAck                              0x080056c5   Thumb Code    68  iic_24c01.o(i.i2c_WaitAck)
    main                                     0x0800570d   Thumb Code   152  main.o(i.main)
    worke_mode                               0x080057b9   Thumb Code   880  menu.o(i.worke_mode)
    Region$$Table$$Base                      0x08005b54   Number         0  anon$$obj.o(Region$$Table)
    Region$$Table$$Limit                     0x08005b74   Number         0  anon$$obj.o(Region$$Table)
    flagA                                    0x20000014   Data           4  main.o(.data)
    flagB                                    0x20000018   Data           4  main.o(.data)
    flagC                                    0x2000001c   Data           4  main.o(.data)
    UART1_Buffer_Rece_flag                   0x20000020   Data           1  stm32f10x_it.o(.data)
    dynaflagA                                0x20000021   Data           1  stm32f10x_it.o(.data)
    dynaflagB                                0x20000022   Data           1  stm32f10x_it.o(.data)
    timecount                                0x20000024   Data           4  stm32f10x_it.o(.data)
    SystemCoreClock                          0x20000028   Data           4  system_stm32f10x.o(.data)
    AHBPrescTable                            0x2000002c   Data          16  system_stm32f10x.o(.data)
    NTC_value                                0x2000003e   Data           2  adc.o(.data)
    NTC1_value                               0x20000040   Data           2  adc.o(.data)
    Imon_value                               0x20000042   Data           2  adc.o(.data)
    Vmon_value                               0x20000044   Data           2  adc.o(.data)
    HSEStartUpStatus                         0x2000004d   Data           1  clock.o(.data)
    testflag                                 0x20000050   Data           1  modbus.o(.data)
    dynaonflag                               0x20000051   Data           1  modbus.o(.data)
    DAC_Flag                                 0x20000052   Data           1  modbus.o(.data)
    Contr_DACVlue                            0x20000054   Data           2  modbus.o(.data)
    x1                                       0x20000058   Data           4  modbus.o(.data)
    y1                                       0x2000005c   Data           4  modbus.o(.data)
    x3                                       0x20000060   Data           4  modbus.o(.data)
    y3                                       0x20000064   Data           4  modbus.o(.data)
    Modify_A_READ                            0x20000068   Data           4  modbus.o(.data)
    Modify_C_READ                            0x2000006c   Data           4  modbus.o(.data)
    Modify_A_ACT                             0x20000070   Data           4  modbus.o(.data)
    Modify_B_READ                            0x20000074   Data           4  modbus.o(.data)
    Modify_D_READ                            0x20000078   Data           4  modbus.o(.data)
    Modify_B_ACT                             0x2000007c   Data           4  modbus.o(.data)
    Transmit_BUFFERsize                      0x20000080   Data           1  usart.o(.data)
    Baud                                     0x20000084   Data           4  usart.o(.data)
    UART_Buffer_Size                         0x20000088   Data           1  usart.o(.data)
    t_USART                                  0x20000089   Data           1  usart.o(.data)
    VP_T                                     0x2000008a   Data           2  fan_pro.o(.data)
    IP_T                                     0x2000008c   Data           2  fan_pro.o(.data)
    PR_T1                                    0x2000008e   Data           2  fan_pro.o(.data)
    PR_T2                                    0x20000090   Data           2  fan_pro.o(.data)
    PR_T3                                    0x20000092   Data           2  fan_pro.o(.data)
    PR_T4                                    0x20000094   Data           2  fan_pro.o(.data)
    Von_CONT                                 0x20000098   Data           1  menu.o(.data)
    oldmode                                  0x20000099   Data           1  menu.o(.data)
    ADC1_Buffer                              0x200000a4   Data         200  adc.o(.bss)
    ADC_NTC_Filt                             0x2000016c   Data         100  adc.o(.bss)
    ADC_NTC1_Filt                            0x200001d0   Data         100  adc.o(.bss)
    Correct_Parametet                        0x20000234   Data          80  modbus.o(.bss)
    Correct_Strong                           0x20000284   Data          80  modbus.o(.bss)
    coefficient                              0x200002d4   Data          10  modbus.o(.bss)
    Run_Control                              0x200002e0   Data         200  modbus.o(.bss)
    Transition_Date                          0x200003a8   Data          40  modbus.o(.bss)
    UART_Buffer_Rece                         0x200003d0   Data         200  usart.o(.bss)
    UART_Buffer_Send                         0x20000498   Data         200  usart.o(.bss)
    UART_Buffer_Send1                        0x20000560   Data         200  usart.o(.bss)
    UART_Buffer_Rece1                        0x20000628   Data         200  usart.o(.bss)
    AD7689_Buffer                            0x200006f0   Data          16  ad7689.o(.bss)
    Ad7689_Fit_Imon                          0x20000700   Data         200  ad7689.o(.bss)
    Ad7689_Fit_Vmon                          0x200007c8   Data         200  ad7689.o(.bss)
    END_Fit_Imon                             0x20000890   Data          40  ad7689.o(.bss)
    __libspace_start                         0x200008b8   Data          96  libspace.o(.bss)
    __temporary_stack_top$libspace           0x20000918   Data           0  libspace.o(.bss)



==============================================================================

Memory Map of the image

  Image Entry point : 0x08000131

  Load Region LR_IROM1 (Base: 0x08000000, Size: 0x00005c18, Max: 0x00010000, ABSOLUTE)

    Execution Region ER_IROM1 (Exec base: 0x08000000, Load base: 0x08000000, Size: 0x00005b74, Max: 0x00010000, ABSOLUTE)

    Exec Addr    Load Addr    Size         Type   Attr      Idx    E Section Name        Object

    0x08000000   0x08000000   0x00000130   Data   RO           19    RESET               startup_stm32f10x_hd.o
    0x08000130   0x08000130   0x00000008   Code   RO         4316  * !!!main             c_w.l(__main.o)
    0x08000138   0x08000138   0x00000034   Code   RO         4576    !!!scatter          c_w.l(__scatter.o)
    0x0800016c   0x0800016c   0x0000001a   Code   RO         4578    !!handler_copy      c_w.l(__scatter_copy.o)
    0x08000186   0x08000186   0x00000002   PAD
    0x08000188   0x08000188   0x0000001c   Code   RO         4580    !!handler_zi        c_w.l(__scatter_zi.o)
    0x080001a4   0x080001a4   0x00000002   Code   RO         4453    .ARM.Collect$$libinit$$00000000  c_w.l(libinit.o)
    0x080001a6   0x080001a6   0x00000000   Code   RO         4455    .ARM.Collect$$libinit$$00000002  c_w.l(libinit2.o)
    0x080001a6   0x080001a6   0x00000000   Code   RO         4457    .ARM.Collect$$libinit$$00000004  c_w.l(libinit2.o)
    0x080001a6   0x080001a6   0x00000000   Code   RO         4460    .ARM.Collect$$libinit$$0000000A  c_w.l(libinit2.o)
    0x080001a6   0x080001a6   0x00000000   Code   RO         4462    .ARM.Collect$$libinit$$0000000C  c_w.l(libinit2.o)
    0x080001a6   0x080001a6   0x00000000   Code   RO         4464    .ARM.Collect$$libinit$$0000000E  c_w.l(libinit2.o)
    0x080001a6   0x080001a6   0x00000000   Code   RO         4467    .ARM.Collect$$libinit$$00000011  c_w.l(libinit2.o)
    0x080001a6   0x080001a6   0x00000000   Code   RO         4469    .ARM.Collect$$libinit$$00000013  c_w.l(libinit2.o)
    0x080001a6   0x080001a6   0x00000000   Code   RO         4471    .ARM.Collect$$libinit$$00000015  c_w.l(libinit2.o)
    0x080001a6   0x080001a6   0x00000000   Code   RO         4473    .ARM.Collect$$libinit$$00000017  c_w.l(libinit2.o)
    0x080001a6   0x080001a6   0x00000000   Code   RO         4475    .ARM.Collect$$libinit$$00000019  c_w.l(libinit2.o)
    0x080001a6   0x080001a6   0x00000000   Code   RO         4477    .ARM.Collect$$libinit$$0000001B  c_w.l(libinit2.o)
    0x080001a6   0x080001a6   0x00000000   Code   RO         4479    .ARM.Collect$$libinit$$0000001D  c_w.l(libinit2.o)
    0x080001a6   0x080001a6   0x00000000   Code   RO         4481    .ARM.Collect$$libinit$$0000001F  c_w.l(libinit2.o)
    0x080001a6   0x080001a6   0x00000000   Code   RO         4483    .ARM.Collect$$libinit$$00000021  c_w.l(libinit2.o)
    0x080001a6   0x080001a6   0x00000000   Code   RO         4485    .ARM.Collect$$libinit$$00000023  c_w.l(libinit2.o)
    0x080001a6   0x080001a6   0x00000000   Code   RO         4487    .ARM.Collect$$libinit$$00000025  c_w.l(libinit2.o)
    0x080001a6   0x080001a6   0x00000000   Code   RO         4491    .ARM.Collect$$libinit$$0000002C  c_w.l(libinit2.o)
    0x080001a6   0x080001a6   0x00000000   Code   RO         4493    .ARM.Collect$$libinit$$0000002E  c_w.l(libinit2.o)
    0x080001a6   0x080001a6   0x00000000   Code   RO         4495    .ARM.Collect$$libinit$$00000030  c_w.l(libinit2.o)
    0x080001a6   0x080001a6   0x00000000   Code   RO         4497    .ARM.Collect$$libinit$$00000032  c_w.l(libinit2.o)
    0x080001a6   0x080001a6   0x00000002   Code   RO         4498    .ARM.Collect$$libinit$$00000033  c_w.l(libinit2.o)
    0x080001a8   0x080001a8   0x00000002   Code   RO         4526    .ARM.Collect$$libshutdown$$00000000  c_w.l(libshutdown.o)
    0x080001aa   0x080001aa   0x00000000   Code   RO         4535    .ARM.Collect$$libshutdown$$00000002  c_w.l(libshutdown2.o)
    0x080001aa   0x080001aa   0x00000000   Code   RO         4537    .ARM.Collect$$libshutdown$$00000004  c_w.l(libshutdown2.o)
    0x080001aa   0x080001aa   0x00000000   Code   RO         4540    .ARM.Collect$$libshutdown$$00000007  c_w.l(libshutdown2.o)
    0x080001aa   0x080001aa   0x00000000   Code   RO         4543    .ARM.Collect$$libshutdown$$0000000A  c_w.l(libshutdown2.o)
    0x080001aa   0x080001aa   0x00000000   Code   RO         4545    .ARM.Collect$$libshutdown$$0000000C  c_w.l(libshutdown2.o)
    0x080001aa   0x080001aa   0x00000000   Code   RO         4548    .ARM.Collect$$libshutdown$$0000000F  c_w.l(libshutdown2.o)
    0x080001aa   0x080001aa   0x00000002   Code   RO         4549    .ARM.Collect$$libshutdown$$00000010  c_w.l(libshutdown2.o)
    0x080001ac   0x080001ac   0x00000000   Code   RO         4340    .ARM.Collect$$rtentry$$00000000  c_w.l(__rtentry.o)
    0x080001ac   0x080001ac   0x00000000   Code   RO         4370    .ARM.Collect$$rtentry$$00000002  c_w.l(__rtentry2.o)
    0x080001ac   0x080001ac   0x00000006   Code   RO         4382    .ARM.Collect$$rtentry$$00000004  c_w.l(__rtentry4.o)
    0x080001b2   0x080001b2   0x00000000   Code   RO         4372    .ARM.Collect$$rtentry$$00000009  c_w.l(__rtentry2.o)
    0x080001b2   0x080001b2   0x00000004   Code   RO         4373    .ARM.Collect$$rtentry$$0000000A  c_w.l(__rtentry2.o)
    0x080001b6   0x080001b6   0x00000000   Code   RO         4375    .ARM.Collect$$rtentry$$0000000C  c_w.l(__rtentry2.o)
    0x080001b6   0x080001b6   0x00000008   Code   RO         4376    .ARM.Collect$$rtentry$$0000000D  c_w.l(__rtentry2.o)
    0x080001be   0x080001be   0x00000002   Code   RO         4499    .ARM.Collect$$rtexit$$00000000  c_w.l(rtexit.o)
    0x080001c0   0x080001c0   0x00000000   Code   RO         4506    .ARM.Collect$$rtexit$$00000002  c_w.l(rtexit2.o)
    0x080001c0   0x080001c0   0x00000004   Code   RO         4507    .ARM.Collect$$rtexit$$00000003  c_w.l(rtexit2.o)
    0x080001c4   0x080001c4   0x00000006   Code   RO         4508    .ARM.Collect$$rtexit$$00000004  c_w.l(rtexit2.o)
    0x080001ca   0x080001ca   0x00000002   PAD
    0x080001cc   0x080001cc   0x00000040   Code   RO           20    .text               startup_stm32f10x_hd.o
    0x0800020c   0x0800020c   0x00000002   Code   RO         4273    .text               c_w.l(use_no_semi_2.o)
    0x0800020e   0x0800020e   0x00000044   Code   RO         4312    .text               c_w.l(rt_memclr.o)
    0x08000252   0x08000252   0x00000006   Code   RO         4314    .text               c_w.l(heapauxi.o)
    0x08000258   0x08000258   0x00000002   Code   RO         4338    .text               c_w.l(use_no_semi.o)
    0x0800025a   0x0800025a   0x0000004e   Code   RO         4357    .text               c_w.l(rt_memclr_w.o)
    0x080002a8   0x080002a8   0x00000008   Code   RO         4366    .text               c_w.l(libspace.o)
    0x080002b0   0x080002b0   0x0000004a   Code   RO         4435    .text               c_w.l(sys_stackheap_outer.o)
    0x080002fa   0x080002fa   0x00000012   Code   RO         4444    .text               c_w.l(exit.o)
    0x0800030c   0x0800030c   0x00000024   Code   RO         3463    i.AD5541_GPIOCoing  dac.o
    0x08000330   0x08000330   0x000000bc   Code   RO         3464    i.AD5541_Send       dac.o
    0x080003ec   0x080003ec   0x0000001c   Code   RO         4211    i.AD7689_Delay      ad7689.o
    0x08000408   0x08000408   0x000000c4   Code   RO         4213    i.AD7689_InitializeSPI2  ad7689.o
    0x080004cc   0x080004cc   0x00000130   Code   RO         4214    i.AD7689_Scan_CH    ad7689.o
    0x080005fc   0x080005fc   0x0000003c   Code   RO         4215    i.AD7689_TransferByte  ad7689.o
    0x08000638   0x08000638   0x00000124   Code   RO         3290    i.ADC1_DMA_Init     adc.o
    0x0800075c   0x0800075c   0x000000cc   Code   RO         3291    i.ADC_CH_Scan       adc.o
    0x08000828   0x08000828   0x00000014   Code   RO          149    i.ADC_Cmd           stm32f10x_adc.o
    0x0800083c   0x0800083c   0x00000014   Code   RO          150    i.ADC_DMACmd        stm32f10x_adc.o
    0x08000850   0x08000850   0x00000044   Code   RO          151    i.ADC_DeInit        stm32f10x_adc.o
    0x08000894   0x08000894   0x0000000e   Code   RO          157    i.ADC_GetCalibrationStatus  stm32f10x_adc.o
    0x080008a2   0x080008a2   0x0000000e   Code   RO          163    i.ADC_GetResetCalibrationStatus  stm32f10x_adc.o
    0x080008b0   0x080008b0   0x00000048   Code   RO          167    i.ADC_Init          stm32f10x_adc.o
    0x080008f8   0x080008f8   0x00000074   Code   RO          171    i.ADC_RegularChannelConfig  stm32f10x_adc.o
    0x0800096c   0x0800096c   0x0000000a   Code   RO          172    i.ADC_ResetCalibration  stm32f10x_adc.o
    0x08000976   0x08000976   0x00000014   Code   RO          174    i.ADC_SoftwareStartConvCmd  stm32f10x_adc.o
    0x0800098a   0x0800098a   0x0000000a   Code   RO          176    i.ADC_StartCalibration  stm32f10x_adc.o
    0x08000994   0x08000994   0x00000190   Code   RO         3800    i.All_protect       fan_pro.o
    0x08000b24   0x08000b24   0x0000004c   Code   RO         3712    i.Baud_SET          usart.o
    0x08000b70   0x08000b70   0x00000002   Code   RO         3154    i.BusFault_Handler  stm32f10x_it.o
    0x08000b72   0x08000b72   0x00000002   PAD
    0x08000b74   0x08000b74   0x000000a0   Code   RO         3826    i.Cont_coeff_LEDMODE  menu.o
    0x08000c14   0x08000c14   0x00000020   Code   RO         3292    i.DAM1_ADC_NVIC     adc.o
    0x08000c34   0x08000c34   0x00000014   Code   RO         3155    i.DMA1_Channel1_IRQHandler  stm32f10x_it.o
    0x08000c48   0x08000c48   0x00000018   Code   RO         3156    i.DMA1_Channel2_IRQHandler  stm32f10x_it.o
    0x08000c60   0x08000c60   0x00000018   Code   RO          833    i.DMA_ClearITPendingBit  stm32f10x_dma.o
    0x08000c78   0x08000c78   0x00000016   Code   RO          834    i.DMA_Cmd           stm32f10x_dma.o
    0x08000c8e   0x08000c8e   0x00000002   PAD
    0x08000c90   0x08000c90   0x000000e4   Code   RO          835    i.DMA_DeInit        stm32f10x_dma.o
    0x08000d74   0x08000d74   0x00000010   Code   RO          839    i.DMA_ITConfig      stm32f10x_dma.o
    0x08000d84   0x08000d84   0x0000003a   Code   RO          840    i.DMA_Init          stm32f10x_dma.o
    0x08000dbe   0x08000dbe   0x00000002   Code   RO         3157    i.DebugMon_Handler  stm32f10x_it.o
    0x08000dc0   0x08000dc0   0x00000050   Code   RO         3394    i.EEPROM_READ_Byte  at24c01.o
    0x08000e10   0x08000e10   0x00000a6a   Code   RO         3481    i.EEPROM_READ_Coeff  flash.o
    0x0800187a   0x0800187a   0x0000006c   Code   RO         3395    i.EEPROM_WriteByte  at24c01.o
    0x080018e6   0x080018e6   0x00000002   PAD
    0x080018e8   0x080018e8   0x00000018   Code   RO          975    i.FLASH_PrefetchBufferCmd  stm32f10x_flash.o
    0x08001900   0x08001900   0x00000014   Code   RO          980    i.FLASH_SetLatency  stm32f10x_flash.o
    0x08001914   0x08001914   0x00000aaa   Code   RO         3482    i.Flash_Write_all   flash.o
    0x080023be   0x080023be   0x00000016   Code   RO         1250    i.GPIO_AFIODeInit   stm32f10x_gpio.o
    0x080023d4   0x080023d4   0x0000009c   Code   RO         3531    i.GPIO_Conf         gpio.o
    0x08002470   0x08002470   0x000000b4   Code   RO         1251    i.GPIO_DeInit       stm32f10x_gpio.o
    0x08002524   0x08002524   0x0000009c   Code   RO         1256    i.GPIO_Init         stm32f10x_gpio.o
    0x080025c0   0x080025c0   0x00000058   Code   RO         1258    i.GPIO_PinRemapConfig  stm32f10x_gpio.o
    0x08002618   0x08002618   0x0000000e   Code   RO         1260    i.GPIO_ReadInputDataBit  stm32f10x_gpio.o
    0x08002626   0x08002626   0x00000004   Code   RO         1263    i.GPIO_ResetBits    stm32f10x_gpio.o
    0x0800262a   0x0800262a   0x00000004   Code   RO         1264    i.GPIO_SetBits      stm32f10x_gpio.o
    0x0800262e   0x0800262e   0x00000002   Code   RO         3158    i.HardFault_Handler  stm32f10x_it.o
    0x08002630   0x08002630   0x00000078   Code   RO         3644    i.Hardware_CRC      modbus.o
    0x080026a8   0x080026a8   0x0000009c   Code   RO         3645    i.Hardware_CRC_Re   modbus.o
    0x08002744   0x08002744   0x00000010   Code   RO         1568    i.IWDG_Enable       stm32f10x_iwdg.o
    0x08002754   0x08002754   0x00000022   Code   RO         3608    i.IWDG_Inte         iwdg.o
    0x08002776   0x08002776   0x00000002   PAD
    0x08002778   0x08002778   0x00000010   Code   RO         1570    i.IWDG_ReloadCounter  stm32f10x_iwdg.o
    0x08002788   0x08002788   0x0000000c   Code   RO         1571    i.IWDG_SetPrescaler  stm32f10x_iwdg.o
    0x08002794   0x08002794   0x0000000c   Code   RO         1572    i.IWDG_SetReload    stm32f10x_iwdg.o
    0x080027a0   0x080027a0   0x0000000c   Code   RO         1573    i.IWDG_WriteAccessCmd  stm32f10x_iwdg.o
    0x080027ac   0x080027ac   0x00000050   Code   RO         3827    i.I_SW_COTNR        menu.o
    0x080027fc   0x080027fc   0x00000002   Code   RO         3159    i.MemManage_Handler  stm32f10x_it.o
    0x080027fe   0x080027fe   0x00000002   Code   RO         3160    i.NMI_Handler       stm32f10x_it.o
    0x08002800   0x08002800   0x00000064   Code   RO           24    i.NVIC_Init         misc.o
    0x08002864   0x08002864   0x00000014   Code   RO           25    i.NVIC_PriorityGroupConfig  misc.o
    0x08002878   0x08002878   0x00000014   Code   RO         1670    i.RCC_ADCCLKConfig  stm32f10x_rcc.o
    0x0800288c   0x0800288c   0x00000018   Code   RO         1671    i.RCC_AHBPeriphClockCmd  stm32f10x_rcc.o
    0x080028a4   0x080028a4   0x00000018   Code   RO         1672    i.RCC_APB1PeriphClockCmd  stm32f10x_rcc.o
    0x080028bc   0x080028bc   0x00000018   Code   RO         1674    i.RCC_APB2PeriphClockCmd  stm32f10x_rcc.o
    0x080028d4   0x080028d4   0x00000018   Code   RO         1675    i.RCC_APB2PeriphResetCmd  stm32f10x_rcc.o
    0x080028ec   0x080028ec   0x0000006c   Code   RO         3444    i.RCC_Configuration  clock.o
    0x08002958   0x08002958   0x00000040   Code   RO         1681    i.RCC_DeInit        stm32f10x_rcc.o
    0x08002998   0x08002998   0x00000094   Code   RO         1682    i.RCC_GetClocksFreq  stm32f10x_rcc.o
    0x08002a2c   0x08002a2c   0x00000030   Code   RO         1683    i.RCC_GetFlagStatus  stm32f10x_rcc.o
    0x08002a5c   0x08002a5c   0x00000010   Code   RO         1685    i.RCC_GetSYSCLKSource  stm32f10x_rcc.o
    0x08002a6c   0x08002a6c   0x00000014   Code   RO         1686    i.RCC_HCLKConfig    stm32f10x_rcc.o
    0x08002a80   0x08002a80   0x00000034   Code   RO         1687    i.RCC_HSEConfig     stm32f10x_rcc.o
    0x08002ab4   0x08002ab4   0x00000014   Code   RO         1693    i.RCC_PCLK1Config   stm32f10x_rcc.o
    0x08002ac8   0x08002ac8   0x00000014   Code   RO         1694    i.RCC_PCLK2Config   stm32f10x_rcc.o
    0x08002adc   0x08002adc   0x0000000c   Code   RO         1695    i.RCC_PLLCmd        stm32f10x_rcc.o
    0x08002ae8   0x08002ae8   0x00000014   Code   RO         1696    i.RCC_PLLConfig     stm32f10x_rcc.o
    0x08002afc   0x08002afc   0x00000014   Code   RO         1699    i.RCC_SYSCLKConfig  stm32f10x_rcc.o
    0x08002b10   0x08002b10   0x0000002c   Code   RO         1701    i.RCC_WaitForHSEStartUp  stm32f10x_rcc.o
    0x08002b3c   0x08002b3c   0x00000068   Code   RO         4216    i.SPI_AD7689_Read   ad7689.o
    0x08002ba4   0x08002ba4   0x00000014   Code   RO         2150    i.SPI_Cmd           stm32f10x_spi.o
    0x08002bb8   0x08002bb8   0x0000000e   Code   RO         2158    i.SPI_I2S_GetFlagStatus  stm32f10x_spi.o
    0x08002bc6   0x08002bc6   0x00000004   Code   RO         2161    i.SPI_I2S_ReceiveData  stm32f10x_spi.o
    0x08002bca   0x08002bca   0x00000004   Code   RO         2162    i.SPI_I2S_SendData  stm32f10x_spi.o
    0x08002bce   0x08002bce   0x00000038   Code   RO         2163    i.SPI_Init          stm32f10x_spi.o
    0x08002c06   0x08002c06   0x00000002   Code   RO         3161    i.SVC_Handler       stm32f10x_it.o
    0x08002c08   0x08002c08   0x00000020   Code   RO         3829    i.Sence_SW_CONT     menu.o
    0x08002c28   0x08002c28   0x000000a8   Code   RO         3261    i.SetSysClockTo72   system_stm32f10x.o
    0x08002cd0   0x08002cd0   0x00000038   Code   RO         3162    i.SysTick_Handler   stm32f10x_it.o
    0x08002d08   0x08002d08   0x00000044   Code   RO         3361    i.SysTick_Init      bsp_systick.o
    0x08002d4c   0x08002d4c   0x00000050   Code   RO         3263    i.SystemInit        system_stm32f10x.o
    0x08002d9c   0x08002d9c   0x00000088   Code   RO         3163    i.TIM4_IRQHandler   stm32f10x_it.o
    0x08002e24   0x08002e24   0x0000005c   Code   RO         3700    i.TIM6_Config       tim6.o
    0x08002e80   0x08002e80   0x00000006   Code   RO         2298    i.TIM_ClearITPendingBit  stm32f10x_tim.o
    0x08002e86   0x08002e86   0x00000014   Code   RO         2303    i.TIM_Cmd           stm32f10x_tim.o
    0x08002e9a   0x08002e9a   0x00000010   Code   RO         2328    i.TIM_ITConfig      stm32f10x_tim.o
    0x08002eaa   0x08002eaa   0x00000002   PAD
    0x08002eac   0x08002eac   0x0000009c   Code   RO         2374    i.TIM_TimeBaseInit  stm32f10x_tim.o
    0x08002f48   0x08002f48   0x0000005c   Code   RO         3801    i.Temp_Comapre      fan_pro.o
    0x08002fa4   0x08002fa4   0x00000014   Code   RO         3362    i.TimingDelay_Decrement  bsp_systick.o
    0x08002fb8   0x08002fb8   0x00000d04   Code   RO         3646    i.Transformation_ADC  modbus.o
    0x08003cbc   0x08003cbc   0x00000358   Code   RO         3647    i.UART1_Action      modbus.o
    0x08004014   0x08004014   0x0000005c   Code   RO         3714    i.UART1_Send        usart.o
    0x08004070   0x08004070   0x0000005c   Code   RO         3715    i.UART2_Send        usart.o
    0x080040cc   0x080040cc   0x00000e30   Code   RO         3648    i.UART_Action       modbus.o
    0x08004efc   0x08004efc   0x0000010c   Code   RO         3164    i.USART1_IRQHandler  stm32f10x_it.o
    0x08005008   0x08005008   0x0000005c   Code   RO         3716    i.USART1_NVIC_Config  usart.o
    0x08005064   0x08005064   0x00000094   Code   RO         3717    i.USART2_Configuration  usart.o
    0x080050f8   0x080050f8   0x0000010c   Code   RO         3165    i.USART2_IRQHandler  stm32f10x_it.o
    0x08005204   0x08005204   0x00000028   Code   RO         3166    i.USART3_IRQHandler  stm32f10x_it.o
    0x0800522c   0x0800522c   0x00000006   Code   RO         2822    i.USART_ClearFlag   stm32f10x_usart.o
    0x08005232   0x08005232   0x0000000c   Code   RO         2823    i.USART_ClearITPendingBit  stm32f10x_usart.o
    0x0800523e   0x0800523e   0x00000014   Code   RO         2826    i.USART_Cmd         stm32f10x_usart.o
    0x08005252   0x08005252   0x00000002   PAD
    0x08005254   0x08005254   0x000000a8   Code   RO         3719    i.USART_Configuration  usart.o
    0x080052fc   0x080052fc   0x0000000e   Code   RO         2829    i.USART_GetFlagStatus  stm32f10x_usart.o
    0x0800530a   0x0800530a   0x0000003e   Code   RO         2830    i.USART_GetITStatus  stm32f10x_usart.o
    0x08005348   0x08005348   0x00000030   Code   RO         2832    i.USART_ITConfig    stm32f10x_usart.o
    0x08005378   0x08005378   0x000000ac   Code   RO         2833    i.USART_Init        stm32f10x_usart.o
    0x08005424   0x08005424   0x00000008   Code   RO         2840    i.USART_ReceiveData  stm32f10x_usart.o
    0x0800542c   0x0800542c   0x00000008   Code   RO         2843    i.USART_SendData    stm32f10x_usart.o
    0x08005434   0x08005434   0x00000002   Code   RO         3167    i.UsageFault_Handler  stm32f10x_it.o
    0x08005436   0x08005436   0x00000002   PAD
    0x08005438   0x08005438   0x00000058   Code   RO         3830    i.V_SW_COTNR        menu.o
    0x08005490   0x08005490   0x0000004c   Code   RO         3486    i.Write_ADDR        flash.o
    0x080054dc   0x080054dc   0x00000002   Code   RO         3721    i._sys_exit         usart.o
    0x080054de   0x080054de   0x00000002   PAD
    0x080054e0   0x080054e0   0x00000048   Code   RO         3544    i.i2c_CfgGpio       iic_24c01.o
    0x08005528   0x08005528   0x0000001a   Code   RO         3546    i.i2c_Delay         iic_24c01.o
    0x08005542   0x08005542   0x00000002   PAD
    0x08005544   0x08005544   0x00000038   Code   RO         3547    i.i2c_NAck          iic_24c01.o
    0x0800557c   0x0800557c   0x00000064   Code   RO         3548    i.i2c_ReadByte      iic_24c01.o
    0x080055e0   0x080055e0   0x00000078   Code   RO         3549    i.i2c_SendByte      iic_24c01.o
    0x08005658   0x08005658   0x00000040   Code   RO         3550    i.i2c_Start         iic_24c01.o
    0x08005698   0x08005698   0x0000002c   Code   RO         3551    i.i2c_Stop          iic_24c01.o
    0x080056c4   0x080056c4   0x00000048   Code   RO         3552    i.i2c_WaitAck       iic_24c01.o
    0x0800570c   0x0800570c   0x000000ac   Code   RO         3056    i.main              main.o
    0x080057b8   0x080057b8   0x0000039c   Code   RO         3831    i.worke_mode        menu.o
    0x08005b54   0x08005b54   0x00000020   Data   RO         4574    Region$$Table       anon$$obj.o


    Execution Region RW_IRAM1 (Exec base: 0x20000000, Load base: 0x08005b74, Size: 0x00001318, Max: 0x00005000, ABSOLUTE)

    Exec Addr    Load Addr    Size         Type   Attr      Idx    E Section Name        Object

    0x20000000   0x08005b74   0x00000014   Data   RW         1702    .data               stm32f10x_rcc.o
    0x20000014   0x08005b88   0x00000004   Data   RW         3058    .data               main.o
    0x20000018   0x08005b8c   0x00000004   Data   RW         3059    .data               main.o
    0x2000001c   0x08005b90   0x00000004   Data   RW         3060    .data               main.o
    0x20000020   0x08005b94   0x00000008   Data   RW         3168    .data               stm32f10x_it.o
    0x20000028   0x08005b9c   0x00000014   Data   RW         3264    .data               system_stm32f10x.o
    0x2000003c   0x08005bb0   0x00000006   Data   RW         3294    .data               adc.o
    0x20000042   0x08005bb6   0x00000002   Data   RW         3295    .data               adc.o
    0x20000044   0x08005bb8   0x00000002   Data   RW         3296    .data               adc.o
    0x20000046   0x08005bba   0x00000002   PAD
    0x20000048   0x08005bbc   0x00000004   Data   RW         3363    .data               bsp_systick.o
    0x2000004c   0x08005bc0   0x00000001   Data   RW         3400    .data               at24c01.o
    0x2000004d   0x08005bc1   0x00000001   Data   RW         3445    .data               clock.o
    0x2000004e   0x08005bc2   0x00000002   PAD
    0x20000050   0x08005bc4   0x00000030   Data   RW         3651    .data               modbus.o
    0x20000080   0x08005bf4   0x00000008   Data   RW         3726    .data               usart.o
    0x20000088   0x08005bfc   0x00000001   Data   RW         3727    .data               usart.o
    0x20000089   0x08005bfd   0x00000001   Data   RW         3728    .data               usart.o
    0x2000008a   0x08005bfe   0x0000000c   Data   RW         3803    .data               fan_pro.o
    0x20000096   0x08005c0a   0x00000002   PAD
    0x20000098   0x08005c0c   0x00000008   Data   RW         3832    .data               menu.o
    0x200000a0   0x08005c14   0x00000003   Data   RW         4219    .data               ad7689.o
    0x200000a3   0x08005c17   0x00000001   PAD
    0x200000a4        -       0x00000190   Zero   RW         3293    .bss                adc.o
    0x20000234        -       0x0000019c   Zero   RW         3650    .bss                modbus.o
    0x200003d0        -       0x000000c8   Zero   RW         3723    .bss                usart.o
    0x20000498        -       0x00000190   Zero   RW         3724    .bss                usart.o
    0x20000628        -       0x000000c8   Zero   RW         3725    .bss                usart.o
    0x200006f0        -       0x000001c8   Zero   RW         4217    .bss                ad7689.o
    0x200008b8        -       0x00000060   Zero   RW         4367    .bss                c_w.l(libspace.o)
    0x20000918        -       0x00000200   Zero   RW           18    HEAP                startup_stm32f10x_hd.o
    0x20000b18        -       0x00000800   Zero   RW           17    STACK               startup_stm32f10x_hd.o


==============================================================================

Image component sizes


      Code (inc. data)   RO Data    RW Data    ZI Data      Debug   Object Name

       692         38          0          3        456       3966   ad7689.o
       528         22          0         10        400       2605   adc.o
       188          4          0          1          0       1170   at24c01.o
        88         14          0          4          0      16182   bsp_systick.o
       108          6          0          1          0        663   clock.o
         0          0          0          0          0       4584   core_cm3.o
       224         10          0          0          0       1025   dac.o
       492         38          0         12          0       1582   fan_pro.o
      5472         32          0          0          0       3779   flash.o
       156         22          0          0          0        488   gpio.o
       554         32          0          0          0       4484   iic_24c01.o
        34          0          0          0          0        420   iwdg.o
       172         20          0         12          0     215452   main.o
      1284         96          0          8          0       3971   menu.o
       120         16          0          0          0     275331   misc.o
      8096        138          0         48        412      17633   modbus.o
        64         26        304          0       2560        788   startup_stm32f10x_hd.o
       364         22          0          0          0       7642   stm32f10x_adc.o
       348         18          0          0          0       4469   stm32f10x_dma.o
        44         12          0          0          0        989   stm32f10x_flash.o
       468         34          0          0          0       5458   stm32f10x_gpio.o
       826         98          0          8          0       6791   stm32f10x_it.o
        68         30          0          0          0       2262   stm32f10x_iwdg.o
       600        108          0         20          0      11426   stm32f10x_rcc.o
        98          0          0          0          0       3602   stm32f10x_spi.o
       198         42          0          0          0       3611   stm32f10x_tim.o
       350          6          0          0          0       7097   stm32f10x_usart.o
       248         24          0         20          0       1665   system_stm32f10x.o
        92          4          0          0          0        942   tim6.o
       670         68          0         10        800       5880   usart.o

    ----------------------------------------------------------------------
     22664        980        336        164       4628     615957   Object Totals
         0          0         32          0          0          0   (incl. Generated)
        18          0          0          7          0          0   (incl. Padding)

    ----------------------------------------------------------------------

      Code (inc. data)   RO Data    RW Data    ZI Data      Debug   Library Member Name

         8          0          0          0          0         68   __main.o
         0          0          0          0          0          0   __rtentry.o
        12          0          0          0          0          0   __rtentry2.o
         6          0          0          0          0          0   __rtentry4.o
        52          8          0          0          0          0   __scatter.o
        26          0          0          0          0          0   __scatter_copy.o
        28          0          0          0          0          0   __scatter_zi.o
        18          0          0          0          0         80   exit.o
         6          0          0          0          0        152   heapauxi.o
         2          0          0          0          0          0   libinit.o
         2          0          0          0          0          0   libinit2.o
         2          0          0          0          0          0   libshutdown.o
         2          0          0          0          0          0   libshutdown2.o
         8          4          0          0         96         68   libspace.o
        68          0          0          0          0         68   rt_memclr.o
        78          0          0          0          0         80   rt_memclr_w.o
         2          0          0          0          0          0   rtexit.o
        10          0          0          0          0          0   rtexit2.o
        74          0          0          0          0         80   sys_stackheap_outer.o
         2          0          0          0          0         68   use_no_semi.o
         2          0          0          0          0         68   use_no_semi_2.o

    ----------------------------------------------------------------------
       412         12          0          0         96        732   Library Totals
         4          0          0          0          0          0   (incl. Padding)

    ----------------------------------------------------------------------

      Code (inc. data)   RO Data    RW Data    ZI Data      Debug   Library Name

       408         12          0          0         96        732   c_w.l

    ----------------------------------------------------------------------
       412         12          0          0         96        732   Library Totals

    ----------------------------------------------------------------------

==============================================================================


      Code (inc. data)   RO Data    RW Data    ZI Data      Debug   

     23076        992        336        164       4724     609925   Grand Totals
     23076        992        336        164       4724     609925   ELF Image Totals
     23076        992        336        164          0          0   ROM Totals

==============================================================================

    Total RO  Size (Code + RO Data)                23412 (  22.86kB)
    Total RW  Size (RW Data + ZI Data)              4888 (   4.77kB)
    Total ROM Size (Code + RO Data + RW Data)      23576 (  23.02kB)

==============================================================================

